
********************************************************************************
* Brillouin zone neighbors for k-gradient                                      *
********************************************************************************

 vectors to neighboring k-points (cartesian)

      length:     0.3302137460              weight:     3.4390696536
         1              0.1906489951         -0.1906489951          0.1906489951
         2              0.1906489951          0.1906489951         -0.1906489951
         3              0.1906489951          0.1906489951          0.1906489951
         4             -0.1906489951          0.1906489951          0.1906489951

 vectors to neighboring k-points (lattice)

      length:     0.3302137460              weight:     3.4390696536
         1              0.0000000000          0.2500000000          0.0000000000
         2              0.0000000000          0.0000000000          0.2500000000
         3              0.2500000000          0.2500000000          0.2500000000
         4              0.2500000000          0.0000000000          0.0000000000

 consistency check (fullfilled if unity, consider grid-dimension)

                        1.0000000000         -0.0000000000          0.0000000000
                       -0.0000000000          1.0000000000         -0.0000000000
                        0.0000000000         -0.0000000000          1.0000000000


********************************************************************************
* Preparation                                                                  *
********************************************************************************

 calculate plane-wave matrix-elements...
     duration (seconds):                         3.7
     #k-points:                                   64
     #neighbors per k-point:                       4

 calculate projection overlap matrices...
     duration (seconds):                         1.3
     #k-points:                                   64
     #states:                                     11
     #projection functions:                       72


********************************************************************************
* Overall set-up                                                               *
********************************************************************************

 lowest band:                               1
 highest band:                             11
 #bands involved:                          11
 #Wannier functions:                        8
 #groups:                                   2
 #k-points:                                64

********************************************************************************
* Wannierization                                                               *
********************************************************************************

--------------------------------------------------------------------------------
- Group:  1                                                                    -
--------------------------------------------------------------------------------

 lowest band:                               1
 highest band:                              4
 #bands involved:                           4
 #Wannier functions:                        4
 #projection functions:                     8
 method:                               opfmax

 calculate improved optimized projection functions (iOPF)...
     duration (seconds):                         0.2
     iterations:                                  24
     gradient cutoff:                   0.100000E-01
     norm of gradient:                  0.349512E-02
     Omega:                                14.438515

 minimize localization functional Omega...
     duration (seconds):                         5.8
     iterations:                                 348
     gradient cutoff:                   0.100000E-09
     norm of gradient:                  0.773014E-10
     Omega:                                14.391007
     reduction:                                   0%


--------------------------------------------------------------------------------
- Group:  2                                                                    -
--------------------------------------------------------------------------------

 lowest band:                               5
 highest band:                             11
 #bands involved:                           7
 #Wannier functions:                        4
 #projection functions (nc):               45
 method:                              disFull
 outer window:                0.0000   0.5500
 inner window:                0.0000   0.2500
 min/max bands inner window:           1/   4
 min/max bands outer window:           4/   7

 calculate improved optimized projection functions (iOPF)...
     duration (seconds):                         0.9
     iterations:                                  64
     gradient cutoff:                   0.100000E-01
     norm of gradient:                  0.835661E-02
     Omega:                                26.924584

 disentangle optimal subspace...
     duration (seconds):                         0.2
     iterations:                                  24
     convergence cutoff:                0.100000E-03
     norm of gradient:                  0.714621E-04
     Omega_I before:                       34.599324
     Omega_I after:                        31.301325
     reduction:                                  10%

 calculate improved optimized projection functions (iOPF)...
     duration (seconds):                         1.3
     iterations:                                 118
     gradient cutoff:                   0.100000E-01
     norm of gradient:                  0.984915E-02
     Omega:                                34.859562

 minimize localization functional Omega...
     duration (seconds):                         2.1
     iterations:                                 139
     gradient cutoff:                   0.100000E-09
     norm of gradient:                  0.959405E-10
     Omega:                                34.608076
     reduction:                                   1%


--------------------------------------------------------------------------------
- total duration (seconds):                24.7                                -
--------------------------------------------------------------------------------

********************************************************************************
* Wannier functions                                                            *
********************************************************************************

   #             localization center (lattice)           Omega      Omega_I      Omega_D     Omega_OD
================================================================================
   1        0.162193     0.162193     0.162193        3.597752     3.072156     0.003723     0.521873
   2        0.162193     0.513421     0.162193        3.597752     3.072156     0.003723     0.521873
   3        0.162193     0.162193     0.513421        3.597751     3.072155     0.003723     0.521873
   4        0.513421     0.162193     0.162193        3.597752     3.072156     0.003723     0.521873
--------------------------------------------------------------------------------
                                           total:    14.391007    12.288624     0.014894     2.087490
--------------------------------------------------------------------------------
   5       -0.096944    -0.096944     0.290833        8.652023     7.861491     0.052723     0.737809
   6       -0.096944    -0.096944    -0.096944        8.652020     7.861489     0.052723     0.737809
   7       -0.096944     0.290833    -0.096944        8.652017     7.861485     0.052723     0.737808
   8        0.290833    -0.096944    -0.096944        8.652016     7.861484     0.052723     0.737808
--------------------------------------------------------------------------------
                                           total:    34.608076    31.445950     0.210892     2.951235
================================================================================
                                           total:    48.999083    43.734573     0.225785     5.038725
                                         average:     6.124885     5.466822     0.028223     0.629841

