# Loss function L(Q,w) and dynamical structure factor S(Q,w)
#
# L(Q,w)= -Im(1/eps_m(Q,w) [1]
# S(Q,w)= L(Q,w)*|Q|^2*/(4 pi^2 n_val) [Energy^-1]
#
# Momentum transfer Q=G+q in lattice coordinates
# G:   0   0   0
# q:   0.0000000   0.0000000   0.0000000
# Momentum transfer Q=G+q in Cartesian coordinates
# G:   0.0000000   0.0000000   0.0000000
# q:   0.0000000   0.0000000   0.0000000
# Norm2(G+q)   0.0000000
#
#   Frequency/(eV/hbar)                  L(Q,w)             S(Q,w)*1000
+0.8163415157999999E+01 +0.5225749070416494E-02 +0.0000000000000000E+00
+0.8179288465251666E+01 +0.5249460754686902E-02 +0.0000000000000000E+00
+0.8195161772503333E+01 +0.5273322588510326E-02 +0.0000000000000000E+00
+0.8211035079755000E+01 +0.5297336125814471E-02 +0.0000000000000000E+00
+0.8226908387006667E+01 +0.5321502941757308E-02 +0.0000000000000000E+00
+0.8242781694258333E+01 +0.5345824633091127E-02 +0.0000000000000000E+00
+0.8258655001510000E+01 +0.5370302818534243E-02 +0.0000000000000000E+00
+0.8274528308761667E+01 +0.5394939139150279E-02 +0.0000000000000000E+00
+0.8290401616013334E+01 +0.5419735258735332E-02 +0.0000000000000000E+00
+0.8306274923264999E+01 +0.5444692864213094E-02 +0.0000000000000000E+00
+0.8322148230516667E+01 +0.5469813666038281E-02 +0.0000000000000000E+00
+0.8338021537768334E+01 +0.5495099398608412E-02 +0.0000000000000000E+00
+0.8353894845020001E+01 +0.5520551820684260E-02 +0.0000000000000000E+00
+0.8369768152271666E+01 +0.5546172715819118E-02 +0.0000000000000000E+00
+0.8385641459523333E+01 +0.5571963892797115E-02 +0.0000000000000000E+00
+0.8401514766775000E+01 +0.5597927186080822E-02 +0.0000000000000000E+00
+0.8417388074026668E+01 +0.5624064456268341E-02 +0.0000000000000000E+00
+0.8433261381278333E+01 +0.5650377590560115E-02 +0.0000000000000000E+00
+0.8449134688530000E+01 +0.5676868503235814E-02 +0.0000000000000000E+00
+0.8465007995781667E+01 +0.5703539136141300E-02 +0.0000000000000000E+00
+0.8480881303033334E+01 +0.5730391459186175E-02 +0.0000000000000000E+00
+0.8496754610285000E+01 +0.5757427470852099E-02 +0.0000000000000000E+00
+0.8512627917536665E+01 +0.5784649198711991E-02 +0.0000000000000000E+00
+0.8528501224788334E+01 +0.5812058699960702E-02 +0.0000000000000000E+00
+0.8544374532040001E+01 +0.5839658061957074E-02 +0.0000000000000000E+00
+0.8560247839291668E+01 +0.5867449402778075E-02 +0.0000000000000000E+00
+0.8576121146543333E+01 +0.5895434871784948E-02 +0.0000000000000000E+00
+0.8591994453794999E+01 +0.5923616650201894E-02 +0.0000000000000000E+00
+0.8607867761046666E+01 +0.5951996951707682E-02 +0.0000000000000000E+00
+0.8623741068298333E+01 +0.5980578023040166E-02 +0.0000000000000000E+00
+0.8639614375550000E+01 +0.6009362144614521E-02 +0.0000000000000000E+00
+0.8655487682801667E+01 +0.6038351631155117E-02 +0.0000000000000000E+00
+0.8671360990053333E+01 +0.6067548832341733E-02 +0.0000000000000000E+00
+0.8687234297305000E+01 +0.6096956133470229E-02 +0.0000000000000000E+00
+0.8703107604556667E+01 +0.6126575956128193E-02 +0.0000000000000000E+00
+0.8718980911808334E+01 +0.6156410758885941E-02 +0.0000000000000000E+00
+0.8734854219060001E+01 +0.6186463038003241E-02 +0.0000000000000000E+00
+0.8750727526311668E+01 +0.6216735328152178E-02 +0.0000000000000000E+00
+0.8766600833563334E+01 +0.6247230203156649E-02 +0.0000000000000000E+00
+0.8782474140814999E+01 +0.6277950276748854E-02 +0.0000000000000000E+00
+0.8798347448066666E+01 +0.6308898203343325E-02 +0.0000000000000000E+00
+0.8814220755318333E+01 +0.6340076678828783E-02 +0.0000000000000000E+00
+0.8830094062570002E+01 +0.6371488441378690E-02 +0.0000000000000000E+00
+0.8845967369821667E+01 +0.6403136272280391E-02 +0.0000000000000000E+00
+0.8861840677073333E+01 +0.6435022996784114E-02 +0.0000000000000000E+00
+0.8877713984325000E+01 +0.6467151484971624E-02 +0.0000000000000000E+00
+0.8893587291576667E+01 +0.6499524652645607E-02 +0.0000000000000000E+00
+0.8909460598828334E+01 +0.6532145462240079E-02 +0.0000000000000000E+00
+0.8925333906079999E+01 +0.6565016923752560E-02 +0.0000000000000000E+00
+0.8941207213331667E+01 +0.6598142095698450E-02 +0.0000000000000000E+00
+0.8957080520583334E+01 +0.6631524086088308E-02 +0.0000000000000000E+00
+0.8972953827835001E+01 +0.6665166053428822E-02 +0.0000000000000000E+00
+0.8988827135086666E+01 +0.6699071207747796E-02 +0.0000000000000000E+00
+0.9004700442338333E+01 +0.6733242811644219E-02 +0.0000000000000000E+00
+0.9020573749590001E+01 +0.6767684181363712E-02 +0.0000000000000000E+00
+0.9036447056841668E+01 +0.6802398687900524E-02 +0.0000000000000000E+00
+0.9052320364093333E+01 +0.6837389758126458E-02 +0.0000000000000000E+00
+0.9068193671345000E+01 +0.6872660875947656E-02 +0.0000000000000000E+00
+0.9084066978596667E+01 +0.6908215583490062E-02 +0.0000000000000000E+00
+0.9099940285848334E+01 +0.6944057482314381E-02 +0.0000000000000000E+00
+0.9115813593100000E+01 +0.6980190234661272E-02 +0.0000000000000000E+00
+0.9131686900351667E+01 +0.7016617564727823E-02 +0.0000000000000000E+00
+0.9147560207603334E+01 +0.7053343259976143E-02 +0.0000000000000000E+00
+0.9163433514855001E+01 +0.7090371172474894E-02 +0.0000000000000000E+00
+0.9179306822106668E+01 +0.7127705220275036E-02 +0.0000000000000000E+00
+0.9195180129358333E+01 +0.7165349388820469E-02 +0.0000000000000000E+00
+0.9211053436609999E+01 +0.7203307732394757E-02 +0.0000000000000000E+00
+0.9226926743861666E+01 +0.7241584375605035E-02 +0.0000000000000000E+00
+0.9242800051113335E+01 +0.7280183514904146E-02 +0.0000000000000000E+00
+0.9258673358365000E+01 +0.7319109420152171E-02 +0.0000000000000000E+00
+0.9274546665616667E+01 +0.7358366436218611E-02 +0.0000000000000000E+00
+0.9290419972868333E+01 +0.7397958984626233E-02 +0.0000000000000000E+00
+0.9306293280120000E+01 +0.7437891565238242E-02 +0.0000000000000000E+00
+0.9322166587371667E+01 +0.7478168757989524E-02 +0.0000000000000000E+00
+0.9338039894623332E+01 +0.7518795224663996E-02 +0.0000000000000000E+00
+0.9353913201875001E+01 +0.7559775710718895E-02 +0.0000000000000000E+00
+0.9369786509126667E+01 +0.7601115047157717E-02 +0.0000000000000000E+00
+0.9385659816378334E+01 +0.7642818152453403E-02 +0.0000000000000000E+00
+0.9401533123629999E+01 +0.7684890034523086E-02 +0.0000000000000000E+00
+0.9417406430881666E+01 +0.7727335792756224E-02 +0.0000000000000000E+00
+0.9433279738133335E+01 +0.7770160620097707E-02 +0.0000000000000000E+00
+0.9449153045385001E+01 +0.7813369805187636E-02 +0.0000000000000000E+00
+0.9465026352636666E+01 +0.7856968734559679E-02 +0.0000000000000000E+00
+0.9480899659888333E+01 +0.7900962894899832E-02 +0.0000000000000000E+00
+0.9496772967140000E+01 +0.7945357875367369E-02 +0.0000000000000000E+00
+0.9512646274391667E+01 +0.7990159369980196E-02 +0.0000000000000000E+00
+0.9528519581643332E+01 +0.8035373180066599E-02 +0.0000000000000000E+00
+0.9544392888895000E+01 +0.8081005216785484E-02 +0.0000000000000000E+00
+0.9560266196146667E+01 +0.8127061503717323E-02 +0.0000000000000000E+00
+0.9576139503398334E+01 +0.8173548179528367E-02 +0.0000000000000000E+00
+0.9592012810649999E+01 +0.8220471500710098E-02 +0.0000000000000000E+00
+0.9607886117901666E+01 +0.8267837844396810E-02 +0.0000000000000000E+00
+0.9623759425153333E+01 +0.8315653711263631E-02 +0.0000000000000000E+00
+0.9639632732405000E+01 +0.8363925728507835E-02 +0.0000000000000000E+00
+0.9655506039656668E+01 +0.8412660652916168E-02 +0.0000000000000000E+00
+0.9671379346908333E+01 +0.8461865374020942E-02 +0.0000000000000000E+00
+0.9687252654160000E+01 +0.8511546917348189E-02 +0.0000000000000000E+00
+0.9703125961411667E+01 +0.8561712447760692E-02 +0.0000000000000000E+00
+0.9718999268663334E+01 +0.8612369272899257E-02 +0.0000000000000000E+00
+0.9734872575915000E+01 +0.8663524846725713E-02 +0.0000000000000000E+00
+0.9750745883166667E+01 +0.8715186773170746E-02 +0.0000000000000000E+00
+0.9766619190418334E+01 +0.8767362809890756E-02 +0.0000000000000000E+00
+0.9782492497670001E+01 +0.8820060872136867E-02 +0.0000000000000000E+00
+0.9798365804921666E+01 +0.8873289036740652E-02 +0.0000000000000000E+00
+0.9814239112173333E+01 +0.8927055546220069E-02 +0.0000000000000000E+00
+0.9830112419424999E+01 +0.8981368813010249E-02 +0.0000000000000000E+00
+0.9845985726676668E+01 +0.9036237423823382E-02 +0.0000000000000000E+00
+0.9861859033928333E+01 +0.9091670144142298E-02 +0.0000000000000000E+00
+0.9877732341180000E+01 +0.9147675922852514E-02 +0.0000000000000000E+00
+0.9893605648431667E+01 +0.9204263897017759E-02 +0.0000000000000000E+00
+0.9909478955683333E+01 +0.9261443396804011E-02 +0.0000000000000000E+00
+0.9925352262935000E+01 +0.9319223950557745E-02 +0.0000000000000000E+00
+0.9941225570186665E+01 +0.9377615290043415E-02 +0.0000000000000000E+00
+0.9957098877438334E+01 +0.9436627355846810E-02 +0.0000000000000000E+00
+0.9972972184690001E+01 +0.9496270302949545E-02 +0.0000000000000000E+00
+0.9988845491941667E+01 +0.9556554506481633E-02 +0.0000000000000000E+00
+0.1000471879919333E+02 +0.9617490567658357E-02 +0.0000000000000000E+00
+0.1002059210644500E+02 +0.9679089319908636E-02 +0.0000000000000000E+00
+0.1003646541369667E+02 +0.9741361835201724E-02 +0.0000000000000000E+00
+0.1005233872094833E+02 +0.9804319430580063E-02 +0.0000000000000000E+00
+0.1006821202820000E+02 +0.9867973674905776E-02 +0.0000000000000000E+00
+0.1008408533545167E+02 +0.9932336395829296E-02 +0.0000000000000000E+00
+0.1009995864270333E+02 +0.9997419686988140E-02 +0.0000000000000000E+00
+0.1011583194995500E+02 +0.1006323591544535E-01 +0.0000000000000000E+00
+0.1013170525720667E+02 +0.1012979772937615E-01 +0.0000000000000000E+00
+0.1014757856445833E+02 +0.1019711806601305E-01 +0.0000000000000000E+00
+0.1016345187171000E+02 +0.1026521015985919E-01 +0.0000000000000000E+00
+0.1017932517896167E+02 +0.1033408755118052E-01 +0.0000000000000000E+00
+0.1019519848621333E+02 +0.1040376409478796E-01 +0.0000000000000000E+00
+0.1021107179346500E+02 +0.1047425396912083E-01 +0.0000000000000000E+00
+0.1022694510071667E+02 +0.1054557168564384E-01 +0.0000000000000000E+00
+0.1024281840796833E+02 +0.1061773209857004E-01 +0.0000000000000000E+00
+0.1025869171522000E+02 +0.1069075041492292E-01 +0.0000000000000000E+00
+0.1027456502247167E+02 +0.1076464220495162E-01 +0.0000000000000000E+00
+0.1029043832972333E+02 +0.1083942341291336E-01 +0.0000000000000000E+00
+0.1030631163697500E+02 +0.1091511036823829E-01 +0.0000000000000000E+00
+0.1032218494422667E+02 +0.1099171979709281E-01 +0.0000000000000000E+00
+0.1033805825147833E+02 +0.1106926883435746E-01 +0.0000000000000000E+00
+0.1035393155873000E+02 +0.1114777503603692E-01 +0.0000000000000000E+00
+0.1036980486598167E+02 +0.1122725639212037E-01 +0.0000000000000000E+00
+0.1038567817323333E+02 +0.1130773133991082E-01 +0.0000000000000000E+00
+0.1040155148048500E+02 +0.1138921877784410E-01 +0.0000000000000000E+00
+0.1041742478773667E+02 +0.1147173807981742E-01 +0.0000000000000000E+00
+0.1043329809498833E+02 +0.1155530911005016E-01 +0.0000000000000000E+00
+0.1044917140224000E+02 +0.1163995223849966E-01 +0.0000000000000000E+00
+0.1046504470949167E+02 +0.1172568835685606E-01 +0.0000000000000000E+00
+0.1048091801674333E+02 +0.1181253889514158E-01 +0.0000000000000000E+00
+0.1049679132399500E+02 +0.1190052583894088E-01 +0.0000000000000000E+00
+0.1051266463124667E+02 +0.1198967174729034E-01 +0.0000000000000000E+00
+0.1052853793849833E+02 +0.1207999977125561E-01 +0.0000000000000000E+00
+0.1054441124575000E+02 +0.1217153367322835E-01 +0.0000000000000000E+00
+0.1056028455300167E+02 +0.1226429784697456E-01 +0.0000000000000000E+00
+0.1057615786025333E+02 +0.1235831733846837E-01 +0.0000000000000000E+00
+0.1059203116750500E+02 +0.1245361786754750E-01 +0.0000000000000000E+00
+0.1060790447475667E+02 +0.1255022585042791E-01 +0.0000000000000000E+00
+0.1062377778200833E+02 +0.1264816842311716E-01 +0.0000000000000000E+00
+0.1063965108926000E+02 +0.1274747346576869E-01 +0.0000000000000000E+00
+0.1065552439651167E+02 +0.1284816962802068E-01 +0.0000000000000000E+00
+0.1067139770376333E+02 +0.1295028635536623E-01 +0.0000000000000000E+00
+0.1068727101101500E+02 +0.1305385391660303E-01 +0.0000000000000000E+00
+0.1070314431826667E+02 +0.1315890343241515E-01 +0.0000000000000000E+00
+0.1071901762551833E+02 +0.1326546690514013E-01 +0.0000000000000000E+00
+0.1073489093277000E+02 +0.1337357724977951E-01 +0.0000000000000000E+00
+0.1075076424002167E+02 +0.1348326832631293E-01 +0.0000000000000000E+00
+0.1076663754727333E+02 +0.1359457497337960E-01 +0.0000000000000000E+00
+0.1078251085452500E+02 +0.1370753304339494E-01 +0.0000000000000000E+00
+0.1079838416177667E+02 +0.1382217943917311E-01 +0.0000000000000000E+00
+0.1081425746902833E+02 +0.1393855215213116E-01 +0.0000000000000000E+00
+0.1083013077628000E+02 +0.1405669030215430E-01 +0.0000000000000000E+00
+0.1084600408353167E+02 +0.1417663417920614E-01 +0.0000000000000000E+00
+0.1086187739078333E+02 +0.1429842528677360E-01 +0.0000000000000000E+00
+0.1087775069803500E+02 +0.1442210638724008E-01 +0.0000000000000000E+00
+0.1089362400528667E+02 +0.1454772154928735E-01 +0.0000000000000000E+00
+0.1090949731253833E+02 +0.1467531619743123E-01 +0.0000000000000000E+00
+0.1092537061979000E+02 +0.1480493716380389E-01 +0.0000000000000000E+00
+0.1094124392704167E+02 +0.1493663274230088E-01 +0.0000000000000000E+00
+0.1095711723429333E+02 +0.1507045274521937E-01 +0.0000000000000000E+00
+0.1097299054154500E+02 +0.1520644856252102E-01 +0.0000000000000000E+00
+0.1098886384879667E+02 +0.1534467322386164E-01 +0.0000000000000000E+00
+0.1100473715604833E+02 +0.1548518146353805E-01 +0.0000000000000000E+00
+0.1102061046330000E+02 +0.1562802978851265E-01 +0.0000000000000000E+00
+0.1103648377055167E+02 +0.1577327654968586E-01 +0.0000000000000000E+00
+0.1105235707780333E+02 +0.1592098201659709E-01 +0.0000000000000000E+00
+0.1106823038505500E+02 +0.1607120845574744E-01 +0.0000000000000000E+00
+0.1108410369230667E+02 +0.1622402021274894E-01 +0.0000000000000000E+00
+0.1109997699955833E+02 +0.1637948379851828E-01 +0.0000000000000000E+00
+0.1111585030681000E+02 +0.1653766797974863E-01 +0.0000000000000000E+00
+0.1113172361406167E+02 +0.1669864387390677E-01 +0.0000000000000000E+00
+0.1114759692131333E+02 +0.1686248504902066E-01 +0.0000000000000000E+00
+0.1116347022856500E+02 +0.1702926762853958E-01 +0.0000000000000000E+00
+0.1117934353581667E+02 +0.1719907040156854E-01 +0.0000000000000000E+00
+0.1119521684306833E+02 +0.1737197493879899E-01 +0.0000000000000000E+00
+0.1121109015032000E+02 +0.1754806571448016E-01 +0.0000000000000000E+00
+0.1122696345757167E+02 +0.1772743023479981E-01 +0.0000000000000000E+00
+0.1124283676482333E+02 +0.1791015917306775E-01 +0.0000000000000000E+00
+0.1125871007207500E+02 +0.1809634651212509E-01 +0.0000000000000000E+00
+0.1127458337932667E+02 +0.1828608969443098E-01 +0.0000000000000000E+00
+0.1129045668657833E+02 +0.1847948978031200E-01 +0.0000000000000000E+00
+0.1130632999383000E+02 +0.1867665161489453E-01 +0.0000000000000000E+00
+0.1132220330108167E+02 +0.1887768400427805E-01 +0.0000000000000000E+00
+0.1133807660833333E+02 +0.1908269990155025E-01 +0.0000000000000000E+00
+0.1135394991558500E+02 +0.1929181660328808E-01 +0.0000000000000000E+00
+0.1136982322283667E+02 +0.1950515595723862E-01 +0.0000000000000000E+00
+0.1138569653008833E+02 +0.1972284458192731E-01 +0.0000000000000000E+00
+0.1140156983734000E+02 +0.1994501409899647E-01 +0.0000000000000000E+00
+0.1141744314459167E+02 +0.2017180137914315E-01 +0.0000000000000000E+00
+0.1143331645184333E+02 +0.2040334880259051E-01 +0.0000000000000000E+00
+0.1144918975909500E+02 +0.2063980453510353E-01 +0.0000000000000000E+00
+0.1146506306634667E+02 +0.2088132282064030E-01 +0.0000000000000000E+00
+0.1148093637359833E+02 +0.2112806429181933E-01 +0.0000000000000000E+00
+0.1149680968085000E+02 +0.2138019629948044E-01 +0.0000000000000000E+00
+0.1151268298810167E+02 +0.2163789326272268E-01 +0.0000000000000000E+00
+0.1152855629535333E+02 +0.2190133704091995E-01 +0.0000000000000000E+00
+0.1154442960260500E+02 +0.2217071732934187E-01 +0.0000000000000000E+00
+0.1156030290985667E+02 +0.2244623208014871E-01 +0.0000000000000000E+00
+0.1157617621710833E+02 +0.2272808795068185E-01 +0.0000000000000000E+00
+0.1159204952436000E+02 +0.2301650078114248E-01 +0.0000000000000000E+00
+0.1160792283161167E+02 +0.2331169610393678E-01 +0.0000000000000000E+00
+0.1162379613886333E+02 +0.2361390968717206E-01 +0.0000000000000000E+00
+0.1163966944611500E+02 +0.2392338811501648E-01 +0.0000000000000000E+00
+0.1165554275336667E+02 +0.2424038940788492E-01 +0.0000000000000000E+00
+0.1167141606061833E+02 +0.2456518368569342E-01 +0.0000000000000000E+00
+0.1168728936787000E+02 +0.2489805387773239E-01 +0.0000000000000000E+00
+0.1170316267512167E+02 +0.2523929648305018E-01 +0.0000000000000000E+00
+0.1171903598237333E+02 +0.2558922238562012E-01 +0.0000000000000000E+00
+0.1173490928962500E+02 +0.2594815772898735E-01 +0.0000000000000000E+00
+0.1175078259687667E+02 +0.2631644485556126E-01 +0.0000000000000000E+00
+0.1176665590412833E+02 +0.2669444331624849E-01 +0.0000000000000000E+00
+0.1178252921138000E+02 +0.2708253095670615E-01 +0.0000000000000000E+00
+0.1179840251863167E+02 +0.2748110508715589E-01 +0.0000000000000000E+00
+0.1181427582588333E+02 +0.2789058374343212E-01 +0.0000000000000000E+00
+0.1183014913313500E+02 +0.2831140704777015E-01 +0.0000000000000000E+00
+0.1184602244038667E+02 +0.2874403867876450E-01 +0.0000000000000000E+00
+0.1186189574763833E+02 +0.2918896746097661E-01 +0.0000000000000000E+00
+0.1187776905489000E+02 +0.2964670908584913E-01 +0.0000000000000000E+00
+0.1189364236214167E+02 +0.3011780797691259E-01 +0.0000000000000000E+00
+0.1190951566939333E+02 +0.3060283931377721E-01 +0.0000000000000000E+00
+0.1192538897664500E+02 +0.3110241123109698E-01 +0.0000000000000000E+00
+0.1194126228389667E+02 +0.3161716721062616E-01 +0.0000000000000000E+00
+0.1195713559114833E+02 +0.3214778868666510E-01 +0.0000000000000000E+00
+0.1197300889840000E+02 +0.3269499788767484E-01 +0.0000000000000000E+00
+0.1198888220565167E+02 +0.3325956093965193E-01 +0.0000000000000000E+00
+0.1200475551290333E+02 +0.3384229126004783E-01 +0.0000000000000000E+00
+0.1202062882015500E+02 +0.3444405327465211E-01 +0.0000000000000000E+00
+0.1203650212740667E+02 +0.3506576649397462E-01 +0.0000000000000000E+00
+0.1205237543465833E+02 +0.3570840999034042E-01 +0.0000000000000000E+00
+0.1206824874191000E+02 +0.3637302732220218E-01 +0.0000000000000000E+00
+0.1208412204916167E+02 +0.3706073195815365E-01 +0.0000000000000000E+00
+0.1209999535641333E+02 +0.3777271325985425E-01 +0.0000000000000000E+00
+0.1211586866366500E+02 +0.3851024309059353E-01 +0.0000000000000000E+00
+0.1213174197091667E+02 +0.3927468312457823E-01 +0.0000000000000000E+00
+0.1214761527816833E+02 +0.4006749294118191E-01 +0.0000000000000000E+00
+0.1216348858542000E+02 +0.4089023899829143E-01 +0.0000000000000000E+00
+0.1217936189267167E+02 +0.4174460458931474E-01 +0.0000000000000000E+00
+0.1219523519992333E+02 +0.4263240089901192E-01 +0.0000000000000000E+00
+0.1221110850717500E+02 +0.4355557928345329E-01 +0.0000000000000000E+00
+0.1222698181442667E+02 +0.4451624490803124E-01 +0.0000000000000000E+00
+0.1224285512167833E+02 +0.4551667188294110E-01 +0.0000000000000000E+00
+0.1225872842893000E+02 +0.4655932003532902E-01 +0.0000000000000000E+00
+0.1227460173618167E+02 +0.4764685344753838E-01 +0.0000000000000000E+00
+0.1229047504343333E+02 +0.4878216086580277E-01 +0.0000000000000000E+00
+0.1230634835068500E+02 +0.4996837803482229E-01 +0.0000000000000000E+00
+0.1232222165793667E+02 +0.5120891192858831E-01 +0.0000000000000000E+00
+0.1233809496518833E+02 +0.5250746670887632E-01 +0.0000000000000000E+00
+0.1235396827244000E+02 +0.5386807102516994E-01 +0.0000000000000000E+00
+0.1236984157969167E+02 +0.5529510593925784E-01 +0.0000000000000000E+00
+0.1238571488694333E+02 +0.5679333226896303E-01 +0.0000000000000000E+00
+0.1240158819419500E+02 +0.5836791544084005E-01 +0.0000000000000000E+00
+0.1241746150144667E+02 +0.6002444495336948E-01 +0.0000000000000000E+00
+0.1243333480869833E+02 +0.6176894421069332E-01 +0.0000000000000000E+00
+0.1244920811595000E+02 +0.6360786474180435E-01 +0.0000000000000000E+00
+0.1246508142320167E+02 +0.6554805668244565E-01 +0.0000000000000000E+00
+0.1248095473045333E+02 +0.6759670501397311E-01 +0.0000000000000000E+00
+0.1249682803770500E+02 +0.6976121882426167E-01 +0.0000000000000000E+00
+0.1251270134495667E+02 +0.7204905958304730E-01 +0.0000000000000000E+00
+0.1252857465220833E+02 +0.7446749546086921E-01 +0.0000000000000000E+00
+0.1254444795946000E+02 +0.7702327401484908E-01 +0.0000000000000000E+00
+0.1256032126671167E+02 +0.7972221744675582E-01 +0.0000000000000000E+00
+0.1257619457396333E+02 +0.8256876522686893E-01 +0.0000000000000000E+00
+0.1259206788121500E+02 +0.8556551915558892E-01 +0.0000000000000000E+00
+0.1260794118846667E+02 +0.8871288482701303E-01 +0.0000000000000000E+00
+0.1262381449571833E+02 +0.9200894697089756E-01 +0.0000000000000000E+00
+0.1263968780297000E+02 +0.9544975537071754E-01 +0.0000000000000000E+00
+0.1265556111022167E+02 +0.9903021390035623E-01 +0.0000000000000000E+00
+0.1267143441747333E+02 +0.1027457222585572E+00 +0.0000000000000000E+00
+0.1268730772472500E+02 +0.1065945736507901E+00 +0.0000000000000000E+00
+0.1270318103197667E+02 +0.1105808475756951E+00 +0.0000000000000000E+00
+0.1271905433922833E+02 +0.1147172301584439E+00 +0.0000000000000000E+00
+0.1273492764648000E+02 +0.1190270217231566E+00 +0.0000000000000000E+00
+0.1275080095373167E+02 +0.1235447285073318E+00 +0.0000000000000000E+00
+0.1276667426098333E+02 +0.1283150917800481E+00 +0.0000000000000000E+00
+0.1278254756823500E+02 +0.1333909648375371E+00 +0.0000000000000000E+00
+0.1279842087548667E+02 +0.1388308055805315E+00 +0.0000000000000000E+00
+0.1281429418273833E+02 +0.1446965524021044E+00 +0.0000000000000000E+00
+0.1283016748999000E+02 +0.1510523694605683E+00 +0.0000000000000000E+00
+0.1284604079724167E+02 +0.1579643878233119E+00 +0.0000000000000000E+00
+0.1286191410449333E+02 +0.1655013016696327E+00 +0.0000000000000000E+00
+0.1287778741174500E+02 +0.1737355621873796E+00 +0.0000000000000000E+00
+0.1289366071899667E+02 +0.1827449149004817E+00 +0.0000000000000000E+00
+0.1290953402624833E+02 +0.1926140872111438E+00 +0.0000000000000000E+00
+0.1292540733350000E+02 +0.2034365012754972E+00 +0.0000000000000000E+00
+0.1294128064075167E+02 +0.2153159356847582E+00 +0.0000000000000000E+00
+0.1295715394800333E+02 +0.2283680787105273E+00 +0.0000000000000000E+00
+0.1297302725525500E+02 +0.2427219057548805E+00 +0.0000000000000000E+00
+0.1298890056250667E+02 +0.2585207753797312E+00 +0.0000000000000000E+00
+0.1300477386975833E+02 +0.2759230709754001E+00 +0.0000000000000000E+00
+0.1302064717701000E+02 +0.2951021144095231E+00 +0.0000000000000000E+00
+0.1303652048426167E+02 +0.3162449362227290E+00 +0.0000000000000000E+00
+0.1305239379151333E+02 +0.3395492944850771E+00 +0.0000000000000000E+00
+0.1306826709876500E+02 +0.3652180827556722E+00 +0.0000000000000000E+00
+0.1308414040601667E+02 +0.3934499554755623E+00 +0.0000000000000000E+00
+0.1310001371326833E+02 +0.4244246445798088E+00 +0.0000000000000000E+00
+0.1311588702052000E+02 +0.4582811023061286E+00 +0.0000000000000000E+00
+0.1313176032777167E+02 +0.4950864135347481E+00 +0.0000000000000000E+00
+0.1314763363502333E+02 +0.5347936259391156E+00 +0.0000000000000000E+00
+0.1316350694227500E+02 +0.5771876589642877E+00 +0.0000000000000000E+00
+0.1317938024952667E+02 +0.6218208493237642E+00 +0.0000000000000000E+00
+0.1319525355677833E+02 +0.6679440894743158E+00 +0.0000000000000000E+00
+0.1321112686403000E+02 +0.7144461952548961E+00 +0.0000000000000000E+00
+0.1322700017128167E+02 +0.7598222907455130E+00 +0.0000000000000000E+00
+0.1324287347853333E+02 +0.8021987441680800E+00 +0.0000000000000000E+00
+0.1325874678578500E+02 +0.8394420951230338E+00 +0.0000000000000000E+00
+0.1327462009303667E+02 +0.8693659534301613E+00 +0.0000000000000000E+00
+0.1329049340028833E+02 +0.8900200379269112E+00 +0.0000000000000000E+00
+0.1330636670754000E+02 +0.9000062846728990E+00 +0.0000000000000000E+00
+0.1332224001479167E+02 +0.8987372784089256E+00 +0.0000000000000000E+00
+0.1333811332204333E+02 +0.8865543600172889E+00 +0.0000000000000000E+00
+0.1335398662929500E+02 +0.8646643949301696E+00 +0.0000000000000000E+00
+0.1336985993654667E+02 +0.8349175030659416E+00 +0.0000000000000000E+00
+0.1338573324379833E+02 +0.7994994230276858E+00 +0.0000000000000000E+00
+0.1340160655105000E+02 +0.7606267923444083E+00 +0.0000000000000000E+00
+0.1341747985830167E+02 +0.7203116875195991E+00 +0.0000000000000000E+00
+0.1343335316555333E+02 +0.6802230003065227E+00 +0.0000000000000000E+00
+0.1344922647280500E+02 +0.6416381451216219E+00 +0.0000000000000000E+00
+0.1346509978005667E+02 +0.6054600334370187E+00 +0.0000000000000000E+00
+0.1348097308730833E+02 +0.5722706522886963E+00 +0.0000000000000000E+00
+0.1349684639456000E+02 +0.5423978725704033E+00 +0.0000000000000000E+00
+0.1351271970181167E+02 +0.5159802329441642E+00 +0.0000000000000000E+00
+0.1352859300906333E+02 +0.4930217368387476E+00 +0.0000000000000000E+00
+0.1354446631631500E+02 +0.4734338370814896E+00 +0.0000000000000000E+00
+0.1356033962356667E+02 +0.4570648271988210E+00 +0.0000000000000000E+00
+0.1357621293081833E+02 +0.4437183957469337E+00 +0.0000000000000000E+00
+0.1359208623807000E+02 +0.4331637344012321E+00 +0.0000000000000000E+00
+0.1360795954532167E+02 +0.4251397433155625E+00 +0.0000000000000000E+00
+0.1362383285257333E+02 +0.4193557730188612E+00 +0.0000000000000000E+00
+0.1363970615982500E+02 +0.4154911046262003E+00 +0.0000000000000000E+00
+0.1365557946707667E+02 +0.4131951558824254E+00 +0.0000000000000000E+00
+0.1367145277432833E+02 +0.4120904347717008E+00 +0.0000000000000000E+00
+0.1368732608158000E+02 +0.4117806218732225E+00 +0.0000000000000000E+00
+0.1370319938883167E+02 +0.4118663689807441E+00 +0.0000000000000000E+00
+0.1371907269608333E+02 +0.4119703201800846E+00 +0.0000000000000000E+00
+0.1373494600333500E+02 +0.4117694961846752E+00 +0.0000000000000000E+00
+0.1375081931058667E+02 +0.4110281363436951E+00 +0.0000000000000000E+00
+0.1376669261783833E+02 +0.4096202386294230E+00 +0.0000000000000000E+00
+0.1378256592509000E+02 +0.4075319547655263E+00 +0.0000000000000000E+00
+0.1379843923234167E+02 +0.4048408284758601E+00 +0.0000000000000000E+00
+0.1381431253959333E+02 +0.4016785381733547E+00 +0.0000000000000000E+00
+0.1383018584684500E+02 +0.3981908297863397E+00 +0.0000000000000000E+00
+0.1384605915409666E+02 +0.3945087367813955E+00 +0.0000000000000000E+00
+0.1386193246134833E+02 +0.3907390433951283E+00 +0.0000000000000000E+00
+0.1387780576860000E+02 +0.3869727202854723E+00 +0.0000000000000000E+00
+0.1389367907585167E+02 +0.3833022917189003E+00 +0.0000000000000000E+00
+0.1390955238310333E+02 +0.3798362287889157E+00 +0.0000000000000000E+00
+0.1392542569035500E+02 +0.3767014383411560E+00 +0.0000000000000000E+00
+0.1394129899760667E+02 +0.3740317162219516E+00 +0.0000000000000000E+00
+0.1395717230485833E+02 +0.3719467975420006E+00 +0.0000000000000000E+00
+0.1397304561211000E+02 +0.3705300151948857E+00 +0.0000000000000000E+00
+0.1398891891936167E+02 +0.3698116126628125E+00 +0.0000000000000000E+00
+0.1400479222661333E+02 +0.3697609128743257E+00 +0.0000000000000000E+00
+0.1402066553386500E+02 +0.3702863456377687E+00 +0.0000000000000000E+00
+0.1403653884111667E+02 +0.3712399830542870E+00 +0.0000000000000000E+00
+0.1405241214836833E+02 +0.3724237999118649E+00 +0.0000000000000000E+00
+0.1406828545562000E+02 +0.3735978813848883E+00 +0.0000000000000000E+00
+0.1408415876287167E+02 +0.3744941942531726E+00 +0.0000000000000000E+00
+0.1410003207012333E+02 +0.3748405711348347E+00 +0.0000000000000000E+00
+0.1411590537737500E+02 +0.3743964642322055E+00 +0.0000000000000000E+00
+0.1413177868462667E+02 +0.3729955536964352E+00 +0.0000000000000000E+00
+0.1414765199187833E+02 +0.3705838783328159E+00 +0.0000000000000000E+00
+0.1416352529913000E+02 +0.3672401471813670E+00 +0.0000000000000000E+00
+0.1417939860638167E+02 +0.3631695513254002E+00 +0.0000000000000000E+00
+0.1419527191363333E+02 +0.3586717834793400E+00 +0.0000000000000000E+00
+0.1421114522088500E+02 +0.3540929512102421E+00 +0.0000000000000000E+00
+0.1422701852813667E+02 +0.3497750367501858E+00 +0.0000000000000000E+00
+0.1424289183538833E+02 +0.3460145775697930E+00 +0.0000000000000000E+00
+0.1425876514264000E+02 +0.3430368860310216E+00 +0.0000000000000000E+00
+0.1427463844989167E+02 +0.3409868137096886E+00 +0.0000000000000000E+00
+0.1429051175714334E+02 +0.3399337140998455E+00 +0.0000000000000000E+00
+0.1430638506439500E+02 +0.3398868144455960E+00 +0.0000000000000000E+00
+0.1432225837164667E+02 +0.3408166296794780E+00 +0.0000000000000000E+00
+0.1433813167889834E+02 +0.3426775440746652E+00 +0.0000000000000000E+00
+0.1435400498615000E+02 +0.3454263699306095E+00 +0.0000000000000000E+00
+0.1436987829340167E+02 +0.3490323853045581E+00 +0.0000000000000000E+00
+0.1438575160065333E+02 +0.3534766734392183E+00 +0.0000000000000000E+00
+0.1440162490790500E+02 +0.3587421264386038E+00 +0.0000000000000000E+00
+0.1441749821515667E+02 +0.3647988366254221E+00 +0.0000000000000000E+00
+0.1443337152240833E+02 +0.3715912957875513E+00 +0.0000000000000000E+00
+0.1444924482966000E+02 +0.3790331725368697E+00 +0.0000000000000000E+00
+0.1446511813691167E+02 +0.3870127163552570E+00 +0.0000000000000000E+00
+0.1448099144416333E+02 +0.3954079154493743E+00 +0.0000000000000000E+00
+0.1449686475141500E+02 +0.4041066445935725E+00 +0.0000000000000000E+00
+0.1451273805866667E+02 +0.4130247108240899E+00 +0.0000000000000000E+00
+0.1452861136591833E+02 +0.4221153080579395E+00 +0.0000000000000000E+00
+0.1454448467317000E+02 +0.4313670703328552E+00 +0.0000000000000000E+00
+0.1456035798042167E+02 +0.4407928999790821E+00 +0.0000000000000000E+00
+0.1457623128767333E+02 +0.4504152092401512E+00 +0.0000000000000000E+00
+0.1459210459492500E+02 +0.4602532337760522E+00 +0.0000000000000000E+00
+0.1460797790217667E+02 +0.4703149832284294E+00 +0.0000000000000000E+00
+0.1462385120942833E+02 +0.4805924101666923E+00 +0.0000000000000000E+00
+0.1463972451668000E+02 +0.4910561961314961E+00 +0.0000000000000000E+00
+0.1465559782393167E+02 +0.5016478167455709E+00 +0.0000000000000000E+00
+0.1467147113118333E+02 +0.5122707242298767E+00 +0.0000000000000000E+00
+0.1468734443843500E+02 +0.5227867233674741E+00 +0.0000000000000000E+00
+0.1470321774568667E+02 +0.5330242703969925E+00 +0.0000000000000000E+00
+0.1471909105293833E+02 +0.5428007220425698E+00 +0.0000000000000000E+00
+0.1473496436019000E+02 +0.5519524837312223E+00 +0.0000000000000000E+00
+0.1475083766744167E+02 +0.5603606074518458E+00 +0.0000000000000000E+00
+0.1476671097469333E+02 +0.5679595252564877E+00 +0.0000000000000000E+00
+0.1478258428194500E+02 +0.5747241284750292E+00 +0.0000000000000000E+00
+0.1479845758919667E+02 +0.5806410222227218E+00 +0.0000000000000000E+00
+0.1481433089644833E+02 +0.5856770582967232E+00 +0.0000000000000000E+00
+0.1483020420370000E+02 +0.5897583709561987E+00 +0.0000000000000000E+00
+0.1484607751095167E+02 +0.5927672862400328E+00 +0.0000000000000000E+00
+0.1486195081820333E+02 +0.5945570495109049E+00 +0.0000000000000000E+00
+0.1487782412545500E+02 +0.5949792294050328E+00 +0.0000000000000000E+00
+0.1489369743270666E+02 +0.5939169045733627E+00 +0.0000000000000000E+00
+0.1490957073995833E+02 +0.5913168346519847E+00 +0.0000000000000000E+00
+0.1492544404721000E+02 +0.5872141171872742E+00 +0.0000000000000000E+00
+0.1494131735446167E+02 +0.5817432919903089E+00 +0.0000000000000000E+00
+0.1495719066171333E+02 +0.5751316285393452E+00 +0.0000000000000000E+00
+0.1497306396896500E+02 +0.5676741302372259E+00 +0.0000000000000000E+00
+0.1498893727621667E+02 +0.5596948726539999E+00 +0.0000000000000000E+00
+0.1500481058346833E+02 +0.5515037627920910E+00 +0.0000000000000000E+00
+0.1502068389072000E+02 +0.5433596306285491E+00 +0.0000000000000000E+00
+0.1503655719797167E+02 +0.5354487055718742E+00 +0.0000000000000000E+00
+0.1505243050522333E+02 +0.5278826109330386E+00 +0.0000000000000000E+00
+0.1506830381247500E+02 +0.5207140021720390E+00 +0.0000000000000000E+00
+0.1508417711972667E+02 +0.5139630963668997E+00 +0.0000000000000000E+00
+0.1510005042697833E+02 +0.5076460619760758E+00 +0.0000000000000000E+00
+0.1511592373423000E+02 +0.5017970460865768E+00 +0.0000000000000000E+00
+0.1513179704148166E+02 +0.4964791392376133E+00 +0.0000000000000000E+00
+0.1514767034873333E+02 +0.4917844789180557E+00 +0.0000000000000000E+00
+0.1516354365598500E+02 +0.4878277394139424E+00 +0.0000000000000000E+00
+0.1517941696323667E+02 +0.4847383979146531E+00 +0.0000000000000000E+00
+0.1519529027048833E+02 +0.4826551253188776E+00 +0.0000000000000000E+00
+0.1521116357774000E+02 +0.4817222886761464E+00 +0.0000000000000000E+00
+0.1522703688499167E+02 +0.4820863366724319E+00 +0.0000000000000000E+00
+0.1524291019224333E+02 +0.4838898389861097E+00 +0.0000000000000000E+00
+0.1525878349949500E+02 +0.4872623378508001E+00 +0.0000000000000000E+00
+0.1527465680674666E+02 +0.4923084616628580E+00 +0.0000000000000000E+00
+0.1529053011399833E+02 +0.4990942184810910E+00 +0.0000000000000000E+00
+0.1530640342125000E+02 +0.5076322827242300E+00 +0.0000000000000000E+00
+0.1532227672850167E+02 +0.5178669496894024E+00 +0.0000000000000000E+00
+0.1533815003575333E+02 +0.5296595991722510E+00 +0.0000000000000000E+00
+0.1535402334300500E+02 +0.5427761769269062E+00 +0.0000000000000000E+00
+0.1536989665025667E+02 +0.5568794485276488E+00 +0.0000000000000000E+00
+0.1538576995750833E+02 +0.5715302383673688E+00 +0.0000000000000000E+00
+0.1540164326476000E+02 +0.5862024835520117E+00 +0.0000000000000000E+00
+0.1541751657201166E+02 +0.6003153372351906E+00 +0.0000000000000000E+00
+0.1543338987926333E+02 +0.6132810439613600E+00 +0.0000000000000000E+00
+0.1544926318651500E+02 +0.6245609352471257E+00 +0.0000000000000000E+00
+0.1546513649376667E+02 +0.6337167768057704E+00 +0.0000000000000000E+00
+0.1548100980101833E+02 +0.6404445482131816E+00 +0.0000000000000000E+00
+0.1549688310827000E+02 +0.6445838068292498E+00 +0.0000000000000000E+00
+0.1551275641552167E+02 +0.6461048842718805E+00 +0.0000000000000000E+00
+0.1552862972277333E+02 +0.6450826089377357E+00 +0.0000000000000000E+00
+0.1554450303002500E+02 +0.6416657604092542E+00 +0.0000000000000000E+00
+0.1556037633727667E+02 +0.6360478731348094E+00 +0.0000000000000000E+00
+0.1557624964452833E+02 +0.6284417905649057E+00 +0.0000000000000000E+00
+0.1559212295178000E+02 +0.6190599339131004E+00 +0.0000000000000000E+00
+0.1560799625903167E+02 +0.6081031311342516E+00 +0.0000000000000000E+00
+0.1562386956628333E+02 +0.5957601448572306E+00 +0.0000000000000000E+00
+0.1563974287353500E+02 +0.5822168149773203E+00 +0.0000000000000000E+00
+0.1565561618078667E+02 +0.5676698661250863E+00 +0.0000000000000000E+00
+0.1567148948803833E+02 +0.5523385295370188E+00 +0.0000000000000000E+00
+0.1568736279529000E+02 +0.5364682445952340E+00 +0.0000000000000000E+00
+0.1570323610254167E+02 +0.5203239946301015E+00 +0.0000000000000000E+00
+0.1571910940979333E+02 +0.5041746892800520E+00 +0.0000000000000000E+00
+0.1573498271704500E+02 +0.4882730439987899E+00 +0.0000000000000000E+00
+0.1575085602429667E+02 +0.4728367459198737E+00 +0.0000000000000000E+00
+0.1576672933154834E+02 +0.4580360166093018E+00 +0.0000000000000000E+00
+0.1578260263880000E+02 +0.4439903246521617E+00 +0.0000000000000000E+00
+0.1579847594605167E+02 +0.4307739167416059E+00 +0.0000000000000000E+00
+0.1581434925330333E+02 +0.4184272128368588E+00 +0.0000000000000000E+00
+0.1583022256055500E+02 +0.4069698070829124E+00 +0.0000000000000000E+00
+0.1584609586780667E+02 +0.3964110549614169E+00 +0.0000000000000000E+00
+0.1586196917505833E+02 +0.3867557320196972E+00 +0.0000000000000000E+00
+0.1587784248231000E+02 +0.3780044608075499E+00 +0.0000000000000000E+00
+0.1589371578956167E+02 +0.3701507145428232E+00 +0.0000000000000000E+00
+0.1590958909681333E+02 +0.3631773177960679E+00 +0.0000000000000000E+00
+0.1592546240406500E+02 +0.3570549740586618E+00 +0.0000000000000000E+00
+0.1594133571131667E+02 +0.3517437734302989E+00 +0.0000000000000000E+00
+0.1595720901856833E+02 +0.3471968425271870E+00 +0.0000000000000000E+00
+0.1597308232582000E+02 +0.3433642987845906E+00 +0.0000000000000000E+00
+0.1598895563307167E+02 +0.3401959296713966E+00 +0.0000000000000000E+00
+0.1600482894032333E+02 +0.3376422333956507E+00 +0.0000000000000000E+00
+0.1602070224757500E+02 +0.3356547328280614E+00 +0.0000000000000000E+00
+0.1603657555482667E+02 +0.3341868764257065E+00 +0.0000000000000000E+00
+0.1605244886207833E+02 +0.3331960995852308E+00 +0.0000000000000000E+00
+0.1606832216933000E+02 +0.3326463697013862E+00 +0.0000000000000000E+00
+0.1608419547658167E+02 +0.3325097805358299E+00 +0.0000000000000000E+00
+0.1610006878383333E+02 +0.3327660371294021E+00 +0.0000000000000000E+00
+0.1611594209108500E+02 +0.3333997165193769E+00 +0.0000000000000000E+00
+0.1613181539833667E+02 +0.3343962738405872E+00 +0.0000000000000000E+00
+0.1614768870558834E+02 +0.3357382489288507E+00 +0.0000000000000000E+00
+0.1616356201284000E+02 +0.3374027981835602E+00 +0.0000000000000000E+00
+0.1617943532009167E+02 +0.3393608266653628E+00 +0.0000000000000000E+00
+0.1619530862734333E+02 +0.3415772956359892E+00 +0.0000000000000000E+00
+0.1621118193459500E+02 +0.3440122949425348E+00 +0.0000000000000000E+00
+0.1622705524184667E+02 +0.3466230741260149E+00 +0.0000000000000000E+00
+0.1624292854909833E+02 +0.3493675697229062E+00 +0.0000000000000000E+00
+0.1625880185635000E+02 +0.3522092560038446E+00 +0.0000000000000000E+00
+0.1627467516360167E+02 +0.3551216010529170E+00 +0.0000000000000000E+00
+0.1629054847085333E+02 +0.3580893443408266E+00 +0.0000000000000000E+00
+0.1630642177810500E+02 +0.3611045662132955E+00 +0.0000000000000000E+00
+0.1632229508535666E+02 +0.3641581340411262E+00 +0.0000000000000000E+00
+0.1633816839260833E+02 +0.3672300475103813E+00 +0.0000000000000000E+00
+0.1635404169986000E+02 +0.3702834910277533E+00 +0.0000000000000000E+00
+0.1636991500711167E+02 +0.3732661105893668E+00 +0.0000000000000000E+00
+0.1638578831436333E+02 +0.3761188123505944E+00 +0.0000000000000000E+00
+0.1640166162161500E+02 +0.3787888375920824E+00 +0.0000000000000000E+00
+0.1641753492886667E+02 +0.3812416532751385E+00 +0.0000000000000000E+00
+0.1643340823611834E+02 +0.3834663382316035E+00 +0.0000000000000000E+00
+0.1644928154337000E+02 +0.3854716497531141E+00 +0.0000000000000000E+00
+0.1646515485062167E+02 +0.3872737437845610E+00 +0.0000000000000000E+00
+0.1648102815787333E+02 +0.3888798945306240E+00 +0.0000000000000000E+00
+0.1649690146512500E+02 +0.3902740305872720E+00 +0.0000000000000000E+00
+0.1651277477237667E+02 +0.3914089356247676E+00 +0.0000000000000000E+00
+0.1652864807962833E+02 +0.3922072460975672E+00 +0.0000000000000000E+00
+0.1654452138688000E+02 +0.3925704909338629E+00 +0.0000000000000000E+00
+0.1656039469413167E+02 +0.3923938111514546E+00 +0.0000000000000000E+00
+0.1657626800138333E+02 +0.3915839052970026E+00 +0.0000000000000000E+00
+0.1659214130863500E+02 +0.3900780372179313E+00 +0.0000000000000000E+00
+0.1660801461588667E+02 +0.3878613555029661E+00 +0.0000000000000000E+00
+0.1662388792313833E+02 +0.3849784735149941E+00 +0.0000000000000000E+00
+0.1663976123039000E+02 +0.3815349454069158E+00 +0.0000000000000000E+00
+0.1665563453764167E+02 +0.3776864532971415E+00 +0.0000000000000000E+00
+0.1667150784489333E+02 +0.3736176782032951E+00 +0.0000000000000000E+00
+0.1668738115214500E+02 +0.3695165685248915E+00 +0.0000000000000000E+00
+0.1670325445939666E+02 +0.3655508276818102E+00 +0.0000000000000000E+00
+0.1671912776664833E+02 +0.3618516601151331E+00 +0.0000000000000000E+00
+0.1673500107390000E+02 +0.3585066762392105E+00 +0.0000000000000000E+00
+0.1675087438115167E+02 +0.3555611750135869E+00 +0.0000000000000000E+00
+0.1676674768840333E+02 +0.3530257235150699E+00 +0.0000000000000000E+00
+0.1678262099565500E+02 +0.3508879387271167E+00 +0.0000000000000000E+00
+0.1679849430290666E+02 +0.3491269303485867E+00 +0.0000000000000000E+00
+0.1681436761015834E+02 +0.3477291169592730E+00 +0.0000000000000000E+00
+0.1683024091741000E+02 +0.3467035742646062E+00 +0.0000000000000000E+00
+0.1684611422466167E+02 +0.3460940115983522E+00 +0.0000000000000000E+00
+0.1686198753191333E+02 +0.3459839543174208E+00 +0.0000000000000000E+00
+0.1687786083916500E+02 +0.3464927594323705E+00 +0.0000000000000000E+00
+0.1689373414641667E+02 +0.3477626995986743E+00 +0.0000000000000000E+00
+0.1690960745366833E+02 +0.3499402456185235E+00 +0.0000000000000000E+00
+0.1692548076092000E+02 +0.3531562674050086E+00 +0.0000000000000000E+00
+0.1694135406817167E+02 +0.3575094745658036E+00 +0.0000000000000000E+00
+0.1695722737542333E+02 +0.3630555961636431E+00 +0.0000000000000000E+00
+0.1697310068267500E+02 +0.3698026972194241E+00 +0.0000000000000000E+00
+0.1698897398992667E+02 +0.3777115254345538E+00 +0.0000000000000000E+00
+0.1700484729717833E+02 +0.3866991397602403E+00 +0.0000000000000000E+00
+0.1702072060443000E+02 +0.3966440675249793E+00 +0.0000000000000000E+00
+0.1703659391168167E+02 +0.4073914892009394E+00 +0.0000000000000000E+00
+0.1705246721893333E+02 +0.4187572903836954E+00 +0.0000000000000000E+00
+0.1706834052618500E+02 +0.4305304584129752E+00 +0.0000000000000000E+00
+0.1708421383343666E+02 +0.4424745436984408E+00 +0.0000000000000000E+00
+0.1710008714068833E+02 +0.4543305479590732E+00 +0.0000000000000000E+00
+0.1711596044794000E+02 +0.4658245983130631E+00 +0.0000000000000000E+00
+0.1713183375519167E+02 +0.4766827724398330E+00 +0.0000000000000000E+00
+0.1714770706244333E+02 +0.4866520878358135E+00 +0.0000000000000000E+00
+0.1716358036969500E+02 +0.4955225458883962E+00 +0.0000000000000000E+00
+0.1717945367694667E+02 +0.5031431482383820E+00 +0.0000000000000000E+00
+0.1719532698419833E+02 +0.5094268831171213E+00 +0.0000000000000000E+00
+0.1721120029145000E+02 +0.5143446470425045E+00 +0.0000000000000000E+00
+0.1722707359870166E+02 +0.5179123866888784E+00 +0.0000000000000000E+00
+0.1724294690595333E+02 +0.5201766886865641E+00 +0.0000000000000000E+00
+0.1725882021320500E+02 +0.5212020426201071E+00 +0.0000000000000000E+00
+0.1727469352045667E+02 +0.5210607011306753E+00 +0.0000000000000000E+00
+0.1729056682770833E+02 +0.5198253971406579E+00 +0.0000000000000000E+00
+0.1730644013496000E+02 +0.5175657206907910E+00 +0.0000000000000000E+00
+0.1732231344221167E+02 +0.5143489328813615E+00 +0.0000000000000000E+00
+0.1733818674946333E+02 +0.5102445036557679E+00 +0.0000000000000000E+00
+0.1735406005671500E+02 +0.5053297167420490E+00 +0.0000000000000000E+00
+0.1736993336396667E+02 +0.4996931617467191E+00 +0.0000000000000000E+00
+0.1738580667121833E+02 +0.4934346017132030E+00 +0.0000000000000000E+00
+0.1740167997847000E+02 +0.4866623580131887E+00 +0.0000000000000000E+00
+0.1741755328572167E+02 +0.4794908870481607E+00 +0.0000000000000000E+00
+0.1743342659297333E+02 +0.4720405222339389E+00 +0.0000000000000000E+00
+0.1744929990022500E+02 +0.4644390976308407E+00 +0.0000000000000000E+00
+0.1746517320747667E+02 +0.4568229879888784E+00 +0.0000000000000000E+00
+0.1748104651472833E+02 +0.4493342940023011E+00 +0.0000000000000000E+00
+0.1749691982198000E+02 +0.4421118540263544E+00 +0.0000000000000000E+00
+0.1751279312923167E+02 +0.4352760438512469E+00 +0.0000000000000000E+00
+0.1752866643648333E+02 +0.4289100166725359E+00 +0.0000000000000000E+00
+0.1754453974373500E+02 +0.4230421112197806E+00 +0.0000000000000000E+00
+0.1756041305098667E+02 +0.4176348468653723E+00 +0.0000000000000000E+00
+0.1757628635823833E+02 +0.4125848950157192E+00 +0.0000000000000000E+00
+0.1759215966549000E+02 +0.4077357634085456E+00 +0.0000000000000000E+00
+0.1760803297274166E+02 +0.4029012218929194E+00 +0.0000000000000000E+00
+0.1762390627999333E+02 +0.3978939203448019E+00 +0.0000000000000000E+00
+0.1763977958724500E+02 +0.3925518613042865E+00 +0.0000000000000000E+00
+0.1765565289449667E+02 +0.3867566167705596E+00 +0.0000000000000000E+00
+0.1767152620174833E+02 +0.3804409669625277E+00 +0.0000000000000000E+00
+0.1768739950900000E+02 +0.3735877154247227E+00 +0.0000000000000000E+00
+0.1770327281625167E+02 +0.3662233915219259E+00 +0.0000000000000000E+00
+0.1771914612350334E+02 +0.3584098830063797E+00 +0.0000000000000000E+00
+0.1773501943075500E+02 +0.3502353192326558E+00 +0.0000000000000000E+00
+0.1775089273800667E+02 +0.3418045977731062E+00 +0.0000000000000000E+00
+0.1776676604525833E+02 +0.3332302683164639E+00 +0.0000000000000000E+00
+0.1778263935251000E+02 +0.3246251461953291E+00 +0.0000000000000000E+00
+0.1779851265976167E+02 +0.3160979377820057E+00 +0.0000000000000000E+00
+0.1781438596701333E+02 +0.3077520404793662E+00 +0.0000000000000000E+00
+0.1783025927426500E+02 +0.2996861850102446E+00 +0.0000000000000000E+00
+0.1784613258151667E+02 +0.2919947527485941E+00 +0.0000000000000000E+00
+0.1786200588876833E+02 +0.2847660525039495E+00 +0.0000000000000000E+00
+0.1787787919602000E+02 +0.2780783166447997E+00 +0.0000000000000000E+00
+0.1789375250327167E+02 +0.2719947402135172E+00 +0.0000000000000000E+00
+0.1790962581052333E+02 +0.2665596355265868E+00 +0.0000000000000000E+00
+0.1792549911777500E+02 +0.2617973858998700E+00 +0.0000000000000000E+00
+0.1794137242502667E+02 +0.2577146459319525E+00 +0.0000000000000000E+00
+0.1795724573227833E+02 +0.2543047760822268E+00 +0.0000000000000000E+00
+0.1797311903953000E+02 +0.2515524931891988E+00 +0.0000000000000000E+00
+0.1798899234678166E+02 +0.2494366610497729E+00 +0.0000000000000000E+00
+0.1800486565403333E+02 +0.2479301136324891E+00 +0.0000000000000000E+00
+0.1802073896128500E+02 +0.2469969517119075E+00 +0.0000000000000000E+00
+0.1803661226853666E+02 +0.2465891131932614E+00 +0.0000000000000000E+00
+0.1805248557578833E+02 +0.2466445316391068E+00 +0.0000000000000000E+00
+0.1806835888304000E+02 +0.2470886711563869E+00 +0.0000000000000000E+00
+0.1808423219029167E+02 +0.2478399540993816E+00 +0.0000000000000000E+00
+0.1810010549754334E+02 +0.2488181392419968E+00 +0.0000000000000000E+00
+0.1811597880479500E+02 +0.2499536239460103E+00 +0.0000000000000000E+00
+0.1813185211204667E+02 +0.2511953266878986E+00 +0.0000000000000000E+00
+0.1814772541929833E+02 +0.2525153502262724E+00 +0.0000000000000000E+00
+0.1816359872655000E+02 +0.2539097477510082E+00 +0.0000000000000000E+00
+0.1817947203380167E+02 +0.2553958675996497E+00 +0.0000000000000000E+00
+0.1819534534105333E+02 +0.2570074488475914E+00 +0.0000000000000000E+00
+0.1821121864830500E+02 +0.2587887249324530E+00 +0.0000000000000000E+00
+0.1822709195555667E+02 +0.2607884462611000E+00 +0.0000000000000000E+00
+0.1824296526280833E+02 +0.2630542901565016E+00 +0.0000000000000000E+00
+0.1825883857006000E+02 +0.2656278722528360E+00 +0.0000000000000000E+00
+0.1827471187731167E+02 +0.2685405756342530E+00 +0.0000000000000000E+00
+0.1829058518456333E+02 +0.2718104872201904E+00 +0.0000000000000000E+00
+0.1830645849181500E+02 +0.2754406275086835E+00 +0.0000000000000000E+00
+0.1832233179906667E+02 +0.2794183444291073E+00 +0.0000000000000000E+00
+0.1833820510631833E+02 +0.2837154497431586E+00 +0.0000000000000000E+00
+0.1835407841357000E+02 +0.2882886827423835E+00 +0.0000000000000000E+00
+0.1836995172082166E+02 +0.2930804305205413E+00 +0.0000000000000000E+00
+0.1838582502807333E+02 +0.2980200632629845E+00 +0.0000000000000000E+00
+0.1840169833532500E+02 +0.3030264079577598E+00 +0.0000000000000000E+00
+0.1841757164257667E+02 +0.3080116102751465E+00 +0.0000000000000000E+00
+0.1843344494982833E+02 +0.3128860565982444E+00 +0.0000000000000000E+00
+0.1844931825708000E+02 +0.3175634991636834E+00 +0.0000000000000000E+00
+0.1846519156433167E+02 +0.3219653411375001E+00 +0.0000000000000000E+00
+0.1848106487158334E+02 +0.3260231766384037E+00 +0.0000000000000000E+00
+0.1849693817883500E+02 +0.3296788936142822E+00 +0.0000000000000000E+00
+0.1851281148608667E+02 +0.3328818716325150E+00 +0.0000000000000000E+00
+0.1852868479333833E+02 +0.3355833828071090E+00 +0.0000000000000000E+00
+0.1854455810059000E+02 +0.3377295473154098E+00 +0.0000000000000000E+00
+0.1856043140784167E+02 +0.3392557114538470E+00 +0.0000000000000000E+00
+0.1857630471509333E+02 +0.3400857652471848E+00 +0.0000000000000000E+00
+0.1859217802234500E+02 +0.3401386971449353E+00 +0.0000000000000000E+00
+0.1860805132959667E+02 +0.3393417838509502E+00 +0.0000000000000000E+00
+0.1862392463684833E+02 +0.3376467778065202E+00 +0.0000000000000000E+00
+0.1863979794410000E+02 +0.3350441456381900E+00 +0.0000000000000000E+00
+0.1865567125135166E+02 +0.3315715405444306E+00 +0.0000000000000000E+00
+0.1867154455860333E+02 +0.3273152320542955E+00 +0.0000000000000000E+00
+0.1868741786585500E+02 +0.3224053441102945E+00 +0.0000000000000000E+00
+0.1870329117310667E+02 +0.3170064778629110E+00 +0.0000000000000000E+00
+0.1871916448035833E+02 +0.3113051066288859E+00 +0.0000000000000000E+00
+0.1873503778761000E+02 +0.3054950539869501E+00 +0.0000000000000000E+00
+0.1875091109486167E+02 +0.2997627046415260E+00 +0.0000000000000000E+00
+0.1876678440211333E+02 +0.2942738117990954E+00 +0.0000000000000000E+00
+0.1878265770936500E+02 +0.2891633600782046E+00 +0.0000000000000000E+00
+0.1879853101661667E+02 +0.2845291030327570E+00 +0.0000000000000000E+00
+0.1881440432386833E+02 +0.2804287277739263E+00 +0.0000000000000000E+00
+0.1883027763112000E+02 +0.2768804767064704E+00 +0.0000000000000000E+00
+0.1884615093837167E+02 +0.2738672458349883E+00 +0.0000000000000000E+00
+0.1886202424562333E+02 +0.2713440532460906E+00 +0.0000000000000000E+00
+0.1887789755287500E+02 +0.2692479123813014E+00 +0.0000000000000000E+00
+0.1889377086012666E+02 +0.2675078707093497E+00 +0.0000000000000000E+00
+0.1890964416737833E+02 +0.2660522837985521E+00 +0.0000000000000000E+00
+0.1892551747463000E+02 +0.2648112248206430E+00 +0.0000000000000000E+00
+0.1894139078188167E+02 +0.2637142636760719E+00 +0.0000000000000000E+00
+0.1895726408913333E+02 +0.2626864887012232E+00 +0.0000000000000000E+00
+0.1897313739638500E+02 +0.2616469511590241E+00 +0.0000000000000000E+00
+0.1898901070363667E+02 +0.2605127606764703E+00 +0.0000000000000000E+00
+0.1900488401088834E+02 +0.2592092621589961E+00 +0.0000000000000000E+00
+0.1902075731814000E+02 +0.2576835630036524E+00 +0.0000000000000000E+00
+0.1903663062539167E+02 +0.2559168076323829E+00 +0.0000000000000000E+00
+0.1905250393264333E+02 +0.2539308892311886E+00 +0.0000000000000000E+00
+0.1906837723989500E+02 +0.2517873784714060E+00 +0.0000000000000000E+00
+0.1908425054714667E+02 +0.2495790573397819E+00 +0.0000000000000000E+00
+0.1910012385439833E+02 +0.2474162866288832E+00 +0.0000000000000000E+00
+0.1911599716165000E+02 +0.2454110009668571E+00 +0.0000000000000000E+00
+0.1913187046890167E+02 +0.2436607935147962E+00 +0.0000000000000000E+00
+0.1914774377615333E+02 +0.2422350508569336E+00 +0.0000000000000000E+00
+0.1916361708340500E+02 +0.2411648538034274E+00 +0.0000000000000000E+00
+0.1917949039065666E+02 +0.2404382461800369E+00 +0.0000000000000000E+00
+0.1919536369790833E+02 +0.2400020471596324E+00 +0.0000000000000000E+00
+0.1921123700516000E+02 +0.2397703092662195E+00 +0.0000000000000000E+00
+0.1922711031241167E+02 +0.2396379021260499E+00 +0.0000000000000000E+00
+0.1924298361966333E+02 +0.2394961442610571E+00 +0.0000000000000000E+00
+0.1925885692691500E+02 +0.2392467930091064E+00 +0.0000000000000000E+00
+0.1927473023416666E+02 +0.2388115967395252E+00 +0.0000000000000000E+00
+0.1929060354141833E+02 +0.2381366630566807E+00 +0.0000000000000000E+00
+0.1930647684867000E+02 +0.2371928774087254E+00 +0.0000000000000000E+00
+0.1932235015592167E+02 +0.2359743059538303E+00 +0.0000000000000000E+00
+0.1933822346317333E+02 +0.2344957571046725E+00 +0.0000000000000000E+00
+0.1935409677042500E+02 +0.2327894501958756E+00 +0.0000000000000000E+00
+0.1936997007767667E+02 +0.2309002783129944E+00 +0.0000000000000000E+00
+0.1938584338492833E+02 +0.2288798398251374E+00 +0.0000000000000000E+00
+0.1940171669218000E+02 +0.2267805537091807E+00 +0.0000000000000000E+00
+0.1941758999943167E+02 +0.2246517052575245E+00 +0.0000000000000000E+00
+0.1943346330668333E+02 +0.2225386620220535E+00 +0.0000000000000000E+00
+0.1944933661393500E+02 +0.2204850833903303E+00 +0.0000000000000000E+00
+0.1946520992118667E+02 +0.2185365577768226E+00 +0.0000000000000000E+00
+0.1948108322843833E+02 +0.2167434971386444E+00 +0.0000000000000000E+00
+0.1949695653569000E+02 +0.2151615773751160E+00 +0.0000000000000000E+00
+0.1951282984294167E+02 +0.2138492467601023E+00 +0.0000000000000000E+00
+0.1952870315019333E+02 +0.2128631733947365E+00 +0.0000000000000000E+00
+0.1954457645744500E+02 +0.2122533143837306E+00 +0.0000000000000000E+00
+0.1956044976469666E+02 +0.2120592588549755E+00 +0.0000000000000000E+00
+0.1957632307194833E+02 +0.2123087474968356E+00 +0.0000000000000000E+00
+0.1959219637920000E+02 +0.2130182022017790E+00 +0.0000000000000000E+00
+0.1960806968645167E+02 +0.2141941929224032E+00 +0.0000000000000000E+00
+0.1962394299370333E+02 +0.2158344315187367E+00 +0.0000000000000000E+00
+0.1963981630095500E+02 +0.2179272725264198E+00 +0.0000000000000000E+00
+0.1965568960820666E+02 +0.2204496072970459E+00 +0.0000000000000000E+00
+0.1967156291545833E+02 +0.2233639726400156E+00 +0.0000000000000000E+00
+0.1968743622271000E+02 +0.2266161904660671E+00 +0.0000000000000000E+00
+0.1970330952996167E+02 +0.2301347399584910E+00 +0.0000000000000000E+00
+0.1971918283721333E+02 +0.2338325181668653E+00 +0.0000000000000000E+00
+0.1973505614446500E+02 +0.2376110252196252E+00 +0.0000000000000000E+00
+0.1975092945171667E+02 +0.2413665825699449E+00 +0.0000000000000000E+00
+0.1976680275896833E+02 +0.2449979643778351E+00 +0.0000000000000000E+00
+0.1978267606622000E+02 +0.2484146248290273E+00 +0.0000000000000000E+00
+0.1979854937347167E+02 +0.2515444591028642E+00 +0.0000000000000000E+00
+0.1981442268072333E+02 +0.2543399092344346E+00 +0.0000000000000000E+00
+0.1983029598797500E+02 +0.2567814777398086E+00 +0.0000000000000000E+00
+0.1984616929522667E+02 +0.2588783943324211E+00 +0.0000000000000000E+00
+0.1986204260247833E+02 +0.2606670048612014E+00 +0.0000000000000000E+00
+0.1987791590973000E+02 +0.2622079293647281E+00 +0.0000000000000000E+00
+0.1989378921698167E+02 +0.2635828141317411E+00 +0.0000000000000000E+00
+0.1990966252423334E+02 +0.2648906908094133E+00 +0.0000000000000000E+00
+0.1992553583148500E+02 +0.2662431589167180E+00 +0.0000000000000000E+00
+0.1994140913873666E+02 +0.2677574786694448E+00 +0.0000000000000000E+00
+0.1995728244598833E+02 +0.2695473154078313E+00 +0.0000000000000000E+00
+0.1997315575324000E+02 +0.2717118177390343E+00 +0.0000000000000000E+00
+0.1998902906049167E+02 +0.2743243515934386E+00 +0.0000000000000000E+00
+0.2000490236774333E+02 +0.2774223788694429E+00 +0.0000000000000000E+00
+0.2002077567499500E+02 +0.2809998651635888E+00 +0.0000000000000000E+00
+0.2003664898224667E+02 +0.2850034179115547E+00 +0.0000000000000000E+00
+0.2005252228949833E+02 +0.2893330635769176E+00 +0.0000000000000000E+00
+0.2006839559675000E+02 +0.2938480464383861E+00 +0.0000000000000000E+00
+0.2008426890400166E+02 +0.2983772555204097E+00 +0.0000000000000000E+00
+0.2010014221125333E+02 +0.3027329948804958E+00 +0.0000000000000000E+00
+0.2011601551850500E+02 +0.3067260457076391E+00 +0.0000000000000000E+00
+0.2013188882575667E+02 +0.3101796410399209E+00 +0.0000000000000000E+00
+0.2014776213300833E+02 +0.3129403551389344E+00 +0.0000000000000000E+00
+0.2016363544026000E+02 +0.3148849656034441E+00 +0.0000000000000000E+00
+0.2017950874751167E+02 +0.3159236349431522E+00 +0.0000000000000000E+00
+0.2019538205476333E+02 +0.3160007227117559E+00 +0.0000000000000000E+00
+0.2021125536201500E+02 +0.3150948780006956E+00 +0.0000000000000000E+00
+0.2022712866926667E+02 +0.3132197320073978E+00 +0.0000000000000000E+00
+0.2024300197651833E+02 +0.3104255506816231E+00 +0.0000000000000000E+00
+0.2025887528377000E+02 +0.3068008447946997E+00 +0.0000000000000000E+00
+0.2027474859102167E+02 +0.3024718076523693E+00 +0.0000000000000000E+00
+0.2029062189827333E+02 +0.2975973752778734E+00 +0.0000000000000000E+00
+0.2030649520552500E+02 +0.2923589768597452E+00 +0.0000000000000000E+00
+0.2032236851277667E+02 +0.2869460153968721E+00 +0.0000000000000000E+00
+0.2033824182002833E+02 +0.2815396194036866E+00 +0.0000000000000000E+00
+0.2035411512728000E+02 +0.2762974795794553E+00 +0.0000000000000000E+00
+0.2036998843453167E+02 +0.2713418039546854E+00 +0.0000000000000000E+00
+0.2038586174178333E+02 +0.2667513607490690E+00 +0.0000000000000000E+00
+0.2040173504903500E+02 +0.2625578896626199E+00 +0.0000000000000000E+00
+0.2041760835628667E+02 +0.2587470022885510E+00 +0.0000000000000000E+00
+0.2043348166353833E+02 +0.2552637684286764E+00 +0.0000000000000000E+00
+0.2044935497079000E+02 +0.2520230482297720E+00 +0.0000000000000000E+00
+0.2046522827804166E+02 +0.2489239799013178E+00 +0.0000000000000000E+00
+0.2048110158529333E+02 +0.2458669225591353E+00 +0.0000000000000000E+00
+0.2049697489254500E+02 +0.2427700137646851E+00 +0.0000000000000000E+00
+0.2051284819979667E+02 +0.2395819646316621E+00 +0.0000000000000000E+00
+0.2052872150704833E+02 +0.2362882895640813E+00 +0.0000000000000000E+00
+0.2054459481430000E+02 +0.2329098657239988E+00 +0.0000000000000000E+00
+0.2056046812155166E+02 +0.2294949034166236E+00 +0.0000000000000000E+00
+0.2057634142880334E+02 +0.2261071097208605E+00 +0.0000000000000000E+00
+0.2059221473605500E+02 +0.2228133588123027E+00 +0.0000000000000000E+00
+0.2060808804330667E+02 +0.2196735421484072E+00 +0.0000000000000000E+00
+0.2062396135055833E+02 +0.2167339939644641E+00 +0.0000000000000000E+00
+0.2063983465781000E+02 +0.2140246095057314E+00 +0.0000000000000000E+00
+0.2065570796506167E+02 +0.2115589296844815E+00 +0.0000000000000000E+00
+0.2067158127231333E+02 +0.2093362014820652E+00 +0.0000000000000000E+00
+0.2068745457956500E+02 +0.2073446063311278E+00 +0.0000000000000000E+00
+0.2070332788681667E+02 +0.2055651514068270E+00 +0.0000000000000000E+00
+0.2071920119406833E+02 +0.2039758208841914E+00 +0.0000000000000000E+00
+0.2073507450132000E+02 +0.2025554174092318E+00 +0.0000000000000000E+00
+0.2075094780857167E+02 +0.2012863325679824E+00 +0.0000000000000000E+00
+0.2076682111582333E+02 +0.2001555940464685E+00 +0.0000000000000000E+00
+0.2078269442307500E+02 +0.1991540321642144E+00 +0.0000000000000000E+00
+0.2079856773032667E+02 +0.1982740481059938E+00 +0.0000000000000000E+00
+0.2081444103757833E+02 +0.1975068914975453E+00 +0.0000000000000000E+00
+0.2083031434483000E+02 +0.1968403576021081E+00 +0.0000000000000000E+00
+0.2084618765208166E+02 +0.1962574357155521E+00 +0.0000000000000000E+00
+0.2086206095933333E+02 +0.1957359025590651E+00 +0.0000000000000000E+00
+0.2087793426658500E+02 +0.1952484372315618E+00 +0.0000000000000000E+00
+0.2089380757383666E+02 +0.1947627499963155E+00 +0.0000000000000000E+00
+0.2090968088108833E+02 +0.1942415008590822E+00 +0.0000000000000000E+00
+0.2092555418834000E+02 +0.1936422550642089E+00 +0.0000000000000000E+00
+0.2094142749559167E+02 +0.1929180767830255E+00 +0.0000000000000000E+00
+0.2095730080284333E+02 +0.1920193587602070E+00 +0.0000000000000000E+00
+0.2097317411009500E+02 +0.1908971056527073E+00 +0.0000000000000000E+00
+0.2098904741734667E+02 +0.1895073360868996E+00 +0.0000000000000000E+00
+0.2100492072459833E+02 +0.1878158116315604E+00 +0.0000000000000000E+00
+0.2102079403185000E+02 +0.1858021095034222E+00 +0.0000000000000000E+00
+0.2103666733910167E+02 +0.1834621710777564E+00 +0.0000000000000000E+00
+0.2105254064635333E+02 +0.1808088451714032E+00 +0.0000000000000000E+00
+0.2106841395360500E+02 +0.1778704879042322E+00 +0.0000000000000000E+00
+0.2108428726085667E+02 +0.1746881531028081E+00 +0.0000000000000000E+00
+0.2110016056810833E+02 +0.1713120739577097E+00 +0.0000000000000000E+00
+0.2111603387536000E+02 +0.1677979643893342E+00 +0.0000000000000000E+00
+0.2113190718261167E+02 +0.1642033820448027E+00 +0.0000000000000000E+00
+0.2114778048986333E+02 +0.1605842599137880E+00 +0.0000000000000000E+00
+0.2116365379711500E+02 +0.1569917825756857E+00 +0.0000000000000000E+00
+0.2117952710436667E+02 +0.1534698970225784E+00 +0.0000000000000000E+00
+0.2119540041161833E+02 +0.1500537515738398E+00 +0.0000000000000000E+00
+0.2121127371887000E+02 +0.1467692362339205E+00 +0.0000000000000000E+00
+0.2122714702612167E+02 +0.1436336197899909E+00 +0.0000000000000000E+00
+0.2124302033337333E+02 +0.1406570834418659E+00 +0.0000000000000000E+00
+0.2125889364062500E+02 +0.1378447602495100E+00 +0.0000000000000000E+00
+0.2127476694787667E+02 +0.1351987696245326E+00 +0.0000000000000000E+00
+0.2129064025512833E+02 +0.1327197762302219E+00 +0.0000000000000000E+00
+0.2130651356238000E+02 +0.1304078223980632E+00 +0.0000000000000000E+00
+0.2132238686963167E+02 +0.1282624840792822E+00 +0.0000000000000000E+00
+0.2133826017688333E+02 +0.1262826305921120E+00 +0.0000000000000000E+00
+0.2135413348413500E+02 +0.1244661299616811E+00 +0.0000000000000000E+00
+0.2137000679138666E+02 +0.1228097395096529E+00 +0.0000000000000000E+00
+0.2138588009863833E+02 +0.1213092367312204E+00 +0.0000000000000000E+00
+0.2140175340589000E+02 +0.1199596818559787E+00 +0.0000000000000000E+00
+0.2141762671314167E+02 +0.1187556415043385E+00 +0.0000000000000000E+00
+0.2143350002039333E+02 +0.1176912658627881E+00 +0.0000000000000000E+00
+0.2144937332764500E+02 +0.1167602486944079E+00 +0.0000000000000000E+00
+0.2146524663489667E+02 +0.1159558095924134E+00 +0.0000000000000000E+00
+0.2148111994214834E+02 +0.1152708390448395E+00 +0.0000000000000000E+00
+0.2149699324940000E+02 +0.1146982388547857E+00 +0.0000000000000000E+00
+0.2151286655665166E+02 +0.1142313558082567E+00 +0.0000000000000000E+00
+0.2152873986390333E+02 +0.1138643434694966E+00 +0.0000000000000000E+00
+0.2154461317115500E+02 +0.1135923316168690E+00 +0.0000000000000000E+00
+0.2156048647840667E+02 +0.1134113882966784E+00 +0.0000000000000000E+00
+0.2157635978565833E+02 +0.1133183473409516E+00 +0.0000000000000000E+00
+0.2159223309291000E+02 +0.1133106025290484E+00 +0.0000000000000000E+00
+0.2160810640016167E+02 +0.1133859518308871E+00 +0.0000000000000000E+00
+0.2162397970741333E+02 +0.1135425440795503E+00 +0.0000000000000000E+00
+0.2163985301466500E+02 +0.1137789491756007E+00 +0.0000000000000000E+00
+0.2165572632191667E+02 +0.1140943352445349E+00 +0.0000000000000000E+00
+0.2167159962916833E+02 +0.1144886924216598E+00 +0.0000000000000000E+00
+0.2168747293642000E+02 +0.1149630127187046E+00 +0.0000000000000000E+00
+0.2170334624367167E+02 +0.1155193410672954E+00 +0.0000000000000000E+00
+0.2171921955092333E+02 +0.1161606554817351E+00 +0.0000000000000000E+00
+0.2173509285817500E+02 +0.1168905917248875E+00 +0.0000000000000000E+00
+0.2175096616542666E+02 +0.1177130721001079E+00 +0.0000000000000000E+00
+0.2176683947267833E+02 +0.1186319148990929E+00 +0.0000000000000000E+00
+0.2178271277993000E+02 +0.1196504941153057E+00 +0.0000000000000000E+00
+0.2179858608718167E+02 +0.1207715018568669E+00 +0.0000000000000000E+00
+0.2181445939443333E+02 +0.1219968519086629E+00 +0.0000000000000000E+00
+0.2183033270168500E+02 +0.1233277573058700E+00 +0.0000000000000000E+00
+0.2184620600893667E+02 +0.1247650108389858E+00 +0.0000000000000000E+00
+0.2186207931618834E+02 +0.1263094793948208E+00 +0.0000000000000000E+00
+0.2187795262344000E+02 +0.1279627772868144E+00 +0.0000000000000000E+00
+0.2189382593069167E+02 +0.1297280149526453E+00 +0.0000000000000000E+00
+0.2190969923794333E+02 +0.1316104600947426E+00 +0.0000000000000000E+00
+0.2192557254519500E+02 +0.1336179438804911E+00 +0.0000000000000000E+00
+0.2194144585244667E+02 +0.1357609159346970E+00 +0.0000000000000000E+00
+0.2195731915969833E+02 +0.1380521691281970E+00 +0.0000000000000000E+00
+0.2197319246695000E+02 +0.1405063571927115E+00 +0.0000000000000000E+00
+0.2198906577420167E+02 +0.1431394669199654E+00 +0.0000000000000000E+00
+0.2200493908145333E+02 +0.1459683745729680E+00 +0.0000000000000000E+00
+0.2202081238870500E+02 +0.1490105390922365E+00 +0.0000000000000000E+00
+0.2203668569595666E+02 +0.1522838027884233E+00 +0.0000000000000000E+00
+0.2205255900320833E+02 +0.1558062234765842E+00 +0.0000000000000000E+00
+0.2206843231046000E+02 +0.1595958764513428E+00 +0.0000000000000000E+00
+0.2208430561771167E+02 +0.1636706350628055E+00 +0.0000000000000000E+00
+0.2210017892496333E+02 +0.1680480228477006E+00 +0.0000000000000000E+00
+0.2211605223221500E+02 +0.1727452717467234E+00 +0.0000000000000000E+00
+0.2213192553946666E+02 +0.1777796886645679E+00 +0.0000000000000000E+00
+0.2214779884671833E+02 +0.1831693430140799E+00 +0.0000000000000000E+00
+0.2216367215397000E+02 +0.1889339892520337E+00 +0.0000000000000000E+00
+0.2217954546122166E+02 +0.1950960724773880E+00 +0.0000000000000000E+00
+0.2219541876847333E+02 +0.2016816425028547E+00 +0.0000000000000000E+00
+0.2221129207572500E+02 +0.2087210095844368E+00 +0.0000000000000000E+00
+0.2222716538297667E+02 +0.2162489992847304E+00 +0.0000000000000000E+00
+0.2224303869022834E+02 +0.2243046969461551E+00 +0.0000000000000000E+00
+0.2225891199748000E+02 +0.2329306022759942E+00 +0.0000000000000000E+00
+0.2227478530473167E+02 +0.2421711237365387E+00 +0.0000000000000000E+00
+0.2229065861198333E+02 +0.2520703187446824E+00 +0.0000000000000000E+00
+0.2230653191923500E+02 +0.2626687288194650E+00 +0.0000000000000000E+00
+0.2232240522648667E+02 +0.2739990808136676E+00 +0.0000000000000000E+00
+0.2233827853373833E+02 +0.2860805676910343E+00 +0.0000000000000000E+00
+0.2235415184099000E+02 +0.2989114688921282E+00 +0.0000000000000000E+00
+0.2237002514824167E+02 +0.3124601079477360E+00 +0.0000000000000000E+00
+0.2238589845549333E+02 +0.3266545935052583E+00 +0.0000000000000000E+00
+0.2240177176274500E+02 +0.3413723929674388E+00 +0.0000000000000000E+00
+0.2241764506999666E+02 +0.3564314856115739E+00 +0.0000000000000000E+00
+0.2243351837724833E+02 +0.3715856109029727E+00 +0.0000000000000000E+00
+0.2244939168450000E+02 +0.3865268555470738E+00 +0.0000000000000000E+00
+0.2246526499175167E+02 +0.4008990654612619E+00 +0.0000000000000000E+00
+0.2248113829900333E+02 +0.4143245036327104E+00 +0.0000000000000000E+00
+0.2249701160625500E+02 +0.4264431136437220E+00 +0.0000000000000000E+00
+0.2251288491350667E+02 +0.4369590809814766E+00 +0.0000000000000000E+00
+0.2252875822075833E+02 +0.4456850472508549E+00 +0.0000000000000000E+00
+0.2254463152801000E+02 +0.4525728916676940E+00 +0.0000000000000000E+00
+0.2256050483526166E+02 +0.4577227533403541E+00 +0.0000000000000000E+00
+0.2257637814251333E+02 +0.4613678770326425E+00 +0.0000000000000000E+00
+0.2259225144976500E+02 +0.4638393582563361E+00 +0.0000000000000000E+00
+0.2260812475701667E+02 +0.4655196294154204E+00 +0.0000000000000000E+00
+0.2262399806426833E+02 +0.4667954512338934E+00 +0.0000000000000000E+00
+0.2263987137152000E+02 +0.4680201278775114E+00 +0.0000000000000000E+00
+0.2265574467877166E+02 +0.4694911457463160E+00 +0.0000000000000000E+00
+0.2267161798602333E+02 +0.4714445255758489E+00 +0.0000000000000000E+00
+0.2268749129327500E+02 +0.4740624155507821E+00 +0.0000000000000000E+00
+0.2270336460052667E+02 +0.4774873093271991E+00 +0.0000000000000000E+00
+0.2271923790777833E+02 +0.4818355402218641E+00 +0.0000000000000000E+00
+0.2273511121503000E+02 +0.4872042638134433E+00 +0.0000000000000000E+00
+0.2275098452228167E+02 +0.4936691668751891E+00 +0.0000000000000000E+00
+0.2276685782953334E+02 +0.5012735101988375E+00 +0.0000000000000000E+00
+0.2278273113678500E+02 +0.5100118494217750E+00 +0.0000000000000000E+00
+0.2279860444403667E+02 +0.5198133407898696E+00 +0.0000000000000000E+00
+0.2281447775128833E+02 +0.5305298526860407E+00 +0.0000000000000000E+00
+0.2283035105854000E+02 +0.5419333496328888E+00 +0.0000000000000000E+00
+0.2284622436579167E+02 +0.5537253695262597E+00 +0.0000000000000000E+00
+0.2286209767304333E+02 +0.5655589570159416E+00 +0.0000000000000000E+00
+0.2287797098029500E+02 +0.5770703370402238E+00 +0.0000000000000000E+00
+0.2289384428754667E+02 +0.5879145903599040E+00 +0.0000000000000000E+00
+0.2290971759479833E+02 +0.5977978575571440E+00 +0.0000000000000000E+00
+0.2292559090205000E+02 +0.6064992800448715E+00 +0.0000000000000000E+00
+0.2294146420930166E+02 +0.6138790267767028E+00 +0.0000000000000000E+00
+0.2295733751655333E+02 +0.6198730022179605E+00 +0.0000000000000000E+00
+0.2297321082380500E+02 +0.6244782955295539E+00 +0.0000000000000000E+00
+0.2298908413105667E+02 +0.6277349129993131E+00 +0.0000000000000000E+00
+0.2300495743830833E+02 +0.6297088346813596E+00 +0.0000000000000000E+00
+0.2302083074556000E+02 +0.6304797648652044E+00 +0.0000000000000000E+00
+0.2303670405281166E+02 +0.6301350569982895E+00 +0.0000000000000000E+00
+0.2305257736006334E+02 +0.6287698073102370E+00 +0.0000000000000000E+00
+0.2306845066731500E+02 +0.6264921310964193E+00 +0.0000000000000000E+00
+0.2308432397456666E+02 +0.6234318450003176E+00 +0.0000000000000000E+00
+0.2310019728181833E+02 +0.6197498410024890E+00 +0.0000000000000000E+00
+0.2311607058907000E+02 +0.6156445106610089E+00 +0.0000000000000000E+00
+0.2313194389632167E+02 +0.6113514492159268E+00 +0.0000000000000000E+00
+0.2314781720357334E+02 +0.6071341524535431E+00 +0.0000000000000000E+00
+0.2316369051082500E+02 +0.6032664109977758E+00 +0.0000000000000000E+00
+0.2317956381807667E+02 +0.6000103065732253E+00 +0.0000000000000000E+00
+0.2319543712532833E+02 +0.5975954659048321E+00 +0.0000000000000000E+00
+0.2321131043258000E+02 +0.5962046929771811E+00 +0.0000000000000000E+00
+0.2322718373983167E+02 +0.5959686745761366E+00 +0.0000000000000000E+00
+0.2324305704708333E+02 +0.5969692827136140E+00 +0.0000000000000000E+00
+0.2325893035433500E+02 +0.5992483082026432E+00 +0.0000000000000000E+00
+0.2327480366158667E+02 +0.6028171877607607E+00 +0.0000000000000000E+00
+0.2329067696883833E+02 +0.6076638688185585E+00 +0.0000000000000000E+00
+0.2330655027609000E+02 +0.6137551144747821E+00 +0.0000000000000000E+00
+0.2332242358334166E+02 +0.6210352631385910E+00 +0.0000000000000000E+00
+0.2333829689059333E+02 +0.6294243698056190E+00 +0.0000000000000000E+00
+0.2335417019784500E+02 +0.6388188214274203E+00 +0.0000000000000000E+00
+0.2337004350509667E+02 +0.6490959556145099E+00 +0.0000000000000000E+00
+0.2338591681234833E+02 +0.6601218696661513E+00 +0.0000000000000000E+00
+0.2340179011960000E+02 +0.6717597840713354E+00 +0.0000000000000000E+00
+0.2341766342685166E+02 +0.6838759452581156E+00 +0.0000000000000000E+00
+0.2343353673410333E+02 +0.6963412295262139E+00 +0.0000000000000000E+00
+0.2344941004135500E+02 +0.7090286983428511E+00 +0.0000000000000000E+00
+0.2346528334860666E+02 +0.7218093626126248E+00 +0.0000000000000000E+00
+0.2348115665585833E+02 +0.7345494165070419E+00 +0.0000000000000000E+00
+0.2349702996311000E+02 +0.7471116123599864E+00 +0.0000000000000000E+00
+0.2351290327036167E+02 +0.7593613415415346E+00 +0.0000000000000000E+00
+0.2352877657761334E+02 +0.7711754126702060E+00 +0.0000000000000000E+00
+0.2354464988486500E+02 +0.7824501428296646E+00 +0.0000000000000000E+00
+0.2356052319211667E+02 +0.7931062098414338E+00 +0.0000000000000000E+00
+0.2357639649936833E+02 +0.8030900505249478E+00 +0.0000000000000000E+00
+0.2359226980662000E+02 +0.8123735062021233E+00 +0.0000000000000000E+00
+0.2360814311387167E+02 +0.8209534797018346E+00 +0.0000000000000000E+00
+0.2362401642112333E+02 +0.8288518241379006E+00 +0.0000000000000000E+00
+0.2363988972837500E+02 +0.8361140779658671E+00 +0.0000000000000000E+00
+0.2365576303562667E+02 +0.8428054834030609E+00 +0.0000000000000000E+00
+0.2367163634287833E+02 +0.8490042528862685E+00 +0.0000000000000000E+00
+0.2368750965013000E+02 +0.8547941099169170E+00 +0.0000000000000000E+00
+0.2370338295738166E+02 +0.8602589570576666E+00 +0.0000000000000000E+00
+0.2371925626463333E+02 +0.8654811987144646E+00 +0.0000000000000000E+00
+0.2373512957188500E+02 +0.8705426464489181E+00 +0.0000000000000000E+00
+0.2375100287913667E+02 +0.8755251842169520E+00 +0.0000000000000000E+00
+0.2376687618638833E+02 +0.8805090539103115E+00 +0.0000000000000000E+00
+0.2378274949364000E+02 +0.8855692828487891E+00 +0.0000000000000000E+00
+0.2379862280089167E+02 +0.8907731919797133E+00 +0.0000000000000000E+00
+0.2381449610814333E+02 +0.8961820299281624E+00 +0.0000000000000000E+00
+0.2383036941539500E+02 +0.9018574748775464E+00 +0.0000000000000000E+00
+0.2384624272264666E+02 +0.9078708856158456E+00 +0.0000000000000000E+00
+0.2386211602989833E+02 +0.9143117843620672E+00 +0.0000000000000000E+00
+0.2387798933715000E+02 +0.9212925608753966E+00 +0.0000000000000000E+00
+0.2389386264440167E+02 +0.9289476709626227E+00 +0.0000000000000000E+00
+0.2390973595165334E+02 +0.9374264901719513E+00 +0.0000000000000000E+00
+0.2392560925890500E+02 +0.9468794670186258E+00 +0.0000000000000000E+00
+0.2394148256615667E+02 +0.9574381050538942E+00 +0.0000000000000000E+00
+0.2395735587340833E+02 +0.9691910212522579E+00 +0.0000000000000000E+00
+0.2397322918066000E+02 +0.9821603797008871E+00 +0.0000000000000000E+00
+0.2398910248791166E+02 +0.9962843963016753E+00 +0.0000000000000000E+00
+0.2400497579516333E+02 +0.1011411576494560E+01 +0.0000000000000000E+00
+0.2402084910241500E+02 +0.1027310633742782E+01 +0.0000000000000000E+00
+0.2403672240966667E+02 +0.1043696861128229E+01 +0.0000000000000000E+00
+0.2405259571691834E+02 +0.1060271680369243E+01 +0.0000000000000000E+00
+0.2406846902417000E+02 +0.1076768135041859E+01 +0.0000000000000000E+00
+0.2408434233142167E+02 +0.1092992497502616E+01 +0.0000000000000000E+00
+0.2410021563867333E+02 +0.1108852090608416E+01 +0.0000000000000000E+00
+0.2411608894592500E+02 +0.1124362286965958E+01 +0.0000000000000000E+00
+0.2413196225317667E+02 +0.1139630672881280E+01 +0.0000000000000000E+00
+0.2414783556042833E+02 +0.1154821940086481E+01 +0.0000000000000000E+00
+0.2416370886768000E+02 +0.1170111586119410E+01 +0.0000000000000000E+00
+0.2417958217493167E+02 +0.1185639005754922E+01 +0.0000000000000000E+00
+0.2419545548218333E+02 +0.1201470760109674E+01 +0.0000000000000000E+00
+0.2421132878943500E+02 +0.1217582756195883E+01 +0.0000000000000000E+00
+0.2422720209668666E+02 +0.1233865872738644E+01 +0.0000000000000000E+00
+0.2424307540393833E+02 +0.1250153574647184E+01 +0.0000000000000000E+00
+0.2425894871119000E+02 +0.1266263359137735E+01 +0.0000000000000000E+00
+0.2427482201844167E+02 +0.1282038702529993E+01 +0.0000000000000000E+00
+0.2429069532569333E+02 +0.1297377366659499E+01 +0.0000000000000000E+00
+0.2430656863294500E+02 +0.1312237115367924E+01 +0.0000000000000000E+00
+0.2432244194019666E+02 +0.1326619573248597E+01 +0.0000000000000000E+00
+0.2433831524744834E+02 +0.1340542465460843E+01 +0.0000000000000000E+00
+0.2435418855470000E+02 +0.1354014686498116E+01 +0.0000000000000000E+00
+0.2437006186195167E+02 +0.1367025442957820E+01 +0.0000000000000000E+00
+0.2438593516920333E+02 +0.1379550328259235E+01 +0.0000000000000000E+00
+0.2440180847645500E+02 +0.1391568463684063E+01 +0.0000000000000000E+00
+0.2441768178370667E+02 +0.1403080163406476E+01 +0.0000000000000000E+00
+0.2443355509095834E+02 +0.1414115703073715E+01 +0.0000000000000000E+00
+0.2444942839821000E+02 +0.1424731456904129E+01 +0.0000000000000000E+00
+0.2446530170546167E+02 +0.1434996673729746E+01 +0.0000000000000000E+00
+0.2448117501271333E+02 +0.1444978844396916E+01 +0.0000000000000000E+00
+0.2449704831996500E+02 +0.1454735669452254E+01 +0.0000000000000000E+00
+0.2451292162721666E+02 +0.1464317285389999E+01 +0.0000000000000000E+00
+0.2452879493446833E+02 +0.1473776218242964E+01 +0.0000000000000000E+00
+0.2454466824172000E+02 +0.1483177888753624E+01 +0.0000000000000000E+00
+0.2456054154897167E+02 +0.1492603721364242E+01 +0.0000000000000000E+00
+0.2457641485622333E+02 +0.1502142239618259E+01 +0.0000000000000000E+00
+0.2459228816347500E+02 +0.1511869247651596E+01 +0.0000000000000000E+00
+0.2460816147072666E+02 +0.1521823591888196E+01 +0.0000000000000000E+00
+0.2462403477797833E+02 +0.1531987601904109E+01 +0.0000000000000000E+00
+0.2463990808523000E+02 +0.1542280063611511E+01 +0.0000000000000000E+00
+0.2465578139248167E+02 +0.1552565438759070E+01 +0.0000000000000000E+00
+0.2467165469973333E+02 +0.1562678421873399E+01 +0.0000000000000000E+00
+0.2468752800698500E+02 +0.1572459949443594E+01 +0.0000000000000000E+00
+0.2470340131423666E+02 +0.1581799695913446E+01 +0.0000000000000000E+00
+0.2471927462148833E+02 +0.1590679449511453E+01 +0.0000000000000000E+00
+0.2473514792874000E+02 +0.1599210375089961E+01 +0.0000000000000000E+00
+0.2475102123599167E+02 +0.1607655842217648E+01 +0.0000000000000000E+00
+0.2476689454324333E+02 +0.1616432435985030E+01 +0.0000000000000000E+00
+0.2478276785049500E+02 +0.1626086248321323E+01 +0.0000000000000000E+00
+0.2479864115774667E+02 +0.1637248293031671E+01 +0.0000000000000000E+00
+0.2481451446499833E+02 +0.1650578799800085E+01 +0.0000000000000000E+00
+0.2483038777225000E+02 +0.1666712470895102E+01 +0.0000000000000000E+00
+0.2484626107950167E+02 +0.1686214741247651E+01 +0.0000000000000000E+00
+0.2486213438675333E+02 +0.1709553950859908E+01 +0.0000000000000000E+00
+0.2487800769400500E+02 +0.1737088567292528E+01 +0.0000000000000000E+00
+0.2489388100125666E+02 +0.1769064656927635E+01 +0.0000000000000000E+00
+0.2490975430850833E+02 +0.1805618136308023E+01 +0.0000000000000000E+00
+0.2492562761576000E+02 +0.1846778652307160E+01 +0.0000000000000000E+00
+0.2494150092301167E+02 +0.1892475390046813E+01 +0.0000000000000000E+00
+0.2495737423026334E+02 +0.1942547401635623E+01 +0.0000000000000000E+00
+0.2497324753751500E+02 +0.1996760832938688E+01 +0.0000000000000000E+00
+0.2498912084476666E+02 +0.2054832948748327E+01 +0.0000000000000000E+00
+0.2500499415201833E+02 +0.2116459646428637E+01 +0.0000000000000000E+00
+0.2502086745927000E+02 +0.2181341085147149E+01 +0.0000000000000000E+00
+0.2503674076652167E+02 +0.2249200384600935E+01 +0.0000000000000000E+00
+0.2505261407377333E+02 +0.2319793032100188E+01 +0.0000000000000000E+00
+0.2506848738102500E+02 +0.2392908417812905E+01 +0.0000000000000000E+00
+0.2508436068827667E+02 +0.2468367994136019E+01 +0.0000000000000000E+00
+0.2510023399552833E+02 +0.2546025375429362E+01 +0.0000000000000000E+00
+0.2511610730278000E+02 +0.2625771434473698E+01 +0.0000000000000000E+00
+0.2513198061003166E+02 +0.2707542518404594E+01 +0.0000000000000000E+00
+0.2514785391728333E+02 +0.2791324572124562E+01 +0.0000000000000000E+00
+0.2516372722453500E+02 +0.2877143903674441E+01 +0.0000000000000000E+00
+0.2517960053178667E+02 +0.2965039140846341E+01 +0.0000000000000000E+00
+0.2519547383903833E+02 +0.3055017360520397E+01 +0.0000000000000000E+00
+0.2521134714629000E+02 +0.3147005561377588E+01 +0.0000000000000000E+00
+0.2522722045354167E+02 +0.3240811677725859E+01 +0.0000000000000000E+00
+0.2524309376079333E+02 +0.3336105795146280E+01 +0.0000000000000000E+00
+0.2525896706804500E+02 +0.3432424812669348E+01 +0.0000000000000000E+00
+0.2527484037529666E+02 +0.3529197018451487E+01 +0.0000000000000000E+00
+0.2529071368254833E+02 +0.3625780341389817E+01 +0.0000000000000000E+00
+0.2530658698980000E+02 +0.3721509835583671E+01 +0.0000000000000000E+00
+0.2532246029705167E+02 +0.3815753337381569E+01 +0.0000000000000000E+00
+0.2533833360430334E+02 +0.3907974660542017E+01 +0.0000000000000000E+00
+0.2535420691155500E+02 +0.3997798504182639E+01 +0.0000000000000000E+00
+0.2537008021880667E+02 +0.4085062687727243E+01 +0.0000000000000000E+00
+0.2538595352605833E+02 +0.4169837816930748E+01 +0.0000000000000000E+00
+0.2540182683331000E+02 +0.4252397954978592E+01 +0.0000000000000000E+00
+0.2541770014056166E+02 +0.4333139289231065E+01 +0.0000000000000000E+00
+0.2543357344781333E+02 +0.4412462685194521E+01 +0.0000000000000000E+00
+0.2544944675506500E+02 +0.4490653194724356E+01 +0.0000000000000000E+00
+0.2546532006231667E+02 +0.4567797755571961E+01 +0.0000000000000000E+00
+0.2548119336956833E+02 +0.4643776211588110E+01 +0.0000000000000000E+00
+0.2549706667682000E+02 +0.4718339816666443E+01 +0.0000000000000000E+00
+0.2551293998407166E+02 +0.4791261923103614E+01 +0.0000000000000000E+00
+0.2552881329132333E+02 +0.4862519611137047E+01 +0.0000000000000000E+00
+0.2554468659857500E+02 +0.4932454336283131E+01 +0.0000000000000000E+00
+0.2556055990582667E+02 +0.5001868382307571E+01 +0.0000000000000000E+00
+0.2557643321307833E+02 +0.5072035575060655E+01 +0.0000000000000000E+00
+0.2559230652033000E+02 +0.5144627326471452E+01 +0.0000000000000000E+00
+0.2560817982758167E+02 +0.5221570209030957E+01 +0.0000000000000000E+00
+0.2562405313483334E+02 +0.5304858579978177E+01 +0.0000000000000000E+00
+0.2563992644208500E+02 +0.5396349095981000E+01 +0.0000000000000000E+00
+0.2565579974933667E+02 +0.5497564663833170E+01 +0.0000000000000000E+00
+0.2567167305658833E+02 +0.5609531064544053E+01 +0.0000000000000000E+00
+0.2568754636384000E+02 +0.5732658545577903E+01 +0.0000000000000000E+00
+0.2570341967109167E+02 +0.5866666635820451E+01 +0.0000000000000000E+00
+0.2571929297834333E+02 +0.6010540904080106E+01 +0.0000000000000000E+00
+0.2573516628559500E+02 +0.6162511389247570E+01 +0.0000000000000000E+00
+0.2575103959284667E+02 +0.6320053827989311E+01 +0.0000000000000000E+00
+0.2576691290009833E+02 +0.6479930540322542E+01 +0.0000000000000000E+00
+0.2578278620735000E+02 +0.6638299651400212E+01 +0.0000000000000000E+00
+0.2579865951460166E+02 +0.6790921921467318E+01 +0.0000000000000000E+00
+0.2581453282185333E+02 +0.6933478725452617E+01 +0.0000000000000000E+00
+0.2583040612910500E+02 +0.7061981543279460E+01 +0.0000000000000000E+00
+0.2584627943635667E+02 +0.7173209730712754E+01 +0.0000000000000000E+00
+0.2586215274360833E+02 +0.7265077702378258E+01 +0.0000000000000000E+00
+0.2587802605086000E+02 +0.7336828855976162E+01 +0.0000000000000000E+00
+0.2589389935811166E+02 +0.7388994093118734E+01 +0.0000000000000000E+00
+0.2590977266536333E+02 +0.7423124173605549E+01 +0.0000000000000000E+00
+0.2592564597261500E+02 +0.7441374022608441E+01 +0.0000000000000000E+00
+0.2594151927986667E+02 +0.7446054507877715E+01 +0.0000000000000000E+00
+0.2595739258711833E+02 +0.7439265596073361E+01 +0.0000000000000000E+00
+0.2597326589437000E+02 +0.7422692574707726E+01 +0.0000000000000000E+00
+0.2598913920162167E+02 +0.7397594501406225E+01 +0.0000000000000000E+00
+0.2600501250887334E+02 +0.7364951331237524E+01 +0.0000000000000000E+00
+0.2602088581612499E+02 +0.7325680556916623E+01 +0.0000000000000000E+00
+0.2603675912337667E+02 +0.7280809790401639E+01 +0.0000000000000000E+00
+0.2605263243062833E+02 +0.7231515455598932E+01 +0.0000000000000000E+00
+0.2606850573788000E+02 +0.7179003702672841E+01 +0.0000000000000000E+00
+0.2608437904513167E+02 +0.7124287496328256E+01 +0.0000000000000000E+00
+0.2610025235238333E+02 +0.7067965455126402E+01 +0.0000000000000000E+00
+0.2611612565963500E+02 +0.7010109346817770E+01 +0.0000000000000000E+00
+0.2613199896688667E+02 +0.6950319223685778E+01 +0.0000000000000000E+00
+0.2614787227413833E+02 +0.6887930825999470E+01 +0.0000000000000000E+00
+0.2616374558139000E+02 +0.6822292390354774E+01 +0.0000000000000000E+00
+0.2617961888864166E+02 +0.6752996802190371E+01 +0.0000000000000000E+00
+0.2619549219589333E+02 +0.6679972064145283E+01 +0.0000000000000000E+00
+0.2621136550314500E+02 +0.6603388212486040E+01 +0.0000000000000000E+00
+0.2622723881039667E+02 +0.6523408777341134E+01 +0.0000000000000000E+00
+0.2624311211764833E+02 +0.6439875871635137E+01 +0.0000000000000000E+00
+0.2625898542490000E+02 +0.6352050895055322E+01 +0.0000000000000000E+00
+0.2627485873215166E+02 +0.6258523540137489E+01 +0.0000000000000000E+00
+0.2629073203940333E+02 +0.6157346999856600E+01 +0.0000000000000000E+00
+0.2630660534665500E+02 +0.6046373768853353E+01 +0.0000000000000000E+00
+0.2632247865390666E+02 +0.5923689821033047E+01 +0.0000000000000000E+00
+0.2633835196115833E+02 +0.5788012120043780E+01 +0.0000000000000000E+00
+0.2635422526841000E+02 +0.5638940573434611E+01 +0.0000000000000000E+00
+0.2637009857566167E+02 +0.5477023030791638E+01 +0.0000000000000000E+00
+0.2638597188291333E+02 +0.5303660633648075E+01 +0.0000000000000000E+00
+0.2640184519016500E+02 +0.5120915326838624E+01 +0.0000000000000000E+00
+0.2641771849741667E+02 +0.4931275052755739E+01 +0.0000000000000000E+00
+0.2643359180466833E+02 +0.4737407332666328E+01 +0.0000000000000000E+00
+0.2644946511192000E+02 +0.4541916408837043E+01 +0.0000000000000000E+00
+0.2646533841917167E+02 +0.4347123379693940E+01 +0.0000000000000000E+00
+0.2648121172642333E+02 +0.4154902348870049E+01 +0.0000000000000000E+00
+0.2649708503367500E+02 +0.3966609469035735E+01 +0.0000000000000000E+00
+0.2651295834092667E+02 +0.3783123464033050E+01 +0.0000000000000000E+00
+0.2652883164817834E+02 +0.3604979322943060E+01 +0.0000000000000000E+00
+0.2654470495543000E+02 +0.3432540295114762E+01 +0.0000000000000000E+00
+0.2656057826268166E+02 +0.3266139860602340E+01 +0.0000000000000000E+00
+0.2657645156993333E+02 +0.3106145385859555E+01 +0.0000000000000000E+00
+0.2659232487718500E+02 +0.2952937870577236E+01 +0.0000000000000000E+00
+0.2660819818443667E+02 +0.2806842597621406E+01 +0.0000000000000000E+00
+0.2662407149168833E+02 +0.2668062209496550E+01 +0.0000000000000000E+00
+0.2663994479894000E+02 +0.2536652071962869E+01 +0.0000000000000000E+00
+0.2665581810619167E+02 +0.2412549137505623E+01 +0.0000000000000000E+00
+0.2667169141344333E+02 +0.2295637118261187E+01 +0.0000000000000000E+00
+0.2668756472069500E+02 +0.2185815727771960E+01 +0.0000000000000000E+00
+0.2670343802794666E+02 +0.2083044284150090E+01 +0.0000000000000000E+00
+0.2671931133519833E+02 +0.1987345425569194E+01 +0.0000000000000000E+00
+0.2673518464245000E+02 +0.1898773077927623E+01 +0.0000000000000000E+00
+0.2675105794970167E+02 +0.1817360724745897E+01 +0.0000000000000000E+00
+0.2676693125695333E+02 +0.1743067740112142E+01 +0.0000000000000000E+00
+0.2678280456420500E+02 +0.1675735787537199E+01 +0.0000000000000000E+00
+0.2679867787145666E+02 +0.1615059745045186E+01 +0.0000000000000000E+00
+0.2681455117870833E+02 +0.1560572737264893E+01 +0.0000000000000000E+00
+0.2683042448596000E+02 +0.1511643971807042E+01 +0.0000000000000000E+00
+0.2684629779321166E+02 +0.1467489930439024E+01 +0.0000000000000000E+00
+0.2686217110046333E+02 +0.1427201618347183E+01 +0.0000000000000000E+00
+0.2687804440771500E+02 +0.1389790696910821E+01 +0.0000000000000000E+00
+0.2689391771496667E+02 +0.1354254248261197E+01 +0.0000000000000000E+00
+0.2690979102221834E+02 +0.1319652412040154E+01 +0.0000000000000000E+00
+0.2692566432947000E+02 +0.1285187764745481E+01 +0.0000000000000000E+00
+0.2694153763672167E+02 +0.1250272868138018E+01 +0.0000000000000000E+00
+0.2695741094397333E+02 +0.1214573849349603E+01 +0.0000000000000000E+00
+0.2697328425122500E+02 +0.1178021949558278E+01 +0.0000000000000000E+00
+0.2698915755847667E+02 +0.1140790116233302E+01 +0.0000000000000000E+00
+0.2700503086572833E+02 +0.1103237543810755E+01 +0.0000000000000000E+00
+0.2702090417298000E+02 +0.1065831403028393E+01 +0.0000000000000000E+00
+0.2703677748023167E+02 +0.1029060088967290E+01 +0.0000000000000000E+00
+0.2705265078748333E+02 +0.9933535787621997E+00 +0.0000000000000000E+00
+0.2706852409473500E+02 +0.9590231565775154E+00 +0.0000000000000000E+00
+0.2708439740198666E+02 +0.9262269309523881E+00 +0.0000000000000000E+00
+0.2710027070923833E+02 +0.8949623278955079E+00 +0.0000000000000000E+00
+0.2711614401649000E+02 +0.8650836472829535E+00 +0.0000000000000000E+00
+0.2713201732374167E+02 +0.8363410810725873E+00 +0.0000000000000000E+00
+0.2714789063099333E+02 +0.8084355180835876E+00 +0.0000000000000000E+00
+0.2716376393824500E+02 +0.7810801164761474E+00 +0.0000000000000000E+00
+0.2717963724549666E+02 +0.7540562642949058E+00 +0.0000000000000000E+00
+0.2719551055274833E+02 +0.7272510244952626E+00 +0.0000000000000000E+00
