        0.00000000000000000000                                       0.00000000000000000000
        0.50000000000000000000                                       0.00000000000000000000
        1.00000000000000000000                                       0.00000000000000000000
        1.50000000000000000000                                       0.00000000000000000000
        2.00000000000000000000                                       0.00000000000000000000
        2.50000000000000000000                                       0.00000000000000000000
        3.00000000000000000000                                       0.00000000000000000000
        3.50000000000000000000                                       0.00000000000000000000
        4.00000000000000000000                                       0.00000000000000000000
        4.50000000000000000000                                       0.00000000000000000000
        5.00000000000000000000                                       0.00000000000000000000
        5.50000000000000000000                                       0.00000000000000000000
        6.00000000000000000000                                       0.00000000000000000000
        6.50000000000000000000                                       0.00000000000000000000
        7.00000000000000000000                                       0.00000000000000000000
        7.50000000000000000000                                       0.00000000000000000000
        8.00000000000000000000                                       0.00000000000000000000
        8.50000000000000000000                                       0.00000000000000000000
        9.00000000000000000000                                       0.00000000000000000000
        9.50000000000000000000                                       0.00000000000000000000
       10.00000000000000000000                                       0.00000000000000000000
       10.50000000000000000000                                       0.00000000000000000000
       11.00000000000000000000                                       0.00000000000000000000
       11.50000000000000000000                                       0.00000000000000000000
       12.00000000000000000000                                       0.00000000000000000000
       12.50000000000000000000                                       0.00000000000000000000
       13.00000000000000000000                                       0.00000000000000000000
       13.50000000000000000000                                       0.00000000000000000000
       14.00000000000000000000                                       0.00000000000000000000
       14.50000000000000000000                                       0.00000000000000000000
       15.00000000000000000000                                       0.00000000000000000000
       15.50000000000000000000                                       0.00000000000000000000
       16.00000000000000000000                                       0.00000000000000000000
       16.50000000000000000000                                       0.00000000000000000000
       17.00000000000000000000                                       0.00000000000000000000
       17.50000000000000000000                                       0.00000000000000000000
       18.00000000000000000000                                       0.00000000000000000000
       18.50000000000000000000                                       0.00000000000000000000
       19.00000000000000000000                                       0.00000000000000000000
       19.50000000000000000000                                       0.00000000000000000000
       20.00000000000000000000                                       0.00000000000000000000
       20.50000000000000000000                                       0.00000000000000000000
       21.00000000000000000000                                       0.00000000000000000000
       21.50000000000000000000                                       0.00000000000000000000
       22.00000000000000000000                                       0.00000000000000000000
       22.50000000000000000000                                       0.00000000000000000000
       23.00000000000000000000                                       0.00000000000000000000
       23.50000000000000000000                                       0.00000000000000000000
       24.00000000000000000000                                       0.00000000000000000000
       24.50000000000000000000                                       0.00000000000000000000
       25.00000000000000000000                                       0.00000000000000000000
       25.50000000000000000000                                       0.00000000000000000000
       26.00000000000000000000                                       0.00000000000000000000
       26.50000000000000000000                                       0.00000000000000000000
       27.00000000000000000000                                       0.00000000000000000000
       27.50000000000000000000                                       0.00000000000000000000
       28.00000000000000000000                                       0.00000000000000000000
       28.50000000000000000000                                       0.00000000000000000000
       29.00000000000000000000                                       0.00000000000000000000
       29.50000000000000000000                                       0.00000000000000000000
       30.00000000000000000000                                       0.00000000000000000000
       30.50000000000000000000                                       0.00000000000000000000
       31.00000000000000000000                                       0.00000000000000000000
       31.50000000000000000000                                       0.00000000000000000000
       32.00000000000000000000                                       0.00000000000000000000
       32.50000000000000000000                                       0.00000000000000000000
       33.00000000000000000000                                       0.00000000000000000000
       33.50000000000000000000                                       0.00000000000000000000
       34.00000000000000000000                                       0.00000000000000000000
       34.50000000000000000000                                       0.00000000000000000000
       35.00000000000000000000                                       0.00000000000000000000
       35.50000000000000000000                                       0.00000000000000000000
       36.00000000000000000000                                       0.00000000000000000000
       36.50000000000000000000                                       0.00000000000000000000
       37.00000000000000000000                                       0.00000000000000000000
       37.50000000000000000000                                       0.00000000000000000000
       38.00000000000000000000                                       0.00000000000000000000
       38.50000000000000000000                                       0.00000000000000000000
       39.00000000000000000000                                       0.00000000000000000000
       39.50000000000000000000                                       0.00000000000000000000
       40.00000000000000000000                                       0.00000000000000000000
       40.50000000000000000000                                       0.00000000000000000000
       41.00000000000000000000                                       0.00000000000000000000
       41.50000000000000000000                                       0.00000000000000000000
       42.00000000000000000000                                       0.00000000000000000000
       42.50000000000000000000                                       0.00000000000000000000
       43.00000000000000000000                                       0.00000000000000000000
       43.50000000000000000000                                       0.00000000000000000000
       44.00000000000000000000                                       0.00000000000000000000
       44.50000000000000000000                                       0.00000000000000000000
       45.00000000000000000000                                       0.00000000000000000000
       45.50000000000000000000                                       0.00000000000000000000
       46.00000000000000000000                                       0.00000000000000000000
       46.50000000000000000000                                       0.00000000000000000000
       47.00000000000000000000                                       0.00000000000000000000
       47.50000000000000000000                                       0.00000000000000000000
       48.00000000000000000000                                       0.00000000000000000000
       48.50000000000000000000                                       0.00000000000000000000
       49.00000000000000000000                                       0.00000000000000000000
       49.50000000000000000000                                       0.00000000000000000000
       50.00000000000000000000                                       0.00000000000000000000
       50.50000000000000000000                                       0.00000000000000000000
       51.00000000000000000000                                       0.00000000000000000000
       51.50000000000000000000                                       0.00000000000000000000
       52.00000000000000000000                                       0.00000000000000000000
       52.50000000000000000000                                       0.00000000000000000000
       53.00000000000000000000                                       0.00000000000000000000
       53.50000000000000000000                                       0.00000000000000000000
       54.00000000000000000000                                       0.00000000000000000000
       54.50000000000000000000                                       0.00000000000000000000
       55.00000000000000000000                                       0.00000000000000000000
       55.50000000000000000000                                       0.00000000000000000000
       56.00000000000000000000                                       0.00000000000000000000
       56.50000000000000000000                                       0.00000000000000000000
       57.00000000000000000000                                       0.00000000000000000000
       57.50000000000000000000                                       0.00000000000000000000
       58.00000000000000000000                                       0.00000000000000000000
       58.50000000000000000000                                       0.00000000000000000000
       59.00000000000000000000                                       0.00000000000000000000
       59.50000000000000000000                                       0.00000000000000000000
       60.00000000000000000000                                       0.00000000000000000000
       60.50000000000000000000                                       0.00000000000000000000
       61.00000000000000000000                                       0.00000000000000000000
       61.50000000000000000000                                       0.00000000000000000000
       62.00000000000000000000                                       0.00000000000000000000
       62.50000000000000000000                                       0.00000000000000000000
       63.00000000000000000000                                       0.00000000000000000000
       63.50000000000000000000                                       0.00000000000000000000
       64.00000000000000000000                                       0.00000000000000000000
       64.50000000000000000000                                       0.00000000000000000000
       65.00000000000000000000                                       0.00000000000000000000
       65.50000000000000000000                                       0.00000000000000000000
       66.00000000000000000000                                       0.00000000000000000000
       66.50000000000000000000                                       0.00000000000000000000
       67.00000000000000000000                                       0.00000000000000000000
       67.50000000000000000000                                       0.00000000000000000000
       68.00000000000000000000                                       0.00000000000000000000
       68.50000000000000000000                                       0.00000000000000000000
       69.00000000000000000000                                       0.00000000000000000000
       69.50000000000000000000                                       0.00000000000000000000
       70.00000000000000000000                                       0.00000000000000000000
       70.50000000000000000000                                       0.00000000000000000000
       71.00000000000000000000                                       0.00000000000000000000
       71.50000000000000000000                                       0.00000000000000000000
       72.00000000000000000000                                       0.00000000000000000000
       72.50000000000000000000                                       0.00000000000000000000
       73.00000000000000000000                                       0.00000000000000000000
       73.50000000000000000000                                       0.00000000000000000000
       74.00000000000000000000                                       0.00000000000000000000
       74.50000000000000000000                                       0.00000000000000000000
       75.00000000000000000000                                       0.00000000000000000000
       75.50000000000000000000                                       0.00000000000000000000
       76.00000000000000000000                                       0.00000000000000000000
       76.50000000000000000000                                       0.00000000000000000000
       77.00000000000000000000                                       0.00000000000000000000
       77.50000000000000000000                                       0.00000000000000000000
       78.00000000000000000000                                       0.00000000000000000000
       78.50000000000000000000                                       0.00000000000000000000
       79.00000000000000000000                                       0.00000000000000000000
       79.50000000000000000000                                       0.00000000000000000000
       80.00000000000000000000                                       0.00000000000000000000
       80.50000000000000000000                                       0.00000000000000000000
       81.00000000000000000000                                       0.00000000000000000000
       81.50000000000000000000                                       0.00000000000000000000
       82.00000000000000000000                                       0.00000000000000000000
       82.50000000000000000000                                       0.00000000000000000000
       83.00000000000000000000                                       0.00000000000000000000
       83.50000000000000000000                                       0.00000000000000000000
       84.00000000000000000000                                       0.00000000000000000000
       84.50000000000000000000                                       0.00000000000000000000
       85.00000000000000000000                                       0.00000000000000000000
       85.50000000000000000000                                       0.00000000000000000000
       86.00000000000000000000                                       0.00000000000000000000
       86.50000000000000000000                                       0.00000000000000000000
       87.00000000000000000000                                       0.00000000000000000000
       87.50000000000000000000                                       0.00000000000000000000
       88.00000000000000000000                                       0.00000000000000000000
       88.50000000000000000000                                       0.00000000000000000000
       89.00000000000000000000                                       0.00000000000000000000
       89.50000000000000000000                                       0.00000000000000000000
       90.00000000000000000000                                       0.00000000000000000000
       90.50000000000000000000                                       0.00000000000000000000
       91.00000000000000000000                                       0.00000000000000000000
       91.50000000000000000000                                       0.00000000000000000000
       92.00000000000000000000                                       0.00000000000000000000
       92.50000000000000000000                                       0.00000000000000000000
       93.00000000000000000000                                       0.00000000000000000000
       93.50000000000000000000                                       0.00000000000000000000
       94.00000000000000000000                                       0.00000000000000000000
       94.50000000000000000000                                       0.00000000000000000000
       95.00000000000000000000                                       0.00000000000000000000
       95.50000000000000000000                                       0.00000000000000000000
       96.00000000000000000000                                       0.00000000000000000000
       96.50000000000000000000                                       0.00000000000000000000
       97.00000000000000000000                                       0.00000000000000000000
       97.50000000000000000000                                       0.00000000000000000000
       98.00000000000000000000                                       0.00000000000000000000
       98.50000000000000000000                                       0.00000000000000000000
       99.00000000000000000000                                       0.00000000000000000000
       99.50000000000000000000                                       0.00000000000000000000
      100.00000000000000000000                                       0.00137104804899999995
      100.50000000000000000000                                       0.00118228733599999992
      101.00000000000000000000                                       0.00073147559499999999
      101.50000000000000000000                                       0.00050026559499999996
      102.00000000000000000000                                       0.00050699800200000003
      102.50000000000000000000                                       0.00066095295000000002
      103.00000000000000000000                                       0.00072761011799999992
      103.50000000000000000000                                       0.00061861661800000003
      104.00000000000000000000                                       0.00045446746099999996
      104.50000000000000000000                                       0.00031257794799999998
      105.00000000000000000000                                       0.00023921134799999999
      105.50000000000000000000                                       0.00025257560299999998
      106.00000000000000000000                                       0.00029058165600000002
      106.50000000000000000000                                       0.00033545624299999999
      107.00000000000000000000                                       0.00037060109799999996
      107.50000000000000000000                                       0.00037279033000000000
      108.00000000000000000000                                       0.00035593541000000003
      108.50000000000000000000                                       0.00030916880100000002
      109.00000000000000000000                                       0.00026103484400000004
      109.50000000000000000000                                       0.00024151629700000003
      110.00000000000000000000                                       0.00025863121600000006
      110.50000000000000000000                                       0.00029741810900000003
      111.00000000000000000000                                       0.00032693453199999996
      111.50000000000000000000                                       0.00033055287900000003
      112.00000000000000000000                                       0.00030356273200000001
      112.50000000000000000000                                       0.00025781237099999999
      113.00000000000000000000                                       0.00022385348899999998
      113.50000000000000000000                                       0.00020699705400000000
      114.00000000000000000000                                       0.00020890703600000000
      114.50000000000000000000                                       0.00024174965299999997
      115.00000000000000000000                                       0.00027460826300000000
      115.50000000000000000000                                       0.00029666827500000003
      116.00000000000000000000                                       0.00029010020699999999
      116.50000000000000000000                                       0.00022907212500000002
      117.00000000000000000000                                       0.00015653406900000000
      117.50000000000000000000                                       0.00011171755400000001
      118.00000000000000000000                                       0.00010943648600000000
      118.50000000000000000000                                       0.00015150983800000001
      119.00000000000000000000                                       0.00019217830200000003
      119.50000000000000000000                                       0.00019305844900000002
      120.00000000000000000000                                       0.00015438147300000002
      120.50000000000000000000                                       0.00009243773600000000
      121.00000000000000000000                                       0.00004307576700000000
      121.50000000000000000000                                       0.00002682762200000000
      122.00000000000000000000                                       0.00003299202800000001
      122.50000000000000000000                                       0.00005718983899999999
      123.00000000000000000000                                       0.00008209563799999999
      123.50000000000000000000                                       0.00009882431400000001
      124.00000000000000000000                                       0.00011629778500000000
      124.50000000000000000000                                       0.00013515412299999998
      125.00000000000000000000                                       0.00015115654499999999
      125.50000000000000000000                                       0.00016027851700000002
      126.00000000000000000000                                       0.00016496636499999998
      126.50000000000000000000                                       0.00018323097200000001
      127.00000000000000000000                                       0.00021836699399999999
      127.50000000000000000000                                       0.00024620542800000002
      128.00000000000000000000                                       0.00023892054600000001
      128.50000000000000000000                                       0.00019863487599999999
      129.00000000000000000000                                       0.00015091257499999999
      129.50000000000000000000                                       0.00012262097200000001
      130.00000000000000000000                                       0.00012403037599999998
      130.50000000000000000000                                       0.00013731438900000000
      131.00000000000000000000                                       0.00013727923600000003
      131.50000000000000000000                                       0.00012445745100000000
      132.00000000000000000000                                       0.00010474196000000001
      132.50000000000000000000                                       0.00008615994399999998
      133.00000000000000000000                                       0.00008056986799999998
      133.50000000000000000000                                       0.00008592112700000000
      134.00000000000000000000                                       0.00010187104299999999
      134.50000000000000000000                                       0.00013199219600000000
      135.00000000000000000000                                       0.00016424307799999999
      135.50000000000000000000                                       0.00019106529399999999
      136.00000000000000000000                                       0.00021318098899999999
      136.50000000000000000000                                       0.00022867448400000002
      137.00000000000000000000                                       0.00023986311199999998
      137.50000000000000000000                                       0.00024818289999999998
      138.00000000000000000000                                       0.00025196445799999999
      138.50000000000000000000                                       0.00025513357499999998
      139.00000000000000000000                                       0.00025860815000000001
      139.50000000000000000000                                       0.00025748111800000001
      140.00000000000000000000                                       0.00024912960300000004
      140.50000000000000000000                                       0.00022363519899999999
      141.00000000000000000000                                       0.00017496580800000001
      141.50000000000000000000                                       0.00011472075100000001
      142.00000000000000000000                                       0.00006110713300000001
      142.50000000000000000000                                       0.00002752260799999999
      143.00000000000000000000                                       0.00002394504899999998
      143.50000000000000000000                                       0.00004488842200000000
      144.00000000000000000000                                       0.00006698956100000003
      144.50000000000000000000                                       0.00007418989099999997
      145.00000000000000000000                                       0.00006566666799999999
      145.50000000000000000000                                       0.00005381157500000000
      146.00000000000000000000                                       0.00006663431600000001
      146.50000000000000000000                                       0.00011681666600000000
      147.00000000000000000000                                       0.00019201691499999999
      147.50000000000000000000                                       0.00026692124400000004
      148.00000000000000000000                                       0.00031256892100000000
      148.50000000000000000000                                       0.00032117844399999999
      149.00000000000000000000                                       0.00030768911700000001
      149.50000000000000000000                                       0.00029286741300000002
      150.00000000000000000000                                       0.00030118928500000005
      150.50000000000000000000                                       0.00033829777900000002
      151.00000000000000000000                                       0.00037536341500000000
      151.50000000000000000000                                       0.00038903107499999999
      152.00000000000000000000                                       0.00037160191599999997
      152.50000000000000000000                                       0.00031999049700000000
      153.00000000000000000000                                       0.00025405971100000003
      153.50000000000000000000                                       0.00019508638699999999
      154.00000000000000000000                                       0.00015365774099999999
      154.50000000000000000000                                       0.00014290465399999997
      155.00000000000000000000                                       0.00015515610400000003
      155.50000000000000000000                                       0.00016888195000000001
      156.00000000000000000000                                       0.00017322186400000000
      156.50000000000000000000                                       0.00016477965300000001
      157.00000000000000000000                                       0.00015357603400000002
      157.50000000000000000000                                       0.00015523444100000000
      158.00000000000000000000                                       0.00017730309499999999
      158.50000000000000000000                                       0.00022294104400000001
      159.00000000000000000000                                       0.00028372377699999998
      159.50000000000000000000                                       0.00033779805100000001
      160.00000000000000000000                                       0.00036933240300000001
      160.50000000000000000000                                       0.00037623263399999996
      161.00000000000000000000                                       0.00036377505499999999
      161.50000000000000000000                                       0.00035153679700000002
      162.00000000000000000000                                       0.00035834287199999998
      162.50000000000000000000                                       0.00038409473600000001
      163.00000000000000000000                                       0.00041290280500000002
      163.50000000000000000000                                       0.00042187347899999995
      164.00000000000000000000                                       0.00039675107299999996
      164.50000000000000000000                                       0.00034743381500000002
      165.00000000000000000000                                       0.00029534938600000001
      165.50000000000000000000                                       0.00025415324100000003
      166.00000000000000000000                                       0.00022610997199999996
      166.50000000000000000000                                       0.00020557981500000000
      167.00000000000000000000                                       0.00018193439399999999
      167.50000000000000000000                                       0.00015199041099999997
      168.00000000000000000000                                       0.00012394641499999999
      168.50000000000000000000                                       0.00010986920100000000
      169.00000000000000000000                                       0.00011540801000000002
      169.50000000000000000000                                       0.00013290461000000002
      170.00000000000000000000                                       0.00015307065800000000
      170.50000000000000000000                                       0.00017167664300000001
      171.00000000000000000000                                       0.00019619156200000000
      171.50000000000000000000                                       0.00024069281500000003
      172.00000000000000000000                                       0.00029323202400000000
      172.50000000000000000000                                       0.00033003488600000003
      173.00000000000000000000                                       0.00034176575099999999
      173.50000000000000000000                                       0.00033374061799999998
      174.00000000000000000000                                       0.00032374338999999999
      174.50000000000000000000                                       0.00032569147599999996
      175.00000000000000000000                                       0.00033814980699999996
