DBSV test precision for maximized species file: 1.205e-05

species    l   ns    mOs   precision    max iterations 
Zn         0   3,3   2,3   3.500e-08    14             
Zn         2   3,3   2,3   8.500e-08    14             
Zn         0   3,3   1,2   1.350e-07    14             
Zn         2   4,4   0,1   2.600e-07    14             
Zn         1   3,3   2,3   6.000e-07    14             
Zn         2   4,3   0,0   3.220e-06    14             
Zn         0   4,4   1,2   3.712e-05    14             
Zn         1   3,3   1,2   9.793e-05    14             
Zn         2   3,3   1,2   4.254e-04    14             
Zn         2   3,3   0,1   4.669e-04    15             
Zn         0   4,4   0,1   1.530e-03    14             
Zn         0   4,3   0,0   2.125e-03    14             
Zn         1   4,4   0,1   1.827e-02    15             
Zn         1   4,3   0,0   1.730e-01    15             

Essential local orbitals:
species    l   ns    mOs  
Zn         0   3,3   0,1  
Zn         1   3,3   0,1  
