
Species :    1 (), atom :    1
 approximate nuclear radius :   0.6980606750E-04
 number of mesh points to nuclear radius :      6
 contact charge density :    1886.478356    

Species :    1 (), atom :    2
 approximate nuclear radius :   0.6980606750E-04
 number of mesh points to nuclear radius :      6
 contact charge density :    1886.478356    
