
********************************************************************************
* Brillouin zone neighbors for k-gradient                                      *
********************************************************************************

 vectors to neighboring k-points (cartesian)

      length:     0.4044205854              weight:     2.2927925437
         1             -0.2334923339          0.2334923339          0.2334923339
         2              0.2334923339          0.2334923339          0.2334923339
         3              0.2334923339          0.2334923339         -0.2334923339
         4              0.2334923339         -0.2334923339          0.2334923339

 vectors to neighboring k-points (lattice)

      length:     0.4044205854              weight:     2.2927925437
         1              0.2500000000          0.0000000000          0.0000000000
         2              0.2500000000          0.2500000000          0.2500000000
         3              0.0000000000          0.0000000000          0.2500000000
         4              0.0000000000          0.2500000000          0.0000000000

 consistency check (fullfilled if unity, consider grid-dimension)

                        1.0000000000         -0.0000000000         -0.0000000000
                       -0.0000000000          1.0000000000          0.0000000000
                       -0.0000000000          0.0000000000          1.0000000000


********************************************************************************
* Preparation                                                                  *
********************************************************************************

 calculate plane-wave matrix-elements...
     duration (seconds):                         3.4
     #k-points:                                   64
     #neighbors per k-point:                       4

 calculate projection overlap matrices...
     duration (seconds):                         0.6
     #k-points:                                   64
     #states:                                     30
     #projection functions:                       68


********************************************************************************
* Overall set-up                                                               *
********************************************************************************

 lowest band:                               1
 highest band:                             30
 #bands involved:                          30
 #Wannier functions:                       24
 #groups:                                   2
 #k-points:                                64

********************************************************************************
* Wannierization                                                               *
********************************************************************************

--------------------------------------------------------------------------------
- Group:  1                                                                    -
--------------------------------------------------------------------------------

 lowest band:                               1
 highest band:                              4
 #bands involved:                           4
 #Wannier functions:                        4
 #projection functions (nc):               20
 method:                               opfmax

 calculate improved optimized projection functions (iOPF)...
     duration (seconds):                         0.1
     iterations:                                  16
     gradient cutoff:                   0.100000E-01
     norm of gradient:                  0.255097E-02
     Omega:                                 9.522198

 minimize localization functional Omega...
     duration (seconds):                         0.1
     iterations:                                  16
     gradient cutoff:                   0.100000E-05
     norm of gradient:                  0.585043E-06
     Omega:                                 9.521625
     reduction:                                   0%


--------------------------------------------------------------------------------
- Group:  2                                                                    -
--------------------------------------------------------------------------------

 lowest band:                               5
 highest band:                             30
 #bands involved:                          26
 #Wannier functions:                       20
 #projection functions (nc):              100
 method:                              disFull
 outer window:                0.0000   3.0000
 inner window:                0.0000   2.0000
 min/max bands inner window:          14/  18
 min/max bands outer window:          22/  26

 calculate improved optimized projection functions (iOPF)...
     duration (seconds):                        12.5
     iterations:                                 200
     gradient cutoff:                   0.100000E-01
     norm of gradient:                  0.458967E+01
     Omega:                                73.820113

 disentangle optimal subspace...
     duration (seconds):                         1.4
     iterations:                                  86
     convergence cutoff:                0.100000E-03
     norm of gradient:                  0.959377E-04
     Omega_I before:                       58.481358
     Omega_I after:                        51.017911
     reduction:                                  13%

 calculate improved optimized projection functions (iOPF)...
     duration (seconds):                        11.2
     iterations:                                 200
     gradient cutoff:                   0.100000E-01
     norm of gradient:                  0.728473E+00
     Omega:                                77.743022

 minimize localization functional Omega...
     duration (seconds):                        20.7
     iterations:                                 306
     gradient cutoff:                   0.100000E-05
     norm of gradient:                  0.814999E-06
     Omega:                                69.940385
     reduction:                                  10%


--------------------------------------------------------------------------------
- total duration (seconds):                50.3                                -
--------------------------------------------------------------------------------

********************************************************************************
* Wannier functions                                                            *
********************************************************************************

   #    localization center (lattice)        Omega   Omega_I   Omega_D  Omega_OD
================================================================================
   1      -0.3750    0.1250    0.1250       2.3804    2.0864   -0.0000    0.2940
   2       0.1250    0.1250    0.1250       2.3804    2.0864    0.0000    0.2940
   3       0.1250    0.1250   -0.3750       2.3804    2.0864    0.0000    0.2940
   4       0.1250   -0.3750    0.1250       2.3804    2.0864    0.0000    0.2940
--------------------------------------------------------------------------------
                                  total:    9.5216    8.3456    0.0000    1.1760
--------------------------------------------------------------------------------
   5      -0.2373    0.0791    0.0791       2.6906    1.8844    0.0048    0.8014
   6      -0.0501    0.3455    0.0287       3.8311    2.8869    0.0119    0.9322
   7      -0.0501    0.0287   -0.3241       3.8311    2.8869    0.0119    0.9322
   8       0.1285   -0.3884    0.1299       2.2328    1.5695    0.0002    0.6632
   9       0.2985   -0.3054   -0.3054       3.5801    2.7431    0.0106    0.8264
  10       0.4200   -0.0097   -0.0097       3.9049    2.9227    0.0221    0.9601
  11       0.4200   -0.4006   -0.0097       3.9050    2.9227    0.0221    0.9601
  12      -0.4532    0.0091    0.2221       3.8649    2.9571    0.0234    0.8844
  13      -0.0501    0.3455   -0.3241       3.8311    2.8869    0.0119    0.9322
  14       0.2985    0.3123   -0.3054       3.5801    2.7431    0.0106    0.8264
  15      -0.0501   -0.3241    0.0287       3.8311    2.8869    0.0119    0.9322
  16      -0.4532    0.2221    0.2221       3.8649    2.9571    0.0234    0.8844
  17      -0.2552    0.4184    0.4184       3.5147    2.6744    0.0076    0.8327
  18       0.1285    0.1299   -0.8701       2.2328    1.5695    0.0002    0.6632
  19       0.2985   -0.3054    0.3123       3.5801    2.7431    0.0106    0.8264
  20      -0.8715    0.1299    0.6116       2.2328    1.5695    0.0002    0.6632
  21      -0.4532    0.2221    0.0091       3.8649    2.9571    0.0234    0.8844
  22      -0.0501    0.0287    0.3455       3.8311    2.8869    0.0119    0.9322
  23       0.4200   -0.0097   -0.4006       3.9050    2.9227    0.0221    0.9601
  24      -0.0501   -0.3241    0.3455       3.8311    2.8869    0.0119    0.9322
--------------------------------------------------------------------------------
                                  total:   69.9404   52.4576    0.2528   17.2300
================================================================================
                                  total:   79.4620   60.8032    0.2528   18.4060
                                average:    3.3109    2.5335    0.0105    0.7669

