 -0.6524761241E-03   0.000000000    
 -0.6452988854E-03   0.000000000    
 -0.6381216468E-03   0.000000000    
 -0.6309444081E-03   0.000000000    
 -0.6237671695E-03   0.000000000    
 -0.6165899308E-03   0.000000000    
 -0.6094126922E-03   0.000000000    
 -0.6022354536E-03   0.000000000    
 -0.5950582149E-03   0.000000000    
 -0.5878809763E-03   0.000000000    
 -0.5807037376E-03   0.000000000    
 -0.5735264990E-03   0.000000000    
 -0.5663492603E-03   0.000000000    
 -0.5591720217E-03   0.000000000    
 -0.5519947830E-03   0.000000000    
 -0.5448175444E-03   0.000000000    
 -0.5376403057E-03   0.000000000    
 -0.5304630671E-03   0.000000000    
 -0.5232858285E-03   0.000000000    
 -0.5161085898E-03   0.000000000    
 -0.5089313512E-03   0.000000000    
 -0.5017541125E-03   0.000000000    
 -0.4945768739E-03   0.000000000    
 -0.4873996352E-03   0.000000000    
 -0.4802223966E-03   0.000000000    
 -0.4730451579E-03   0.000000000    
 -0.4658679193E-03   0.000000000    
 -0.4586906806E-03   0.000000000    
 -0.4515134420E-03   0.000000000    
 -0.4443362034E-03   0.000000000    
 -0.4371589647E-03   0.000000000    
 -0.4299817261E-03   0.000000000    
 -0.4228044874E-03   0.000000000    
 -0.4156272488E-03   0.000000000    
 -0.4084500101E-03   0.000000000    
 -0.4012727715E-03   0.000000000    
 -0.3940955328E-03   0.000000000    
 -0.3869182942E-03   0.000000000    
 -0.3797410555E-03   0.000000000    
 -0.3725638169E-03   0.000000000    
 -0.3653865783E-03   0.000000000    
 -0.3582093396E-03   0.000000000    
 -0.3510321010E-03   0.000000000    
 -0.3438548623E-03   0.000000000    
 -0.3366776237E-03   0.000000000    
 -0.3295003850E-03   0.000000000    
 -0.3223231464E-03   0.000000000    
 -0.3151459077E-03   0.000000000    
 -0.3079686691E-03   0.000000000    
 -0.3007914304E-03   0.000000000    
 -0.2936141918E-03   0.000000000    
 -0.2864369532E-03   0.000000000    
 -0.2792597145E-03   0.000000000    
 -0.2720824759E-03   0.000000000    
 -0.2649052372E-03   0.000000000    
 -0.2577279986E-03   0.000000000    
 -0.2505507599E-03   0.000000000    
 -0.2433735213E-03   0.000000000    
 -0.2361962826E-03   0.000000000    
 -0.2290190440E-03   0.000000000    
 -0.2218418053E-03   0.000000000    
 -0.2146645667E-03   0.000000000    
 -0.2074873281E-03   0.000000000    
 -0.2003100894E-03   0.000000000    
 -0.1931328508E-03   0.000000000    
 -0.1859556121E-03   0.000000000    
 -0.1787783735E-03   0.000000000    
 -0.1716011348E-03   0.000000000    
 -0.1644238962E-03   0.000000000    
 -0.1572466575E-03   0.000000000    
 -0.1500694189E-03   0.000000000    
 -0.1428921803E-03   0.000000000    
 -0.1357149416E-03   0.000000000    
 -0.1285377030E-03   0.000000000    
 -0.1213604643E-03   0.000000000    
 -0.1141832257E-03   0.000000000    
 -0.1070059870E-03   0.000000000    
 -0.9982874838E-04   0.000000000    
 -0.9265150973E-04   0.000000000    
 -0.8547427109E-04   0.000000000    
 -0.7829703244E-04   0.000000000    
 -0.7111979380E-04   0.000000000    
 -0.6394255515E-04   0.000000000    
 -0.5676531651E-04   0.000000000    
 -0.4958807786E-04  0.8393530058E-06
 -0.4241083922E-04  0.3468561673E-04
 -0.3523360057E-04  0.1803448697E-03
 -0.2805636193E-04  0.7976587127E-03
 -0.2087912328E-04  0.2776690383E-02
 -0.1370188463E-04  0.7509115840E-02
 -0.6524645990E-05  0.1641691170E-01
  0.6525926558E-06  0.3036251646E-01
  0.7829831301E-05  0.4966011737E-01
  0.1500706995E-04  0.7431172614E-01
  0.2218430859E-04  0.1043173428    
  0.2936154724E-04  0.1396769673    
  0.3653878588E-04  0.1803905997    
  0.4371602453E-04  0.2264582399    
  0.5089326317E-04  0.2778798880    
  0.5807050182E-04  0.3346555440    
  0.6524774046E-04  0.3967852078    
  0.7242497911E-04  0.4609307340    
  0.7960221775E-04  0.5465362244    
  0.8677945640E-04  0.6676098813    
  0.9395669505E-04  0.8401065821    
  0.1011339337E-03   1.031827141    
  0.1083111723E-03   1.221255972    
  0.1154884110E-03   1.393520614    
  0.1226656496E-03   1.562352207    
  0.1298428883E-03   1.737064604    
  0.1370201269E-03   1.919246611    
  0.1441973656E-03   2.108263921    
  0.1513746042E-03   2.302710489    
  0.1585518429E-03   2.513124000    
  0.1657290815E-03   2.753581861    
  0.1729063201E-03   3.039387151    
  0.1800835588E-03   3.339617856    
  0.1872607974E-03   3.632230678    
  0.1944380361E-03   3.892598574    
  0.2016152747E-03   4.162791905    
  0.2087925134E-03   4.452534368    
  0.2159697520E-03   4.772870088    
  0.2231469907E-03   5.103498134    
  0.2303242293E-03   5.440075304    
  0.2375014680E-03   5.781278933    
  0.2446787066E-03   6.125044134    
  0.2518559452E-03   6.473245790    
  0.2590331839E-03   6.832720552    
  0.2662104225E-03   7.214759614    
  0.2733876612E-03   7.618160575    
  0.2805648998E-03   8.029618208    
  0.2877421385E-03   8.436276298    
  0.2949193771E-03   8.844071972    
  0.3020966158E-03   9.266932860    
  0.3092738544E-03   9.720673863    
  0.3164510931E-03   10.19770756    
  0.3236283317E-03   10.69097521    
  0.3308055703E-03   11.17683867    
  0.3379828090E-03   11.66545433    
  0.3451600476E-03   12.15232290    
  0.3523372863E-03   12.65533959    
  0.3595145249E-03   13.17874827    
  0.3666917636E-03   13.72593156    
  0.3738690022E-03   14.27778396    
  0.3810462409E-03   14.81786221    
  0.3882234795E-03   15.35544174    
  0.3954007181E-03   15.92024541    
  0.4025779568E-03   16.52308169    
  0.4097551954E-03   17.14982502    
  0.4169324341E-03   17.77305110    
  0.4241096727E-03   18.38893989    
  0.4312869114E-03   18.99538642    
  0.4384641500E-03   19.61000780    
  0.4456413887E-03   20.23243706    
  0.4528186273E-03   20.88674749    
  0.4599958660E-03   21.56235129    
  0.4671731046E-03   22.25516330    
  0.4743503432E-03   22.94701489    
  0.4815275819E-03   23.64986969    
  0.4887048205E-03   24.37655169    
  0.4958820592E-03   25.12501939    
  0.5030592978E-03   25.87955886    
  0.5102365365E-03   26.62211148    
  0.5174137751E-03   27.36967565    
  0.5245910138E-03   28.12529502    
  0.5317682524E-03   28.89840004    
  0.5389454911E-03   29.67023270    
  0.5461227297E-03   30.45864537    
  0.5532999683E-03   31.27217315    
  0.5604772070E-03   32.10516881    
  0.5676544456E-03   32.93948231    
  0.5748316843E-03   33.76842470    
  0.5820089229E-03   34.61890501    
  0.5891861616E-03   35.50165589    
  0.5963634002E-03   36.41423448    
  0.6035406389E-03   37.32567254    
  0.6107178775E-03   38.22333659    
  0.6178951162E-03   39.09641119    
  0.6250723548E-03   39.97117246    
  0.6322495934E-03   40.86722868    
  0.6394268321E-03   41.80609091    
  0.6466040707E-03   42.78311180    
  0.6537813094E-03   43.77230979    
  0.6609585480E-03   44.76171179    
  0.6681357867E-03   45.74502153    
  0.6753130253E-03   46.74009938    
  0.6824902640E-03   47.74564619    
  0.6896675026E-03   48.76463009    
  0.6968447413E-03   49.78639783    
  0.7040219799E-03   50.82937609    
  0.7111992185E-03   51.87367468    
  0.7183764572E-03   52.93654083    
  0.7255536958E-03   53.98592350    
  0.7327309345E-03   55.05404562    
  0.7399081731E-03   56.13851877    
  0.7470854118E-03   57.25732981    
  0.7542626504E-03   58.39984680    
  0.7614398891E-03   59.54690521    
  0.7686171277E-03   60.70248229    
  0.7757943664E-03   61.85522152    
  0.7829716050E-03   63.00748029    
  0.7901488436E-03   64.15498841    
  0.7973260823E-03   65.32169773    
  0.8045033209E-03   66.51241333    
  0.8116805596E-03   67.72289770    
  0.8188577982E-03   68.93009857    
  0.8260350369E-03   70.16048050    
  0.8332122755E-03   71.43091610    
  0.8403895142E-03   72.72490709    
  0.8475667528E-03   74.00534239    
  0.8547439915E-03   75.25624090    
  0.8619212301E-03   76.52630658    
  0.8690984687E-03   77.82531506    
  0.8762757074E-03   79.14233071    
  0.8834529460E-03   80.45451258    
  0.8906301847E-03   81.79038852    
  0.8978074233E-03   83.15461015    
  0.9049846620E-03   84.52798145    
  0.9121619006E-03   85.87529466    
  0.9193391393E-03   87.23372147    
  0.9265163779E-03   88.62440666    
  0.9336936165E-03   90.04601758    
  0.9408708552E-03   91.46952791    
  0.9480480938E-03   92.89827803    
  0.9552253325E-03   94.33947985    
  0.9624025711E-03   95.79085390    
  0.9695798098E-03   97.23173076    
  0.9767570484E-03   98.69946565    
  0.9839342871E-03   100.1968158    
  0.9911115257E-03   101.7212600    
  0.9982887644E-03   103.2285842    
  0.1005466003E-02   104.7282425    
  0.1012643242E-02   106.2645635    
  0.1019820480E-02   107.8378898    
  0.1026997719E-02   109.4284156    
  0.1034174958E-02   111.0037947    
  0.1041352196E-02   112.5784413    
  0.1048529435E-02   114.1611666    
  0.1055706674E-02   115.7554342    
  0.1062883912E-02   117.3724805    
  0.1070061151E-02   119.0263587    
  0.1077238389E-02   120.6984243    
  0.1084415628E-02   122.3664863    
  0.1091592867E-02   124.0188879    
  0.1098770105E-02   125.6956826    
  0.1105947344E-02   127.4152943    
  0.1113124583E-02   129.1578038    
  0.1120301821E-02   130.9045968    
  0.1127479060E-02   132.6386408    
  0.1134656299E-02   134.3828065    
  0.1141833537E-02   136.1380652    
  0.1149010776E-02   137.9079149    
  0.1156188015E-02   139.6927251    
  0.1163365253E-02   141.5061289    
  0.1170542492E-02   143.3311293    
  0.1177719730E-02   145.1671318    
  0.1184896969E-02   146.9770451    
  0.1192074208E-02   148.8315771    
  0.1199251446E-02   150.7260410    
  0.1206428685E-02   152.6686434    
  0.1213605924E-02   154.5854467    
  0.1220783162E-02   156.4833752    
  0.1227960401E-02   158.3743250    
  0.1235137640E-02   160.2838592    
  0.1242314878E-02   162.2188927    
  0.1249492117E-02   164.2133970    
  0.1256669356E-02   166.2463321    
  0.1263846594E-02   168.2766330    
  0.1271023833E-02   170.2508490    
  0.1278201072E-02   172.2315111    
  0.1285378310E-02   174.2637905    
  0.1292555549E-02   176.3689492    
  0.1299732787E-02   178.4698839    
  0.1306910026E-02   180.5708336    
  0.1314087265E-02   182.6600194    
  0.1321264503E-02   184.7952371    
  0.1328441742E-02   186.9330920    
  0.1335618981E-02   189.1098500    
  0.1342796219E-02   191.2626322    
  0.1349973458E-02   193.4122674    
  0.1357150697E-02   195.5303121    
  0.1364327935E-02   197.7104721    
  0.1371505174E-02   199.9759892    
  0.1378682413E-02   202.2915497    
  0.1385859651E-02   204.5794921    
  0.1393036890E-02   206.8233430    
  0.1400214128E-02   209.0754285    
  0.1407391367E-02   211.3795150    
  0.1414568606E-02   213.7217194    
  0.1421745844E-02   216.1102361    
  0.1428923083E-02   218.4794919    
  0.1436100322E-02   220.8258852    
  0.1443277560E-02   223.1295631    
  0.1450454799E-02   225.4930425    
  0.1457632038E-02   227.9341518    
  0.1464809276E-02   230.4281339    
  0.1471986515E-02   232.9003929    
  0.1479163754E-02   235.3629916    
  0.1486340992E-02   237.8504115    
  0.1493518231E-02   240.3930633    
  0.1500695470E-02   242.9641174    
  0.1507872708E-02   245.5603616    
  0.1515049947E-02   248.1095644    
  0.1522227185E-02   250.6375607    
  0.1529404424E-02   253.1449960    
  0.1536581663E-02   255.7475927    
  0.1543758901E-02   258.4135249    
  0.1550936140E-02   261.1121547    
  0.1558113379E-02   263.7834042    
  0.1565290617E-02   266.4612935    
  0.1572467856E-02   269.1747734    
  0.1579645095E-02   271.9295432    
  0.1586822333E-02   274.7229613    
  0.1593999572E-02   277.5410878    
  0.1601176811E-02   280.3412956    
  0.1608354049E-02   283.1190408    
  0.1615531288E-02   285.9022917    
  0.1622708527E-02   288.7631283    
  0.1629885765E-02   291.6588474    
  0.1637063004E-02   294.5593197    
  0.1644240242E-02   297.4468546    
  0.1651417481E-02   300.3793083    
  0.1658594720E-02   303.3791036    
  0.1665771958E-02   306.4412241    
  0.1672949197E-02   309.5289014    
  0.1680126436E-02   312.5785307    
  0.1687303674E-02   315.5782530    
  0.1694480913E-02   318.5698278    
  0.1701658152E-02   321.6391292    
  0.1708835390E-02   324.7798081    
  0.1716012629E-02   327.9442919    
  0.1723189868E-02   331.1109206    
  0.1730367106E-02   334.3091512    
  0.1737544345E-02   337.5764312    
  0.1744721583E-02   340.8836859    
  0.1751898822E-02   344.2190332    
  0.1759076061E-02   347.5039806    
  0.1766253299E-02   350.7771234    
  0.1773430538E-02   354.0470446    
  0.1780607777E-02   357.4348886    
  0.1787785015E-02   360.8835369    
  0.1794962254E-02   364.3563317    
  0.1802139493E-02   367.7854802    
  0.1809316731E-02   371.2525206    
  0.1816493970E-02   374.8100734    
  0.1823671209E-02   378.4553920    
  0.1830848447E-02   382.1242428    
  0.1838025686E-02   385.7361644    
  0.1845202925E-02   389.3308081    
  0.1852380163E-02   392.9342735    
  0.1859557402E-02   396.6293026    
  0.1866734640E-02   400.3649198    
  0.1873911879E-02   404.1287058    
  0.1881089118E-02   407.9206428    
  0.1888266356E-02   411.7961818    
  0.1895443595E-02   415.7753148    
  0.1902620834E-02   419.7913039    
  0.1909798072E-02   423.7556670    
  0.1916975311E-02   427.6534021    
  0.1924152550E-02   431.5630267    
  0.1931329788E-02   435.5860657    
  0.1938507027E-02   439.7086918    
  0.1945684266E-02   443.8678548    
  0.1952861504E-02   448.0425845    
  0.1960038743E-02   452.3060887    
  0.1967215981E-02   456.6503777    
  0.1974393220E-02   461.0439695    
  0.1981570459E-02   465.3574346    
  0.1988747697E-02   469.6809988    
  0.1995924936E-02   474.0141917    
  0.2003102175E-02   478.4749502    
  0.2010279413E-02   482.9842731    
  0.2017456652E-02   487.5529646    
  0.2024633891E-02   492.1771993    
  0.2031811129E-02   496.9081112    
  0.2038988368E-02   501.7271079    
  0.2046165607E-02   506.5284026    
  0.2053342845E-02   511.2740676    
  0.2060520084E-02   516.0611094    
  0.2067697323E-02   520.9808601    
  0.2074874561E-02   526.0390081    
  0.2082051800E-02   531.1188171    
  0.2089229038E-02   536.2416499    
  0.2096406277E-02   541.4701505    
  0.2103583516E-02   546.8278813    
  0.2110760754E-02   552.1978302    
  0.2117937993E-02   557.5193794    
  0.2125115232E-02   562.8656738    
  0.2132292470E-02   568.3595456    
  0.2139469709E-02   573.9731712    
  0.2146646948E-02   579.6590444    
  0.2153824186E-02   585.4281613    
  0.2161001425E-02   591.2994864    
  0.2168178664E-02   597.2204867    
  0.2175355902E-02   603.1867250    
  0.2182533141E-02   609.2399232    
  0.2189710379E-02   615.4666448    
  0.2196887618E-02   621.7629057    
  0.2204064857E-02   628.1581424    
  0.2211242095E-02   634.6804302    
  0.2218419334E-02   641.3851105    
  0.2225596573E-02   648.1545288    
  0.2232773811E-02   654.9542295    
  0.2239951050E-02   661.8306292    
  0.2247128289E-02   668.9085290    
  0.2254305527E-02   676.1591519    
  0.2261482766E-02   683.6014405    
  0.2268660005E-02   691.2273360    
  0.2275837243E-02   698.9961337    
  0.2283014482E-02   706.8609949    
  0.2290191721E-02   714.8044221    
  0.2297368959E-02   722.9821883    
  0.2304546198E-02   731.3939383    
  0.2311723436E-02   740.0937245    
  0.2318900675E-02   749.0094000    
  0.2326077914E-02   758.1877553    
  0.2333255152E-02   767.6310594    
  0.2340432391E-02   777.3395286    
  0.2347609630E-02   787.4125615    
  0.2354786868E-02   797.7335562    
  0.2361964107E-02   808.4447579    
  0.2369141346E-02   819.5148433    
  0.2376318584E-02   831.2010993    
  0.2383495823E-02   843.5470684    
  0.2390673062E-02   856.4801965    
  0.2397850300E-02   870.1099612    
  0.2405027539E-02   884.4412425    
  0.2412204777E-02   899.9830158    
  0.2419382016E-02   916.8143800    
  0.2426559255E-02   935.4332492    
  0.2433736493E-02   956.1177844    
  0.2440913732E-02   980.8227619    
  0.2448090971E-02   1013.590561    
  0.2455268209E-02   1050.663146    
  0.2462445448E-02   1085.032074    
  0.2469622687E-02   1104.570359    
  0.2476799925E-02   1112.270031    
  0.2483977164E-02   1112.774478    
  0.2491154403E-02   1113.336615    
  0.2498331641E-02   1113.794668    
  0.2505508880E-02   1114.174010    
  0.2512686119E-02   1114.693507    
  0.2519863357E-02   1115.273042    
  0.2527040596E-02   1115.785517    
  0.2534217834E-02   1116.112970    
  0.2541395073E-02   1116.410332    
  0.2548572312E-02   1116.819300    
  0.2555749550E-02   1117.256042    
  0.2562926789E-02   1117.714486    
  0.2570104028E-02   1118.028185    
  0.2577281266E-02   1118.290624    
  0.2584458505E-02   1118.532742    
  0.2591635744E-02   1118.881952    
  0.2598812982E-02   1119.230497    
  0.2605990221E-02   1119.540002    
  0.2613167460E-02   1119.751105    
  0.2620344698E-02   1120.000109    
  0.2627521937E-02   1120.228334    
  0.2634699175E-02   1120.503304    
  0.2641876414E-02   1120.719886    
  0.2649053653E-02   1121.001948    
  0.2656230891E-02   1121.244746    
  0.2663408130E-02   1121.485258    
  0.2670585369E-02   1121.596617    
  0.2677762607E-02   1121.695778    
  0.2684939846E-02   1121.834649    
  0.2692117085E-02   1122.035609    
  0.2699294323E-02   1122.214915    
  0.2706471562E-02   1122.289455    
  0.2713648801E-02   1122.355279    
  0.2720826039E-02   1122.467581    
  0.2728003278E-02   1122.643323    
  0.2735180517E-02   1122.764487    
  0.2742357755E-02   1122.790994    
  0.2749534994E-02   1122.742899    
  0.2756712232E-02   1122.716369    
  0.2763889471E-02   1122.752408    
  0.2771066710E-02   1122.834258    
  0.2778243948E-02   1122.890660    
  0.2785421187E-02   1122.908820    
  0.2792598426E-02   1122.898437    
  0.2799775664E-02   1122.880047    
  0.2806952903E-02   1122.798863    
  0.2814130142E-02   1122.680428    
  0.2821307380E-02   1122.534112    
  0.2828484619E-02   1122.420254    
  0.2835661858E-02   1122.356540    
  0.2842839096E-02   1122.325676    
  0.2850016335E-02   1122.271755    
  0.2857193573E-02   1122.146917    
  0.2864370812E-02   1121.967216    
  0.2871548051E-02   1121.786226    
  0.2878725289E-02   1121.609721    
  0.2885902528E-02   1121.459572    
  0.2893079767E-02   1121.294793    
  0.2900257005E-02   1121.074917    
  0.2907434244E-02   1120.811309    
  0.2914611483E-02   1120.506863    
  0.2921788721E-02   1120.256182    
  0.2928965960E-02   1120.013764    
  0.2936143199E-02   1119.833456    
  0.2943320437E-02   1119.619885    
  0.2950497676E-02   1119.340501    
  0.2957674915E-02   1118.958950    
  0.2964852153E-02   1118.526599    
  0.2972029392E-02   1118.142693    
  0.2979206630E-02   1117.802448    
  0.2986383869E-02   1117.533632    
  0.2993561108E-02   1117.228216    
  0.3000738346E-02   1116.880784    
  0.3007915585E-02   1116.438328    
  0.3015092824E-02   1115.969005    
  0.3022270062E-02   1115.515649    
  0.3029447301E-02   1115.067912    
  0.3036624540E-02   1114.648496    
  0.3043801778E-02   1114.194538    
  0.3050979017E-02   1113.755212    
  0.3058156256E-02   1113.241024    
  0.3065333494E-02   1112.707176    
  0.3072510733E-02   1112.151600    
  0.3079687972E-02   1111.628676    
  0.3086865210E-02   1111.127748    
  0.3094042449E-02   1110.592499    
  0.3101219687E-02   1110.032035    
  0.3108396926E-02   1109.383905    
  0.3115574165E-02   1108.731121    
  0.3122751403E-02   1108.078535    
  0.3129928642E-02   1107.472058    
  0.3137105881E-02   1106.853685    
  0.3144283119E-02   1106.207533    
  0.3151460358E-02   1105.560916    
  0.3158637597E-02   1104.897741    
  0.3165814835E-02   1104.199158    
  0.3172992074E-02   1103.448837    
  0.3180169313E-02   1102.687425    
  0.3187346551E-02   1101.916354    
  0.3194523790E-02   1101.143290    
  0.3201701028E-02   1100.340193    
  0.3208878267E-02   1099.533306    
  0.3216055506E-02   1098.725998    
  0.3223232744E-02   1097.878008    
  0.3230409983E-02   1097.038138    
  0.3237587222E-02   1096.147176    
  0.3244764460E-02   1095.355425    
  0.3251941699E-02   1094.518628    
  0.3259118938E-02   1093.686027    
  0.3266296176E-02   1092.700463    
  0.3273473415E-02   1091.685200    
  0.3280650654E-02   1090.612373    
  0.3287827892E-02   1089.647452    
  0.3295005131E-02   1088.669689    
  0.3302182370E-02   1087.737768    
  0.3309359608E-02   1086.670035    
  0.3316536847E-02   1085.623164    
  0.3323714085E-02   1084.494408    
  0.3330891324E-02   1083.442468    
  0.3338068563E-02   1082.333671    
  0.3345245801E-02   1081.271521    
  0.3352423040E-02   1080.091782    
  0.3359600279E-02   1078.932982    
  0.3366777517E-02   1077.743895    
  0.3373954756E-02   1076.633587    
  0.3381131995E-02   1075.455776    
  0.3388309233E-02   1074.209205    
  0.3395486472E-02   1072.890553    
  0.3402663711E-02   1071.611414    
  0.3409840949E-02   1070.391754    
  0.3417018188E-02   1069.144706    
  0.3424195426E-02   1067.852867    
  0.3431372665E-02   1066.491304    
  0.3438549904E-02   1065.137799    
  0.3445727142E-02   1063.702473    
  0.3452904381E-02   1062.281709    
  0.3460081620E-02   1060.800300    
  0.3467258858E-02   1059.353730    
  0.3474436097E-02   1057.873662    
  0.3481613336E-02   1056.490738    
  0.3488790574E-02   1055.134567    
  0.3495967813E-02   1053.649440    
  0.3503145052E-02   1051.989268    
  0.3510322290E-02   1050.227736    
  0.3517499529E-02   1048.470038    
  0.3524676768E-02   1046.933638    
  0.3531854006E-02   1045.359164    
  0.3539031245E-02   1043.635753    
  0.3546208483E-02   1041.495356    
  0.3553385722E-02   1038.265166    
  0.3560562961E-02   1030.133790    
  0.3567740199E-02   1014.265009    
  0.3574917438E-02   991.6543053    
  0.3582094677E-02   968.6089204    
  0.3589271915E-02   949.6566550    
  0.3596449154E-02   934.6483627    
  0.3603626393E-02   922.3458141    
  0.3610803631E-02   911.2951382    
  0.3617980870E-02   902.2699077    
  0.3625158109E-02   893.7003590    
  0.3632335347E-02   885.7601807    
  0.3639512586E-02   877.4244262    
  0.3646689824E-02   869.5783047    
  0.3653867063E-02   862.0362909    
  0.3661044302E-02   855.3065266    
  0.3668221540E-02   849.4461567    
  0.3675398779E-02   844.2546752    
  0.3682576018E-02   839.3583835    
  0.3689753256E-02   834.2933595    
  0.3696930495E-02   828.9753343    
  0.3704107734E-02   824.1365695    
  0.3711284972E-02   819.8482564    
  0.3718462211E-02   815.9877598    
  0.3725639450E-02   811.9585482    
  0.3732816688E-02   807.8183220    
  0.3739993927E-02   804.2887300    
  0.3747171166E-02   801.3257235    
  0.3754348404E-02   798.5732885    
  0.3761525643E-02   795.5046316    
  0.3768702881E-02   792.3350423    
  0.3775880120E-02   789.6610927    
  0.3783057359E-02   787.4677809    
  0.3790234597E-02   785.5923664    
  0.3797411836E-02   783.5291564    
  0.3804589075E-02   781.5297284    
  0.3811766313E-02   779.8698313    
  0.3818943552E-02   778.7421564    
  0.3826120791E-02   777.8686275    
  0.3833298029E-02   776.8415608    
  0.3840475268E-02   775.6879900    
  0.3847652507E-02   774.6091121    
  0.3854829745E-02   774.0403599    
  0.3862006984E-02   774.0188627    
  0.3869184222E-02   774.4945710    
  0.3876361461E-02   775.2617775    
  0.3883538700E-02   776.2471079    
  0.3890715938E-02   777.4348983    
  0.3897893177E-02   778.9074563    
  0.3905070416E-02   780.8093381    
  0.3912247654E-02   783.2335681    
  0.3919424893E-02   786.0458301    
  0.3926602132E-02   789.0349332    
  0.3933779370E-02   792.0182969    
  0.3940956609E-02   795.1198924    
  0.3948133848E-02   798.4193471    
  0.3955311086E-02   801.9361622    
  0.3962488325E-02   805.4623590    
  0.3969665564E-02   808.8476266    
  0.3976842802E-02   812.1026632    
  0.3984020041E-02   815.1824455    
  0.3991197279E-02   818.2043758    
  0.3998374518E-02   821.1676638    
  0.4005551757E-02   824.2433940    
  0.4012728995E-02   827.3363096    
  0.4019906234E-02   830.3508172    
  0.4027083473E-02   833.1659862    
  0.4034260711E-02   835.7895866    
  0.4041437950E-02   838.4246793    
  0.4048615189E-02   841.1898605    
  0.4055792427E-02   844.1549765    
  0.4062969666E-02   847.0253112    
  0.4070146905E-02   849.6198102    
  0.4077324143E-02   852.0112893    
  0.4084501382E-02   854.4305311    
  0.4091678620E-02   857.1088006    
  0.4098855859E-02   859.7796188    
  0.4106033098E-02   862.3129540    
  0.4113210336E-02   864.6240123    
  0.4120387575E-02   866.9168448    
  0.4127564814E-02   869.3976493    
  0.4134742052E-02   871.9588435    
  0.4141919291E-02   874.4909012    
  0.4149096530E-02   871.0525595    
  0.4156273768E-02   858.9743209    
  0.4163451007E-02   836.4296236    
  0.4170628246E-02   813.2734311    
  0.4177805484E-02   793.6153213    
  0.4184982723E-02   780.0502686    
  0.4192159962E-02   769.1247899    
  0.4199337200E-02   759.9085582    
  0.4206514439E-02   752.2648684    
  0.4213691677E-02   745.8659331    
  0.4220868916E-02   740.4084949    
  0.4228046155E-02   735.6372465    
  0.4235223393E-02   731.4111966    
  0.4242400632E-02   727.9497470    
  0.4249577871E-02   725.0038518    
  0.4256755109E-02   722.7168245    
  0.4263932348E-02   720.9052833    
  0.4271109587E-02   719.6490066    
  0.4278286825E-02   718.8977760    
  0.4285464064E-02   718.6318315    
  0.4292641303E-02   718.8655693    
  0.4299818541E-02   719.5413249    
  0.4306995780E-02   720.6791686    
  0.4314173019E-02   722.3870752    
  0.4321350257E-02   724.6526832    
  0.4328527496E-02   727.4231923    
  0.4335704734E-02   730.5216508    
  0.4342881973E-02   734.0391964    
  0.4350059212E-02   738.1812023    
  0.4357236450E-02   743.0707559    
  0.4364413689E-02   748.4874177    
  0.4371590928E-02   754.2808720    
  0.4378768166E-02   760.6407041    
  0.4385945405E-02   767.7688207    
  0.4393122644E-02   775.6952894    
  0.4400299882E-02   784.0019056    
  0.4407477121E-02   792.7806085    
  0.4414654360E-02   803.6936576    
  0.4421831598E-02   815.4246912    
  0.4429008837E-02   828.0587048    
  0.4436186075E-02   838.4589390    
  0.4443363314E-02   849.7323651    
  0.4450540553E-02   861.8723588    
  0.4457717791E-02   876.9066069    
  0.4464895030E-02   894.4771279    
  0.4472072269E-02   914.8979268    
  0.4479249507E-02   938.3555149    
  0.4486426746E-02   964.1806711    
  0.4493603985E-02   993.3423031    
  0.4500781223E-02   1025.909478    
  0.4507958462E-02   1063.113298    
  0.4515135701E-02   1105.803891    
  0.4522312939E-02   1157.294673    
  0.4529490178E-02   1223.186040    
  0.4536667417E-02   1327.466329    
  0.4543844655E-02   1451.285205    
  0.4551021894E-02   1570.424951    
  0.4558199132E-02   1623.735289    
  0.4565376371E-02   1635.022160    
  0.4572553610E-02   1676.228188    
  0.4579730848E-02   1774.567744    
  0.4586908087E-02   1916.701964    
  0.4594085326E-02   1995.238455    
  0.4601262564E-02   2025.109531    
  0.4608439803E-02   2010.816099    
  0.4615617042E-02   2004.014321    
  0.4622794280E-02   1998.474454    
  0.4629971519E-02   1993.557546    
  0.4637148758E-02   1990.521843    
  0.4644325996E-02   1987.645546    
  0.4651503235E-02   1985.620822    
  0.4658680473E-02   1983.729329    
  0.4665857712E-02   1983.022300    
  0.4673034951E-02   1983.553169    
  0.4680212189E-02   1986.147726    
  0.4687389428E-02   1991.985795    
  0.4694566667E-02   2009.242866    
  0.4701743905E-02   2032.486485    
  0.4708921144E-02   2041.757354    
  0.4716098383E-02   2000.629988    
  0.4723275621E-02   1912.619348    
  0.4730452860E-02   1826.836910    
  0.4737630099E-02   1818.952795    
  0.4744807337E-02   1894.665096    
  0.4751984576E-02   1987.234053    
  0.4759161815E-02   2019.857796    
  0.4766339053E-02   2011.842268    
  0.4773516292E-02   2014.434334    
  0.4780693530E-02   2044.371591    
  0.4787870769E-02   2046.445957    
  0.4795048008E-02   2005.560333    
  0.4802225246E-02   1938.874498    
  0.4809402485E-02   1881.313239    
  0.4816579724E-02   1825.780559    
  0.4823756962E-02   1757.576922    
  0.4830934201E-02   1657.146454    
  0.4838111440E-02   1537.967939    
  0.4845288678E-02   1406.833021    
  0.4852465917E-02   1296.417258    
  0.4859643156E-02   1209.170642    
  0.4866820394E-02   1172.468004    
  0.4873997633E-02   1177.325026    
  0.4881174871E-02   1217.553322    
  0.4888352110E-02   1270.502425    
  0.4895529349E-02   1332.760627    
  0.4902706587E-02   1409.107909    
  0.4909883826E-02   1502.691368    
  0.4917061065E-02   1607.226465    
  0.4924238303E-02   1705.397409    
  0.4931415542E-02   1786.534247    
  0.4938592781E-02   1850.708441    
  0.4945770019E-02   1908.240698    
  0.4952947258E-02   1964.189524    
  0.4960124497E-02   2020.382425    
  0.4967301735E-02   2076.303568    
  0.4974478974E-02   2132.032150    
  0.4981656213E-02   2187.338379    
  0.4988833451E-02   2242.498494    
  0.4996010690E-02   2298.376777    
  0.5003187928E-02   2352.683330    
  0.5010365167E-02   2401.565511    
  0.5017542406E-02   2430.741075    
  0.5024719644E-02   2436.661137    
  0.5031896883E-02   2418.861451    
  0.5039074122E-02   2400.035290    
  0.5046251360E-02   2389.129185    
  0.5053428599E-02   2391.722110    
  0.5060605838E-02   2400.312387    
  0.5067783076E-02   2413.639368    
  0.5074960315E-02   2430.663468    
  0.5082137554E-02   2450.319767    
  0.5089314792E-02   2471.322314    
  0.5096492031E-02   2493.977433    
  0.5103669269E-02   2518.884153    
  0.5110846508E-02   2546.264699    
  0.5118023747E-02   2575.065959    
  0.5125200985E-02   2605.123650    
  0.5132378224E-02   2636.703311    
  0.5139555463E-02   2670.778239    
  0.5146732701E-02   2707.369250    
  0.5153909940E-02   2745.992349    
  0.5161087179E-02   2785.959401    
  0.5168264417E-02   2828.166893    
  0.5175441656E-02   2873.364001    
  0.5182618895E-02   2922.979713    
  0.5189796133E-02   2976.197865    
  0.5196973372E-02   3033.088710    
  0.5204150611E-02   3093.987631    
  0.5211327849E-02   3161.149752    
  0.5218505088E-02   3237.757368    
  0.5225682326E-02   3334.485900    
  0.5232859565E-02   3474.176019    
  0.5240036804E-02   3682.233266    
  0.5247214042E-02   3995.510332    
  0.5254391281E-02   4416.066329    
  0.5261568520E-02   4865.639416    
  0.5268745758E-02   5215.472555    
  0.5275922997E-02   5296.832515    
  0.5283100236E-02   5133.603529    
  0.5290277474E-02   4793.747984    
  0.5297454713E-02   4480.771075    
  0.5304631952E-02   4240.746948    
  0.5311809190E-02   4095.542405    
  0.5318986429E-02   3990.289824    
  0.5326163667E-02   3909.008991    
  0.5333340906E-02   3845.702560    
  0.5340518145E-02   3797.013039    
  0.5347695383E-02   3761.433741    
  0.5354872622E-02   3738.096081    
  0.5362049861E-02   3727.351971    
  0.5369227099E-02   3728.967008    
  0.5376404338E-02   3746.078685    
  0.5383581577E-02   3780.723830    
  0.5390758815E-02   3847.483495    
  0.5397936054E-02   3983.951040    
  0.5405113293E-02   4129.717181    
  0.5412290531E-02   4214.686501    
  0.5419467770E-02   4118.480636    
  0.5426645009E-02   3920.571307    
  0.5433822247E-02   3685.287928    
  0.5440999486E-02   3498.471239    
  0.5448176724E-02   3340.584062    
  0.5455353963E-02   3205.627300    
  0.5462531202E-02   3089.579637    
  0.5469708440E-02   2990.543391    
  0.5476885679E-02   2905.195988    
  0.5484062918E-02   2829.735831    
  0.5491240156E-02   2761.075800    
  0.5498417395E-02   2697.830765    
  0.5505594634E-02   2638.708652    
  0.5512771872E-02   2583.522484    
  0.5519949111E-02   2531.161520    
  0.5527126350E-02   2481.601093    
  0.5534303588E-02   2434.036101    
  0.5541480827E-02   2388.255187    
  0.5548658066E-02   2343.693932    
  0.5555835304E-02   2300.480648    
  0.5563012543E-02   2258.122573    
  0.5570189781E-02   2216.381069    
  0.5577367020E-02   2174.919816    
  0.5584544259E-02   2133.768799    
  0.5591721497E-02   2092.667060    
  0.5598898736E-02   2050.976530    
  0.5606075975E-02   2008.186082    
  0.5613253213E-02   1963.977041    
  0.5620430452E-02   1918.107374    
  0.5627607691E-02   1869.455289    
  0.5634784929E-02   1816.406140    
  0.5641962168E-02   1756.062916    
  0.5649139407E-02   1683.221545    
  0.5656316645E-02   1591.455709    
  0.5663493884E-02   1499.353858    
  0.5670671122E-02   1431.550269    
  0.5677848361E-02   1417.440032    
  0.5685025600E-02   1440.985427    
  0.5692202838E-02   1484.263629    
  0.5699380077E-02   1526.619785    
  0.5706557316E-02   1569.839210    
  0.5713734554E-02   1614.684265    
  0.5720911793E-02   1662.071088    
  0.5728089032E-02   1712.408853    
  0.5735266270E-02   1766.640725    
  0.5742443509E-02   1825.290084    
  0.5749620748E-02   1889.499582    
  0.5756797986E-02   1960.349773    
  0.5763975225E-02   2039.698793    
  0.5771152464E-02   2129.905775    
  0.5778329702E-02   2234.335964    
  0.5785506941E-02   2358.864457    
  0.5792684179E-02   2515.321226    
  0.5799861418E-02   2742.709670    
  0.5807038657E-02   3010.048956    
  0.5814215895E-02   3272.667611    
  0.5821393134E-02   3427.908675    
  0.5828570373E-02   3503.026519    
  0.5835747611E-02   3528.968959    
  0.5842924850E-02   3529.053829    
  0.5850102089E-02   3390.503622    
  0.5857279327E-02   3051.265292    
  0.5864456566E-02   2527.787419    
  0.5871633805E-02   1967.762723    
  0.5878811043E-02   1472.628608    
  0.5885988282E-02   1096.088246    
  0.5893165520E-02   848.1575122    
  0.5900342759E-02   687.4215801    
  0.5907519998E-02   576.1275806    
  0.5914697236E-02   456.6527953    
  0.5921874475E-02   321.2075720    
  0.5929051714E-02   185.8246477    
  0.5936228952E-02   76.39401326    
  0.5943406191E-02   19.19336005    
  0.5950583430E-02   0.000000000    
  0.5957760668E-02   0.000000000    
  0.5964937907E-02   0.000000000    
  0.5972115146E-02   0.000000000    
  0.5979292384E-02   0.000000000    
  0.5986469623E-02   0.000000000    
  0.5993646862E-02   0.000000000    
  0.6000824100E-02   0.000000000    
  0.6008001339E-02   0.000000000    
  0.6015178577E-02   0.000000000    
  0.6022355816E-02   0.000000000    
  0.6029533055E-02   0.000000000    
  0.6036710293E-02   0.000000000    
  0.6043887532E-02   0.000000000    
  0.6051064771E-02   0.000000000    
  0.6058242009E-02   0.000000000    
  0.6065419248E-02   0.000000000    
  0.6072596487E-02   0.000000000    
  0.6079773725E-02   0.000000000    
  0.6086950964E-02   0.000000000    
  0.6094128203E-02   0.000000000    
  0.6101305441E-02   0.000000000    
  0.6108482680E-02   0.000000000    
  0.6115659918E-02   0.000000000    
  0.6122837157E-02   0.000000000    
  0.6130014396E-02   0.000000000    
  0.6137191634E-02   0.000000000    
  0.6144368873E-02   0.000000000    
  0.6151546112E-02   0.000000000    
  0.6158723350E-02   0.000000000    
  0.6165900589E-02   0.000000000    
  0.6173077828E-02   0.000000000    
  0.6180255066E-02   0.000000000    
  0.6187432305E-02   0.000000000    
  0.6194609544E-02   0.000000000    
  0.6201786782E-02   0.000000000    
  0.6208964021E-02   0.000000000    
  0.6216141260E-02   0.000000000    
  0.6223318498E-02   0.000000000    
  0.6230495737E-02   0.000000000    
  0.6237672975E-02   0.000000000    
  0.6244850214E-02   0.000000000    
  0.6252027453E-02   0.000000000    
  0.6259204691E-02   0.000000000    
  0.6266381930E-02   0.000000000    
  0.6273559169E-02   0.000000000    
  0.6280736407E-02   0.000000000    
  0.6287913646E-02   0.000000000    
  0.6295090885E-02   0.000000000    
  0.6302268123E-02   0.000000000    
  0.6309445362E-02   0.000000000    
  0.6316622601E-02   0.000000000    
  0.6323799839E-02   0.000000000    
  0.6330977078E-02   0.000000000    
  0.6338154316E-02   0.000000000    
  0.6345331555E-02   0.000000000    
  0.6352508794E-02   0.000000000    
  0.6359686032E-02   0.000000000    
  0.6366863271E-02   0.000000000    
  0.6374040510E-02   0.000000000    
  0.6381217748E-02   0.000000000    
  0.6388394987E-02   0.000000000    
  0.6395572226E-02   0.000000000    
  0.6402749464E-02   0.000000000    
  0.6409926703E-02   0.000000000    
  0.6417103942E-02   0.000000000    
  0.6424281180E-02   0.000000000    
  0.6431458419E-02   0.000000000    
  0.6438635658E-02   0.000000000    
  0.6445812896E-02   0.000000000    
  0.6452990135E-02   0.000000000    
  0.6460167373E-02   0.000000000    
  0.6467344612E-02   0.000000000    
  0.6474521851E-02   0.000000000    
  0.6481699089E-02   0.000000000    
  0.6488876328E-02   0.000000000    
  0.6496053567E-02   0.000000000    
  0.6503230805E-02   0.000000000    
  0.6510408044E-02   0.000000000    
  0.6517585283E-02   0.000000000    
