 
     1   0.000000000       0.000000000       0.000000000     : q-point, vpl
 
     1   0.000000000     : mode, frequency
   1   1   1  0.7071067691       0.000000000     : species, atom, polarisation, eigenvector
   1   1   2   0.000000000       0.000000000    
   1   1   3   0.000000000       0.000000000    
   1   2   1  0.7071067691       0.000000000    
   1   2   2   0.000000000       0.000000000    
   1   2   3   0.000000000       0.000000000    
 
     2   0.000000000     : mode, frequency
   1   1   1   0.000000000       0.000000000     : species, atom, polarisation, eigenvector
   1   1   2  0.7071067691       0.000000000    
   1   1   3   0.000000000       0.000000000    
   1   2   1   0.000000000       0.000000000    
   1   2   2  0.7071067691       0.000000000    
   1   2   3   0.000000000       0.000000000    
 
     3   0.000000000     : mode, frequency
   1   1   1   0.000000000       0.000000000     : species, atom, polarisation, eigenvector
   1   1   2   0.000000000       0.000000000    
   1   1   3  0.7071067691       0.000000000    
   1   2   1   0.000000000       0.000000000    
   1   2   2   0.000000000       0.000000000    
   1   2   3  0.7071067691       0.000000000    
 
     4  0.5665492866E-02 : mode, frequency
   1   1   1  0.7071067691       0.000000000     : species, atom, polarisation, eigenvector
   1   1   2   0.000000000       0.000000000    
   1   1   3   0.000000000       0.000000000    
   1   2   1 -0.7071067691       0.000000000    
   1   2   2   0.000000000       0.000000000    
   1   2   3   0.000000000       0.000000000    
 
     5  0.5665492866E-02 : mode, frequency
   1   1   1   0.000000000       0.000000000     : species, atom, polarisation, eigenvector
   1   1   2  0.7071067691       0.000000000    
   1   1   3   0.000000000       0.000000000    
   1   2   1   0.000000000       0.000000000    
   1   2   2 -0.7071067691       0.000000000    
   1   2   3   0.000000000       0.000000000    
 
     6  0.5665492866E-02 : mode, frequency
   1   1   1   0.000000000       0.000000000     : species, atom, polarisation, eigenvector
   1   1   2   0.000000000       0.000000000    
   1   1   3  0.7071067691       0.000000000    
   1   2   1   0.000000000       0.000000000    
   1   2   2   0.000000000       0.000000000    
   1   2   3 -0.7071067691       0.000000000    
 
 
     2  0.5000000000      0.5000000000       0.000000000     : q-point, vpl
 
     1  0.3567275616E-02 : mode, frequency
   1   1   1   0.000000000       0.000000000     : species, atom, polarisation, eigenvector
   1   1   2 -0.3682490885       0.000000000    
   1   1   3  0.6036493778       0.000000000    
   1   2   1   0.000000000       0.000000000    
   1   2   2  0.6036493778       0.000000000    
   1   2   3 -0.3682490885       0.000000000    
 
     2  0.3567275616E-02 : mode, frequency
   1   1   1   0.000000000       0.000000000     : species, atom, polarisation, eigenvector
   1   1   2  0.6036493778       0.000000000    
   1   1   3  0.3682490885       0.000000000    
   1   2   1   0.000000000       0.000000000    
   1   2   2  0.3682490885       0.000000000    
   1   2   3  0.6036493778       0.000000000    
 
     3  0.4586548756E-02 : mode, frequency
   1   1   1   0.000000000       0.000000000     : species, atom, polarisation, eigenvector
   1   1   2  0.3731499314       0.000000000    
   1   1   3  0.6006322503       0.000000000    
   1   2   1   0.000000000       0.000000000    
   1   2   2 -0.6006322503       0.000000000    
   1   2   3 -0.3731499314       0.000000000    
 
     4  0.4586548756E-02 : mode, frequency
   1   1   1   0.000000000       0.000000000     : species, atom, polarisation, eigenvector
   1   1   2  0.6006322503       0.000000000    
   1   1   3 -0.3731499314       0.000000000    
   1   2   1   0.000000000       0.000000000    
   1   2   2  0.3731499314       0.000000000    
   1   2   3 -0.6006322503       0.000000000    
 
     5  0.5447689850E-02 : mode, frequency
   1   1   1   1.000000000       0.000000000     : species, atom, polarisation, eigenvector
   1   1   2   0.000000000       0.000000000    
   1   1   3   0.000000000       0.000000000    
   1   2   1   0.000000000       0.000000000    
   1   2   2   0.000000000       0.000000000    
   1   2   3   0.000000000       0.000000000    
 
     6  0.5447689850E-02 : mode, frequency
   1   1   1   0.000000000       0.000000000     : species, atom, polarisation, eigenvector
   1   1   2   0.000000000       0.000000000    
   1   1   3   0.000000000       0.000000000    
   1   2   1   1.000000000       0.000000000    
   1   2   2   0.000000000       0.000000000    
   1   2   3   0.000000000       0.000000000    
 
 
     3  0.5000000000      0.5000000000      0.5000000000     : q-point, vpl
 
     1  0.2459986047E-02 : mode, frequency
   1   1   1  0.5773502588       0.000000000     : species, atom, polarisation, eigenvector
   1   1   2 -0.2886751294       0.000000000    
   1   1   3 -0.2886751294       0.000000000    
   1   2   1 -0.5773502588       0.000000000    
   1   2   2  0.2886751294       0.000000000    
   1   2   3  0.2886751294       0.000000000    
 
     2  0.2459986047E-02 : mode, frequency
   1   1   1   0.000000000       0.000000000     : species, atom, polarisation, eigenvector
   1   1   2  0.5000000000       0.000000000    
   1   1   3 -0.5000000000       0.000000000    
   1   2   1   0.000000000       0.000000000    
   1   2   2 -0.5000000000       0.000000000    
   1   2   3  0.5000000000       0.000000000    
 
     3  0.4550505010E-02 : mode, frequency
   1   1   1  0.4082483053       0.000000000     : species, atom, polarisation, eigenvector
   1   1   2  0.4082483053       0.000000000    
   1   1   3  0.4082483053       0.000000000    
   1   2   1 -0.4082483053       0.000000000    
   1   2   2 -0.4082483053       0.000000000    
   1   2   3 -0.4082483053       0.000000000    
 
     4  0.5238724226E-02 : mode, frequency
   1   1   1  0.5773502588       0.000000000     : species, atom, polarisation, eigenvector
   1   1   2 -0.2886751294       0.000000000    
   1   1   3 -0.2886751294       0.000000000    
   1   2   1  0.5773502588       0.000000000    
   1   2   2 -0.2886751294       0.000000000    
   1   2   3 -0.2886751294       0.000000000    
 
     5  0.5238724226E-02 : mode, frequency
   1   1   1   0.000000000       0.000000000     : species, atom, polarisation, eigenvector
   1   1   2  0.5000000000       0.000000000    
   1   1   3 -0.5000000000       0.000000000    
   1   2   1   0.000000000       0.000000000    
   1   2   2  0.5000000000       0.000000000    
   1   2   3 -0.5000000000       0.000000000    
 
     6  0.5813619020E-02 : mode, frequency
   1   1   1  0.4082483053       0.000000000     : species, atom, polarisation, eigenvector
   1   1   2  0.4082483053       0.000000000    
   1   1   3  0.4082483053       0.000000000    
   1   2   1  0.4082483053       0.000000000    
   1   2   2  0.4082483053       0.000000000    
   1   2   3  0.4082483053       0.000000000    
 
