   300.0000000     -0.1360569193      0.4807790269E-03   0.000000000    
   310.0000000     -0.1360569193      0.4730285475E-03   0.000000000    
   320.0000000     -0.1360569193      0.4655983845E-03   0.000000000    
   330.0000000     -0.1360569193      0.4584843710E-03   0.000000000    
   340.0000000     -0.1360569193      0.4516794981E-03   0.000000000    
   350.0000000     -0.1360569193      0.4451746270E-03   0.000000000    
   360.0000000     -0.1360569193      0.4389590678E-03   0.000000000    
   370.0000000     -0.1360569193      0.4330210461E-03   0.000000000    
   380.0000000     -0.1360569193      0.4273480781E-03   0.000000000    
   390.0000000     -0.1360569193      0.4219272690E-03   0.000000000    
   400.0000000     -0.1360569193      0.4167455503E-03   0.000000000    
   410.0000000     -0.1360569193      0.4117898656E-03   0.000000000    
   420.0000000     -0.1360569193      0.4070473160E-03   0.000000000    
   430.0000000     -0.1360569193      0.4025052716E-03   0.000000000    
   440.0000000     -0.1360569193      0.3981514551E-03   0.000000000    
   450.0000000     -0.1360569193      0.3939740049E-03   0.000000000    
   460.0000000     -0.1360569193      0.3899615186E-03   0.000000000    
   470.0000000     -0.1360569193      0.3861030833E-03   0.000000000    
   480.0000000     -0.1360569193      0.3823882941E-03   0.000000000    
   490.0000000     -0.1360569193      0.3788072627E-03   0.000000000    
   500.0000000     -0.1360569193      0.3753506199E-03   0.000000000    
   510.0000000     -0.1360569193      0.3720095105E-03   0.000000000    
   520.0000000     -0.1360569193      0.3687755860E-03   0.000000000    
   530.0000000     -0.1360569193      0.3656409915E-03   0.000000000    
   540.0000000     -0.1360569193      0.3625983514E-03   0.000000000    
   550.0000000     -0.1360569193      0.3596407532E-03   0.000000000    
   560.0000000     -0.1360569193      0.3567617289E-03   0.000000000    
   570.0000000     -0.1360569193      0.3539552366E-03   0.000000000    
   580.0000000     -0.1360569193      0.3512156409E-03   0.000000000    
   590.0000000     -0.1360569193      0.3485376937E-03   0.000000000    
   600.0000000     -0.1360569193      0.3459165142E-03   0.000000000    
   610.0000000     -0.1360569193      0.3433475697E-03   0.000000000    
   620.0000000     -0.1360569193      0.3408266569E-03   0.000000000    
   630.0000000     -0.1360569193      0.3383498831E-03   0.000000000    
   640.0000000     -0.1360569193      0.3359136481E-03   0.000000000    
   650.0000000     -0.1360569193      0.3335146274E-03   0.000000000    
   660.0000000     -0.1360569193      0.3311497552E-03   0.000000000    
   670.0000000     -0.1360569193      0.3288162083E-03   0.000000000    
   680.0000000     -0.1360569193      0.3265113911E-03   0.000000000    
   690.0000000     -0.1360569193      0.3242329209E-03   0.000000000    
   700.0000000     -0.1360569193      0.3219786144E-03   0.000000000    
   710.0000000     -0.1360569193      0.3197464740E-03   0.000000000    
   720.0000000     -0.1360569193      0.3175346756E-03   0.000000000    
   730.0000000     -0.1360569193      0.3153415571E-03   0.000000000    
   740.0000000     -0.1360569193      0.3131656069E-03   0.000000000    
   750.0000000     -0.1360569193      0.3110054536E-03   0.000000000    
   760.0000000     -0.1360569193      0.3088598561E-03   0.000000000    
   770.0000000     -0.1360569193      0.3067276940E-03   0.000000000    
   780.0000000     -0.1360569193      0.3046079594E-03   0.000000000    
   790.0000000     -0.1360569193      0.3024997480E-03   0.000000000    
   800.0000000     -0.1360569193      0.3004022521E-03   0.000000000    
   810.0000000     -0.1360569193      0.2983147526E-03   0.000000000    
   820.0000000     -0.1360569193      0.2962366127E-03   0.000000000    
   830.0000000     -0.1360569193      0.2941672714E-03   0.000000000    
   840.0000000     -0.1360569193      0.2921062376E-03   0.000000000    
   850.0000000     -0.1360569193      0.2900530843E-03   0.000000000    
   860.0000000     -0.1360569193      0.2880074435E-03   0.000000000    
   870.0000000     -0.1360569193      0.2859690016E-03   0.000000000    
   880.0000000     -0.1360569193      0.2839374945E-03   0.000000000    
   890.0000000     -0.1360569193      0.2819127033E-03   0.000000000    
   900.0000000     -0.1360569193      0.2798944507E-03   0.000000000    
   910.0000000     -0.1360569193      0.2778825973E-03   0.000000000    
   920.0000000     -0.1360569193      0.2758770375E-03   0.000000000    
   930.0000000     -0.1360569193      0.2738776973E-03   0.000000000    
   940.0000000     -0.1360569193      0.2718845306E-03   0.000000000    
   950.0000000     -0.1360569193      0.2698975167E-03   0.000000000    
   960.0000000     -0.1360569193      0.2679166576E-03   0.000000000    
   970.0000000     -0.1360569193      0.2659419760E-03   0.000000000    
   980.0000000     -0.1360569193      0.2639735126E-03   0.000000000    
   990.0000000     -0.1360569193      0.2620113243E-03   0.000000000    
   1000.000000     -0.1360569193      0.2600554824E-03   0.000000000    
   1010.000000     -0.1360569193      0.2581060707E-03   0.000000000    
   1020.000000     -0.1360569193      0.2561631838E-03   0.000000000    
   1030.000000     -0.1360569193      0.2542269259E-03   0.000000000    
   1040.000000     -0.1360569193      0.2522974092E-03   0.000000000    
   1050.000000     -0.1360569193      0.2503747526E-03   0.000000000    
   1060.000000     -0.1360569193      0.2484590809E-03   0.000000000    
   1070.000000     -0.1360569193      0.2465505232E-03   0.000000000    
   1080.000000     -0.1360569193      0.2446492122E-03   0.000000000    
   1090.000000     -0.1360569193      0.2427552835E-03   0.000000000    
   1100.000000     -0.1360569193      0.2408688744E-03   0.000000000    
   1110.000000     -0.1360569193      0.2389901232E-03   0.000000000    
   1120.000000     -0.1360569193      0.2371191689E-03   0.000000000    
   1130.000000     -0.1360569193      0.2352561502E-03   0.000000000    
   1140.000000     -0.1360569193      0.2334012050E-03   0.000000000    
   1150.000000     -0.1360569193      0.2315544700E-03   0.000000000    
   1160.000000     -0.1360569193      0.2297160803E-03   0.000000000    
   1170.000000     -0.1360569193      0.2278861685E-03   0.000000000    
   1180.000000     -0.1360569193      0.2260648653E-03   0.000000000    
   1190.000000     -0.1360569193      0.2242522980E-03   0.000000000    
   1200.000000     -0.1360569193      0.2224485912E-03   0.000000000    
   300.0000000       0.000000000     -0.5473012825E-04   0.000000000    
   310.0000000       0.000000000     -0.5027057737E-04   0.000000000    
   320.0000000       0.000000000     -0.4632156554E-04   0.000000000    
   330.0000000       0.000000000     -0.4283607047E-04   0.000000000    
   340.0000000       0.000000000     -0.3976888445E-04   0.000000000    
   350.0000000       0.000000000     -0.3707744643E-04   0.000000000    
   360.0000000       0.000000000     -0.3472229369E-04   0.000000000    
   370.0000000       0.000000000     -0.3266725297E-04   0.000000000    
   380.0000000       0.000000000     -0.3087945682E-04   0.000000000    
   390.0000000       0.000000000     -0.2932924615E-04   0.000000000    
   400.0000000       0.000000000     -0.2799000201E-04   0.000000000    
   410.0000000       0.000000000     -0.2683793676E-04   0.000000000    
   420.0000000       0.000000000     -0.2585186564E-04   0.000000000    
   430.0000000       0.000000000     -0.2501297290E-04   0.000000000    
   440.0000000       0.000000000     -0.2430458203E-04   0.000000000    
   450.0000000       0.000000000     -0.2371193614E-04   0.000000000    
   460.0000000       0.000000000     -0.2322199206E-04   0.000000000    
   470.0000000       0.000000000     -0.2282323030E-04   0.000000000    
   480.0000000       0.000000000     -0.2250548136E-04   0.000000000    
   490.0000000       0.000000000     -0.2225976864E-04   0.000000000    
   500.0000000       0.000000000     -0.2207816727E-04   0.000000000    
   510.0000000       0.000000000     -0.2195367793E-04   0.000000000    
   520.0000000       0.000000000     -0.2188011476E-04   0.000000000    
   530.0000000       0.000000000     -0.2185200609E-04   0.000000000    
   540.0000000       0.000000000     -0.2186450686E-04   0.000000000    
   550.0000000       0.000000000     -0.2191332151E-04   0.000000000    
   560.0000000       0.000000000     -0.2199463633E-04   0.000000000    
   570.0000000       0.000000000     -0.2210506021E-04   0.000000000    
   580.0000000       0.000000000     -0.2224157278E-04   0.000000000    
   590.0000000       0.000000000     -0.2240147909E-04   0.000000000    
   600.0000000       0.000000000     -0.2258237011E-04   0.000000000    
   610.0000000       0.000000000     -0.2278208823E-04   0.000000000    
   620.0000000       0.000000000     -0.2299869726E-04   0.000000000    
   630.0000000       0.000000000     -0.2323045614E-04   0.000000000    
   640.0000000       0.000000000     -0.2347579624E-04   0.000000000    
   650.0000000       0.000000000     -0.2373330137E-04   0.000000000    
   660.0000000       0.000000000     -0.2400169047E-04   0.000000000    
   670.0000000       0.000000000     -0.2427980245E-04   0.000000000    
   680.0000000       0.000000000     -0.2456658299E-04   0.000000000    
   690.0000000       0.000000000     -0.2486107297E-04   0.000000000    
   700.0000000       0.000000000     -0.2516239835E-04   0.000000000    
   710.0000000       0.000000000     -0.2546976130E-04   0.000000000    
   720.0000000       0.000000000     -0.2578243244E-04   0.000000000    
   730.0000000       0.000000000     -0.2609974395E-04   0.000000000    
   740.0000000       0.000000000     -0.2642108358E-04   0.000000000    
   750.0000000       0.000000000     -0.2674588931E-04   0.000000000    
   760.0000000       0.000000000     -0.2707364463E-04   0.000000000    
   770.0000000       0.000000000     -0.2740387440E-04   0.000000000    
   780.0000000       0.000000000     -0.2773614112E-04   0.000000000    
   790.0000000       0.000000000     -0.2807004161E-04   0.000000000    
   800.0000000       0.000000000     -0.2840520409E-04   0.000000000    
   810.0000000       0.000000000     -0.2874128555E-04   0.000000000    
   820.0000000       0.000000000     -0.2907796932E-04   0.000000000    
   830.0000000       0.000000000     -0.2941496302E-04   0.000000000    
   840.0000000       0.000000000     -0.2975199658E-04   0.000000000    
   850.0000000       0.000000000     -0.3008882054E-04   0.000000000    
   860.0000000       0.000000000     -0.3042520444E-04   0.000000000    
   870.0000000       0.000000000     -0.3076093543E-04   0.000000000    
   880.0000000       0.000000000     -0.3109581696E-04   0.000000000    
   890.0000000       0.000000000     -0.3142966758E-04   0.000000000    
   900.0000000       0.000000000     -0.3176231985E-04   0.000000000    
   910.0000000       0.000000000     -0.3209361939E-04   0.000000000    
   920.0000000       0.000000000     -0.3242342391E-04   0.000000000    
   930.0000000       0.000000000     -0.3275160241E-04   0.000000000    
   940.0000000       0.000000000     -0.3307803442E-04   0.000000000    
   950.0000000       0.000000000     -0.3340260923E-04   0.000000000    
   960.0000000       0.000000000     -0.3372522531E-04   0.000000000    
   970.0000000       0.000000000     -0.3404578962E-04   0.000000000    
   980.0000000       0.000000000     -0.3436421711E-04   0.000000000    
   990.0000000       0.000000000     -0.3468043018E-04   0.000000000    
   1000.000000       0.000000000     -0.3499435818E-04   0.000000000    
   1010.000000       0.000000000     -0.3530593695E-04   0.000000000    
   1020.000000       0.000000000     -0.3561510844E-04   0.000000000    
   1030.000000       0.000000000     -0.3592182029E-04   0.000000000    
   1040.000000       0.000000000     -0.3622602545E-04   0.000000000    
   1050.000000       0.000000000     -0.3652768189E-04   0.000000000    
   1060.000000       0.000000000     -0.3682675222E-04   0.000000000    
   1070.000000       0.000000000     -0.3712320344E-04   0.000000000    
   1080.000000       0.000000000     -0.3741700663E-04   0.000000000    
   1090.000000       0.000000000     -0.3770813674E-04   0.000000000    
   1100.000000       0.000000000     -0.3799657226E-04   0.000000000    
   1110.000000       0.000000000     -0.3828229508E-04   0.000000000    
   1120.000000       0.000000000     -0.3856529022E-04   0.000000000    
   1130.000000       0.000000000     -0.3884554566E-04   0.000000000    
   1140.000000       0.000000000     -0.3912305212E-04   0.000000000    
   1150.000000       0.000000000     -0.3939780294E-04   0.000000000    
   1160.000000       0.000000000     -0.3966979382E-04   0.000000000    
   1170.000000       0.000000000     -0.3993902278E-04   0.000000000    
   1180.000000       0.000000000     -0.4020548991E-04   0.000000000    
   1190.000000       0.000000000     -0.4046919730E-04   0.000000000    
   1200.000000       0.000000000     -0.4073014888E-04   0.000000000    
   300.0000000      0.1360569193     -0.4608466050E-03   0.000000000    
   310.0000000      0.1360569193     -0.4538548344E-03   0.000000000    
   320.0000000      0.1360569193     -0.4473021347E-03   0.000000000    
   330.0000000      0.1360569193     -0.4411522518E-03   0.000000000    
   340.0000000      0.1360569193     -0.4353718717E-03   0.000000000    
   350.0000000      0.1360569193     -0.4299304254E-03   0.000000000    
   360.0000000      0.1360569193     -0.4247998925E-03   0.000000000    
   370.0000000      0.1360569193     -0.4199546067E-03   0.000000000    
   380.0000000      0.1360569193     -0.4153710696E-03   0.000000000    
   390.0000000      0.1360569193     -0.4110277724E-03   0.000000000    
   400.0000000      0.1360569193     -0.4069050295E-03   0.000000000    
   410.0000000      0.1360569193     -0.4029848229E-03   0.000000000    
   420.0000000      0.1360569193     -0.3992506579E-03   0.000000000    
   430.0000000      0.1360569193     -0.3956874304E-03   0.000000000    
   440.0000000      0.1360569193     -0.3922813059E-03   0.000000000    
   450.0000000      0.1360569193     -0.3890196076E-03   0.000000000    
   460.0000000      0.1360569193     -0.3858907160E-03   0.000000000    
   470.0000000      0.1360569193     -0.3828839761E-03   0.000000000    
   480.0000000      0.1360569193     -0.3799896143E-03   0.000000000    
   490.0000000      0.1360569193     -0.3771986624E-03   0.000000000    
   500.0000000      0.1360569193     -0.3745028889E-03   0.000000000    
   510.0000000      0.1360569193     -0.3718947368E-03   0.000000000    
   520.0000000      0.1360569193     -0.3693672669E-03   0.000000000    
   530.0000000      0.1360569193     -0.3669141070E-03   0.000000000    
   540.0000000      0.1360569193     -0.3645294052E-03   0.000000000    
   550.0000000      0.1360569193     -0.3622077875E-03   0.000000000    
   560.0000000      0.1360569193     -0.3599443196E-03   0.000000000    
   570.0000000      0.1360569193     -0.3577344722E-03   0.000000000    
   580.0000000      0.1360569193     -0.3555740883E-03   0.000000000    
   590.0000000      0.1360569193     -0.3534593546E-03   0.000000000    
   600.0000000      0.1360569193     -0.3513867749E-03   0.000000000    
   610.0000000      0.1360569193     -0.3493531451E-03   0.000000000    
   620.0000000      0.1360569193     -0.3473555311E-03   0.000000000    
   630.0000000      0.1360569193     -0.3453912478E-03   0.000000000    
   640.0000000      0.1360569193     -0.3434578404E-03   0.000000000    
   650.0000000      0.1360569193     -0.3415530666E-03   0.000000000    
   660.0000000      0.1360569193     -0.3396748801E-03   0.000000000    
   670.0000000      0.1360569193     -0.3378214163E-03   0.000000000    
   680.0000000      0.1360569193     -0.3359909775E-03   0.000000000    
   690.0000000      0.1360569193     -0.3341820206E-03   0.000000000    
   700.0000000      0.1360569193     -0.3323931449E-03   0.000000000    
   710.0000000      0.1360569193     -0.3306230809E-03   0.000000000    
   720.0000000      0.1360569193     -0.3288706804E-03   0.000000000    
   730.0000000      0.1360569193     -0.3271349064E-03   0.000000000    
   740.0000000      0.1360569193     -0.3254148245E-03   0.000000000    
   750.0000000      0.1360569193     -0.3237095947E-03   0.000000000    
   760.0000000      0.1360569193     -0.3220184633E-03   0.000000000    
   770.0000000      0.1360569193     -0.3203407563E-03   0.000000000    
   780.0000000      0.1360569193     -0.3186758724E-03   0.000000000    
   790.0000000      0.1360569193     -0.3170232768E-03   0.000000000    
   800.0000000      0.1360569193     -0.3153824958E-03   0.000000000    
   810.0000000      0.1360569193     -0.3137531112E-03   0.000000000    
   820.0000000      0.1360569193     -0.3121347555E-03   0.000000000    
   830.0000000      0.1360569193     -0.3105271071E-03   0.000000000    
   840.0000000      0.1360569193     -0.3089298865E-03   0.000000000    
   850.0000000      0.1360569193     -0.3073428521E-03   0.000000000    
   860.0000000      0.1360569193     -0.3057657966E-03   0.000000000    
   870.0000000      0.1360569193     -0.3041985436E-03   0.000000000    
   880.0000000      0.1360569193     -0.3026409445E-03   0.000000000    
   890.0000000      0.1360569193     -0.3010928759E-03   0.000000000    
   900.0000000      0.1360569193     -0.2995542366E-03   0.000000000    
   910.0000000      0.1360569193     -0.2980249455E-03   0.000000000    
   920.0000000      0.1360569193     -0.2965049391E-03   0.000000000    
   930.0000000      0.1360569193     -0.2949941696E-03   0.000000000    
   940.0000000      0.1360569193     -0.2934926030E-03   0.000000000    
   950.0000000      0.1360569193     -0.2920002173E-03   0.000000000    
   960.0000000      0.1360569193     -0.2905170010E-03   0.000000000    
   970.0000000      0.1360569193     -0.2890429517E-03   0.000000000    
   980.0000000      0.1360569193     -0.2875780747E-03   0.000000000    
   990.0000000      0.1360569193     -0.2861223817E-03   0.000000000    
   1000.000000      0.1360569193     -0.2846758899E-03   0.000000000    
   1010.000000      0.1360569193     -0.2832386210E-03   0.000000000    
   1020.000000      0.1360569193     -0.2818106001E-03   0.000000000    
   1030.000000      0.1360569193     -0.2803918552E-03   0.000000000    
   1040.000000      0.1360569193     -0.2789824161E-03   0.000000000    
   1050.000000      0.1360569193     -0.2775823142E-03   0.000000000    
   1060.000000      0.1360569193     -0.2761915813E-03   0.000000000    
   1070.000000      0.1360569193     -0.2748102496E-03   0.000000000    
   1080.000000      0.1360569193     -0.2734383513E-03   0.000000000    
   1090.000000      0.1360569193     -0.2720759174E-03   0.000000000    
   1100.000000      0.1360569193     -0.2707229784E-03   0.000000000    
   1110.000000      0.1360569193     -0.2693795631E-03   0.000000000    
   1120.000000      0.1360569193     -0.2680456988E-03   0.000000000    
   1130.000000      0.1360569193     -0.2667214109E-03   0.000000000    
   1140.000000      0.1360569193     -0.2654067227E-03   0.000000000    
   1150.000000      0.1360569193     -0.2641016553E-03   0.000000000    
   1160.000000      0.1360569193     -0.2628062273E-03   0.000000000    
   1170.000000      0.1360569193     -0.2615204548E-03   0.000000000    
   1180.000000      0.1360569193     -0.2602443513E-03   0.000000000    
   1190.000000      0.1360569193     -0.2589779276E-03   0.000000000    
   1200.000000      0.1360569193     -0.2577211916E-03   0.000000000    
