 -0.5000000000       0.000000000    
 -0.4949748744       0.000000000    
 -0.4899497487       0.000000000    
 -0.4849246231       0.000000000    
 -0.4798994975       0.000000000    
 -0.4748743719       0.000000000    
 -0.4698492462       0.000000000    
 -0.4648241206       0.000000000    
 -0.4597989950       0.000000000    
 -0.4547738693       0.000000000    
 -0.4497487437      0.1025457101E-01
 -0.4447236181      0.1050068072    
 -0.4396984925      0.3502961458    
 -0.4346733668      0.6899275378    
 -0.4296482412       1.164919267    
 -0.4246231156       1.825313640    
 -0.4195979899       2.705566016    
 -0.4145728643       3.784346887    
 -0.4095477387       5.270849501    
 -0.4045226131       7.156870202    
 -0.3994974874       10.73038311    
 -0.3944723618       20.66665224    
 -0.3894472362       23.91037814    
 -0.3844221106       23.95713898    
 -0.3793969849       25.28859249    
 -0.3743718593       26.81447265    
 -0.3693467337       28.29113088    
 -0.3643216080       30.10331867    
 -0.3592964824       33.19855838    
 -0.3542713568       39.37016940    
 -0.3492462312       39.50142791    
 -0.3442211055       34.15510477    
 -0.3391959799       25.32961077    
 -0.3341708543       12.91091509    
 -0.3291457286      0.7087959485    
 -0.3241206030       0.000000000    
 -0.3190954774       0.000000000    
 -0.3140703518       0.000000000    
 -0.3090452261       0.000000000    
 -0.3040201005       0.000000000    
 -0.2989949749       0.000000000    
 -0.2939698492       0.000000000    
 -0.2889447236       0.000000000    
 -0.2839195980       0.000000000    
 -0.2788944724       0.000000000    
 -0.2738693467       0.000000000    
 -0.2688442211       0.000000000    
 -0.2638190955       0.000000000    
 -0.2587939698       7.319302607    
 -0.2537688442       21.87176942    
 -0.2487437186       31.80721819    
 -0.2437185930       34.84257121    
 -0.2386934673       37.22081132    
 -0.2336683417       38.23232220    
 -0.2286432161       36.02389779    
 -0.2236180905       32.06481301    
 -0.2185929648       29.51675721    
 -0.2135678392       26.81939485    
 -0.2085427136       21.70195373    
 -0.2035175879       16.24488122    
 -0.1984924623       12.91091509    
 -0.1934673367       8.061733548    
 -0.1884422111       6.245443930    
 -0.1834170854       5.078063566    
 -0.1783919598       4.306099460    
 -0.1733668342       7.841875546    
 -0.1683417085       12.69515891    
 -0.1633165829       17.09231897    
 -0.1582914573       20.03168920    
 -0.1532663317       22.77335131    
 -0.1482412060       25.32797004    
 -0.1432160804       26.63153111    
 -0.1381909548       25.15979507    
 -0.1331658291       21.35083722    
 -0.1281407035       19.91191581    
 -0.1231155779       18.53288110    
 -0.1180904523       17.86428307    
 -0.1130653266       17.16451115    
 -0.1080402010       16.67967503    
 -0.1030150754       15.99795115    
 -0.9798994975E-01   18.99392661    
 -0.9296482412E-01   52.17525732    
 -0.8793969849E-01   94.29119065    
 -0.8291457286E-01   78.60251737    
 -0.7788944724E-01   74.26360328    
 -0.7286432161E-01   62.90482006    
 -0.6783919598E-01   46.18412675    
 -0.6281407035E-01   32.88599906    
 -0.5778894472E-01   24.67906078    
 -0.5276381910E-01   17.53203497    
 -0.4773869347E-01   11.88053579    
 -0.4271356784E-01   8.770529497    
 -0.3768844221E-01   6.395570850    
 -0.3266331658E-01   4.327428968    
 -0.2763819095E-01   2.822878309    
 -0.2261306533E-01   1.344579351    
 -0.1758793970E-01  0.5307765957    
 -0.1256281407E-01  0.9147077344E-01
 -0.7537688442E-02   0.000000000    
 -0.2512562814E-02   0.000000000    
  0.2512562814E-02   0.000000000    
  0.7537688442E-02   0.000000000    
  0.1256281407E-01  0.3543979742    
  0.1758793970E-01   3.270797971    
  0.2261306533E-01   12.19965804    
  0.2763819095E-01   37.01982173    
  0.3266331658E-01   81.20143585    
  0.3768844221E-01   117.2286151    
  0.4271356784E-01   93.61028714    
  0.4773869347E-01   27.25993122    
  0.5276381910E-01   12.28743717    
  0.5778894472E-01   7.216756897    
  0.6281407035E-01   4.008306718    
  0.6783919598E-01   2.347066214    
  0.7286432161E-01   2.007434822    
  0.7788944724E-01   3.003358758    
  0.8291457286E-01   6.812726799    
  0.8793969849E-01   16.36465461    
  0.9296482412E-01   17.17599627    
  0.9798994975E-01   13.86089855    
  0.1030150754       14.68700679    
  0.1080402010       16.47007160    
  0.1130653266       19.33683947    
  0.1180904523       22.64783536    
  0.1231155779       24.47643046    
  0.1281407035       26.62907001    
  0.1331658291       27.64058089    
  0.1381909548       28.94660306    
  0.1432160804       29.24521617    
  0.1482412060       30.09593538    
  0.1532663317       30.68741903    
  0.1582914573       30.71449110    
  0.1633165829       31.15174601    
  0.1683417085       32.06645374    
  0.1733668342       33.02792232    
  0.1783919598       34.79416963    
  0.1834170854       34.79088817    
  0.1884422111       33.07960536    
  0.1934673367       29.93842517    
  0.1984924623       26.68567524    
  0.2035175879       26.11059890    
  0.2085427136       26.73735828    
  0.2135678392       28.15330944    
  0.2185929648       30.74730573    
  0.2236180905       38.92799230    
  0.2286432161       29.21896446    
  0.2336683417       21.56495266    
  0.2386934673       16.66244735    
  0.2437185930       23.73153842    
  0.2487437186       151.5436912    
  0.2537688442       94.31169980    
  0.2587939698       80.61077256    
  0.2638190955       56.82180854    
  0.2688442211       58.60979554    
  0.2738693467       106.9908616    
  0.2788944724       107.4859523    
  0.2839195980       100.5202273    
  0.2889447236       91.40186272    
  0.2939698492       75.54665521    
  0.2989949749       58.06958474    
  0.3040201005       47.35724967    
  0.3090452261       41.23568096    
  0.3140703518       29.05981352    
  0.3190954774       15.41385078    
  0.3241206030       8.544928934    
  0.3291457286       4.668701091    
  0.3341708543       2.350347676    
  0.3391959799      0.9475223617    
  0.3442211055      0.2657984807    
  0.3492462312      0.4676084382E-01
  0.3542713568       0.000000000    
  0.3592964824       0.000000000    
  0.3643216080       0.000000000    
  0.3693467337       0.000000000    
  0.3743718593       0.000000000    
  0.3793969849       0.000000000    
  0.3844221106       0.000000000    
  0.3894472362       0.000000000    
  0.3944723618       0.000000000    
  0.3994974874       0.000000000    
  0.4045226131       0.000000000    
  0.4095477387       0.000000000    
  0.4145728643       0.000000000    
  0.4195979899       0.000000000    
  0.4246231156       0.000000000    
  0.4296482412       0.000000000    
  0.4346733668       0.000000000    
  0.4396984925       0.000000000    
  0.4447236181       0.000000000    
  0.4497487437       0.000000000    
  0.4547738693       0.000000000    
  0.4597989950       0.000000000    
  0.4648241206       0.000000000    
  0.4698492462       0.000000000    
  0.4748743719       0.000000000    
  0.4798994975       0.000000000    
  0.4849246231       0.000000000    
  0.4899497487       0.000000000    
  0.4949748744       0.000000000    
  0.5000000000       0.000000000    
     
