  0.5805095223E-01  0.1527341466E-02  0.1190981384E-01
  0.1161019045      0.1270008283E-01  0.2716797837E-01
  0.1741528567      0.2716836132E-01  0.4494619652E-01
  0.2322038089      0.4300142401E-01  0.6432210206E-01
  0.2902547612      0.5854124528E-01  0.8453659427E-01
  0.3483057134      0.7233397314E-01  0.1048904516    
  0.4063566656      0.8322206167E-01  0.1246549170    
  0.4644076179      0.9046613852E-01  0.1430431149    
  0.5224585701      0.9382909964E-01  0.1592642322    
  0.5805095223      0.9357363118E-01  0.1726417364    
  0.6385604746      0.9035799078E-01  0.1827399090    
  0.6966114268      0.8505987941E-01  0.1894384826    
  0.7546623791      0.7858705800E-01  0.1929259350    
  0.8127133313      0.7172946221E-01  0.1936227858    
  0.8707642835      0.6508078870E-01  0.1920707633    
  0.9288152358      0.5902901495E-01  0.1888257920    
  0.9868661880      0.5379711479E-01  0.1843819805    
   1.044917140      0.4950704834E-01  0.1791395335    
   1.102968092      0.4623927475E-01  0.1734143921    
   1.161019045      0.4406776052E-01  0.1674733839    
   1.219069997      0.4306621253E-01  0.1615726373    
   1.277120949      0.4329598557E-01  0.1559843798    
   1.335171901      0.4478831974E-01  0.1510118886    
   1.393222854      0.4752282532E-01  0.1469998541    
   1.451273806      0.5139345695E-01  0.1443397380    
   1.509324758      0.5615699493E-01  0.1434540880    
   1.567375710      0.6137949198E-01  0.1447376584    
   1.625426663      0.6641833558E-01  0.1484502298    
   1.683477615      0.7047823988E-01  0.1545909609    
   1.741528567      0.7274863153E-01  0.1628110596    
   1.799579519      0.7258560762E-01  0.1724156606    
   1.857630472      0.6967550328E-01  0.1824689613    
   1.915681424      0.6412379866E-01  0.1919749137    
   1.973732376      0.5644092301E-01  0.2000817612    
   2.031783328      0.4742679956E-01  0.2062542239    
   2.089834280      0.3798318021E-01  0.2103639029    
   2.147885233      0.2890881857E-01  0.2126679631    
   2.205936185      0.2074605564E-01  0.2136848892    
   2.263987137      0.1372849981E-01  0.2140209161    
   2.322038089      0.7830638477E-02  0.2142196310    
   2.380089042      0.2874066526E-02  0.2146845116    
   2.438139994     -0.1368171538E-02  0.2156796461    
   2.496190946     -0.5108656703E-02  0.2173802952    
   2.554241898     -0.8535687924E-02  0.2199359599    
   2.612292851     -0.1184824164E-01  0.2235146452    
   2.670343803     -0.1531526092E-01  0.2283065449    
   2.728394755     -0.1932950311E-01  0.2344789916    
   2.786445707     -0.2442561632E-01  0.2420939481    
   2.844496659     -0.3124524416E-01  0.2510152400    
   2.902547612     -0.4045047193E-01  0.2608350536    
   2.960598564     -0.5259812608E-01  0.2708417883    
   3.018649516     -0.6799092542E-01  0.2800465231    
   3.076700468     -0.8652925534E-01  0.2872863964    
   3.134751421     -0.1076072707      0.2914167370    
   3.192802373     -0.1301159868      0.2915719297    
   3.250853325     -0.1526022490      0.2874222278    
   3.308904277     -0.1735700766      0.2793209840    
   3.366955230     -0.1918357780      0.2682659551    
   3.425006182     -0.2068205990      0.2556740633    
   3.483057134     -0.2186944258      0.2430307584    
   3.541108086     -0.2283253208      0.2314985413    
   3.599159039     -0.2370212433      0.2215863155    
   3.657209991     -0.2461070124      0.2130023718    
   3.715260943     -0.2564735618      0.2047839855    
   3.773311895     -0.2682933503      0.1956757304    
   3.831362847     -0.2810286888      0.1845855848    
   3.889413800     -0.2936962707      0.1709087782    
   3.947464752     -0.3052223804      0.1546099952    
   4.005515704     -0.3147201543      0.1361015740    
   4.063566656     -0.3216125974      0.1160375665    
   4.121617609     -0.3256227317      0.9513311756E-01
   4.179668561     -0.3266986262      0.7406000971E-01
   4.237719513     -0.3249365404      0.5341374663E-01
   4.295770465     -0.3205353994      0.3371806751E-01
   4.353821418     -0.3137824259      0.1543094761E-01
   4.411872370     -0.3050494272     -0.1065167823E-02
   4.469923322     -0.2947812108     -0.1548371926E-01
   4.527974274     -0.2834732888     -0.2765246177E-01
   4.586025227     -0.2716448922     -0.3752608266E-01
   4.644076179     -0.2598077761     -0.4519617956E-01
   4.702127131     -0.2484246110     -0.5089594025E-01
   4.760178083     -0.2378565278     -0.5498716327E-01
   4.818229035     -0.2283132778     -0.5791897227E-01
   4.876279988     -0.2198257531     -0.6016205147E-01
   4.934330940     -0.2122520064     -0.6213575530E-01
   4.992381892     -0.2053133653     -0.6414642331E-01
   5.050432844     -0.1986494547     -0.6634653754E-01
   5.108483797     -0.1918822119     -0.6871657236E-01
   5.166534749     -0.1846824918     -0.7106950670E-01
   5.224585701     -0.1768333138     -0.7307881470E-01
   5.282636653     -0.1682818156     -0.7433007520E-01
   5.340687606     -0.1591701003     -0.7439328542E-01
   5.398738558     -0.1498347224     -0.7290784618E-01
   5.456789510     -0.1407676539     -0.6966535049E-01
   5.514840462     -0.1325405535     -0.6467035205E-01
   5.572891415     -0.1257061006     -0.5816188748E-01
   5.630942367     -0.1206975256     -0.5058849630E-01
   5.688993319     -0.1177476291     -0.4254021566E-01
   5.747044271     -0.1168455557     -0.3464939093E-01
   5.805095223     -0.1177442955     -0.2748080299E-01
   5.863146176     -0.1200197165     -0.2143904278E-01
   5.921197128     -0.1231637971     -0.1671833885E-01
   5.979248080     -0.1266827354     -0.1330337223E-01
   6.037299032     -0.1301750705     -0.1101008034E-01
   6.095349985     -0.1333799048     -0.9547951897E-02
   6.153400937     -0.1361953344     -0.8590201624E-02
   6.211451889     -0.1386674191     -0.7842525441E-02
   6.269502841     -0.1409506224     -0.7097947720E-02
   6.327553794     -0.1432498920     -0.6263127944E-02
   6.385604746     -0.1457652757     -0.5351108340E-02
   6.443655698     -0.1486581048     -0.4452909306E-02
   6.501706650     -0.1520413342     -0.3709532111E-02
   6.559757603     -0.1559800796     -0.3297603886E-02
   6.617808555     -0.1604863825     -0.3424901831E-02
   6.675859507     -0.1655038642     -0.4322131958E-02
   6.733910459     -0.1708910825     -0.6220779441E-02
   6.791961411     -0.1764172858     -0.9318616839E-02
   6.850012364     -0.1817778918     -0.1374573836E-01
   6.908063316     -0.1866229654     -0.1954579507E-01
   6.966114268     -0.1905811479     -0.2667507957E-01
   7.024165220     -0.1932662415     -0.3500382295E-01
   7.082216173     -0.1942748293     -0.4429666701E-01
   7.140267125     -0.1932053255     -0.5416477514E-01
   7.198318077     -0.1897305436     -0.6401443328E-01
   7.256369029     -0.1837277726     -0.7304398826E-01
   7.314419982     -0.1754236456     -0.8033862776E-01
   7.372470934     -0.1654735215     -0.8507047926E-01
   7.430521886     -0.1548994290     -0.8674366165E-01
   7.488572838     -0.1448726784     -0.8537250656E-01
   7.546623791     -0.1364180117     -0.8149488872E-01
   7.604674743     -0.1301685458     -0.7600630124E-01
   7.662725695     -0.1262705621     -0.6989483606E-01
   7.720776647     -0.1244518632     -0.6399341430E-01
   7.778827599     -0.1241946063     -0.5883176837E-01
   7.836878552     -0.1249316901     -0.5461006279E-01
   7.894929504     -0.1262028354     -0.5127096439E-01
   7.952980456     -0.1277345770     -0.4862608514E-01
   8.011031408     -0.1294357075     -0.4648632049E-01
   8.069082361     -0.1313270710     -0.4475054389E-01
   8.127133313     -0.1334471708     -0.4342766809E-01
   8.185184265     -0.1357793656     -0.4259994774E-01
   8.243235217     -0.1382247664     -0.4236181098E-01
   8.301286170     -0.1406124539     -0.4276686061E-01
   8.359337122     -0.1427269593     -0.4379036389E-01
   8.417388074     -0.1443504260     -0.4530121778E-01
   8.475439026     -0.1453277303     -0.4705564306E-01
   8.533489978     -0.1456372601     -0.4874022773E-01
   8.591540931     -0.1454195266     -0.5006335220E-01
   8.649591883     -0.1449336045     -0.5084520241E-01