 
Species :    1 (Ti), atom :    1
 n =  1, l =  0, k =  1 :   -178.2875257    
 n =  2, l =  0, k =  1 :   -19.33482232    
 n =  2, l =  1, k =  1 :   -16.08151431    
 n =  2, l =  1, k =  2 :   -15.86989435    
 
Species :    1 (Ti), atom :    2
 n =  1, l =  0, k =  1 :   -178.2875257    
 n =  2, l =  0, k =  1 :   -19.33482232    
 n =  2, l =  1, k =  1 :   -16.08151431    
 n =  2, l =  1, k =  2 :   -15.86989435    
 
Species :    2 (O), atom :    1
 n =  1, l =  0, k =  1 :   -18.29428851    
 
Species :    2 (O), atom :    2
 n =  1, l =  0, k =  1 :   -18.29428851    
 
Species :    2 (O), atom :    3
 n =  1, l =  0, k =  1 :   -18.29428851    
 
Species :    2 (O), atom :    4
 n =  1, l =  0, k =  1 :   -18.29428851    
