   0.000000000      -1.920905674      0.5270710629E-01   1.921628645    
  0.2040853790E-01  -1.941487431      0.5378160785E-01   1.942232197    
  0.4081707579E-01  -1.962521165      0.5488518284E-01   1.963288493    
  0.6122561369E-01  -1.984020478      0.5601820892E-01   1.984811149    
  0.8163415158E-01  -2.005999283      0.5718091943E-01   2.006814088    
  0.1020426895      -2.028471767      0.5837335828E-01   2.029311499    
  0.1224512274      -2.051452336      0.5959532234E-01   2.052317784    
  0.1428597653      -2.074955538      0.6084628773E-01   2.075847479    
  0.1632683032      -2.098995970      0.6212531492E-01   2.099915150    
  0.1836768411      -2.123588145      0.6343092604E-01   2.124535265    
  0.2040853790      -2.148746320      0.6476094507E-01   2.149722012    
  0.2244939168      -2.174484275      0.6611228861E-01   2.175489071    
  0.2449024547      -2.200815018      0.6748068943E-01   2.201849310    
  0.2653109926      -2.227750405      0.6886032858E-01   2.228814396    
  0.2857195305      -2.255300642      0.7024334074E-01   2.256394272    
  0.3061280684      -2.283473627      0.7161914260E-01   2.284596487    
  0.3265366063      -2.312274098      0.7297351038E-01   2.313425304    
  0.3469451442      -2.341702490      0.7428729660E-01   2.342880525    
  0.3673536821      -2.371753448      0.7553462040E-01   2.372955941    
  0.3877622200      -2.402413833      0.7668027580E-01   2.403637263    
  0.4081707579      -2.433660082      0.7767595717E-01   2.434899372    
  0.4285792958      -2.465454693      0.7845465889E-01   2.466702652    
  0.4489878337      -2.497741571      0.7892219446E-01   2.498988129    
  0.4693963716      -2.530439951      0.7894406200E-01   2.531671091    
  0.4898049095      -2.563436708      0.7832459756E-01   2.564633015    
  0.5102134474      -2.596577357      0.7677299967E-01   2.597712083    
  0.5306219853      -2.629657648      0.7384638475E-01   2.630694326    
  0.5510305232      -2.662422476      0.6885161480E-01   2.663312596    
  0.5714390611      -2.694592872      0.6067174302E-01   2.695275831    
  0.5918475990      -2.725983163      0.4745494196E-01   2.726396188    
  0.6122561369      -2.756892673      0.2606839582E-01   2.757015918    
  0.6326646747      -2.789311257     -0.8736986576E-02   2.789324940    
  0.6530732126      -2.830361734     -0.6482557172E-01   2.831104007    
  0.6734817505      -2.900118952     -0.1484369381       2.903915195    
  0.6938902884      -3.035727424     -0.2412024341       3.045294666    
  0.7142988263      -3.243428994     -0.2712093875       3.254748250    
  0.7347073642      -3.435688017     -0.1985416188       3.441419900    
  0.7551159021      -3.553388745     -0.9172954715E-01   3.554572532    
  0.7755244400      -3.623886308     -0.5501098850E-02   3.623890483    
  0.7959329779      -3.679922702      0.5453405373E-01   3.680326759    
  0.8163415158      -3.736177209      0.9648077576E-01   3.737422732    
  0.8367500537      -3.797575708      0.1274602457       3.799714117    
  0.8571585916      -3.865514219      0.1519898990       3.868501144    
  0.8775671295      -3.940306916      0.1727874310       3.944093570    
  0.8979756674      -4.022020846      0.1915199693       4.026578148    
  0.9183842053      -4.110746744      0.2092615553       4.116069629    
  0.9387927432      -4.206682904      0.2267524696       4.212789781    
  0.9592012811      -4.310160129      0.2445472537       4.317092042    
  0.9796098190      -4.421651324      0.2631029786       4.429472159    
   1.000018357      -4.541780902      0.2828360478       4.550579083    
   1.020426895      -4.671339707      0.3041632636       4.681231670    
   1.040835433      -4.811308325      0.3275366045       4.822444196    
   1.061243971      -4.962891207      0.3534783521       4.975463403    
   1.081652508      -5.127564699      0.3826225312       5.141820664    
   1.102061046      -5.307143406      0.4157696386       5.323404505    
   1.122469584      -5.503871319      0.4539645580       5.522561300    
   1.142878122      -5.720546919      0.4986133636       5.742235831    
   1.163286660      -5.960695149      0.5516655330       5.986169186    
   1.183695198      -6.228803167      0.6159082519       6.259179808    
   1.204103736      -6.530639136      0.6954577060       6.567564917    
   1.224512274      -6.873665754      0.7966061378       6.919672119    
   1.244920812      -7.267517161      0.9293284597       7.326694826    
   1.265329349      -7.724348366       1.110036689       7.803700349    
   1.285737887      -8.258340207       1.366705775       8.370667097    
   1.306146425      -8.881981206       1.748339192       9.052418465    
   1.326554963      -9.591701994       2.341083281       9.873267852    
   1.346963501      -10.32177601       3.286714836       10.83243068    
   1.367372039      -10.82407014       4.753525386       11.82186525    
   1.387780577      -10.51723362       6.650512474       12.44353323    
   1.408189115      -8.977243818       7.989568932       12.01765860    
   1.428597653      -7.376564642       7.693403305       10.65843142    
   1.449006191      -7.171669784       6.696371542       9.811943707    
   1.469414728      -8.097601997       6.341362041       10.28513639    
   1.489823266      -9.400282554       7.063845551       11.75853843    
   1.510231804      -10.46525322       9.004162429       13.80566789    
   1.530640342      -10.39799194       12.20610890       16.03456675    
   1.551048880      -7.804017418       15.74187229       17.57012325    
   1.571457418      -2.733995638       16.80163240       17.02261976    
   1.591865956       1.402755266       14.20744486       14.27652661    
   1.612274494       2.653963260       10.61504214       10.94178416    
   1.632683032       2.097672972       7.926710478       8.199571385    
   1.653091569      0.8861553371       6.314106751       6.375987402    
   1.673500107     -0.4861317428       5.515170983       5.536554438    
   1.693908645      -1.857937569       5.346722662       5.660333491    
   1.714317183      -3.151291190       5.773267582       6.577328845    
   1.734725721      -4.202554854       6.886544881       8.067587477    
   1.755134259      -4.547340619       8.770182644       9.878988324    
   1.775542797      -3.334400507       10.92350656       11.42108674    
   1.795951335     -0.5119558240       11.61749817       11.62877304    
   1.816359873       1.802641695       10.01146615       10.17246143    
   1.836768411       2.298296969       7.756924262       8.090243690    
   1.857176948       1.630333281       6.091127903       6.305539290    
   1.877585486      0.5259618877       5.141891542       5.168721751    
   1.897994024     -0.7054733511       4.758443681       4.810455167    
   1.918402562      -1.967010731       4.847078174       5.230993982    
   1.938811100      -3.210934566       5.423280401       6.302544811    
   1.959219638      -4.318654022       6.611457606       7.896970574    
   1.979628176      -4.921457964       8.575655708       9.887498132    
   2.000036714      -4.213518954       11.11476041       11.88661605    
   2.020445252      -1.607324976       12.84180405       12.94200235    
   2.040853789       1.413674078       12.14837905       12.23035518    
   2.061262327       2.706932672       10.00579490       10.36549160    
   2.081670865       2.375031307       8.265039408       8.599514528    
   2.102079403       1.431755887       7.522905281       7.657938939    
   2.122487941      0.6526667414       7.671892273       7.699604205    
   2.142896479      0.5964825308       8.179559876       8.201279850    
   2.163305017       1.080528751       8.117459969       8.189059697    
   2.183713555       1.074989573       7.406106385       7.483716615    
   2.204122093      0.2901338240       6.897009500       6.903109276    
   2.224530631     -0.8248735286       7.061705417       7.109718682    
   2.244939168      -1.769751585       7.922240168       8.117506387    
   2.265347706      -2.172924935       9.117135397       9.372500233    
   2.285756244      -2.320528559       10.13724114       10.39944761    
   2.306164782      -2.786822032       11.44121905       11.77573227    
   2.326573320      -2.897949888       13.88739789       14.18654058    
   2.346981858      -1.204262607       16.96701067       17.00969428    
   2.367390396       2.467303081       18.68242189       18.84464041    
   2.387798934       6.099769492       18.10436884       19.10432827    
   2.408207472       8.591354006       16.61474605       18.70457564    
   2.428616010       10.45008371       14.71143869       18.04523975    
   2.449024547       11.29347935       12.45435124       16.81230325    
   2.469433085       11.22138725       10.66796665       15.48305669    
   2.489841623       10.89092781       9.494937301       14.44874192    
   2.510250161       10.52560623       8.680827563       13.64350225    
   2.530658699       10.11017281       8.181389308       13.00579583    
   2.551067237       9.727883503       8.046229942       12.62432310    
   2.571475775       9.571915634       8.377251070       12.72005913    
   2.591884313       10.13340314       8.976674594       13.53759750    
   2.612292851       11.41775510       9.097694539       14.59908139    
   2.632701388       12.82102023       8.481788069       15.37267994    
   2.653109926       13.93144271       7.276222497       15.71714063    
   2.673518464       14.50077918       5.904561916       15.65683391    
   2.693927002       14.89100297       4.742641144       15.62800737    
   2.714335540       15.46853608       3.450160377       15.84863449    
   2.734744078       15.92644053       1.616348673       16.00825071    
   2.755152616       15.78761082     -0.6917519273       15.80275850    
   2.775561154       14.66234121      -3.170616103       15.00123516    
   2.795969692       12.27838696      -5.054945556       13.27822506    
   2.816378230       9.350765353      -5.370882042       10.78346821    
   2.836786767       7.165973696      -4.325333565       8.370166633    
   2.857195305       6.093116021      -2.932270239       6.761972464    
   2.877603843       5.673540499      -1.763089035       5.941173684    
   2.898012381       5.514553317     -0.7298590785       5.562642588    
   2.918420919       5.696724468      0.3862002115       5.709800370    
   2.938829457       6.560211078       1.338408729       6.695349678    
   2.959237995       7.761268690       1.544786331       7.913511009    
   2.979646533       8.732460662       1.299639487       8.828642705    
   3.000055071       9.711921948      0.8867578893       9.752321133    
   3.020463608       10.71008896     -0.3403239193E-01   10.71014303    
   3.040872146       11.25825107      -1.401689196       11.34517297    
   3.061280684       11.32391213      -2.811039778       11.66760175    
   3.081689222       11.11278606      -4.189528990       11.87628592    
   3.102097760       10.54658349      -5.654929151       11.96698154    
   3.122506298       9.353289462      -6.896470661       11.62090063    
   3.142914836       7.931529249      -7.377729550       10.83236122    
   3.163323374       6.990922566      -7.302169097       10.10913804    
   3.183731912       6.754523496      -7.387790874       10.01014693    
   3.204140450       6.676884330      -8.343785472       10.68641850    
   3.224548987       5.743656745      -10.01664443       11.54654746    
   3.244957525       3.538663220      -11.56051361       12.08997984    
   3.265366063      0.1227184924      -12.08057124       12.08119454    
   3.285774601      -3.591572181      -10.54853040       11.14319901    
   3.306183139      -5.877526611      -7.323295947       9.390206738    
   3.326591677      -6.347834342      -3.973827823       7.489079275    
   3.347000215      -5.797028363      -1.236009771       5.927331440    
   3.367408753      -4.744682401      0.9902740401       4.846922091    
   3.387817291      -3.203591958       2.908166062       4.326711369    
   3.408225828     -0.9181853745       4.181228197       4.280856645    
   3.428634366       1.546355837       4.239764831       4.512961577    
   3.449042904       3.536042479       3.365996867       4.881959783    
   3.469451442       4.743297122       1.827073700       5.083017400    
   3.489859980       4.808637031      0.2610808125       4.815719395    
   3.510268518       4.201726897     -0.4554831693       4.226342844    
   3.530677056       3.970859694     -0.4098545085       3.991955339    
   3.551085594       4.339077458     -0.4711885703       4.364586103    
   3.571494132       4.747611049      -1.064421561       4.865470577    
   3.591902670       4.637806155      -1.887051415       5.007015975    
   3.612311207       4.152495686      -2.328873648       4.760973944    
   3.632719745       3.820696827      -2.461031593       4.544711294    
   3.653128283       3.556488630      -2.642910832       4.430980596    
   3.673536821       3.113022904      -2.684222738       4.110469962    
   3.693945359       2.808619986      -2.323343621       3.645033855    
   3.714353897       2.971741825      -1.879626655       3.516282958    
   3.734762435       3.463414946      -1.681922261       3.850208511    
   3.755170973       4.090922855      -1.796276118       4.467914245    
   3.775579511       4.757616037      -2.236100479       5.256905525    
   3.795988048       5.371250894      -3.069769292       6.186583845    
   3.816396586       5.702609906      -4.383296044       7.192568661    
   3.836805124       5.353736404      -6.015083242       8.052559835    
   3.857213662       4.199825220      -7.433276299       8.537688705    
   3.877622200       2.551159716      -8.248568931       8.634078139    
   3.898030738      0.8150971400      -8.413143154       8.452535778    
   3.918439276     -0.8491616163      -8.131217704       8.175437408    
   3.938847814      -2.521040950      -7.303144223       7.726031517    
   3.959256352      -3.727231339      -5.705506137       6.815060802    
   3.979664890      -3.995143727      -3.874539467       5.565359781    
   4.000073427      -3.498013357      -2.344924929       4.211267074    
   4.020481965      -2.500639682      -1.398688328       2.865227366    
   4.040890503      -1.468641750      -1.234517449       1.918578100    
   4.061299041     -0.9556993521      -1.520484590       1.795893828    
   4.081707579     -0.8802268215      -1.638332720       1.859820787    
   4.102116117     -0.7738359329      -1.462668975       1.654757559    
   4.122524655     -0.3827955422      -1.298894286       1.354126579    
   4.142933193      0.9585559028E-01  -1.445113949       1.448289550    
   4.163341731      0.3901477074      -1.805824537       1.847489510    
   4.183750268      0.5355516930      -2.186410654       2.251045794    
   4.204158806      0.6400609330      -2.678320583       2.753739120    
   4.224567344      0.4708492378      -3.403783615       3.436195848    
   4.244975882     -0.2878730100      -4.024318757       4.034601880    
   4.265384420      -1.324970032      -3.946296814       4.162788024    
   4.285792958      -1.898591811      -3.316128932       3.821172851    
   4.306201496      -1.924723500      -2.778728151       3.380220509    
   4.326610034      -1.783976457      -2.607359749       3.159255745    
   4.347018572      -1.828776708      -2.711181474       3.270310266    
   4.367427110      -2.183174339      -2.756890522       3.516631278    
   4.387835647      -2.601158998      -2.538075344       3.634261216    
   4.408244185      -2.930069205      -2.158427829       3.639246658    
   4.428652723      -3.134853085      -1.641883027       3.538796934    
   4.449061261      -3.115263697      -1.065386615       3.292402852    
   4.469469799      -2.880125682     -0.5834213228       2.938622872    
   4.489878337      -2.537740459     -0.2829903260       2.553470219    
   4.510286875      -2.222954412     -0.1620852740       2.228855750    
   4.530695413      -2.018140442     -0.8119247658E-01   2.019773022    
   4.551103951      -1.776118567      0.6314242098E-01   1.777240594    
   4.571512488      -1.389166698      0.1180107095       1.394170235    
   4.591921026     -0.9582205718     -0.7170845009E-01  0.9608999771    
   4.612329564     -0.6821552465     -0.5593952889      0.8821898149    
   4.632738102     -0.8397289164      -1.226711874       1.486595667    
   4.653146640      -1.565682127      -1.634414492       2.263331892    
   4.673555178      -2.505915058      -1.327495596       2.835816432    
   4.693963716      -2.979265214     -0.2594614013       2.990541996    
   4.714372254      -2.429058951      0.8598399891       2.576752257    
   4.734780792      -1.351751763       1.197917831       1.806167201    
   4.755189330     -0.4734084116      0.8884621710       1.006717713    
   4.775597867      0.4359726968E-01  0.2927772490      0.2960054720    
   4.796006405      0.2136707429     -0.3236240398      0.3877985373    
   4.816414943      0.2663395181     -0.8925685069      0.9314586831    
   4.836823481      0.4981379309E-01  -1.590852857       1.591632566    
   4.857232019     -0.6199704778      -1.926477256       2.023778153    
   4.877640557      -1.006334481      -1.637768738       1.922237115    
   4.898049095     -0.7165603959      -1.512855590       1.673974563    
   4.918457633     -0.4202301675      -2.100069383       2.141701381    
   4.938866171     -0.7953191187      -2.994852775       3.098657072    
   4.959274708      -1.803633823      -3.410884408       3.858397000    
   4.979683246      -2.585043943      -3.087183390       4.026556031    
   5.000091784      -2.728529686      -2.826009202       3.928256898    
   5.020500322      -2.828279804      -3.163481317       4.243439724    
   5.040908860      -3.602104695      -3.803975037       5.238834252    
   5.061317398      -5.126497048      -3.891818525       6.436398327    
   5.081725936      -6.616635916      -2.953998635       7.246100937    
   5.102134474      -7.342117037      -1.464860631       7.486821706    
   5.122543012      -7.387281825     -0.1281174263       7.388392710    
   5.142951550      -7.233870341      0.8942832420       7.288938374    
   5.163360087      -7.062215955       1.913468530       7.316847409    
   5.183768625      -6.566992531       3.034285119       7.234105134    
   5.204177163      -5.629712044       3.942506566       6.872919010    
   5.224585701      -4.402436835       4.428050464       6.244123717    
   5.244994239      -3.047538651       4.360046566       5.319539256    
   5.265402777      -1.834328400       3.611707979       4.050826484    
   5.285811315      -1.165261996       2.243376699       2.527958570    
   5.306219853      -1.402808111      0.5115812786       1.493179829    
   5.326628391      -2.991429714      -1.031790002       3.164370765    
   5.347036928      -5.773686102     -0.9984536819       5.859382302    
   5.367445466      -7.745100436       1.257261712       7.846482510    
   5.387854004      -7.574327696       3.898970053       8.518944038    
   5.408262542      -6.272285678       5.346472879       8.241743739    
   5.428671080      -5.239313801       5.753548944       7.781628015    
   5.449079618      -4.749940076       6.145267166       7.766996798    
   5.469488156      -4.122966111       6.811437434       7.962068165    
   5.489896694      -3.136285565       7.344926222       7.986502886    
   5.510305232      -1.941008142       7.471387032       7.719400028    
   5.530713770     -0.8938808860       7.079384044       7.135593983    
   5.551122307     -0.2852256557       6.489818826       6.496083594    
   5.571530845      0.3409545035E-01   5.984568357       5.984665481    
   5.591939383      0.1892270670       5.586867778       5.590071417    
   5.612347921      0.2467352788       5.349343248       5.355030484    
   5.632756459      0.3545497899       5.275674326       5.287574600    
   5.653164997      0.6096904551       5.237884954       5.273249590    
   5.673573535      0.9846861264       5.083148799       5.177645070    
   5.693982073       1.342323329       4.714086958       4.901474041    
   5.714390611       1.488148129       4.161713103       4.419778366    
   5.734799148       1.289761639       3.626607947       3.849125912    
   5.755207686      0.8119132161       3.361468497       3.458131508    
   5.775616224      0.2850347744       3.535384560       3.546856187    
   5.796024762      0.4731616198E-01   4.094022385       4.094295801    
   5.816433300      0.2738966365       4.742116896       4.750020213    
   5.836841838      0.8989053433       5.180044048       5.257460143    
   5.857250376       1.694968853       5.238832695       5.506204448    
   5.877658914       2.424583371       4.945174790       5.507572808    
   5.898067452       2.958014734       4.423964211       5.321777006    
   5.918475990       3.259910820       3.800410948       5.007009280    
   5.938884527       3.334056749       3.178170065       4.606158852    
   5.959293065       3.236231561       2.650077970       4.182834919    
   5.979701603       3.045536966       2.242781505       3.782243288    
   6.000110141       2.828779594       1.960522951       3.441750170    
   6.020518679       2.648450125       1.734983922       3.166142333    
   6.040927217       2.423999940       1.498995053       2.850045943    
   6.061335755       2.079154698       1.381376163       2.496214006    
   6.081744293       1.794825111       1.514885955       2.348675506    
   6.102152831       1.777684402       1.727721847       2.478948288    
   6.122561369       1.936147617       1.777302823       2.628207168    
   6.142969906       2.065205875       1.682599045       2.663872153    
   6.163378444       2.198894918       1.544664693       2.687215636    
   6.183786982       2.322355902       1.236725332       2.631126466    
   6.204195520       2.229243870      0.8196200300       2.375143201    
   6.224604058       1.915011355      0.5065058387       1.980862604    
   6.245012596       1.540610861      0.4078511194       1.593682641    
   6.265421134       1.261905638      0.4438905080       1.337701245    
   6.285829672       1.073768278      0.4853199750       1.178352151    
   6.306238210      0.8942378151      0.5032954248       1.026142073    
   6.326646747      0.6939342091      0.5432785886      0.8813037566    
   6.347055285      0.4907537613      0.6372189325      0.8042929952    
   6.367463823      0.3270257192      0.7950441758      0.8596749749    
   6.387872361      0.2404883171      0.9851824182       1.014109968    
   6.408280899      0.2405502128       1.151836178       1.176686443    
   6.428689437      0.2809311813       1.248458447       1.279676062    
   6.449097975      0.3121870246       1.278399433       1.315965747    
   6.469506513      0.2865618596       1.264486269       1.296550510    
   6.489915051      0.1953511418       1.280281667       1.295099694    
   6.510323589      0.1022167169       1.355807734       1.359655423    
   6.530732126      0.5755305018E-01   1.454126703       1.455265207    
   6.551140664      0.4779706168E-01   1.490015905       1.490782330    
   6.571549202     -0.6116065654E-01   1.446417006       1.447709494    
   6.591957740     -0.3442607569       1.499927514       1.538927554    
   6.612366278     -0.6231965284       1.791613471       1.896906098    
   6.632774816     -0.7299095211       2.201062090       2.318931270    
   6.653183354     -0.7024979074       2.592450859       2.685945786    
   6.673591892     -0.6150711160       2.953654405       3.017016212    
   6.694000430     -0.4968250617       3.319691616       3.356663160    
   6.714408967     -0.3113120188       3.756881464       3.769757752    
   6.734817505      0.8301832142E-01   4.234757945       4.235571614    
   6.755226043      0.7433631980       4.562745776       4.622903618    
   6.775634581       1.538405499       4.505837030       4.761224508    
   6.796043119       2.053705671       4.013258346       4.508209127    
   6.816451657       2.008866545       3.565154891       4.092172308    
   6.836860195       1.780119174       3.604197411       4.019833734    
   6.857268733       1.814048010       3.996778486       4.389192232    
   6.877677271       2.250465031       4.468751266       5.003431896    
   6.898085809       3.101167796       4.717543896       5.645570132    
   6.918494346       4.084485828       4.480672959       6.062957582    
   6.938902884       4.884365259       3.882153989       6.239242228    
   6.959311422       5.480283086       3.089699366       6.291243508    
   6.979719960       5.864785307       2.121186511       6.236596741    
   7.000128498       5.959544205      0.9937208390       6.041824910    
   7.020537036       5.589689742     -0.2282650249       5.594348607    
   7.040945574       4.594718406      -1.131344342       4.731952795    
   7.061354112       3.466743928      -1.281660483       3.696074547    
   7.081762650       2.700865316      -1.002970366       2.881080181    
   7.102171187       2.265820590     -0.5925926961       2.342030967    
   7.122579725       2.140304222     -0.1973653907       2.149384856    
   7.142988263       2.212703649      0.3829267975E-01   2.213034968    
   7.163396801       2.347965968      0.9628974297E-01   2.349939553    
   7.183805339       2.466269374     -0.1773059519E-01   2.466333108    
   7.204213877       2.434803898     -0.2827201689       2.451163135    
   7.224622415       2.145512099     -0.5033516019       2.203766095    
   7.245030953       1.763254835     -0.4557192605       1.821194019    
   7.265439491       1.551149321     -0.2132102168       1.565733953    
   7.285848029       1.532714847      0.1126559226E-01   1.532756248    
   7.306256566       1.600281246      0.1475621212       1.607070206    
   7.326665104       1.711070325      0.2018593714       1.722936117    
   7.347073642       1.818248008      0.1383835206       1.823506462    
   7.367482180       1.806018082      0.2528278252E-02   1.806019851    
   7.387890718       1.693403483     -0.4278974250E-01   1.693944013    
   7.408299256       1.648724384      0.2610911271E-02   1.648726451    
   7.428707794       1.686110661     -0.6019077241E-02   1.686121404    
   7.449116332       1.690860185     -0.1023412958       1.693954517    
   7.469524870       1.615603429     -0.2049837853       1.628555431    
   7.489933407       1.495693218     -0.2806749532       1.521800457    
   7.510341945       1.314966707     -0.3100093987       1.351015643    
   7.530750483       1.133797340     -0.2129412861       1.153620561    
   7.551159021       1.075563112     -0.5620748625E-01   1.077030775    
   7.571567559       1.096770625      0.3081111049E-01   1.097203321    
   7.591976097       1.090392749      0.7070972536E-01   1.092683033    
   7.612384635       1.075430855      0.1367789989       1.084094101    
   7.632793173       1.103918245      0.2139138446       1.124453033    
   7.653201711       1.175825703      0.2517117008       1.202466159    
   7.673610249       1.244859807      0.2278993348       1.265548911    
   7.694018786       1.269147189      0.1654297855       1.279883433    
   7.714427324       1.233902945      0.1126003155       1.239029987    
   7.734835862       1.181487240      0.1216818165       1.187736740    
   7.755244400       1.185344416      0.1611402676       1.196247286    
   7.775652938       1.232423747      0.1600948211       1.242778598    
   7.796061476       1.272087185      0.1049810918       1.276411703    
   7.816470014       1.270918074      0.1384520522E-01   1.270993486    
   7.836878552       1.209008408     -0.8173259591E-01   1.211767943    
   7.857287090       1.095148641     -0.1361874864       1.103583969    
   7.877695627      0.9713098775     -0.1311879317      0.9801291505    
   7.898104165      0.8697253000     -0.8058877916E-01  0.8734509996    
   7.918512703      0.8035325165     -0.1208737798E-01  0.8036234253    
   7.938921241      0.7595570424      0.5305884677E-01  0.7614079996    
   7.959329779      0.7200981522      0.1157753790      0.7293457939    
   7.979738317      0.6763676086      0.1941977247      0.7036944637    
   8.000146855      0.6520976919      0.3144647235      0.7239609534    
   8.020555393      0.6975980993      0.4596628845      0.8354238897    
   8.040963931      0.8314224081      0.5659188192       1.005747150    
   8.061372469       1.001263611      0.5645822035       1.149470262    
   8.081781006       1.112244017      0.4706531703       1.207725614    
   8.102189544       1.132042593      0.3670496103       1.190061279    
   8.122598082       1.116350803      0.3139138258       1.159646931    
   8.143006620       1.123865533      0.2724921547       1.156427996    
