# Loss function L(Q,w) and dynamical structure factor S(Q,w)
#
# L(Q,w)= -Im(1/eps_m(Q,w) [1]
# S(Q,w)= L(Q,w)*|Q|^2*/(4 pi^2 n_val) [Energy^-1]
#
# Momentum transfer Q=G+q in lattice coordinates
# G:   0   0   0
# q:   0.0000000   0.0000000   0.0000000
# Momentum transfer Q=G+q in Cartesian coordinates
# G:   0.0000000   0.0000000   0.0000000
# q:   0.0000000   0.0000000   0.0000000
# Norm2(G+q)   0.0000000
#
#   Frequency/(eV/hbar)                  L(Q,w)             S(Q,w)*1000
+0.6503520742539999E+03 +0.3893580461837655E-03 +0.0000000000000000E+00
+0.6503566094846433E+03 +0.3907602867055392E-03 +0.0000000000000000E+00
+0.6503611447152866E+03 +0.3921708229249713E-03 +0.0000000000000000E+00
+0.6503656799459300E+03 +0.3935897255898916E-03 +0.0000000000000000E+00
+0.6503702151765733E+03 +0.3950170662510572E-03 +0.0000000000000000E+00
+0.6503747504072167E+03 +0.3964529172733895E-03 +0.0000000000000000E+00
+0.6503792856378600E+03 +0.3978973518478858E-03 +0.0000000000000000E+00
+0.6503838208685033E+03 +0.3993504440032525E-03 +0.0000000000000000E+00
+0.6503883560991467E+03 +0.4008122686182336E-03 +0.0000000000000000E+00
+0.6503928913297900E+03 +0.4022829014336543E-03 +0.0000000000000000E+00
+0.6503974265604332E+03 +0.4037624190651494E-03 +0.0000000000000000E+00
+0.6504019617910767E+03 +0.4052508990157994E-03 +0.0000000000000000E+00
+0.6504064970217199E+03 +0.4067484196889850E-03 +0.0000000000000000E+00
+0.6504110322523634E+03 +0.4082550604017938E-03 +0.0000000000000000E+00
+0.6504155674830066E+03 +0.4097709013981787E-03 +0.0000000000000000E+00
+0.6504201027136501E+03 +0.4112960238628727E-03 +0.0000000000000000E+00
+0.6504246379442933E+03 +0.4128305099350237E-03 +0.0000000000000000E+00
+0.6504291731749368E+03 +0.4143744427226057E-03 +0.0000000000000000E+00
+0.6504337084055800E+03 +0.4159279063165551E-03 +0.0000000000000000E+00
+0.6504382436362233E+03 +0.4174909858056632E-03 +0.0000000000000000E+00
+0.6504427788668667E+03 +0.4190637672914023E-03 +0.0000000000000000E+00
+0.6504473140975100E+03 +0.4206463379030190E-03 +0.0000000000000000E+00
+0.6504518493281533E+03 +0.4222387858132438E-03 +0.0000000000000000E+00
+0.6504563845587967E+03 +0.4238412002537737E-03 +0.0000000000000000E+00
+0.6504609197894400E+03 +0.4254536715315867E-03 +0.0000000000000000E+00
+0.6504654550200834E+03 +0.4270762910450068E-03 +0.0000000000000000E+00
+0.6504699902507267E+03 +0.4287091513006147E-03 +0.0000000000000000E+00
+0.6504745254813701E+03 +0.4303523459299181E-03 +0.0000000000000000E+00
+0.6504790607120133E+03 +0.4320059697068540E-03 +0.0000000000000000E+00
+0.6504835959426567E+03 +0.4336701185652634E-03 +0.0000000000000000E+00
+0.6504881311733000E+03 +0.4353448896166958E-03 +0.0000000000000000E+00
+0.6504926664039433E+03 +0.4370303811688976E-03 +0.0000000000000000E+00
+0.6504972016345866E+03 +0.4387266927441147E-03 +0.0000000000000000E+00
+0.6505017368652300E+03 +0.4404339250983162E-03 +0.0000000000000000E+00
+0.6505062720958733E+03 +0.4421521802401945E-03 +0.0000000000000000E+00
+0.6505108073265167E+03 +0.4438815614511214E-03 +0.0000000000000000E+00
+0.6505153425571600E+03 +0.4456221733048856E-03 +0.0000000000000000E+00
+0.6505198777878032E+03 +0.4473741216883674E-03 +0.0000000000000000E+00
+0.6505244130184467E+03 +0.4491375138222332E-03 +0.0000000000000000E+00
+0.6505289482490899E+03 +0.4509124582820317E-03 +0.0000000000000000E+00
+0.6505334834797334E+03 +0.4526990650200697E-03 +0.0000000000000000E+00
+0.6505380187103766E+03 +0.4544974453871451E-03 +0.0000000000000000E+00
+0.6505425539410201E+03 +0.4563077121553104E-03 +0.0000000000000000E+00
+0.6505470891716633E+03 +0.4581299795404646E-03 +0.0000000000000000E+00
+0.6505516244023067E+03 +0.4599643632260084E-03 +0.0000000000000000E+00
+0.6505561596329500E+03 +0.4618109803863352E-03 +0.0000000000000000E+00
+0.6505606948635933E+03 +0.4636699497113763E-03 +0.0000000000000000E+00
+0.6505652300942367E+03 +0.4655413914312345E-03 +0.0000000000000000E+00
+0.6505697653248800E+03 +0.4674254273413040E-03 +0.0000000000000000E+00
+0.6505743005555233E+03 +0.4693221808282904E-03 +0.0000000000000000E+00
+0.6505788357861667E+03 +0.4712317768961478E-03 +0.0000000000000000E+00
+0.6505833710168100E+03 +0.4731543421931803E-03 +0.0000000000000000E+00
+0.6505879062474534E+03 +0.4750900050390365E-03 +0.0000000000000000E+00
+0.6505924414780966E+03 +0.4770388954528616E-03 +0.0000000000000000E+00
+0.6505969767087400E+03 +0.4790011451816120E-03 +0.0000000000000000E+00
+0.6506015119393833E+03 +0.4809768877289304E-03 +0.0000000000000000E+00
+0.6506060471700267E+03 +0.4829662583850490E-03 +0.0000000000000000E+00
+0.6506105824006700E+03 +0.4849693942566478E-03 +0.0000000000000000E+00
+0.6506151176313134E+03 +0.4869864342980213E-03 +0.0000000000000000E+00
+0.6506196528619566E+03 +0.4890175193421958E-03 +0.0000000000000000E+00
+0.6506241880926001E+03 +0.4910627921333791E-03 +0.0000000000000000E+00
+0.6506287233232433E+03 +0.4931223973593868E-03 +0.0000000000000000E+00
+0.6506332585538867E+03 +0.4951964816854023E-03 +0.0000000000000000E+00
+0.6506377937845300E+03 +0.4972851937880001E-03 +0.0000000000000000E+00
+0.6506423290151733E+03 +0.4993886843898789E-03 +0.0000000000000000E+00
+0.6506468642458167E+03 +0.5015071062957723E-03 +0.0000000000000000E+00
+0.6506513994764600E+03 +0.5036406144284490E-03 +0.0000000000000000E+00
+0.6506559347071034E+03 +0.5057893658661902E-03 +0.0000000000000000E+00
+0.6506604699377467E+03 +0.5079535198803393E-03 +0.0000000000000000E+00
+0.6506650051683901E+03 +0.5101332379743881E-03 +0.0000000000000000E+00
+0.6506695403990333E+03 +0.5123286839231558E-03 +0.0000000000000000E+00
+0.6506740756296766E+03 +0.5145400238135149E-03 +0.0000000000000000E+00
+0.6506786108603200E+03 +0.5167674260855197E-03 +0.0000000000000000E+00
+0.6506831460909633E+03 +0.5190110615744261E-03 +0.0000000000000000E+00
+0.6506876813216066E+03 +0.5212711035541084E-03 +0.0000000000000000E+00
+0.6506922165522500E+03 +0.5235477277806926E-03 +0.0000000000000000E+00
+0.6506967517828933E+03 +0.5258411125379238E-03 +0.0000000000000000E+00
+0.6507012870135367E+03 +0.5281514386827517E-03 +0.0000000000000000E+00
+0.6507058222441800E+03 +0.5304788896927060E-03 +0.0000000000000000E+00
+0.6507103574748234E+03 +0.5328236517135275E-03 +0.0000000000000000E+00
+0.6507148927054666E+03 +0.5351859136086083E-03 +0.0000000000000000E+00
+0.6507194279361100E+03 +0.5375658670090321E-03 +0.0000000000000000E+00
+0.6507239631667533E+03 +0.5399637063647305E-03 +0.0000000000000000E+00
+0.6507284983973967E+03 +0.5423796289973099E-03 +0.0000000000000000E+00
+0.6507330336280399E+03 +0.5448138351532834E-03 +0.0000000000000000E+00
+0.6507375688586834E+03 +0.5472665280593567E-03 +0.0000000000000000E+00
+0.6507421040893266E+03 +0.5497379139781204E-03 +0.0000000000000000E+00
+0.6507466393199701E+03 +0.5522282022658602E-03 +0.0000000000000000E+00
+0.6507511745506133E+03 +0.5547376054308468E-03 +0.0000000000000000E+00
+0.6507557097812567E+03 +0.5572663391937662E-03 +0.0000000000000000E+00
+0.6507602450119000E+03 +0.5598146225490078E-03 +0.0000000000000000E+00
+0.6507647802425433E+03 +0.5623826778273703E-03 +0.0000000000000000E+00
+0.6507693154731867E+03 +0.5649707307607793E-03 +0.0000000000000000E+00
+0.6507738507038300E+03 +0.5675790105476866E-03 +0.0000000000000000E+00
+0.6507783859344734E+03 +0.5702077499208961E-03 +0.0000000000000000E+00
+0.6507829211651167E+03 +0.5728571852160890E-03 +0.0000000000000000E+00
+0.6507874563957600E+03 +0.5755275564428752E-03 +0.0000000000000000E+00
+0.6507919916264034E+03 +0.5782191073566184E-03 +0.0000000000000000E+00
+0.6507965268570466E+03 +0.5809320855328355E-03 +0.0000000000000000E+00
+0.6508010620876901E+03 +0.5836667424428017E-03 +0.0000000000000000E+00
+0.6508055973183333E+03 +0.5864233335309676E-03 +0.0000000000000000E+00
+0.6508101325489766E+03 +0.5892021182948340E-03 +0.0000000000000000E+00
+0.6508146677796200E+03 +0.5920033603658741E-03 +0.0000000000000000E+00
+0.6508192030102633E+03 +0.5948273275933793E-03 +0.0000000000000000E+00
+0.6508237382409067E+03 +0.5976742921293880E-03 +0.0000000000000000E+00
+0.6508282734715500E+03 +0.6005445305166752E-03 +0.0000000000000000E+00
+0.6508328087021933E+03 +0.6034383237779192E-03 +0.0000000000000000E+00
+0.6508373439328366E+03 +0.6063559575080089E-03 +0.0000000000000000E+00
+0.6508418791634800E+03 +0.6092977219680122E-03 +0.0000000000000000E+00
+0.6508464143941233E+03 +0.6122639121814977E-03 +0.0000000000000000E+00
+0.6508509496247667E+03 +0.6152548280338906E-03 +0.0000000000000000E+00
+0.6508554848554099E+03 +0.6182707743733729E-03 +0.0000000000000000E+00
+0.6508600200860534E+03 +0.6213120611153629E-03 +0.0000000000000000E+00
+0.6508645553166966E+03 +0.6243790033486029E-03 +0.0000000000000000E+00
+0.6508690905473401E+03 +0.6274719214449953E-03 +0.0000000000000000E+00
+0.6508736257779833E+03 +0.6305911411711900E-03 +0.0000000000000000E+00
+0.6508781610086266E+03 +0.6337369938040310E-03 +0.0000000000000000E+00
+0.6508826962392700E+03 +0.6369098162483224E-03 +0.0000000000000000E+00
+0.6508872314699133E+03 +0.6401099511576225E-03 +0.0000000000000000E+00
+0.6508917667005567E+03 +0.6433377470588771E-03 +0.0000000000000000E+00
+0.6508963019312000E+03 +0.6465935584792676E-03 +0.0000000000000000E+00
+0.6509008371618434E+03 +0.6498777460774965E-03 +0.0000000000000000E+00
+0.6509053723924867E+03 +0.6531906767774124E-03 +0.0000000000000000E+00
+0.6509099076231300E+03 +0.6565327239062926E-03 +0.0000000000000000E+00
+0.6509144428537734E+03 +0.6599042673356690E-03 +0.0000000000000000E+00
+0.6509189780844166E+03 +0.6633056936269752E-03 +0.0000000000000000E+00
+0.6509235133150601E+03 +0.6667373961803827E-03 +0.0000000000000000E+00
+0.6509280485457033E+03 +0.6701997753876319E-03 +0.0000000000000000E+00
+0.6509325837763467E+03 +0.6736932387897336E-03 +0.0000000000000000E+00
+0.6509371190069900E+03 +0.6772182012378335E-03 +0.0000000000000000E+00
+0.6509416542376334E+03 +0.6807750850596663E-03 +0.0000000000000000E+00
+0.6509461894682767E+03 +0.6843643202293444E-03 +0.0000000000000000E+00
+0.6509507246989200E+03 +0.6879863445430447E-03 +0.0000000000000000E+00
+0.6509552599295633E+03 +0.6916416037983115E-03 +0.0000000000000000E+00
+0.6509597951602067E+03 +0.6953305519794937E-03 +0.0000000000000000E+00
+0.6509643303908500E+03 +0.6990536514475721E-03 +0.0000000000000000E+00
+0.6509688656214934E+03 +0.7028113731352812E-03 +0.0000000000000000E+00
+0.6509734008521367E+03 +0.7066041967485272E-03 +0.0000000000000000E+00
+0.6509779360827799E+03 +0.7104326109722706E-03 +0.0000000000000000E+00
+0.6509824713134234E+03 +0.7142971136835472E-03 +0.0000000000000000E+00
+0.6509870065440666E+03 +0.7181982121692450E-03 +0.0000000000000000E+00
+0.6509915417747101E+03 +0.7221364233514238E-03 +0.0000000000000000E+00
+0.6509960770053533E+03 +0.7261122740177762E-03 +0.0000000000000000E+00
+0.6510006122359966E+03 +0.7301263010599877E-03 +0.0000000000000000E+00
+0.6510051474666400E+03 +0.7341790517181709E-03 +0.0000000000000000E+00
+0.6510096826972833E+03 +0.7382710838323902E-03 +0.0000000000000000E+00
+0.6510142179279267E+03 +0.7424029661024136E-03 +0.0000000000000000E+00
+0.6510187531585700E+03 +0.7465752783537725E-03 +0.0000000000000000E+00
+0.6510232883892133E+03 +0.7507886118130851E-03 +0.0000000000000000E+00
+0.6510278236198567E+03 +0.7550435693900871E-03 +0.0000000000000000E+00
+0.6510323588504999E+03 +0.7593407659694186E-03 +0.0000000000000000E+00
+0.6510368940811434E+03 +0.7636808287102049E-03 +0.0000000000000000E+00
+0.6510414293117866E+03 +0.7680643973546201E-03 +0.0000000000000000E+00
+0.6510459645424301E+03 +0.7724921245466870E-03 +0.0000000000000000E+00
+0.6510504997730733E+03 +0.7769646761593000E-03 +0.0000000000000000E+00
+0.6510550350037167E+03 +0.7814827316327097E-03 +0.0000000000000000E+00
+0.6510595702343600E+03 +0.7860469843218058E-03 +0.0000000000000000E+00
+0.6510641054650034E+03 +0.7906581418555920E-03 +0.0000000000000000E+00
+0.6510686406956466E+03 +0.7953169265061462E-03 +0.0000000000000000E+00
+0.6510731759262900E+03 +0.8000240755704877E-03 +0.0000000000000000E+00
+0.6510777111569333E+03 +0.8047803417632953E-03 +0.0000000000000000E+00
+0.6510822463875767E+03 +0.8095864936218499E-03 +0.0000000000000000E+00
+0.6510867816182200E+03 +0.8144433159246944E-03 +0.0000000000000000E+00
+0.6510913168488634E+03 +0.8193516101218982E-03 +0.0000000000000000E+00
+0.6510958520795067E+03 +0.8243121947805682E-03 +0.0000000000000000E+00
+0.6511003873101500E+03 +0.8293259060428056E-03 +0.0000000000000000E+00
+0.6511049225407934E+03 +0.8343935980999284E-03 +0.0000000000000000E+00
+0.6511094577714367E+03 +0.8395161436801362E-03 +0.0000000000000000E+00
+0.6511139930020800E+03 +0.8446944345534490E-03 +0.0000000000000000E+00
+0.6511185282327234E+03 +0.8499293820518185E-03 +0.0000000000000000E+00
+0.6511230634633666E+03 +0.8552219176060523E-03 +0.0000000000000000E+00
+0.6511275986940100E+03 +0.8605729933013004E-03 +0.0000000000000000E+00
+0.6511321339246533E+03 +0.8659835824489448E-03 +0.0000000000000000E+00
+0.6511366691552967E+03 +0.8714546801790442E-03 +0.0000000000000000E+00
+0.6511412043859400E+03 +0.8769873040503642E-03 +0.0000000000000000E+00
+0.6511457396165833E+03 +0.8825824946824205E-03 +0.0000000000000000E+00
+0.6511502748472267E+03 +0.8882413164065181E-03 +0.0000000000000000E+00
+0.6511548100778699E+03 +0.8939648579402194E-03 +0.0000000000000000E+00
+0.6511593453085134E+03 +0.8997542330830912E-03 +0.0000000000000000E+00
+0.6511638805391566E+03 +0.9056105814356924E-03 +0.0000000000000000E+00
+0.6511684157698000E+03 +0.9115350691439568E-03 +0.0000000000000000E+00
+0.6511729510004433E+03 +0.9175288896667514E-03 +0.0000000000000000E+00
+0.6511774862310867E+03 +0.9235932645713931E-03 +0.0000000000000000E+00
+0.6511820214617300E+03 +0.9297294443540692E-03 +0.0000000000000000E+00
+0.6511865566923734E+03 +0.9359387092902395E-03 +0.0000000000000000E+00
+0.6511910919230166E+03 +0.9422223703119100E-03 +0.0000000000000000E+00
+0.6511956271536600E+03 +0.9485817699169197E-03 +0.0000000000000000E+00
+0.6512001623843033E+03 +0.9550182831080556E-03 +0.0000000000000000E+00
+0.6512046976149467E+03 +0.9615333183644343E-03 +0.0000000000000000E+00
+0.6512092328455900E+03 +0.9681283186477785E-03 +0.0000000000000000E+00
+0.6512137680762334E+03 +0.9748047624413296E-03 +0.0000000000000000E+00
+0.6512183033068767E+03 +0.9815641648270217E-03 +0.0000000000000000E+00
+0.6512228385375200E+03 +0.9884080785977256E-03 +0.0000000000000000E+00
+0.6512273737681634E+03 +0.9953380954104882E-03 +0.0000000000000000E+00
+0.6512319089988067E+03 +0.1002355846977579E-02 +0.0000000000000000E+00
+0.6512364442294499E+03 +0.1009463006301308E-02 +0.0000000000000000E+00
+0.6512409794600934E+03 +0.1016661288950474E-02 +0.0000000000000000E+00
+0.6512455146907366E+03 +0.1023952454381432E-02 +0.0000000000000000E+00
+0.6512500499213801E+03 +0.1031338307306945E-02 +0.0000000000000000E+00
+0.6512545851520233E+03 +0.1038820699110618E-02 +0.0000000000000000E+00
+0.6512591203826668E+03 +0.1046401529313430E-02 +0.0000000000000000E+00
+0.6512636556133100E+03 +0.1054082747089056E-02 +0.0000000000000000E+00
+0.6512681908439533E+03 +0.1061866352834898E-02 +0.0000000000000000E+00
+0.6512727260745967E+03 +0.1069754399795440E-02 +0.0000000000000000E+00
+0.6512772613052400E+03 +0.1077748995744916E-02 +0.0000000000000000E+00
+0.6512817965358834E+03 +0.1085852304727056E-02 +0.0000000000000000E+00
+0.6512863317665267E+03 +0.1094066548855473E-02 +0.0000000000000000E+00
+0.6512908669971700E+03 +0.1102394010178458E-02 +0.0000000000000000E+00
+0.6512954022278133E+03 +0.1110837032605819E-02 +0.0000000000000000E+00
+0.6512999374584567E+03 +0.1119398023905250E-02 +0.0000000000000000E+00
+0.6513044726891000E+03 +0.1128079457764567E-02 +0.0000000000000000E+00
+0.6513090079197434E+03 +0.1136883875927655E-02 +0.0000000000000000E+00
+0.6513135431503866E+03 +0.1145813890400318E-02 +0.0000000000000000E+00
+0.6513180783810300E+03 +0.1154872185733831E-02 +0.0000000000000000E+00
+0.6513226136116733E+03 +0.1164061521383526E-02 +0.0000000000000000E+00
+0.6513271488423167E+03 +0.1173384734146274E-02 +0.0000000000000000E+00
+0.6513316840729600E+03 +0.1182844740680760E-02 +0.0000000000000000E+00
+0.6513362193036033E+03 +0.1192444540107532E-02 +0.0000000000000000E+00
+0.6513407545342467E+03 +0.1202187216696729E-02 +0.0000000000000000E+00
+0.6513452897648900E+03 +0.1212075942638734E-02 +0.0000000000000000E+00
+0.6513498249955334E+03 +0.1222113980905812E-02 +0.0000000000000000E+00
+0.6513543602261767E+03 +0.1232304688199460E-02 +0.0000000000000000E+00
+0.6513588954568199E+03 +0.1242651517991130E-02 +0.0000000000000000E+00
+0.6513634306874634E+03 +0.1253158023651980E-02 +0.0000000000000000E+00
+0.6513679659181066E+03 +0.1263827861674314E-02 +0.0000000000000000E+00
+0.6513725011487501E+03 +0.1274664794987349E-02 +0.0000000000000000E+00
+0.6513770363793933E+03 +0.1285672696361551E-02 +0.0000000000000000E+00
+0.6513815716100368E+03 +0.1296855551908078E-02 +0.0000000000000000E+00
+0.6513861068406800E+03 +0.1308217464664853E-02 +0.0000000000000000E+00
+0.6513906420713234E+03 +0.1319762658275173E-02 +0.0000000000000000E+00
+0.6513951773019667E+03 +0.1331495480748795E-02 +0.0000000000000000E+00
+0.6513997125326100E+03 +0.1343420408309963E-02 +0.0000000000000000E+00
+0.6514042477632534E+03 +0.1355542049322232E-02 +0.0000000000000000E+00
+0.6514087829938967E+03 +0.1367865148287405E-02 +0.0000000000000000E+00
+0.6514133182245400E+03 +0.1380394589915160E-02 +0.0000000000000000E+00
+0.6514178534551834E+03 +0.1393135403249264E-02 +0.0000000000000000E+00
+0.6514223886858267E+03 +0.1406092765849704E-02 +0.0000000000000000E+00
+0.6514269239164701E+03 +0.1419272008011513E-02 +0.0000000000000000E+00
+0.6514314591471134E+03 +0.1432678617016595E-02 +0.0000000000000000E+00
+0.6514359943777566E+03 +0.1446318241395144E-02 +0.0000000000000000E+00
+0.6514405296084000E+03 +0.1460196695188543E-02 +0.0000000000000000E+00
+0.6514450648390433E+03 +0.1474319962187168E-02 +0.0000000000000000E+00
+0.6514496000696867E+03 +0.1488694200123487E-02 +0.0000000000000000E+00
+0.6514541353003300E+03 +0.1503325744797968E-02 +0.0000000000000000E+00
+0.6514586705309733E+03 +0.1518221114100931E-02 +0.0000000000000000E+00
+0.6514632057616167E+03 +0.1533387011906656E-02 +0.0000000000000000E+00
+0.6514677409922600E+03 +0.1548830331792070E-02 +0.0000000000000000E+00
+0.6514722762229034E+03 +0.1564558160547581E-02 +0.0000000000000000E+00
+0.6514768114535467E+03 +0.1580577781421754E-02 +0.0000000000000000E+00
+0.6514813466841899E+03 +0.1596896677055971E-02 +0.0000000000000000E+00
+0.6514858819148334E+03 +0.1613522532040337E-02 +0.0000000000000000E+00
+0.6514904171454766E+03 +0.1630463235026226E-02 +0.0000000000000000E+00
+0.6514949523761201E+03 +0.1647726880323646E-02 +0.0000000000000000E+00
+0.6514994876067633E+03 +0.1665321768890278E-02 +0.0000000000000000E+00
+0.6515040228374068E+03 +0.1683256408629906E-02 +0.0000000000000000E+00
+0.6515085580680500E+03 +0.1701539513884984E-02 +0.0000000000000000E+00
+0.6515130932986933E+03 +0.1720180004020443E-02 +0.0000000000000000E+00
+0.6515176285293367E+03 +0.1739187000963313E-02 +0.0000000000000000E+00
+0.6515221637599800E+03 +0.1758569825563117E-02 +0.0000000000000000E+00
+0.6515266989906233E+03 +0.1778337992625551E-02 +0.0000000000000000E+00
+0.6515312342212667E+03 +0.1798501204443268E-02 +0.0000000000000000E+00
+0.6515357694519100E+03 +0.1819069342656120E-02 +0.0000000000000000E+00
+0.6515403046825534E+03 +0.1840052458231628E-02 +0.0000000000000000E+00
+0.6515448399131967E+03 +0.1861460759367919E-02 +0.0000000000000000E+00
+0.6515493751438401E+03 +0.1883304597077768E-02 +0.0000000000000000E+00
+0.6515539103744833E+03 +0.1905594448224226E-02 +0.0000000000000000E+00
+0.6515584456051267E+03 +0.1928340895737647E-02 +0.0000000000000000E+00
+0.6515629808357700E+03 +0.1951554605744655E-02 +0.0000000000000000E+00
+0.6515675160664134E+03 +0.1975246301326591E-02 +0.0000000000000000E+00
+0.6515720512970566E+03 +0.1999426732595765E-02 +0.0000000000000000E+00
+0.6515765865277001E+03 +0.2024106642796103E-02 +0.0000000000000000E+00
+0.6515811217583433E+03 +0.2049296730097327E-02 +0.0000000000000000E+00
+0.6515856569889867E+03 +0.2075007604782722E-02 +0.0000000000000000E+00
+0.6515901922196300E+03 +0.2101249741501249E-02 +0.0000000000000000E+00
+0.6515947274502734E+03 +0.2128033426298908E-02 +0.0000000000000000E+00
+0.6515992626809167E+03 +0.2155368698133384E-02 +0.0000000000000000E+00
+0.6516037979115600E+03 +0.2183265284623848E-02 +0.0000000000000000E+00
+0.6516083331422034E+03 +0.2211732531829957E-02 +0.0000000000000000E+00
+0.6516128683728466E+03 +0.2240779327888300E-02 +0.0000000000000000E+00
+0.6516174036034901E+03 +0.2270414020438882E-02 +0.0000000000000000E+00
+0.6516219388341333E+03 +0.2300644327825917E-02 +0.0000000000000000E+00
+0.6516264740647767E+03 +0.2331477244206241E-02 +0.0000000000000000E+00
+0.6516310092954200E+03 +0.2362918938791288E-02 +0.0000000000000000E+00
+0.6516355445260633E+03 +0.2394974649645592E-02 +0.0000000000000000E+00
+0.6516400797567067E+03 +0.2427648572611851E-02 +0.0000000000000000E+00
+0.6516446149873500E+03 +0.2460943746164967E-02 +0.0000000000000000E+00
+0.6516491502179933E+03 +0.2494861933235867E-02 +0.0000000000000000E+00
+0.6516536854486367E+03 +0.2529403501284480E-02 +0.0000000000000000E+00
+0.6516582206792800E+03 +0.2564567302228810E-02 +0.0000000000000000E+00
+0.6516627559099234E+03 +0.2600350554099948E-02 +0.0000000000000000E+00
+0.6516672911405667E+03 +0.2636748726662405E-02 +0.0000000000000000E+00
+0.6516718263712100E+03 +0.2673755433521167E-02 +0.0000000000000000E+00
+0.6516763616018533E+03 +0.2711362333610118E-02 +0.0000000000000000E+00
+0.6516808968324967E+03 +0.2749559045222887E-02 +0.0000000000000000E+00
+0.6516854320631400E+03 +0.2788333076049978E-02 +0.0000000000000000E+00
+0.6516899672937834E+03 +0.2827669772912780E-02 +0.0000000000000000E+00
+0.6516945025244266E+03 +0.2867552295009929E-02 +0.0000000000000000E+00
+0.6516990377550701E+03 +0.2907961614598202E-02 +0.0000000000000000E+00
+0.6517035729857133E+03 +0.2948876548921341E-02 +0.0000000000000000E+00
+0.6517081082163568E+03 +0.2990273827058995E-02 +0.0000000000000000E+00
+0.6517126434470000E+03 +0.3032128194958344E-02 +0.0000000000000000E+00
+0.6517171786776433E+03 +0.3074412561434670E-02 +0.0000000000000000E+00
+0.6517217139082867E+03 +0.3117098187160601E-02 +0.0000000000000000E+00
+0.6517262491389300E+03 +0.3160154917786980E-02 +0.0000000000000000E+00
+0.6517307843695734E+03 +0.3203551461250101E-02 +0.0000000000000000E+00
+0.6517353196002167E+03 +0.3247255708035440E-02 +0.0000000000000000E+00
+0.6517398548308601E+03 +0.3291235091837004E-02 +0.0000000000000000E+00
+0.6517443900615034E+03 +0.3335456986525360E-02 +0.0000000000000000E+00
+0.6517489252921467E+03 +0.3379889133902910E-02 +0.0000000000000000E+00
+0.6517534605227900E+03 +0.3424500095214098E-02 +0.0000000000000000E+00
+0.6517579957534333E+03 +0.3469259718107010E-02 +0.0000000000000000E+00
+0.6517625309840766E+03 +0.3514139609561566E-02 +0.0000000000000000E+00
+0.6517670662147200E+03 +0.3559113604484929E-02 +0.0000000000000000E+00
+0.6517716014453633E+03 +0.3604158219179860E-02 +0.0000000000000000E+00
+0.6517761366760067E+03 +0.3649253078772388E-02 +0.0000000000000000E+00
+0.6517806719066500E+03 +0.3694381308098731E-02 +0.0000000000000000E+00
+0.6517852071372934E+03 +0.3739529876307547E-02 +0.0000000000000000E+00
+0.6517897423679367E+03 +0.3784689886750746E-02 +0.0000000000000000E+00
+0.6517942775985800E+03 +0.3829856805320928E-02 +0.0000000000000000E+00
+0.6517988128292233E+03 +0.3875030622415150E-02 +0.0000000000000000E+00
+0.6518033480598667E+03 +0.3920215945824739E-02 +0.0000000000000000E+00
+0.6518078832905099E+03 +0.3965422024152628E-02 +0.0000000000000000E+00
+0.6518124185211534E+03 +0.4010662702592030E-02 +0.0000000000000000E+00
+0.6518169537517966E+03 +0.4055956314935287E-02 +0.0000000000000000E+00
+0.6518214889824401E+03 +0.4101325517521268E-02 +0.0000000000000000E+00
+0.6518260242130833E+03 +0.4146797072173693E-02 +0.0000000000000000E+00
+0.6518305594437268E+03 +0.4192401586197280E-02 +0.0000000000000000E+00
+0.6518350946743700E+03 +0.4238173217901497E-02 +0.0000000000000000E+00
+0.6518396299050133E+03 +0.4284149356158251E-02 +0.0000000000000000E+00
+0.6518441651356567E+03 +0.4330370281969394E-02 +0.0000000000000000E+00
+0.6518487003663000E+03 +0.4376878819193410E-02 +0.0000000000000000E+00
+0.6518532355969434E+03 +0.4423719980431749E-02 +0.0000000000000000E+00
+0.6518577708275867E+03 +0.4470940612715234E-02 +0.0000000000000000E+00
+0.6518623060582300E+03 +0.4518589046304656E-02 +0.0000000000000000E+00
+0.6518668412888734E+03 +0.4566714748536298E-02 +0.0000000000000000E+00
+0.6518713765195167E+03 +0.4615367983552800E-02 +0.0000000000000000E+00
+0.6518759117501601E+03 +0.4664599477790484E-02 +0.0000000000000000E+00
+0.6518804469808033E+03 +0.4714460090560344E-02 +0.0000000000000000E+00
+0.6518849822114468E+03 +0.4765000488737240E-02 +0.0000000000000000E+00
+0.6518895174420900E+03 +0.4816270824669365E-02 +0.0000000000000000E+00
+0.6518940526727333E+03 +0.4868320416775412E-02 +0.0000000000000000E+00
+0.6518985879033767E+03 +0.4921197432846051E-02 +0.0000000000000000E+00
+0.6519031231340200E+03 +0.4974948576869918E-02 +0.0000000000000000E+00
+0.6519076583646633E+03 +0.5029618780945671E-02 +0.0000000000000000E+00
+0.6519121935953067E+03 +0.5085250904700297E-02 +0.0000000000000000E+00
+0.6519167288259500E+03 +0.5141885445242496E-02 +0.0000000000000000E+00
+0.6519212640565934E+03 +0.5199560261254581E-02 +0.0000000000000000E+00
+0.6519257992872367E+03 +0.5258310315031354E-02 +0.0000000000000000E+00
+0.6519303345178799E+03 +0.5318167436321934E-02 +0.0000000000000000E+00
+0.6519348697485234E+03 +0.5379160111566830E-02 +0.0000000000000000E+00
+0.6519394049791666E+03 +0.5441313301556045E-02 +0.0000000000000000E+00
+0.6519439402098101E+03 +0.5504648289862682E-02 +0.0000000000000000E+00
+0.6519484754404533E+03 +0.5569182563415941E-02 +0.0000000000000000E+00
+0.6519530106710966E+03 +0.5634929725651645E-02 +0.0000000000000000E+00
+0.6519575459017400E+03 +0.5701899441571012E-02 +0.0000000000000000E+00
+0.6519620811323833E+03 +0.5770097413106412E-02 +0.0000000000000000E+00
+0.6519666163630267E+03 +0.5839525382343676E-02 +0.0000000000000000E+00
+0.6519711515936700E+03 +0.5910181159444168E-02 +0.0000000000000000E+00
+0.6519756868243134E+03 +0.5982058671782991E-02 +0.0000000000000000E+00
+0.6519802220549567E+03 +0.6055148030603712E-02 +0.0000000000000000E+00
+0.6519847572856000E+03 +0.6129435611763635E-02 +0.0000000000000000E+00
+0.6519892925162434E+03 +0.6204904147522417E-02 +0.0000000000000000E+00
+0.6519938277468866E+03 +0.6281532827174295E-02 +0.0000000000000000E+00
+0.6519983629775301E+03 +0.6359297405217346E-02 +0.0000000000000000E+00
+0.6520028982081733E+03 +0.6438170316959643E-02 +0.0000000000000000E+00
+0.6520074334388167E+03 +0.6518120802712944E-02 +0.0000000000000000E+00
+0.6520119686694600E+03 +0.6599115042931054E-02 +0.0000000000000000E+00
+0.6520165039001034E+03 +0.6681116307937638E-02 +0.0000000000000000E+00
+0.6520210391307467E+03 +0.6764085126817395E-02 +0.0000000000000000E+00
+0.6520255743613901E+03 +0.6847979480948478E-02 +0.0000000000000000E+00
+0.6520301095920333E+03 +0.6932755028019252E-02 +0.0000000000000000E+00
+0.6520346448226767E+03 +0.7018365362576252E-02 +0.0000000000000000E+00
+0.6520391800533200E+03 +0.7104762318709223E-02 +0.0000000000000000E+00
+0.6520437152839634E+03 +0.7191896319727938E-02 +0.0000000000000000E+00
+0.6520482505146067E+03 +0.7279716778387827E-02 +0.0000000000000000E+00
+0.6520527857452500E+03 +0.7368172549375761E-02 +0.0000000000000000E+00
+0.6520573209758934E+03 +0.7457212433643638E-02 +0.0000000000000000E+00
+0.6520618562065367E+03 +0.7546785731442808E-02 +0.0000000000000000E+00
+0.6520663914371801E+03 +0.7636842838117632E-02 +0.0000000000000000E+00
+0.6520709266678233E+03 +0.7727335873501631E-02 +0.0000000000000000E+00
+0.6520754618984666E+03 +0.7818219332755207E-02 +0.0000000000000000E+00
+0.6520799971291100E+03 +0.7909450743391912E-02 +0.0000000000000000E+00
+0.6520845323597533E+03 +0.8000991310648544E-02 +0.0000000000000000E+00
+0.6520890675903967E+03 +0.8092806531211291E-02 +0.0000000000000000E+00
+0.6520936028210400E+03 +0.8184866753795466E-02 +0.0000000000000000E+00
+0.6520981380516833E+03 +0.8277147664593178E-02 +0.0000000000000000E+00
+0.6521026732823267E+03 +0.8369630675861717E-02 +0.0000000000000000E+00
+0.6521072085129700E+03 +0.8462303197474440E-02 +0.0000000000000000E+00
+0.6521117437436134E+03 +0.8555158773603959E-02 +0.0000000000000000E+00
+0.6521162789742566E+03 +0.8648197070295831E-02 +0.0000000000000000E+00
+0.6521208142049001E+03 +0.8741423703911639E-02 +0.0000000000000000E+00
+0.6521253494355433E+03 +0.8834849905499740E-02 +0.0000000000000000E+00
+0.6521298846661867E+03 +0.8928492021608385E-02 +0.0000000000000000E+00
+0.6521344198968300E+03 +0.9022370857617635E-02 +0.0000000000000000E+00
+0.6521389551274734E+03 +0.9116510875301024E-02 +0.0000000000000000E+00
+0.6521434903581167E+03 +0.9210939261339618E-02 +0.0000000000000000E+00
+0.6521480255887601E+03 +0.9305684888135862E-02 +0.0000000000000000E+00
+0.6521525608194033E+03 +0.9400777191793799E-02 +0.0000000000000000E+00
+0.6521570960500467E+03 +0.9496244994903834E-02 +0.0000000000000000E+00
+0.6521616312806900E+03 +0.9592115303209036E-02 +0.0000000000000000E+00
+0.6521661665113334E+03 +0.9688412105740399E-02 +0.0000000000000000E+00
+0.6521707017419767E+03 +0.9785155207379242E-02 +0.0000000000000000E+00
+0.6521752369726200E+03 +0.9882359121134287E-02 +0.0000000000000000E+00
+0.6521797722032634E+03 +0.9980032045112993E-02 +0.0000000000000000E+00
+0.6521843074339067E+03 +0.1007817494596298E-01 +0.0000000000000000E+00
+0.6521888426645501E+03 +0.1017678076715396E-01 +0.0000000000000000E+00
+0.6521933778951934E+03 +0.1027583377651877E-01 +0.0000000000000000E+00
+0.6521979131258366E+03 +0.1037530906367232E-01 +0.0000000000000000E+00
+0.6522024483564801E+03 +0.1047517219390503E-01 +0.0000000000000000E+00
+0.6522069835871233E+03 +0.1057537902145111E-01 +0.0000000000000000E+00
+0.6522115188177667E+03 +0.1067587566147072E-01 +0.0000000000000000E+00
+0.6522160540484100E+03 +0.1077659861669755E-01 +0.0000000000000000E+00
+0.6522205892790533E+03 +0.1087747505177691E-01 +0.0000000000000000E+00
+0.6522251245096967E+03 +0.1097842320540710E-01 +0.0000000000000000E+00
+0.6522296597403400E+03 +0.1107935292802125E-01 +0.0000000000000000E+00
+0.6522341949709834E+03 +0.1118016633036504E-01 +0.0000000000000000E+00
+0.6522387302016266E+03 +0.1128075852650194E-01 +0.0000000000000000E+00
+0.6522432654322701E+03 +0.1138101845301681E-01 +0.0000000000000000E+00
+0.6522478006629133E+03 +0.1148082974499936E-01 +0.0000000000000000E+00
+0.6522523358935567E+03 +0.1158007164856742E-01 +0.0000000000000000E+00
+0.6522568711242000E+03 +0.1167861994931851E-01 +0.0000000000000000E+00
+0.6522614063548434E+03 +0.1177634789651506E-01 +0.0000000000000000E+00
+0.6522659415854866E+03 +0.1187312710363111E-01 +0.0000000000000000E+00
+0.6522704768161301E+03 +0.1196882840766017E-01 +0.0000000000000000E+00
+0.6522750120467733E+03 +0.1206332267176578E-01 +0.0000000000000000E+00
+0.6522795472774167E+03 +0.1215648151891427E-01 +0.0000000000000000E+00
+0.6522840825080600E+03 +0.1224817798745540E-01 +0.0000000000000000E+00
+0.6522886177387034E+03 +0.1233828710348303E-01 +0.0000000000000000E+00
+0.6522931529693467E+03 +0.1242668636876694E-01 +0.0000000000000000E+00
+0.6522976881999900E+03 +0.1251325616688636E-01 +0.0000000000000000E+00
+0.6523022234306334E+03 +0.1259788009393462E-01 +0.0000000000000000E+00
+0.6523067586612767E+03 +0.1268044522318264E-01 +0.0000000000000000E+00
+0.6523112938919201E+03 +0.1276084231566809E-01 +0.0000000000000000E+00
+0.6523158291225634E+03 +0.1283896599019899E-01 +0.0000000000000000E+00
+0.6523203643532066E+03 +0.1291471486710487E-01 +0.0000000000000000E+00
+0.6523248995838501E+03 +0.1298799169977501E-01 +0.0000000000000000E+00
+0.6523294348144933E+03 +0.1305870350700574E-01 +0.0000000000000000E+00
+0.6523339700451368E+03 +0.1312676171732039E-01 +0.0000000000000000E+00
+0.6523385052757800E+03 +0.1319208233389855E-01 +0.0000000000000000E+00
+0.6523430405064234E+03 +0.1325458612594582E-01 +0.0000000000000000E+00
+0.6523475757370667E+03 +0.1331419884915101E-01 +0.0000000000000000E+00
+0.6523521109677100E+03 +0.1337085149490663E-01 +0.0000000000000000E+00
+0.6523566461983534E+03 +0.1342448056505791E-01 +0.0000000000000000E+00
+0.6523611814289967E+03 +0.1347502836662639E-01 +0.0000000000000000E+00
+0.6523657166596400E+03 +0.1352244331904425E-01 +0.0000000000000000E+00
+0.6523702518902834E+03 +0.1356668026529219E-01 +0.0000000000000000E+00
+0.6523747871209267E+03 +0.1360770077782363E-01 +0.0000000000000000E+00
+0.6523793223515700E+03 +0.1364547345028064E-01 +0.0000000000000000E+00
+0.6523838575822134E+03 +0.1367997416680089E-01 +0.0000000000000000E+00
+0.6523883928128566E+03 +0.1371118634186651E-01 +0.0000000000000000E+00
+0.6523929280435001E+03 +0.1373910112522893E-01 +0.0000000000000000E+00
+0.6523974632741433E+03 +0.1376371756807661E-01 +0.0000000000000000E+00
+0.6524019985047867E+03 +0.1378504274832571E-01 +0.0000000000000000E+00
+0.6524065337354300E+03 +0.1380309185436962E-01 +0.0000000000000000E+00
+0.6524110689660733E+03 +0.1381788822783449E-01 +0.0000000000000000E+00
+0.6524156041967167E+03 +0.1382946336665807E-01 +0.0000000000000000E+00
+0.6524201394273600E+03 +0.1383785689010713E-01 +0.0000000000000000E+00
+0.6524246746580034E+03 +0.1384311646719460E-01 +0.0000000000000000E+00
+0.6524292098886467E+03 +0.1384529770931782E-01 +0.0000000000000000E+00
+0.6524337451192899E+03 +0.1384446402696392E-01 +0.0000000000000000E+00
+0.6524382803499334E+03 +0.1384068644907417E-01 +0.0000000000000000E+00
+0.6524428155805766E+03 +0.1383404340231400E-01 +0.0000000000000000E+00
+0.6524473508112201E+03 +0.1382462044619642E-01 +0.0000000000000000E+00
+0.6524518860418633E+03 +0.1381250995894253E-01 +0.0000000000000000E+00
+0.6524564212725068E+03 +0.1379781076827463E-01 +0.0000000000000000E+00
+0.6524609565031500E+03 +0.1378062772119521E-01 +0.0000000000000000E+00
+0.6524654917337934E+03 +0.1376107118726784E-01 +0.0000000000000000E+00
+0.6524700269644367E+03 +0.1373925649110731E-01 +0.0000000000000000E+00
+0.6524745621950800E+03 +0.1371530327163354E-01 +0.0000000000000000E+00
+0.6524790974257234E+03 +0.1368933476818675E-01 +0.0000000000000000E+00
+0.6524836326563667E+03 +0.1366147703665108E-01 +0.0000000000000000E+00
+0.6524881678870100E+03 +0.1363185810217967E-01 +0.0000000000000000E+00
+0.6524927031176534E+03 +0.1360060705876840E-01 +0.0000000000000000E+00
+0.6524972383482967E+03 +0.1356785312947918E-01 +0.0000000000000000E+00
+0.6525017735789401E+03 +0.1353372470445073E-01 +0.0000000000000000E+00
+0.6525063088095834E+03 +0.1349834837656501E-01 +0.0000000000000000E+00
+0.6525108440402267E+03 +0.1346184799671092E-01 +0.0000000000000000E+00
+0.6525153792708700E+03 +0.1342434377166239E-01 +0.0000000000000000E+00
+0.6525199145015134E+03 +0.1338595142771696E-01 +0.0000000000000000E+00
+0.6525244497321567E+03 +0.1334678146223067E-01 +0.0000000000000000E+00
+0.6525289849628000E+03 +0.1330693850314107E-01 +0.0000000000000000E+00
+0.6525335201934433E+03 +0.1326652079359770E-01 +0.0000000000000000E+00
+0.6525380554240867E+03 +0.1322561981496958E-01 +0.0000000000000000E+00
+0.6525425906547300E+03 +0.1318432005715425E-01 +0.0000000000000000E+00
+0.6525471258853734E+03 +0.1314269894031353E-01 +0.0000000000000000E+00
+0.6525516611160167E+03 +0.1310082688738301E-01 +0.0000000000000000E+00
+0.6525561963466599E+03 +0.1305876754198038E-01 +0.0000000000000000E+00
+0.6525607315773034E+03 +0.1301657812211585E-01 +0.0000000000000000E+00
+0.6525652668079466E+03 +0.1297430989638908E-01 +0.0000000000000000E+00
+0.6525698020385901E+03 +0.1293200876638640E-01 +0.0000000000000000E+00
+0.6525743372692333E+03 +0.1288971593683966E-01 +0.0000000000000000E+00
+0.6525788724998768E+03 +0.1284746865367219E-01 +0.0000000000000000E+00
+0.6525834077305200E+03 +0.1280530098947625E-01 +0.0000000000000000E+00
+0.6525879429611634E+03 +0.1276324465592248E-01 +0.0000000000000000E+00
+0.6525924781918067E+03 +0.1272132982319923E-01 +0.0000000000000000E+00
+0.6525970134224500E+03 +0.1267958592743641E-01 +0.0000000000000000E+00
+0.6526015486530933E+03 +0.1263804244826915E-01 +0.0000000000000000E+00
+0.6526060838837367E+03 +0.1259672963991744E-01 +0.0000000000000000E+00
+0.6526106191143800E+03 +0.1255567920042227E-01 +0.0000000000000000E+00
+0.6526151543450234E+03 +0.1251492486492309E-01 +0.0000000000000000E+00
+0.6526196895756667E+03 +0.1247450290996670E-01 +0.0000000000000000E+00
+0.6526242248063101E+03 +0.1243445255701768E-01 +0.0000000000000000E+00
+0.6526287600369534E+03 +0.1239481626444687E-01 +0.0000000000000000E+00
+0.6526332952675967E+03 +0.1235563989862474E-01 +0.0000000000000000E+00
+0.6526378304982400E+03 +0.1231697277622115E-01 +0.0000000000000000E+00
+0.6526423657288834E+03 +0.1227886757172749E-01 +0.0000000000000000E+00
+0.6526469009595266E+03 +0.1224138008646419E-01 +0.0000000000000000E+00
+0.6526514361901701E+03 +0.1220456887807330E-01 +0.0000000000000000E+00
+0.6526559714208133E+03 +0.1216849475270986E-01 +0.0000000000000000E+00
+0.6526605066514568E+03 +0.1213322012568524E-01 +0.0000000000000000E+00
+0.6526650418821000E+03 +0.1209880826024008E-01 +0.0000000000000000E+00
+0.6526695771127434E+03 +0.1206532239808798E-01 +0.0000000000000000E+00
+0.6526741123433867E+03 +0.1203282479938610E-01 +0.0000000000000000E+00
+0.6526786475740300E+03 +0.1200137571345674E-01 +0.0000000000000000E+00
+0.6526831828046734E+03 +0.1197103230488211E-01 +0.0000000000000000E+00
+0.6526877180353167E+03 +0.1194184756217947E-01 +0.0000000000000000E+00
+0.6526922532659601E+03 +0.1191386921807217E-01 +0.0000000000000000E+00
+0.6526967884966033E+03 +0.1188713871128336E-01 +0.0000000000000000E+00
+0.6527013237272467E+03 +0.1186169021965675E-01 +0.0000000000000000E+00
+0.6527058589578900E+03 +0.1183754979337516E-01 +0.0000000000000000E+00
+0.6527103941885334E+03 +0.1181473461500145E-01 +0.0000000000000000E+00
+0.6527149294191767E+03 +0.1179325241024471E-01 +0.0000000000000000E+00
+0.6527194646498200E+03 +0.1177310102974183E-01 +0.0000000000000000E+00
+0.6527239998804633E+03 +0.1175426821801680E-01 +0.0000000000000000E+00
+0.6527285351111067E+03 +0.1173673158118616E-01 +0.0000000000000000E+00
+0.6527330703417500E+03 +0.1172045876013787E-01 +0.0000000000000000E+00
+0.6527376055723934E+03 +0.1170540781095911E-01 +0.0000000000000000E+00
+0.6527421408030367E+03 +0.1169152778940368E-01 +0.0000000000000000E+00
+0.6527466760336800E+03 +0.1167875953135977E-01 +0.0000000000000000E+00
+0.6527512112643234E+03 +0.1166703661660249E-01 +0.0000000000000000E+00
+0.6527557464949667E+03 +0.1165628649875077E-01 +0.0000000000000000E+00
+0.6527602817256100E+03 +0.1164643178027953E-01 +0.0000000000000000E+00
+0.6527648169562534E+03 +0.1163739160779521E-01 +0.0000000000000000E+00
+0.6527693521868966E+03 +0.1162908315956628E-01 +0.0000000000000000E+00
+0.6527738874175401E+03 +0.1162142319461263E-01 +0.0000000000000000E+00
+0.6527784226481833E+03 +0.1161432963056114E-01 +0.0000000000000000E+00
+0.6527829578788268E+03 +0.1160772311602769E-01 +0.0000000000000000E+00
+0.6527874931094700E+03 +0.1160152856259976E-01 +0.0000000000000000E+00
+0.6527920283401135E+03 +0.1159567660160464E-01 +0.0000000000000000E+00
+0.6527965635707567E+03 +0.1159010493185325E-01 +0.0000000000000000E+00
+0.6528010988014000E+03 +0.1158475952645516E-01 +0.0000000000000000E+00
+0.6528056340320434E+03 +0.1157959566965079E-01 +0.0000000000000000E+00
+0.6528101692626867E+03 +0.1157457879835223E-01 +0.0000000000000000E+00
+0.6528147044933301E+03 +0.1156968512767871E-01 +0.0000000000000000E+00
+0.6528192397239734E+03 +0.1156490204511401E-01 +0.0000000000000000E+00
+0.6528237749546167E+03 +0.1156022826384353E-01 +0.0000000000000000E+00
+0.6528283101852601E+03 +0.1155567373219638E-01 +0.0000000000000000E+00
+0.6528328454159034E+03 +0.1155125930269063E-01 +0.0000000000000000E+00
+0.6528373806465466E+03 +0.1154701617075983E-01 +0.0000000000000000E+00
+0.6528419158771900E+03 +0.1154298509956768E-01 +0.0000000000000000E+00
+0.6528464511078333E+03 +0.1153921545318814E-01 +0.0000000000000000E+00
+0.6528509863384767E+03 +0.1153576406559913E-01 +0.0000000000000000E+00
+0.6528555215691200E+03 +0.1153269397722912E-01 +0.0000000000000000E+00
+0.6528600567997634E+03 +0.1153007307403964E-01 +0.0000000000000000E+00
+0.6528645920304067E+03 +0.1152797266619158E-01 +0.0000000000000000E+00
+0.6528691272610500E+03 +0.1152646604416939E-01 +0.0000000000000000E+00
+0.6528736624916933E+03 +0.1152562704977983E-01 +0.0000000000000000E+00
+0.6528781977223367E+03 +0.1152552869774419E-01 +0.0000000000000000E+00
+0.6528827329529799E+03 +0.1152624188073076E-01 +0.0000000000000000E+00
+0.6528872681836234E+03 +0.1152783418675992E-01 +0.0000000000000000E+00
+0.6528918034142666E+03 +0.1153036885312649E-01 +0.0000000000000000E+00
+0.6528963386449101E+03 +0.1153390387552299E-01 +0.0000000000000000E+00
+0.6529008738755533E+03 +0.1153849128514385E-01 +0.0000000000000000E+00
+0.6529054091061968E+03 +0.1154417660044959E-01 +0.0000000000000000E+00
+0.6529099443368400E+03 +0.1155099845420638E-01 +0.0000000000000000E+00
+0.6529144795674833E+03 +0.1155898839064397E-01 +0.0000000000000000E+00
+0.6529190147981267E+03 +0.1156817082228644E-01 +0.0000000000000000E+00
+0.6529235500287700E+03 +0.1157856313141621E-01 +0.0000000000000000E+00
+0.6529280852594134E+03 +0.1159017589736884E-01 +0.0000000000000000E+00
+0.6529326204900567E+03 +0.1160301322802672E-01 +0.0000000000000000E+00
+0.6529371557207000E+03 +0.1161707317207349E-01 +0.0000000000000000E+00
+0.6529416909513434E+03 +0.1163234818775869E-01 +0.0000000000000000E+00
+0.6529462261819867E+03 +0.1164882564413189E-01 +0.0000000000000000E+00
+0.6529507614126301E+03 +0.1166648833180080E-01 +0.0000000000000000E+00
+0.6529552966432733E+03 +0.1168531496221574E-01 +0.0000000000000000E+00
+0.6529598318739168E+03 +0.1170528063707095E-01 +0.0000000000000000E+00
+0.6529643671045600E+03 +0.1172635727255316E-01 +0.0000000000000000E+00
+0.6529689023352034E+03 +0.1174851396664929E-01 +0.0000000000000000E+00
+0.6529734375658467E+03 +0.1177171730136742E-01 +0.0000000000000000E+00
+0.6529779727964901E+03 +0.1179593157541553E-01 +0.0000000000000000E+00
+0.6529825080271333E+03 +0.1182111896636892E-01 +0.0000000000000000E+00
+0.6529870432577767E+03 +0.1184723962461622E-01 +0.0000000000000000E+00
+0.6529915784884200E+03 +0.1187425170416934E-01 +0.0000000000000000E+00
+0.6529961137190634E+03 +0.1190211133779989E-01 +0.0000000000000000E+00
+0.6530006489497067E+03 +0.1193077256574625E-01 +0.0000000000000000E+00
+0.6530051841803501E+03 +0.1196018722851460E-01 +0.0000000000000000E+00
+0.6530097194109934E+03 +0.1199030483502486E-01 +0.0000000000000000E+00
+0.6530142546416366E+03 +0.1202107241756237E-01 +0.0000000000000000E+00
+0.6530187898722801E+03 +0.1205243438483777E-01 +0.0000000000000000E+00
+0.6530233251029233E+03 +0.1208433238387716E-01 +0.0000000000000000E+00
+0.6530278603335668E+03 +0.1211670518071082E-01 +0.0000000000000000E+00
+0.6530323955642100E+03 +0.1214948856882283E-01 +0.0000000000000000E+00
+0.6530369307948533E+03 +0.1218261531331717E-01 +0.0000000000000000E+00
+0.6530414660254967E+03 +0.1221601513764706E-01 +0.0000000000000000E+00
+0.6530460012561400E+03 +0.1224961475873279E-01 +0.0000000000000000E+00
+0.6530505364867834E+03 +0.1228333797529866E-01 +0.0000000000000000E+00
+0.6530550717174267E+03 +0.1231710581328921E-01 +0.0000000000000000E+00
+0.6530596069480700E+03 +0.1235083673135615E-01 +0.0000000000000000E+00
+0.6530641421787134E+03 +0.1238444688845711E-01 +0.0000000000000000E+00
+0.6530686774093567E+03 +0.1241785047471795E-01 +0.0000000000000000E+00
+0.6530732126400001E+03 +0.1245096010566111E-01 +0.0000000000000000E+00
+0.6530777478706433E+03 +0.1248368727885365E-01 +0.0000000000000000E+00
+0.6530822831012867E+03 +0.1251594289079028E-01 +0.0000000000000000E+00
+0.6530868183319300E+03 +0.1254763781056090E-01 +0.0000000000000000E+00
+0.6530913535625734E+03 +0.1257868350549461E-01 +0.0000000000000000E+00
+0.6530958887932167E+03 +0.1260899271257770E-01 +0.0000000000000000E+00
+0.6531004240238601E+03 +0.1263848014815448E-01 +0.0000000000000000E+00
+0.6531049592545033E+03 +0.1266706324716818E-01 +0.0000000000000000E+00
+0.6531094944851468E+03 +0.1269466292221379E-01 +0.0000000000000000E+00
+0.6531140297157900E+03 +0.1272120433184505E-01 +0.0000000000000000E+00
+0.6531185649464334E+03 +0.1274661764710584E-01 +0.0000000000000000E+00
+0.6531231001770767E+03 +0.1277083880500269E-01 +0.0000000000000000E+00
+0.6531276354077200E+03 +0.1279381023771679E-01 +0.0000000000000000E+00
+0.6531321706383634E+03 +0.1281548156665768E-01 +0.0000000000000000E+00
+0.6531367058690067E+03 +0.1283581025093928E-01 +0.0000000000000000E+00
+0.6531412410996501E+03 +0.1285476218050774E-01 +0.0000000000000000E+00
+0.6531457763302934E+03 +0.1287231220480101E-01 +0.0000000000000000E+00
+0.6531503115609368E+03 +0.1288844458853259E-01 +0.0000000000000000E+00
+0.6531548467915800E+03 +0.1290315338681494E-01 +0.0000000000000000E+00
+0.6531593820222233E+03 +0.1291644273246877E-01 +0.0000000000000000E+00
+0.6531639172528667E+03 +0.1292832702892192E-01 +0.0000000000000000E+00
+0.6531684524835100E+03 +0.1293883104271353E-01 +0.0000000000000000E+00
+0.6531729877141534E+03 +0.1294798989030163E-01 +0.0000000000000000E+00
+0.6531775229447967E+03 +0.1295584891471629E-01 +0.0000000000000000E+00
+0.6531820581754400E+03 +0.1296246344871119E-01 +0.0000000000000000E+00
+0.6531865934060834E+03 +0.1296789846246289E-01 +0.0000000000000000E+00
+0.6531911286367267E+03 +0.1297222809564210E-01 +0.0000000000000000E+00
+0.6531956638673701E+03 +0.1297553507578861E-01 +0.0000000000000000E+00
+0.6532001990980133E+03 +0.1297791002736799E-01 +0.0000000000000000E+00
+0.6532047343286567E+03 +0.1297945067855587E-01 +0.0000000000000000E+00
+0.6532092695593000E+03 +0.1298026097559602E-01 +0.0000000000000000E+00
+0.6532138047899434E+03 +0.1298045011734551E-01 +0.0000000000000000E+00
+0.6532183400205867E+03 +0.1298013152520102E-01 +0.0000000000000000E+00
+0.6532228752512301E+03 +0.1297942176583302E-01 +0.0000000000000000E+00
+0.6532274104818733E+03 +0.1297843944588831E-01 +0.0000000000000000E+00
+0.6532319457125168E+03 +0.1297730409893959E-01 +0.0000000000000000E+00
+0.6532364809431600E+03 +0.1297613508538803E-01 +0.0000000000000000E+00
+0.6532410161738034E+03 +0.1297505052571682E-01 +0.0000000000000000E+00
+0.6532455514044467E+03 +0.1297416628647464E-01 +0.0000000000000000E+00
+0.6532500866350900E+03 +0.1297359503668470E-01 +0.0000000000000000E+00
+0.6532546218657334E+03 +0.1297344539012383E-01 +0.0000000000000000E+00
+0.6532591570963767E+03 +0.1297382114622178E-01 +0.0000000000000000E+00
+0.6532636923270201E+03 +0.1297482063932513E-01 +0.0000000000000000E+00
+0.6532682275576634E+03 +0.1297653620290689E-01 +0.0000000000000000E+00
+0.6532727627883067E+03 +0.1297905375211926E-01 +0.0000000000000000E+00
+0.6532772980189501E+03 +0.1298245248501414E-01 +0.0000000000000000E+00
+0.6532818332495933E+03 +0.1298680469991134E-01 +0.0000000000000000E+00
+0.6532863684802368E+03 +0.1299217572385965E-01 +0.0000000000000000E+00
+0.6532909037108800E+03 +0.1299862394498179E-01 +0.0000000000000000E+00
+0.6532954389415233E+03 +0.1300620093975952E-01 +0.0000000000000000E+00
+0.6532999741721667E+03 +0.1301495168500399E-01 +0.0000000000000000E+00
+0.6533045094028100E+03 +0.1302491484338086E-01 +0.0000000000000000E+00
+0.6533090446334534E+03 +0.1303612311086210E-01 +0.0000000000000000E+00
+0.6533135798640967E+03 +0.1304860361435167E-01 +0.0000000000000000E+00
+0.6533181150947401E+03 +0.1306237834788049E-01 +0.0000000000000000E+00
+0.6533226503253834E+03 +0.1307746463617750E-01 +0.0000000000000000E+00
+0.6533271855560267E+03 +0.1309387561498035E-01 +0.0000000000000000E+00
+0.6533317207866700E+03 +0.1311162071813960E-01 +0.0000000000000000E+00
+0.6533362560173134E+03 +0.1313070616231148E-01 +0.0000000000000000E+00
+0.6533407912479566E+03 +0.1315113542077427E-01 +0.0000000000000000E+00
+0.6533453264786001E+03 +0.1317290967866166E-01 +0.0000000000000000E+00
+0.6533498617092433E+03 +0.1319602826258603E-01 +0.0000000000000000E+00
+0.6533543969398867E+03 +0.1322048903832540E-01 +0.0000000000000000E+00
+0.6533589321705300E+03 +0.1324628877088162E-01 +0.0000000000000000E+00
+0.6533634674011734E+03 +0.1327342344190183E-01 +0.0000000000000000E+00
+0.6533680026318167E+03 +0.1330188852017464E-01 +0.0000000000000000E+00
+0.6533725378624600E+03 +0.1333167918169622E-01 +0.0000000000000000E+00
+0.6533770730931034E+03 +0.1336279047675980E-01 +0.0000000000000000E+00
+0.6533816083237467E+03 +0.1339521744256453E-01 +0.0000000000000000E+00
+0.6533861435543901E+03 +0.1342895516112422E-01 +0.0000000000000000E+00
+0.6533906787850334E+03 +0.1346399876362738E-01 +0.0000000000000000E+00
+0.6533952140156766E+03 +0.1350034338399371E-01 +0.0000000000000000E+00
+0.6533997492463201E+03 +0.1353798406598171E-01 +0.0000000000000000E+00
+0.6534042844769633E+03 +0.1357691562990461E-01 +0.0000000000000000E+00
+0.6534088197076068E+03 +0.1361713250663745E-01 +0.0000000000000000E+00
+0.6534133549382500E+03 +0.1365862854804162E-01 +0.0000000000000000E+00
+0.6534178901688935E+03 +0.1370139682420146E-01 +0.0000000000000000E+00
+0.6534224253995367E+03 +0.1374542941868261E-01 +0.0000000000000000E+00
+0.6534269606301801E+03 +0.1379071723351102E-01 +0.0000000000000000E+00
+0.6534314958608234E+03 +0.1383724981544144E-01 +0.0000000000000000E+00
+0.6534360310914667E+03 +0.1388501521453169E-01 +0.0000000000000000E+00
+0.6534405663221100E+03 +0.1393399988482965E-01 +0.0000000000000000E+00
+0.6534451015527534E+03 +0.1398418863535014E-01 +0.0000000000000000E+00
+0.6534496367833967E+03 +0.1403556463741765E-01 +0.0000000000000000E+00
+0.6534541720140401E+03 +0.1408810949198206E-01 +0.0000000000000000E+00
+0.6534587072446834E+03 +0.1414180335794055E-01 +0.0000000000000000E+00
+0.6534632424753268E+03 +0.1419662513974747E-01 +0.0000000000000000E+00
+0.6534677777059701E+03 +0.1425255273008606E-01 +0.0000000000000000E+00
+0.6534723129366133E+03 +0.1430956330097600E-01 +0.0000000000000000E+00
+0.6534768481672567E+03 +0.1436763363482063E-01 +0.0000000000000000E+00
+0.6534813833979000E+03 +0.1442674048537329E-01 +0.0000000000000000E+00
+0.6534859186285433E+03 +0.1448686095773900E-01 +0.0000000000000000E+00
+0.6534904538591867E+03 +0.1454797289620765E-01 +0.0000000000000000E+00
+0.6534949890898300E+03 +0.1461005526892185E-01 +0.0000000000000000E+00
+0.6534995243204734E+03 +0.1467308853923397E-01 +0.0000000000000000E+00
+0.6535040595511167E+03 +0.1473705501475642E-01 +0.0000000000000000E+00
+0.6535085947817601E+03 +0.1480193916677568E-01 +0.0000000000000000E+00
+0.6535131300124034E+03 +0.1486772791443425E-01 +0.0000000000000000E+00
+0.6535176652430466E+03 +0.1493441087010138E-01 +0.0000000000000000E+00
+0.6535222004736901E+03 +0.1500198054419991E-01 +0.0000000000000000E+00
+0.6535267357043333E+03 +0.1507043250959867E-01 +0.0000000000000000E+00
+0.6535312709349768E+03 +0.1513976552724556E-01 +0.0000000000000000E+00
+0.6535358061656200E+03 +0.1520998163590526E-01 +0.0000000000000000E+00
+0.6535403413962634E+03 +0.1528108620979494E-01 +0.0000000000000000E+00
+0.6535448766269067E+03 +0.1535308798822374E-01 +0.0000000000000000E+00
+0.6535494118575501E+03 +0.1542599908137570E-01 +0.0000000000000000E+00
+0.6535539470881934E+03 +0.1549983495575648E-01 +0.0000000000000000E+00
+0.6535584823188367E+03 +0.1557461440196520E-01 +0.0000000000000000E+00
+0.6535630175494800E+03 +0.1565035948604988E-01 +0.0000000000000000E+00
+0.6535675527801234E+03 +0.1572709548416452E-01 +0.0000000000000000E+00
+0.6535720880107667E+03 +0.1580485079850633E-01 +0.0000000000000000E+00
+0.6535766232414101E+03 +0.1588365685070525E-01 +0.0000000000000000E+00
+0.6535811584720534E+03 +0.1596354794733183E-01 +0.0000000000000000E+00
+0.6535856937026967E+03 +0.1604456111080810E-01 +0.0000000000000000E+00
+0.6535902289333401E+03 +0.1612673586830838E-01 +0.0000000000000000E+00
+0.6535947641639834E+03 +0.1621011399094011E-01 +0.0000000000000000E+00
+0.6535992993946267E+03 +0.1629473917613222E-01 +0.0000000000000000E+00
+0.6536038346252701E+03 +0.1638065666737044E-01 +0.0000000000000000E+00
+0.6536083698559133E+03 +0.1646791280757240E-01 +0.0000000000000000E+00
+0.6536129050865567E+03 +0.1655655452521721E-01 +0.0000000000000000E+00
+0.6536174403172000E+03 +0.1664662875570738E-01 +0.0000000000000000E+00
+0.6536219755478434E+03 +0.1673818180440098E-01 +0.0000000000000000E+00
+0.6536265107784867E+03 +0.1683125866168932E-01 +0.0000000000000000E+00
+0.6536310460091300E+03 +0.1692590228460450E-01 +0.0000000000000000E+00
+0.6536355812397734E+03 +0.1702215286295079E-01 +0.0000000000000000E+00
+0.6536401164704166E+03 +0.1712004709107689E-01 +0.0000000000000000E+00
+0.6536446517010601E+03 +0.1721961746839909E-01 +0.0000000000000000E+00
+0.6536491869317033E+03 +0.1732089165285528E-01 +0.0000000000000000E+00
+0.6536537221623468E+03 +0.1742389189122189E-01 +0.0000000000000000E+00
+0.6536582573929900E+03 +0.1752863454858250E-01 +0.0000000000000000E+00
+0.6536627926236334E+03 +0.1763512975649322E-01 +0.0000000000000000E+00
+0.6536673278542767E+03 +0.1774338119519691E-01 +0.0000000000000000E+00
+0.6536718630849201E+03 +0.1785338602032824E-01 +0.0000000000000000E+00
+0.6536763983155633E+03 +0.1796513493860798E-01 +0.0000000000000000E+00
+0.6536809335462067E+03 +0.1807861243093601E-01 +0.0000000000000000E+00
+0.6536854687768500E+03 +0.1819379711482306E-01 +0.0000000000000000E+00
+0.6536900040074934E+03 +0.1831066223207011E-01 +0.0000000000000000E+00
+0.6536945392381367E+03 +0.1842917624203911E-01 +0.0000000000000000E+00
+0.6536990744687801E+03 +0.1854930349601401E-01 +0.0000000000000000E+00
+0.6537036096994234E+03 +0.1867100496456416E-01 +0.0000000000000000E+00
+0.6537081449300667E+03 +0.1879423898711484E-01 +0.0000000000000000E+00
+0.6537126801607101E+03 +0.1891896201180395E-01 +0.0000000000000000E+00
+0.6537172153913534E+03 +0.1904512929352568E-01 +0.0000000000000000E+00
+0.6537217506219966E+03 +0.1917269551944939E-01 +0.0000000000000000E+00
+0.6537262858526401E+03 +0.1930161533352302E-01 +0.0000000000000000E+00
+0.6537308210832833E+03 +0.1943184373495706E-01 +0.0000000000000000E+00
+0.6537353563139268E+03 +0.1956333632996209E-01 +0.0000000000000000E+00
+0.6537398915445700E+03 +0.1969604942091040E-01 +0.0000000000000000E+00
+0.6537444267752135E+03 +0.1982993992280165E-01 +0.0000000000000000E+00
+0.6537489620058567E+03 +0.1996496510267467E-01 +0.0000000000000000E+00
+0.6537534972365000E+03 +0.2010108214394084E-01 +0.0000000000000000E+00
+0.6537580324671434E+03 +0.2023824754365323E-01 +0.0000000000000000E+00
+0.6537625676977867E+03 +0.2037641635688387E-01 +0.0000000000000000E+00
+0.6537671029284301E+03 +0.2051554130812711E-01 +0.0000000000000000E+00
+0.6537716381590734E+03 +0.2065557179478474E-01 +0.0000000000000000E+00
+0.6537761733897167E+03 +0.2079645281251644E-01 +0.0000000000000000E+00
+0.6537807086203601E+03 +0.2093812383576872E-01 +0.0000000000000000E+00
+0.6537852438510034E+03 +0.2108051768970362E-01 +0.0000000000000000E+00
+0.6537897790816467E+03 +0.2122355945115881E-01 +0.0000000000000000E+00
+0.6537943143122900E+03 +0.2136716541686087E-01 +0.0000000000000000E+00
+0.6537988495429333E+03 +0.2151124217610392E-01 +0.0000000000000000E+00
+0.6538033847735767E+03 +0.2165568582314262E-01 +0.0000000000000000E+00
+0.6538079200042200E+03 +0.2180038134130798E-01 +0.0000000000000000E+00
+0.6538124552348634E+03 +0.2194520218644740E-01 +0.0000000000000000E+00
+0.6538169904655067E+03 +0.2209001009225333E-01 +0.0000000000000000E+00
+0.6538215256961500E+03 +0.2223465511392804E-01 +0.0000000000000000E+00
+0.6538260609267934E+03 +0.2237897592040773E-01 +0.0000000000000000E+00
+0.6538305961574367E+03 +0.2252280033849038E-01 +0.0000000000000000E+00
+0.6538351313880800E+03 +0.2266594614570529E-01 +0.0000000000000000E+00
+0.6538396666187234E+03 +0.2280822210210769E-01 +0.0000000000000000E+00
+0.6538442018493666E+03 +0.2294942920524675E-01 +0.0000000000000000E+00
+0.6538487370800101E+03 +0.2308936214714074E-01 +0.0000000000000000E+00
+0.6538532723106533E+03 +0.2322781094736665E-01 +0.0000000000000000E+00
+0.6538578075412968E+03 +0.2336456273282370E-01 +0.0000000000000000E+00
+0.6538623427719400E+03 +0.2349940363180473E-01 +0.0000000000000000E+00
+0.6538668780025835E+03 +0.2363212074846825E-01 +0.0000000000000000E+00
+0.6538714132332267E+03 +0.2376250418287462E-01 +0.0000000000000000E+00
+0.6538759484638700E+03 +0.2389034906212535E-01 +0.0000000000000000E+00
+0.6538804836945134E+03 +0.2401545754902788E-01 +0.0000000000000000E+00
+0.6538850189251567E+03 +0.2413764079659281E-01 +0.0000000000000000E+00
+0.6538895541558001E+03 +0.2425672081906750E-01 +0.0000000000000000E+00
+0.6538940893864434E+03 +0.2437253225300303E-01 +0.0000000000000000E+00
+0.6538986246170867E+03 +0.2448492398522962E-01 +0.0000000000000000E+00
+0.6539031598477301E+03 +0.2459376062790395E-01 +0.0000000000000000E+00
+0.6539076950783734E+03 +0.2469892382448909E-01 +0.0000000000000000E+00
+0.6539122303090168E+03 +0.2480031337388101E-01 +0.0000000000000000E+00
+0.6539167655396600E+03 +0.2489784816341553E-01 +0.0000000000000000E+00
+0.6539213007703034E+03 +0.2499146690449790E-01 +0.0000000000000000E+00
+0.6539258360009467E+03 +0.2508112866750632E-01 +0.0000000000000000E+00
+0.6539303712315900E+03 +0.2516681321507089E-01 +0.0000000000000000E+00
+0.6539349064622334E+03 +0.2524852113481635E-01 +0.0000000000000000E+00
+0.6539394416928767E+03 +0.2532627377441393E-01 +0.0000000000000000E+00
+0.6539439769235200E+03 +0.2540011298293773E-01 +0.0000000000000000E+00
+0.6539485121541634E+03 +0.2547010066359152E-01 +0.0000000000000000E+00
+0.6539530473848067E+03 +0.2553631814349827E-01 +0.0000000000000000E+00
+0.6539575826154500E+03 +0.2559886536698078E-01 +0.0000000000000000E+00
+0.6539621178460934E+03 +0.2565785991934551E-01 +0.0000000000000000E+00
+0.6539666530767366E+03 +0.2571343588908192E-01 +0.0000000000000000E+00
+0.6539711883073801E+03 +0.2576574257752776E-01 +0.0000000000000000E+00
+0.6539757235380233E+03 +0.2581494306654596E-01 +0.0000000000000000E+00
+0.6539802587686668E+03 +0.2586121265680302E-01 +0.0000000000000000E+00
+0.6539847939993100E+03 +0.2590473719156856E-01 +0.0000000000000000E+00
+0.6539893292299535E+03 +0.2594571128377970E-01 +0.0000000000000000E+00
+0.6539938644605967E+03 +0.2598433646700085E-01 +0.0000000000000000E+00
+0.6539983996912400E+03 +0.2602081929392356E-01 +0.0000000000000000E+00
+0.6540029349218834E+03 +0.2605536940869670E-01 +0.0000000000000000E+00
+0.6540074701525267E+03 +0.2608819762158169E-01 +0.0000000000000000E+00
+0.6540120053831700E+03 +0.2611951401580675E-01 +0.0000000000000000E+00
+0.6540165406138134E+03 +0.2614952611682114E-01 +0.0000000000000000E+00
+0.6540210758444567E+03 +0.2617843715334494E-01 +0.0000000000000000E+00
+0.6540256110751001E+03 +0.2620644443742867E-01 +0.0000000000000000E+00
+0.6540301463057434E+03 +0.2623373788735925E-01 +0.0000000000000000E+00
+0.6540346815363868E+03 +0.2626049871261695E-01 +0.0000000000000000E+00
+0.6540392167670300E+03 +0.2628689827457678E-01 +0.0000000000000000E+00
+0.6540437519976734E+03 +0.2631309713040191E-01 +0.0000000000000000E+00
+0.6540482872283167E+03 +0.2633924426108333E-01 +0.0000000000000000E+00
+0.6540528224589601E+03 +0.2636547647815601E-01 +0.0000000000000000E+00
+0.6540573576896034E+03 +0.2639191799766258E-01 +0.0000000000000000E+00
+0.6540618929202468E+03 +0.2641868016487645E-01 +0.0000000000000000E+00
+0.6540664281508900E+03 +0.2644586130931731E-01 +0.0000000000000000E+00
+0.6540709633815334E+03 +0.2647354670705235E-01 +0.0000000000000000E+00
+0.6540754986121767E+03 +0.2650180862614431E-01 +0.0000000000000000E+00
+0.6540800338428201E+03 +0.2653070643153839E-01 +0.0000000000000000E+00
+0.6540845690734634E+03 +0.2656028672742917E-01 +0.0000000000000000E+00
+0.6540891043041067E+03 +0.2659058351814173E-01 +0.0000000000000000E+00
+0.6540936395347501E+03 +0.2662161837245580E-01 +0.0000000000000000E+00
+0.6540981747653933E+03 +0.2665340058075613E-01 +0.0000000000000000E+00
+0.6541027099960368E+03 +0.2668592729914959E-01 +0.0000000000000000E+00
+0.6541072452266800E+03 +0.2671918367925560E-01 +0.0000000000000000E+00
+0.6541117804573234E+03 +0.2675314298661107E-01 +0.0000000000000000E+00
+0.6541163156879667E+03 +0.2678776671410744E-01 +0.0000000000000000E+00
+0.6541208509186100E+03 +0.2682300469960044E-01 +0.0000000000000000E+00
+0.6541253861492534E+03 +0.2685879525854888E-01 +0.0000000000000000E+00
+0.6541299213798967E+03 +0.2689506534340216E-01 +0.0000000000000000E+00
+0.6541344566105400E+03 +0.2693173074146566E-01 +0.0000000000000000E+00
+0.6541389918411834E+03 +0.2696869632227988E-01 +0.0000000000000000E+00
+0.6541435270718267E+03 +0.2700585634443904E-01 +0.0000000000000000E+00
+0.6541480623024701E+03 +0.2704309483029366E-01 +0.0000000000000000E+00
+0.6541525975331134E+03 +0.2708028601550497E-01 +0.0000000000000000E+00
+0.6541571327637567E+03 +0.2711729487890049E-01 +0.0000000000000000E+00
+0.6541616679944000E+03 +0.2715397775680627E-01 +0.0000000000000000E+00
+0.6541662032250434E+03 +0.2719018304483725E-01 +0.0000000000000000E+00
+0.6541707384556867E+03 +0.2722575198913137E-01 +0.0000000000000000E+00
+0.6541752736863301E+03 +0.2726051956801933E-01 +0.0000000000000000E+00
+0.6541798089169733E+03 +0.2729431546399500E-01 +0.0000000000000000E+00
+0.6541843441476168E+03 +0.2732696512453614E-01 +0.0000000000000000E+00
+0.6541888793782600E+03 +0.2735829090852916E-01 +0.0000000000000000E+00
+0.6541934146089035E+03 +0.2738811331285850E-01 +0.0000000000000000E+00
+0.6541979498395467E+03 +0.2741625227091118E-01 +0.0000000000000000E+00
+0.6542024850701901E+03 +0.2744252851153578E-01 +0.0000000000000000E+00
+0.6542070203008334E+03 +0.2746676496333043E-01 +0.0000000000000000E+00
+0.6542115555314767E+03 +0.2748878818534609E-01 +0.0000000000000000E+00
+0.6542160907621201E+03 +0.2750842980153976E-01 +0.0000000000000000E+00
+0.6542206259927634E+03 +0.2752552791289618E-01 +0.0000000000000000E+00
+0.6542251612234068E+03 +0.2753992845840948E-01 +0.0000000000000000E+00
+0.6542296964540501E+03 +0.2755148649426042E-01 +0.0000000000000000E+00
+0.6542342316846933E+03 +0.2756006735988041E-01 +0.0000000000000000E+00
+0.6542387669153368E+03 +0.2756554770023307E-01 +0.0000000000000000E+00
+0.6542433021459800E+03 +0.2756781631572214E-01 +0.0000000000000000E+00
+0.6542478373766234E+03 +0.2756677481459162E-01 +0.0000000000000000E+00
+0.6542523726072667E+03 +0.2756233804742617E-01 +0.0000000000000000E+00
+0.6542569078379100E+03 +0.2755443430919485E-01 +0.0000000000000000E+00
+0.6542614430685534E+03 +0.2754300530092502E-01 +0.0000000000000000E+00
+0.6542659782991967E+03 +0.2752800585022135E-01 +0.0000000000000000E+00
+0.6542705135298401E+03 +0.2750940339711930E-01 +0.0000000000000000E+00
+0.6542750487604833E+03 +0.2748717725878874E-01 +0.0000000000000000E+00
+0.6542795839911267E+03 +0.2746131769309700E-01 +0.0000000000000000E+00
+0.6542841192217700E+03 +0.2743182478666135E-01 +0.0000000000000000E+00
+0.6542886544524134E+03 +0.2739870719756500E-01 +0.0000000000000000E+00
+0.6542931896830567E+03 +0.2736198078625572E-01 +0.0000000000000000E+00
+0.6542977249137001E+03 +0.2732166717013479E-01 +0.0000000000000000E+00
+0.6543022601443433E+03 +0.2727779223812540E-01 +0.0000000000000000E+00
+0.6543067953749868E+03 +0.2723038466099609E-01 +0.0000000000000000E+00
+0.6543113306056300E+03 +0.2717947443175013E-01 +0.0000000000000000E+00
+0.6543158658362734E+03 +0.2712509146794304E-01 +0.0000000000000000E+00
+0.6543204010669167E+03 +0.2706726430479578E-01 +0.0000000000000000E+00
+0.6543249362975600E+03 +0.2700601890444148E-01 +0.0000000000000000E+00
+0.6543294715282034E+03 +0.2694137760288304E-01 +0.0000000000000000E+00
+0.6543340067588467E+03 +0.2687335821243774E-01 +0.0000000000000000E+00
+0.6543385419894901E+03 +0.2680197329354179E-01 +0.0000000000000000E+00
+0.6543430772201334E+03 +0.2672722960612814E-01 +0.0000000000000000E+00
+0.6543476124507768E+03 +0.2664912774706403E-01 +0.0000000000000000E+00
+0.6543521476814201E+03 +0.2656766197668420E-01 +0.0000000000000000E+00
+0.6543566829120633E+03 +0.2648282023386891E-01 +0.0000000000000000E+00
+0.6543612181427068E+03 +0.2639458433572838E-01 +0.0000000000000000E+00
+0.6543657533733500E+03 +0.2630293035441261E-01 +0.0000000000000000E+00
+0.6543702886039935E+03 +0.2620782916005889E-01 +0.0000000000000000E+00
+0.6543748238346367E+03 +0.2610924711549384E-01 +0.0000000000000000E+00
+0.6543793590652801E+03 +0.2600714690485266E-01 +0.0000000000000000E+00
+0.6543838942959234E+03 +0.2590148847531244E-01 +0.0000000000000000E+00
+0.6543884295265667E+03 +0.2579223006832879E-01 +0.0000000000000000E+00
+0.6543929647572101E+03 +0.2567932931481341E-01 +0.0000000000000000E+00
+0.6543974999878534E+03 +0.2556274436722584E-01 +0.0000000000000000E+00
+0.6544020352184967E+03 +0.2544243504124875E-01 +0.0000000000000000E+00
+0.6544065704491401E+03 +0.2531836394020052E-01 +0.0000000000000000E+00
+0.6544111056797834E+03 +0.2519049753690452E-01 +0.0000000000000000E+00
+0.6544156409104266E+03 +0.2505880719036865E-01 +0.0000000000000000E+00
+0.6544201761410701E+03 +0.2492327007785905E-01 +0.0000000000000000E+00
+0.6544247113717133E+03 +0.2478387002714731E-01 +0.0000000000000000E+00
+0.6544292466023568E+03 +0.2464059823796276E-01 +0.0000000000000000E+00
+0.6544337818330000E+03 +0.2449345388641128E-01 +0.0000000000000000E+00
+0.6544383170636434E+03 +0.2434244461031869E-01 +0.0000000000000000E+00
+0.6544428522942867E+03 +0.2418758687755618E-01 +0.0000000000000000E+00
+0.6544473875249300E+03 +0.2402890624254991E-01 +0.0000000000000000E+00
+0.6544519227555734E+03 +0.2386643749854832E-01 +0.0000000000000000E+00
+0.6544564579862167E+03 +0.2370022473473665E-01 +0.0000000000000000E+00
+0.6544609932168601E+03 +0.2353032130748273E-01 +0.0000000000000000E+00
+0.6544655284475034E+03 +0.2335678973463914E-01 +0.0000000000000000E+00
+0.6544700636781467E+03 +0.2317970152019361E-01 +0.0000000000000000E+00
+0.6544745989087901E+03 +0.2299913691475589E-01 +0.0000000000000000E+00
+0.6544791341394333E+03 +0.2281518461472559E-01 +0.0000000000000000E+00
+0.6544836693700768E+03 +0.2262794140070006E-01 +0.0000000000000000E+00
+0.6544882046007200E+03 +0.2243751171326963E-01 +0.0000000000000000E+00
+0.6544927398313635E+03 +0.2224400716256768E-01 +0.0000000000000000E+00
+0.6544972750620067E+03 +0.2204754596706768E-01 +0.0000000000000000E+00
+0.6545018102926501E+03 +0.2184825231682555E-01 +0.0000000000000000E+00
+0.6545063455232934E+03 +0.2164625565762682E-01 +0.0000000000000000E+00
+0.6545108807539368E+03 +0.2144168989433276E-01 +0.0000000000000000E+00
+0.6545154159845800E+03 +0.2123469251512337E-01 +0.0000000000000000E+00
+0.6545199512152234E+03 +0.2102540364206704E-01 +0.0000000000000000E+00
+0.6545244864458667E+03 +0.2081396501831986E-01 +0.0000000000000000E+00
+0.6545290216765101E+03 +0.2060051894704920E-01 +0.0000000000000000E+00
+0.6545335569071534E+03 +0.2038520720207327E-01 +0.0000000000000000E+00
+0.6545380921377968E+03 +0.2016816993484926E-01 +0.0000000000000000E+00
+0.6545426273684401E+03 +0.1994954460588452E-01 +0.0000000000000000E+00
+0.6545471625990834E+03 +0.1972946497152065E-01 +0.0000000000000000E+00
+0.6545516978297268E+03 +0.1950806015795804E-01 +0.0000000000000000E+00
+0.6545562330603700E+03 +0.1928545385435044E-01 +0.0000000000000000E+00
+0.6545607682910133E+03 +0.1906176365453730E-01 +0.0000000000000000E+00
+0.6545653035216567E+03 +0.1883710057367399E-01 +0.0000000000000000E+00
+0.6545698387523000E+03 +0.1861156876080677E-01 +0.0000000000000000E+00
+0.6545743739829434E+03 +0.1838526542213220E-01 +0.0000000000000000E+00
+0.6545789092135867E+03 +0.1815828096258596E-01 +0.0000000000000000E+00
+0.6545834444442301E+03 +0.1793069934527110E-01 +0.0000000000000000E+00
+0.6545879796748734E+03 +0.1770259866046178E-01 +0.0000000000000000E+00
+0.6545925149055167E+03 +0.1747405188771830E-01 +0.0000000000000000E+00
+0.6545970501361601E+03 +0.1724512782763806E-01 +0.0000000000000000E+00
+0.6546015853668033E+03 +0.1701589217305417E-01 +0.0000000000000000E+00
+0.6546061205974468E+03 +0.1678640868456320E-01 +0.0000000000000000E+00
+0.6546106558280900E+03 +0.1655674043131156E-01 +0.0000000000000000E+00
+0.6546151910587334E+03 +0.1632695105574805E-01 +0.0000000000000000E+00
+0.6546197262893767E+03 +0.1609710602061622E-01 +0.0000000000000000E+00
+0.6546242615200201E+03 +0.1586727379717243E-01 +0.0000000000000000E+00
+0.6546287967506634E+03 +0.1563752695640350E-01 +0.0000000000000000E+00
+0.6546333319813068E+03 +0.1540794312851814E-01 +0.0000000000000000E+00
+0.6546378672119500E+03 +0.1517860580123549E-01 +0.0000000000000000E+00
+0.6546424024425934E+03 +0.1494960493290210E-01 +0.0000000000000000E+00
+0.6546469376732367E+03 +0.1472103736317458E-01 +0.0000000000000000E+00
+0.6546514729038801E+03 +0.1449300701061210E-01 +0.0000000000000000E+00
+0.6546560081345234E+03 +0.1426562485338617E-01 +0.0000000000000000E+00
+0.6546605433651667E+03 +0.1403900869618505E-01 +0.0000000000000000E+00
+0.6546650785958101E+03 +0.1381328273243063E-01 +0.0000000000000000E+00
+0.6546696138264534E+03 +0.1358857691696308E-01 +0.0000000000000000E+00
+0.6546741490570967E+03 +0.1336502616903018E-01 +0.0000000000000000E+00
+0.6546786842877401E+03 +0.1314276942980330E-01 +0.0000000000000000E+00
+0.6546832195183833E+03 +0.1292194860162129E-01 +0.0000000000000000E+00
+0.6546877547490268E+03 +0.1270270739829476E-01 +0.0000000000000000E+00
+0.6546922899796700E+03 +0.1248519013706043E-01 +0.0000000000000000E+00
+0.6546968252103135E+03 +0.1226954050258692E-01 +0.0000000000000000E+00
+0.6547013604409567E+03 +0.1205590031284278E-01 +0.0000000000000000E+00
+0.6547058956716000E+03 +0.1184440831458491E-01 +0.0000000000000000E+00
+0.6547104309022434E+03 +0.1163519903400957E-01 +0.0000000000000000E+00
+0.6547149661328867E+03 +0.1142840170470164E-01 +0.0000000000000000E+00
+0.6547195013635301E+03 +0.1122413929169611E-01 +0.0000000000000000E+00
+0.6547240365941734E+03 +0.1102252762644355E-01 +0.0000000000000000E+00
+0.6547285718248168E+03 +0.1082367466348737E-01 +0.0000000000000000E+00
+0.6547331070554600E+03 +0.1062767986585446E-01 +0.0000000000000000E+00
+0.6547376422861034E+03 +0.1043463372213539E-01 +0.0000000000000000E+00
+0.6547421775167467E+03 +0.1024461739500522E-01 +0.0000000000000000E+00
+0.6547467127473901E+03 +0.1005770249755547E-01 +0.0000000000000000E+00
+0.6547512479780333E+03 +0.9873950991412441E-02 +0.0000000000000000E+00
+0.6547557832086767E+03 +0.9693415198187314E-02 +0.0000000000000000E+00
+0.6547603184393200E+03 +0.9516137914357709E-02 +0.0000000000000000E+00
+0.6547648536699634E+03 +0.9342152618359318E-02 +0.0000000000000000E+00
+0.6547693889006067E+03 +0.9171483757953618E-02 +0.0000000000000000E+00
+0.6547739241312501E+03 +0.9004147105770403E-02 +0.0000000000000000E+00
+0.6547784593618934E+03 +0.8840150170784628E-02 +0.0000000000000000E+00
+0.6547829945925367E+03 +0.8679492654094872E-02 +0.0000000000000000E+00
+0.6547875298231801E+03 +0.8522166937763396E-02 +0.0000000000000000E+00
+0.6547920650538234E+03 +0.8368158596513280E-02 +0.0000000000000000E+00
+0.6547966002844666E+03 +0.8217446922800537E-02 +0.0000000000000000E+00
+0.6548011355151101E+03 +0.8070005456990988E-02 +0.0000000000000000E+00
+0.6548056707457533E+03 +0.7925802515307456E-02 +0.0000000000000000E+00
+0.6548102059763968E+03 +0.7784801709274317E-02 +0.0000000000000000E+00
+0.6548147412070400E+03 +0.7646962451518054E-02 +0.0000000000000000E+00
+0.6548192764376835E+03 +0.7512240443581626E-02 +0.0000000000000000E+00
+0.6548238116683267E+03 +0.7380588142503277E-02 +0.0000000000000000E+00
+0.6548283468989702E+03 +0.7251955203541037E-02 +0.0000000000000000E+00
+0.6548328821296134E+03 +0.7126288897344200E-02 +0.0000000000000000E+00
+0.6548374173602567E+03 +0.7003534500339092E-02 +0.0000000000000000E+00
+0.6548419525909001E+03 +0.6883635657810628E-02 +0.0000000000000000E+00
+0.6548464878215434E+03 +0.6766534719535405E-02 +0.0000000000000000E+00
+0.6548510230521867E+03 +0.6652173048220718E-02 +0.0000000000000000E+00
+0.6548555582828301E+03 +0.6540491301411091E-02 +0.0000000000000000E+00
+0.6548600935134734E+03 +0.6431429687638835E-02 +0.0000000000000000E+00
+0.6548646287441168E+03 +0.6324928197945980E-02 +0.0000000000000000E+00
+0.6548691639747601E+03 +0.6220926813895343E-02 +0.0000000000000000E+00
+0.6548736992054033E+03 +0.6119365693439027E-02 +0.0000000000000000E+00
+0.6548782344360467E+03 +0.6020185335930042E-02 +0.0000000000000000E+00
+0.6548827696666900E+03 +0.5923326727720201E-02 +0.0000000000000000E+00
+0.6548873048973334E+03 +0.5828731469712361E-02 +0.0000000000000000E+00
+0.6548918401279767E+03 +0.5736341888222574E-02 +0.0000000000000000E+00
+0.6548963753586200E+03 +0.5646101130544852E-02 +0.0000000000000000E+00
+0.6549009105892634E+03 +0.5557953246451969E-02 +0.0000000000000000E+00
+0.6549054458199067E+03 +0.5471843256936008E-02 +0.0000000000000000E+00
+0.6549099810505501E+03 +0.5387717211304937E-02 +0.0000000000000000E+00
+0.6549145162811934E+03 +0.5305522233807085E-02 +0.0000000000000000E+00
+0.6549190515118366E+03 +0.5225206560768622E-02 +0.0000000000000000E+00
+0.6549235867424801E+03 +0.5146719569261922E-02 +0.0000000000000000E+00
+0.6549281219731233E+03 +0.5070011798188239E-02 +0.0000000000000000E+00
+0.6549326572037668E+03 +0.4995034962593081E-02 +0.0000000000000000E+00
+0.6549371924344100E+03 +0.4921741962023062E-02 +0.0000000000000000E+00
+0.6549417276650535E+03 +0.4850086883577576E-02 +0.0000000000000000E+00
+0.6549462628956967E+03 +0.4780025000349825E-02 +0.0000000000000000E+00
+0.6549507981263401E+03 +0.4711512765792942E-02 +0.0000000000000000E+00
+0.6549553333569834E+03 +0.4644507804592133E-02 +0.0000000000000000E+00
+0.6549598685876267E+03 +0.4578968900477907E-02 +0.0000000000000000E+00
+0.6549644038182701E+03 +0.4514855981452105E-02 +0.0000000000000000E+00
+0.6549689390489134E+03 +0.4452130102802576E-02 +0.0000000000000000E+00
+0.6549734742795567E+03 +0.4390753428244664E-02 +0.0000000000000000E+00
+0.6549780095102001E+03 +0.4330689209537462E-02 +0.0000000000000000E+00
+0.6549825447408434E+03 +0.4271901764813945E-02 +0.0000000000000000E+00
+0.6549870799714868E+03 +0.4214356455916491E-02 +0.0000000000000000E+00
+0.6549916152021301E+03 +0.4158019664918329E-02 +0.0000000000000000E+00
+0.6549961504327734E+03 +0.4102858770066933E-02 +0.0000000000000000E+00
+0.6550006856634167E+03 +0.4048842121284084E-02 +0.0000000000000000E+00
+0.6550052208940601E+03 +0.3995939015404763E-02 +0.0000000000000000E+00
+0.6550097561247034E+03 +0.3944119671275271E-02 +0.0000000000000000E+00
+0.6550142913553467E+03 +0.3893355204815642E-02 +0.0000000000000000E+00
+0.6550188265859900E+03 +0.3843617604174683E-02 +0.0000000000000000E+00
+0.6550233618166334E+03 +0.3794879705030287E-02 +0.0000000000000000E+00
+0.6550278970472767E+03 +0.3747115166144070E-02 +0.0000000000000000E+00
+0.6550324322779201E+03 +0.3700298445199956E-02 +0.0000000000000000E+00
+0.6550369675085634E+03 +0.3654404775013565E-02 +0.0000000000000000E+00
+0.6550415027392067E+03 +0.3609410140125820E-02 +0.0000000000000000E+00
+0.6550460379698501E+03 +0.3565291253843243E-02 +0.0000000000000000E+00
+0.6550505732004933E+03 +0.3522025535744865E-02 +0.0000000000000000E+00
+0.6550551084311368E+03 +0.3479591089671162E-02 +0.0000000000000000E+00
+0.6550596436617800E+03 +0.3437966682237147E-02 +0.0000000000000000E+00
+0.6550641788924235E+03 +0.3397131721855382E-02 +0.0000000000000000E+00
+0.6550687141230667E+03 +0.3357066238308028E-02 +0.0000000000000000E+00
+0.6550732493537101E+03 +0.3317750862846075E-02 +0.0000000000000000E+00
+0.6550777845843534E+03 +0.3279166808847071E-02 +0.0000000000000000E+00
+0.6550823198149967E+03 +0.3241295853005501E-02 +0.0000000000000000E+00
+0.6550868550456400E+03 +0.3204120317075503E-02 +0.0000000000000000E+00
+0.6550913902762834E+03 +0.3167623050153329E-02 +0.0000000000000000E+00
+0.6550959255069267E+03 +0.3131787411486875E-02 +0.0000000000000000E+00
+0.6551004607375701E+03 +0.3096597253824797E-02 +0.0000000000000000E+00
+0.6551049959682134E+03 +0.3062036907273242E-02 +0.0000000000000000E+00
+0.6551095311988568E+03 +0.3028091163675482E-02 +0.0000000000000000E+00
+0.6551140664295001E+03 +0.2994745261480544E-02 +0.0000000000000000E+00
+0.6551186016601434E+03 +0.2961984871113796E-02 +0.0000000000000000E+00
+0.6551231368907867E+03 +0.2929796080815916E-02 +0.0000000000000000E+00
+0.6551276721214301E+03 +0.2898165382956599E-02 +0.0000000000000000E+00
+0.6551322073520734E+03 +0.2867079660803764E-02 +0.0000000000000000E+00
+0.6551367425827168E+03 +0.2836526175729701E-02 +0.0000000000000000E+00
+0.6551412778133600E+03 +0.2806492554858615E-02 +0.0000000000000000E+00
+0.6551458130440035E+03 +0.2776966779122695E-02 +0.0000000000000000E+00
+0.6551503482746467E+03 +0.2747937171735384E-02 +0.0000000000000000E+00
+0.6551548835052901E+03 +0.2719392387049591E-02 +0.0000000000000000E+00
+0.6551594187359334E+03 +0.2691321399804725E-02 +0.0000000000000000E+00
+0.6551639539665767E+03 +0.2663713494743883E-02 +0.0000000000000000E+00
+0.6551684891972201E+03 +0.2636558256583749E-02 +0.0000000000000000E+00
+0.6551730244278634E+03 +0.2609845560340207E-02 +0.0000000000000000E+00
+0.6551775596585068E+03 +0.2583565561980126E-02 +0.0000000000000000E+00
+0.6551820948891501E+03 +0.2557708689406565E-02 +0.0000000000000000E+00
+0.6551866301197934E+03 +0.2532265633748293E-02 +0.0000000000000000E+00
+0.6551911653504367E+03 +0.2507227340960810E-02 +0.0000000000000000E+00
+0.6551957005810800E+03 +0.2482585003711369E-02 +0.0000000000000000E+00
+0.6552002358117234E+03 +0.2458330053551536E-02 +0.0000000000000000E+00
+0.6552047710423667E+03 +0.2434454153361841E-02 +0.0000000000000000E+00
+0.6552093062730100E+03 +0.2410949190053901E-02 +0.0000000000000000E+00
+0.6552138415036534E+03 +0.2387807267533616E-02 +0.0000000000000000E+00
+0.6552183767342967E+03 +0.2365020699900546E-02 +0.0000000000000000E+00
+0.6552229119649401E+03 +0.2342582004890905E-02 +0.0000000000000000E+00
+0.6552274471955834E+03 +0.2320483897539817E-02 +0.0000000000000000E+00
+0.6552319824262268E+03 +0.2298719284070301E-02 +0.0000000000000000E+00
+0.6552365176568700E+03 +0.2277281255986148E-02 +0.0000000000000000E+00
+0.6552410528875134E+03 +0.2256163084373009E-02 +0.0000000000000000E+00
+0.6552455881181567E+03 +0.2235358214395417E-02 +0.0000000000000000E+00
+0.6552501233488001E+03 +0.2214860259978260E-02 +0.0000000000000000E+00
+0.6552546585794433E+03 +0.2194662998677031E-02 +0.0000000000000000E+00
+0.6552591938100868E+03 +0.2174760366716428E-02 +0.0000000000000000E+00
+0.6552637290407300E+03 +0.2155146454204951E-02 +0.0000000000000000E+00
+0.6552682642713735E+03 +0.2135815500505540E-02 +0.0000000000000000E+00
+0.6552727995020167E+03 +0.2116761889769845E-02 +0.0000000000000000E+00
+0.6552773347326601E+03 +0.2097980146617513E-02 +0.0000000000000000E+00
+0.6552818699633034E+03 +0.2079464931965285E-02 +0.0000000000000000E+00
+0.6552864051939467E+03 +0.2061211038996379E-02 +0.0000000000000000E+00
+0.6552909404245901E+03 +0.2043213389261272E-02 +0.0000000000000000E+00
+0.6552954756552334E+03 +0.2025467028914636E-02 +0.0000000000000000E+00
+0.6553000108858768E+03 +0.2007967125071731E-02 +0.0000000000000000E+00
+0.6553045461165201E+03 +0.1990708962291927E-02 +0.0000000000000000E+00
+0.6553090813471634E+03 +0.1973687939172861E-02 +0.0000000000000000E+00
+0.6553136165778068E+03 +0.1956899565062956E-02 +0.0000000000000000E+00
+0.6553181518084500E+03 +0.1940339456876798E-02 +0.0000000000000000E+00
+0.6553226870390935E+03 +0.1924003336018611E-02 +0.0000000000000000E+00
+0.6553272222697367E+03 +0.1907887025406351E-02 +0.0000000000000000E+00
+0.6553317575003800E+03 +0.1891986446589381E-02 +0.0000000000000000E+00
+0.6553362927310234E+03 +0.1876297616964914E-02 +0.0000000000000000E+00
+0.6553408279616667E+03 +0.1860816647079201E-02 +0.0000000000000000E+00
+0.6553453631923101E+03 +0.1845539738021113E-02 +0.0000000000000000E+00
+0.6553498984229534E+03 +0.1830463178894288E-02 +0.0000000000000000E+00
+0.6553544336535967E+03 +0.1815583344375437E-02 +0.0000000000000000E+00
+0.6553589688842400E+03 +0.1800896692345812E-02 +0.0000000000000000E+00
+0.6553635041148834E+03 +0.1786399761601185E-02 +0.0000000000000000E+00
+0.6553680393455267E+03 +0.1772089169634372E-02 +0.0000000000000000E+00
+0.6553725745761701E+03 +0.1757961610484732E-02 +0.0000000000000000E+00
+0.6553771098068133E+03 +0.1744013852659873E-02 +0.0000000000000000E+00
+0.6553816450374568E+03 +0.1730242737117704E-02 +0.0000000000000000E+00
+0.6553861802681000E+03 +0.1716645175316245E-02 +0.0000000000000000E+00
+0.6553907154987435E+03 +0.1703218147319436E-02 +0.0000000000000000E+00
+0.6553952507293867E+03 +0.1689958699966279E-02 +0.0000000000000000E+00
+0.6553997859600300E+03 +0.1676863945092222E-02 +0.0000000000000000E+00
+0.6554043211906734E+03 +0.1663931057808130E-02 +0.0000000000000000E+00
+0.6554088564213167E+03 +0.1651157274831914E-02 +0.0000000000000000E+00
+0.6554133916519601E+03 +0.1638539892868430E-02 +0.0000000000000000E+00
+0.6554179268826034E+03 +0.1626076267042665E-02 +0.0000000000000000E+00
+0.6554224621132468E+03 +0.1613763809376146E-02 +0.0000000000000000E+00
+0.6554269973438901E+03 +0.1601599987313543E-02 +0.0000000000000000E+00
+0.6554315325745334E+03 +0.1589582322289405E-02 +0.0000000000000000E+00
+0.6554360678051768E+03 +0.1577708388341952E-02 +0.0000000000000000E+00
+0.6554406030358200E+03 +0.1565975810764379E-02 +0.0000000000000000E+00
+0.6554451382664635E+03 +0.1554382264798819E-02 +0.0000000000000000E+00
+0.6554496734971067E+03 +0.1542925474368911E-02 +0.0000000000000000E+00
+0.6554542087277501E+03 +0.1531603210847323E-02 +0.0000000000000000E+00
+0.6554587439583934E+03 +0.1520413291863130E-02 +0.0000000000000000E+00
+0.6554632791890368E+03 +0.1509353580140231E-02 +0.0000000000000000E+00
+0.6554678144196801E+03 +0.1498421982373454E-02 +0.0000000000000000E+00
+0.6554723496503234E+03 +0.1487616448133524E-02 +0.0000000000000000E+00
+0.6554768848809667E+03 +0.1476934968807431E-02 +0.0000000000000000E+00
+0.6554814201116101E+03 +0.1466375576565875E-02 +0.0000000000000000E+00
+0.6554859553422534E+03 +0.1455936343362659E-02 +0.0000000000000000E+00
+0.6554904905728968E+03 +0.1445615379962631E-02 +0.0000000000000000E+00
+0.6554950258035401E+03 +0.1435410834995155E-02 +0.0000000000000000E+00
+0.6554995610341834E+03 +0.1425320894037688E-02 +0.0000000000000000E+00
+0.6555040962648268E+03 +0.1415343778721808E-02 +0.0000000000000000E+00
+0.6555086314954700E+03 +0.1405477745867841E-02 +0.0000000000000000E+00
+0.6555131667261135E+03 +0.1395721086640359E-02 +0.0000000000000000E+00
+0.6555177019567567E+03 +0.1386072125730636E-02 +0.0000000000000000E+00
+0.6555222371874000E+03 +0.1376529220558740E-02 +0.0000000000000000E+00
+0.6555267724180434E+03 +0.1367090760499806E-02 +0.0000000000000000E+00
+0.6555313076486867E+03 +0.1357755166131669E-02 +0.0000000000000000E+00
+0.6555358428793301E+03 +0.1348520888501193E-02 +0.0000000000000000E+00
+0.6555403781099734E+03 +0.1339386408413684E-02 +0.0000000000000000E+00
+0.6555449133406167E+03 +0.1330350235738575E-02 +0.0000000000000000E+00
+0.6555494485712601E+03 +0.1321410908737073E-02 +0.0000000000000000E+00
+0.6555539838019034E+03 +0.1312566993404987E-02 +0.0000000000000000E+00
+0.6555585190325468E+03 +0.1303817082836307E-02 +0.0000000000000000E+00
+0.6555630542631900E+03 +0.1295159796601084E-02 +0.0000000000000000E+00
+0.6555675894938335E+03 +0.1286593780141843E-02 +0.0000000000000000E+00
+0.6555721247244767E+03 +0.1278117704186091E-02 +0.0000000000000000E+00
+0.6555766599551201E+03 +0.1269730264172629E-02 +0.0000000000000000E+00
+0.6555811951857634E+03 +0.1261430179695757E-02 +0.0000000000000000E+00
+0.6555857304164068E+03 +0.1253216193961300E-02 +0.0000000000000000E+00
+0.6555902656470500E+03 +0.1245087073259739E-02 +0.0000000000000000E+00
+0.6555948008776934E+03 +0.1237041606450542E-02 +0.0000000000000000E+00
+0.6555993361083367E+03 +0.1229078604461660E-02 +0.0000000000000000E+00
+0.6556038713389801E+03 +0.1221196899802041E-02 +0.0000000000000000E+00
+0.6556084065696234E+03 +0.1213395346085059E-02 +0.0000000000000000E+00
+0.6556129418002668E+03 +0.1205672817566780E-02 +0.0000000000000000E+00
+0.6556174770309101E+03 +0.1198028208693416E-02 +0.0000000000000000E+00
+0.6556220122615534E+03 +0.1190460433663003E-02 +0.0000000000000000E+00
+0.6556265474921968E+03 +0.1182968425995667E-02 +0.0000000000000000E+00
+0.6556310827228401E+03 +0.1175551138117386E-02 +0.0000000000000000E+00
+0.6556356179534833E+03 +0.1168207540951890E-02 +0.0000000000000000E+00
+0.6556401531841268E+03 +0.1160936623524465E-02 +0.0000000000000000E+00
+0.6556446884147700E+03 +0.1153737392575685E-02 +0.0000000000000000E+00
+0.6556492236454134E+03 +0.1146608872183295E-02 +0.0000000000000000E+00
+0.6556537588760567E+03 +0.1139550103395815E-02 +0.0000000000000000E+00
+0.6556582941067001E+03 +0.1132560143872846E-02 +0.0000000000000000E+00
+0.6556628293373434E+03 +0.1125638067536664E-02 +0.0000000000000000E+00
+0.6556673645679867E+03 +0.1118782964230059E-02 +0.0000000000000000E+00
+0.6556718997986301E+03 +0.1111993939384939E-02 +0.0000000000000000E+00
+0.6556764350292733E+03 +0.1105270113696858E-02 +0.0000000000000000E+00
+0.6556809702599168E+03 +0.1098610622808964E-02 +0.0000000000000000E+00
+0.6556855054905600E+03 +0.1092014617003600E-02 +0.0000000000000000E+00
+0.6556900407212034E+03 +0.1085481260899999E-02 +0.0000000000000000E+00
+0.6556945759518467E+03 +0.1079009733161370E-02 +0.0000000000000000E+00
+0.6556991111824901E+03 +0.1072599226206814E-02 +0.0000000000000000E+00
+0.6557036464131334E+03 +0.1066248945932357E-02 +0.0000000000000000E+00
+0.6557081816437768E+03 +0.1059958111436471E-02 +0.0000000000000000E+00
+0.6557127168744200E+03 +0.1053725954754285E-02 +0.0000000000000000E+00
+0.6557172521050634E+03 +0.1047551720596109E-02 +0.0000000000000000E+00
+0.6557217873357067E+03 +0.1041434666093464E-02 +0.0000000000000000E+00
+0.6557263225663501E+03 +0.1035374060551091E-02 +0.0000000000000000E+00
+0.6557308577969934E+03 +0.1029369185203495E-02 +0.0000000000000000E+00
+0.6557353930276367E+03 +0.1023419332979114E-02 +0.0000000000000000E+00
+0.6557399282582801E+03 +0.1017523808267941E-02 +0.0000000000000000E+00
+0.6557444634889234E+03 +0.1011681926696587E-02 +0.0000000000000000E+00
+0.6557489987195668E+03 +0.1005893014906533E-02 +0.0000000000000000E+00
+0.6557535339502101E+03 +0.1000156410339491E-02 +0.0000000000000000E+00
+0.6557580691808533E+03 +0.9944714610258657E-03 +0.0000000000000000E+00
+0.6557626044114968E+03 +0.9888375253792768E-03 +0.0000000000000000E+00
+0.6557671396421400E+03 +0.9832539719957776E-03 +0.0000000000000000E+00
+0.6557716748727835E+03 +0.9777201794564463E-03 +0.0000000000000000E+00
+0.6557762101034267E+03 +0.9722355361362412E-03 +0.0000000000000000E+00
+0.6557807453340702E+03 +0.9667994400152926E-03 +0.0000000000000000E+00
+0.6557852805647134E+03 +0.9614112984963176E-03 +0.0000000000000000E+00
+0.6557898157953567E+03 +0.9560705282242814E-03 +0.0000000000000000E+00
