    0.000      0.000000000000      0.000000000000      0.000000000000
    0.500      0.000000000000      0.000000000000      0.000000000000
    1.000     -0.000000056996     -0.000000007303     -0.000000027826
    1.500     -0.000000329258     -0.000000022590     -0.000000010532
    2.000     -0.000000947499     -0.000000041437     -0.000000001583
    2.500     -0.000001962363     -0.000000064099     -0.000000022756
    3.000     -0.000003324193     -0.000000087624     -0.000000074957
    3.500     -0.000004935624     -0.000000108432     -0.000000124059
    4.000     -0.000006682737     -0.000000124992     -0.000000137353
    4.500     -0.000008417988     -0.000000137062     -0.000000128218
    5.000     -0.000009925567     -0.000000146283     -0.000000134180
    5.500     -0.000010924550     -0.000000155075     -0.000000173970
    6.000     -0.000011083094     -0.000000163297     -0.000000239064
    6.500     -0.000010048071     -0.000000170285     -0.000000300280
    7.000     -0.000007476287     -0.000000175884     -0.000000334076
    7.500     -0.000003049418     -0.000000179580     -0.000000349970
    8.000      0.000003503552     -0.000000182474     -0.000000361570
    8.500      0.000012399265     -0.000000185238     -0.000000385236
    9.000      0.000023786542     -0.000000187497     -0.000000421227
    9.500      0.000037735593     -0.000000189515     -0.000000456845
   10.000      0.000054229193     -0.000000192211     -0.000000485752
   10.500      0.000073153643     -0.000000195119     -0.000000503677
   11.000      0.000094291597     -0.000000196084     -0.000000519550
   11.500      0.000117314102     -0.000000194422     -0.000000543265
   12.000      0.000141778651     -0.000000190083     -0.000000574062
   12.500      0.000167131750     -0.000000182717     -0.000000608920
   13.000      0.000192720101     -0.000000172115     -0.000000641679
   13.500      0.000217806788     -0.000000158003     -0.000000666988
   14.000      0.000241593100     -0.000000139332     -0.000000691982
   14.500      0.000263228059     -0.000000115641     -0.000000719536
   15.000      0.000281831196     -0.000000086806     -0.000000748390
   15.500      0.000296517078     -0.000000052332     -0.000000778052
   16.000      0.000306412926     -0.000000012800     -0.000000800680
   16.500      0.000310686078      0.000000031532     -0.000000818660
   17.000      0.000308564631      0.000000079658     -0.000000840525
   17.500      0.000299361971      0.000000129389     -0.000000867602
   18.000      0.000282510919      0.000000180017     -0.000000900350
   18.500      0.000257585067      0.000000231437     -0.000000935154
   19.000      0.000224321243      0.000000283678     -0.000000967242
   19.500      0.000182642543      0.000000336870     -0.000000997506
   20.000      0.000132661429      0.000000390888     -0.000001025532
   20.500      0.000074685472      0.000000446236     -0.000001052141
   21.000      0.000009225479      0.000000505675     -0.000001081095
   21.500     -0.000063006209      0.000000573252     -0.000001112657
   22.000     -0.000141085038      0.000000654972     -0.000001145229
   22.500     -0.000223876716      0.000000758063     -0.000001173585
   23.000     -0.000310061197      0.000000889807     -0.000001196499
   23.500     -0.000398150428      0.000001059400     -0.000001219056
   24.000     -0.000486510273      0.000001276513     -0.000001243431
   24.500     -0.000573397661      0.000001551002     -0.000001270946
   25.000     -0.000656985334      0.000001892456     -0.000001300559
   25.500     -0.000735390038      0.000002308584     -0.000001330471
   26.000     -0.000806715125      0.000002805754     -0.000001362579
   26.500     -0.000869084814      0.000003387723     -0.000001395160
   27.000     -0.000920681323      0.000004055151     -0.000001426291
   27.500     -0.000959791586      0.000004805391     -0.000001458056
   28.000     -0.000984845215      0.000005632801     -0.000001487476
   28.500     -0.000994450754      0.000006527724     -0.000001512561
   29.000     -0.000987439517      0.000007476644     -0.000001534521
   29.500     -0.000962905726      0.000008462327     -0.000001553985
   30.000     -0.000920229880      0.000009465257     -0.000001577210
   30.500     -0.000859099916      0.000010467121     -0.000001606474
   31.000     -0.000779530462      0.000011450330     -0.000001636913
   31.500     -0.000681879069      0.000012398885     -0.000001663964
   32.000     -0.000566862555      0.000013300671     -0.000001684930
   32.500     -0.000435562428      0.000014149589     -0.000001704924
   33.000     -0.000289418090      0.000014946259     -0.000001732429
   33.500     -0.000130211460      0.000015700087     -0.000001767436
   34.000      0.000039954860      0.000016432629     -0.000001804307
   34.500      0.000218685224      0.000017176033     -0.000001835380
   35.000      0.000403319266      0.000017971128     -0.000001856794
   35.500      0.000590968066      0.000018867141     -0.000001876366
   36.000      0.000778560528      0.000019922775     -0.000001901534
   36.500      0.000962886927      0.000021201663     -0.000001932899
   37.000      0.001140649291      0.000022769056     -0.000001968148
   37.500      0.001308515167      0.000024689248     -0.000002000510
   38.000      0.001463177572      0.000027018504     -0.000002027499
   38.500      0.001601418754      0.000029802976     -0.000002051692
   39.000      0.001720172996      0.000033073818     -0.000002076962
   39.500      0.001816584924      0.000036843477     -0.000002109592
   40.000      0.001888072546      0.000041105468     -0.000002147170
   40.500      0.001932385823      0.000045830290     -0.000002179124
   41.000      0.001947662287      0.000050962846     -0.000002202186
   41.500      0.001932483580      0.000056427189     -0.000002221219
   42.000      0.001885917363      0.000062129475     -0.000002244190
   42.500      0.001807558436      0.000067958188     -0.000002276464
   43.000      0.001697546153      0.000073792996     -0.000002314546
   43.500      0.001556576766      0.000079509564     -0.000002351230
   44.000      0.001385912375      0.000084985376     -0.000002381574
   44.500      0.001187360508      0.000090112422     -0.000002406806
   45.000      0.000963250637      0.000094803598     -0.000002433752
   45.500      0.000716406716      0.000099000535     -0.000002464911
   46.000      0.000450102950      0.000102683076     -0.000002496588
   46.500      0.000168015178      0.000105873611     -0.000002524389
   47.000     -0.000125822280      0.000108642147     -0.000002546836
   47.500     -0.000427074197      0.000111109817     -0.000002567399
   48.000     -0.000731163784      0.000113440851     -0.000002589198
   48.500     -0.001033330061      0.000115836293     -0.000002613236
   49.000     -0.001328691593      0.000118528157     -0.000002639827
   49.500     -0.001612312177      0.000121762662     -0.000002667529
   50.000     -0.001879269142      0.000125787596     -0.000002696327
   50.500     -0.002124726833      0.000130837188     -0.000002727177
   51.000     -0.002344022931      0.000137113639     -0.000002758927
   51.500     -0.002532759328      0.000144778980     -0.000002790593
   52.000     -0.002686894228      0.000153943249     -0.000002820608
   52.500     -0.002802840286      0.000164650220     -0.000002848402
   53.000     -0.002877574894      0.000176870179     -0.000002875562
   53.500     -0.002908728702      0.000190494917     -0.000002901851
   54.000     -0.002894660938      0.000205336986     -0.000002927582
   54.500     -0.002834521862      0.000221136878     -0.000002955567
   55.000     -0.002728292362      0.000237569895     -0.000002985977
   55.500     -0.002576796709      0.000254257649     -0.000003017326
   56.000     -0.002381680764      0.000270787412     -0.000003046729
   56.500     -0.002145373769      0.000286733893     -0.000003071237
   57.000     -0.001871015928      0.000301692010     -0.000003092992
   57.500     -0.001562386175      0.000315306329     -0.000003115757
   58.000     -0.001223832768      0.000327294895     -0.000003141557
   58.500     -0.000860177161      0.000337480082     -0.000003170882
   59.000     -0.000476631456      0.000345809374     -0.000003201351
   59.500     -0.000078733564      0.000352366627     -0.000003231482
   60.000      0.000327718816      0.000357374343     -0.000003262175
   60.500      0.000736729300      0.000361182435     -0.000003293685
   61.000      0.001142150119      0.000364249821     -0.000003327285
   61.500      0.001537729709      0.000367118043     -0.000003365263
   62.000      0.001917164512      0.000370377033     -0.000003406784
   62.500      0.002274169150      0.000374626626     -0.000003446743
   63.000      0.002602557315      0.000380443037     -0.000003479228
   63.500      0.002896328620      0.000388347192     -0.000003504050
   64.000      0.003149801590      0.000398774044     -0.000003527633
   64.500      0.003357781741      0.000412049980     -0.000003554498
   65.000      0.003515727410      0.000428368296     -0.000003583966
   65.500      0.003619918274      0.000447764407     -0.000003611933
   66.000      0.003667613487      0.000470102207     -0.000003632443
   66.500      0.003657175019      0.000495068253     -0.000003644282
   67.000      0.003588152621      0.000522174729     -0.000003653130
   67.500      0.003461306798      0.000550778542     -0.000003664809
   68.000      0.003278563862      0.000580114215     -0.000003680727
   68.500      0.003042911064      0.000609334205     -0.000003698755
   69.000      0.002758250359      0.000637561333     -0.000003717056
   69.500      0.002429251664      0.000663949054     -0.000003736365
   70.000      0.002061209185      0.000687743725     -0.000003759511
   70.500      0.001659900239      0.000708349874     -0.000003787546
   71.000      0.001231463920      0.000725379739     -0.000003817983
   71.500      0.000782298203      0.000738680843     -0.000003848722
   72.000      0.000318968165      0.000748349967     -0.000003880208
   72.500     -0.000151864307      0.000754728572     -0.000003913764
   73.000     -0.000623487595      0.000758377436     -0.000003949703
   73.500     -0.001089170612      0.000760034635     -0.000003986714
   74.000     -0.001542188873      0.000760557799     -0.000004022907
   74.500     -0.001975840266      0.000760854251     -0.000004056919
   75.000     -0.002383461762      0.000761819735     -0.000004088269
   75.500     -0.002758473794      0.000764297391     -0.000004117662
   76.000     -0.003094470384      0.000769045853     -0.000004146841
   76.500     -0.003385356579      0.000776713737     -0.000004177685
   77.000     -0.003625539078      0.000787812935     -0.000004210581
   77.500     -0.003810157360      0.000802679348     -0.000004243466
   78.000     -0.003935328913      0.000821433822     -0.000004275030
   78.500     -0.003998397381      0.000843954093     -0.000004306912
   79.000     -0.003998104483      0.000869863633     -0.000004340830
   79.500     -0.003934650584      0.000898539710     -0.000004376628
   80.000     -0.003809638755      0.000929141270     -0.000004412961
   80.500     -0.003625913289      0.000960653572     -0.000004449225
   81.000     -0.003387350436      0.000991947313     -0.000004485385
   81.500     -0.003098647551      0.001021853745     -0.000004521046
   82.000     -0.002765145080      0.001049250424     -0.000004557770
   82.500     -0.002392678219      0.001073157364     -0.000004595053
   83.000     -0.001987459751      0.001092820767     -0.000004627774
   83.500     -0.001555958688      0.001107769565     -0.000004654873
   84.000     -0.001104776994      0.001117844217     -0.000004681094
   84.500     -0.000640536078      0.001123190903     -0.000004712479
   85.000     -0.000169771842      0.001124243187     -0.000004753084
   85.500      0.000301116398      0.001121688057     -0.000004800121
   86.000      0.000765862994      0.001116407115     -0.000004849321
   86.500      0.001218313961      0.001109392791     -0.000004901112
   87.000      0.001652402290      0.001101647217     -0.000004955342
   87.500      0.002062129519      0.001094097999     -0.000005009547
   88.000      0.002441578027      0.001087559257     -0.000005060585
   88.500      0.002784954706      0.001082741439     -0.000005103930
   89.000      0.003086684343      0.001080272129     -0.000005137163
   89.500      0.003341576053      0.001080701586     -0.000005160589
   90.000      0.003545067758      0.001084463901     -0.000005174468
   90.500      0.003693534299      0.001091799690     -0.000005179763
   91.000      0.003784583561      0.001102693601     -0.000005177705
   91.500      0.003817243241      0.001116845814     -0.000005170275
   92.000      0.003791964084      0.001133688019     -0.000005162476
   92.500      0.003710458244      0.001152429161     -0.000005159598
   93.000      0.003575455903      0.001172095649     -0.000005164978
   93.500      0.003390460155      0.001191574247     -0.000005178724
   94.000      0.003159570307      0.001209689301     -0.000005198041
   94.500      0.002887392856      0.001225318283     -0.000005221628
   95.000      0.002578992980      0.001237524369     -0.000005249976
   95.500      0.002239833735      0.001245660622     -0.000005283073
   96.000      0.001875666812      0.001249406741     -0.000005320701
   96.500      0.001492374219      0.001248746931     -0.000005360756
   97.000      0.001095798711      0.001243918791     -0.000005400482
   97.500      0.000691606867      0.001235365830     -0.000005440336
   98.000      0.000285222998      0.001223700698     -0.000005482555
   98.500     -0.000118176122      0.001209658350     -0.000005526990
   99.000     -0.000513631913      0.001194021332     -0.000005569602
   99.500     -0.000896364184      0.001177525349     -0.000005605228
  100.000     -0.001261743873      0.001160792893     -0.000005633858
  100.500     -0.001605255164      0.001144340087     -0.000005661218
  101.000     -0.001922439441      0.001128649396     -0.000005691396
  101.500     -0.002208887516      0.001114249611     -0.000005722062
  102.000     -0.002460339234      0.001101733732     -0.000005748000
  102.500     -0.002672908441      0.001091675509     -0.000005768301
  103.000     -0.002843395052      0.001084495920     -0.000005789498
  103.500     -0.002969568680      0.001080352141     -0.000005819972
  104.000     -0.003050312683      0.001079088556     -0.000005862989
  104.500     -0.003085582558      0.001080264504     -0.000005914273
  105.000     -0.003076233300      0.001083214741     -0.000005965145
  105.500     -0.003023816373      0.001087102697     -0.000006010933
  106.000     -0.002930416088      0.001090968829     -0.000006053418
  106.500     -0.002798566144      0.001093812104     -0.000006093629
  107.000     -0.002631237660      0.001094719132     -0.000006127500
  107.500     -0.002431851310      0.001093003200     -0.000006150829
  108.000     -0.002204265887      0.001088297587     -0.000006164841
  108.500     -0.001952689581      0.001080555836     -0.000006175349
  109.000     -0.001681500908      0.001069966683     -0.000006188135
  109.500     -0.001395050988      0.001056833050     -0.000006205987
  110.000     -0.001097525144      0.001041479234     -0.000006232346
  110.500     -0.000792894895      0.001024209304     -0.000006272927
  111.000     -0.000484948915      0.001005305388     -0.000006328004
  111.500     -0.000177353842      0.000985044057     -0.000006390179
  112.000      0.000126306791      0.000963703835     -0.000006449871
  112.500      0.000422514574      0.000941583377     -0.000006502352
  113.000      0.000707794143      0.000919061808     -0.000006551005
  113.500      0.000978683844      0.000896674593     -0.000006599267
  114.000      0.001231713909      0.000875134919     -0.000006642665
  114.500      0.001463446208      0.000855255027     -0.000006673464
  115.000      0.001670633280      0.000837774526     -0.000006688567
  115.500      0.001850460107      0.000823169156     -0.000006691491
  116.000      0.002000762781      0.000811542927     -0.000006688225
  116.500      0.002120138535      0.000802640129     -0.000006682508
  117.000      0.002207937681      0.000795937602     -0.000006673567
  117.500      0.002264177008      0.000790767299     -0.000006660919
  118.000      0.002289429724      0.000786416470     -0.000006650964
  118.500      0.002284727972      0.000782184042     -0.000006653749
  119.000      0.002251482867      0.000777424328     -0.000006675616
  119.500      0.002191423693      0.000771583823     -0.000006715951
  120.000      0.002106552875      0.000764220945     -0.000006767787
  120.500      0.001999092900      0.000755023985     -0.000006823454
  121.000      0.001871405048      0.000743825051     -0.000006879543
  121.500      0.001725883469      0.000730590003     -0.000006934745
  122.000      0.001564845157      0.000715396708     -0.000006987837
  122.500      0.001390471103      0.000698398631     -0.000007038205
  123.000      0.001204849937      0.000679766318     -0.000007084692
  123.500      0.001010092326      0.000659642224     -0.000007127723
  124.000      0.000808438611      0.000638130569     -0.000007169047
  124.500      0.000602299993      0.000615340392     -0.000007209196
  125.000      0.000394241965      0.000591488202     -0.000007249296
  125.500      0.000186954908      0.000567019660     -0.000007290615
  126.000     -0.000016782371      0.000542681716     -0.000007334197
  126.500     -0.000214154943      0.000519471793     -0.000007380399
  127.000     -0.000402413056      0.000498441714     -0.000007426312
  127.500     -0.000579044540      0.000480431684     -0.000007469309
  128.000     -0.000741965148      0.000465864382     -0.000007511592
  128.500     -0.000889648746      0.000454692471     -0.000007556841
  129.000     -0.001021153774      0.000446500303     -0.000007608074
  129.500     -0.001136052411      0.000440666776     -0.000007667526
  130.000     -0.001234300585      0.000436490845     -0.000007732494
  130.500     -0.001316090202      0.000433251466     -0.000007794096
  131.000     -0.001381717686      0.000430220608     -0.000007840716
  131.500     -0.001431500045      0.000426664836     -0.000007864426
  132.000     -0.001465734653      0.000421864496     -0.000007867054
  132.500     -0.001484679965      0.000415155091     -0.000007858461
  133.000     -0.001488543086      0.000406009077     -0.000007848777
  133.500     -0.001477450137      0.000394147879     -0.000007843540
  134.000     -0.001451406729      0.000379619656     -0.000007844310
  134.500     -0.001410300227      0.000362784205     -0.000007852961
  135.000     -0.001353983939      0.000344178315     -0.000007876301
  135.500     -0.001282447286      0.000324317082     -0.000007921212
  136.000     -0.001196018801      0.000303550864     -0.000007985997
  136.500     -0.001095507580      0.000282087309     -0.000008060077
  137.000     -0.000982217509      0.000260172269     -0.000008130952
  137.500     -0.000857847468      0.000238301618     -0.000008192031
  138.000     -0.000724338996      0.000217320753     -0.000008243037
  138.500     -0.000583755091      0.000198316804     -0.000008285427
  139.000     -0.000438212051      0.000182332422     -0.000008319631
  139.500     -0.000289818516      0.000170042926     -0.000008345677
  140.000     -0.000140606008      0.000161549346     -0.000008366384
  140.500      0.000007569836      0.000156357090     -0.000008386634
  141.000      0.000153135377      0.000153518084     -0.000008408695
  141.500      0.000294841679      0.000151861639     -0.000008431387
  142.000      0.000431736045      0.000150219055     -0.000008453019
  142.500      0.000563082029      0.000147586585     -0.000008472934
  143.000      0.000688247390      0.000143225062     -0.000008493820
  143.500      0.000806584091      0.000136710867     -0.000008522228
  144.000      0.000917317688      0.000127931889     -0.000008562361
  144.500      0.001019455422      0.000117031212     -0.000008613420
  145.000      0.001111727210      0.000104335477     -0.000008671530
  145.500      0.001192597340      0.000090316158     -0.000008730410
  146.000      0.001260364108      0.000075617698     -0.000008783756
  146.500      0.001313315614      0.000061111152     -0.000008826560
  147.000      0.001349890280      0.000047861745     -0.000008855552
  147.500      0.001368806730      0.000036950960     -0.000008871690
  148.000      0.001369172898      0.000029215254     -0.000008880223
  148.500      0.001350584810      0.000025022710     -0.000008886174
  149.000      0.001313201310      0.000024195375     -0.000008890696
  149.500      0.001257774345      0.000026111801     -0.000008893747
  150.000      0.001185624760      0.000029900633     -0.000008898601
