<?xml version="1.0" encoding="UTF-8"?>
<atomlist>
  <Hamiltonian RelativityModel="dirac" xctype="3"/>
  <atom chemicalSymbol="Ar" species="Ar.xml">
    <NumericalSetup TotalNumberOfGridPoints="1427" NumberOfMTGridPoints="1000" GridType="cubic" rmin="1.000000000000e-7" rmt="6.000000000000e0" rmax="1.745057233740e1"/>
    <spectrum>
      <state n="1" l="0" kappa="1" energy="-114.289548493"/>
      <state n="2" l="0" kappa="1" energy="-10.8749888991"/>
      <state n="2" l="1" kappa="1" energy="-8.50071965491"/>
      <state n="2" l="1" kappa="2" energy="-8.41882389083"/>
      <state n="3" l="0" kappa="1" energy="-0.891585948645"/>
      <state n="3" l="1" kappa="1" energy="-0.385996271065"/>
      <state n="3" l="1" kappa="2" energy="-0.379404141591"/>
    </spectrum>
  </atom>
</atomlist>
