# Loss function L(Q,w) and dynamical structure factor S(Q,w)
#
# L(Q,w)= -Im(1/eps_m(Q,w) [1]
# S(Q,w)= L(Q,w)*|Q|^2*/(4 pi^2 n_val) [Energy^-1]
#
# Momentum transfer Q=G+q in lattice coordinates
# G:   0   0   0
# q:   0.0000000   0.0000000   0.0000000
# Momentum transfer Q=G+q in Cartesian coordinates
# G:   0.0000000   0.0000000   0.0000000
# q:   0.0000000   0.0000000   0.0000000
# Norm2(G+q)   0.0000000
#
#   Frequency/(eV/hbar)                  L(Q,w)             S(Q,w)*1000
+0.6530732126400001E+03 +0.7463401614957322E-05 +0.0000000000000000E+00
+0.6531639172528667E+03 +0.7588565571380694E-05 +0.0000000000000000E+00
+0.6532546218657334E+03 +0.7716986502776005E-05 +0.0000000000000000E+00
+0.6533453264786001E+03 +0.7848780746432332E-05 +0.0000000000000000E+00
+0.6534360310914667E+03 +0.7984069966677197E-05 +0.0000000000000000E+00
+0.6535267357043333E+03 +0.8122981454162954E-05 +0.0000000000000000E+00
+0.6536174403172000E+03 +0.8265648445163894E-05 +0.0000000000000000E+00
+0.6537081449300667E+03 +0.8412210462444269E-05 +0.0000000000000000E+00
+0.6537988495429333E+03 +0.8562813679391210E-05 +0.0000000000000000E+00
+0.6538895541558001E+03 +0.8717611309261883E-05 +0.0000000000000000E+00
+0.6539802587686668E+03 +0.8876764021561919E-05 +0.0000000000000000E+00
+0.6540709633815334E+03 +0.9040440387756682E-05 +0.0000000000000000E+00
+0.6541616679944000E+03 +0.9208817358723443E-05 +0.0000000000000000E+00
+0.6542523726072667E+03 +0.9382080776574871E-05 +0.0000000000000000E+00
+0.6543430772201334E+03 +0.9560425923739972E-05 +0.0000000000000000E+00
+0.6544337818330000E+03 +0.9744058112460079E-05 +0.0000000000000000E+00
+0.6545244864458667E+03 +0.9933193318167746E-05 +0.0000000000000000E+00
+0.6546151910587334E+03 +0.1012805886055599E-04 +0.0000000000000000E+00
+0.6547058956716000E+03 +0.1032889413652386E-04 +0.0000000000000000E+00
+0.6547966002844666E+03 +0.1053595140960681E-04 +0.0000000000000000E+00
+0.6548873048973334E+03 +0.1074949666096487E-04 +0.0000000000000000E+00
+0.6549780095102001E+03 +0.1096981050753226E-04 +0.0000000000000000E+00
+0.6550687141230667E+03 +0.1119718919350794E-04 +0.0000000000000000E+00
+0.6551594187359334E+03 +0.1143194566202464E-04 +0.0000000000000000E+00
+0.6552501233488000E+03 +0.1167441071456209E-04 +0.0000000000000000E+00
+0.6553408279616667E+03 +0.1192493426649203E-04 +0.0000000000000000E+00
+0.6554315325745333E+03 +0.1218388670805596E-04 +0.0000000000000000E+00
+0.6555222371874000E+03 +0.1245166038112011E-04 +0.0000000000000000E+00
+0.6556129418002668E+03 +0.1272867118320542E-04 +0.0000000000000000E+00
+0.6557036464131334E+03 +0.1301536031160933E-04 +0.0000000000000000E+00
+0.6557943510260001E+03 +0.1331219616191397E-04 +0.0000000000000000E+00
+0.6558850556388667E+03 +0.1361967639685204E-04 +0.0000000000000000E+00
+0.6559757602517334E+03 +0.1393833020340126E-04 +0.0000000000000000E+00
+0.6560664648646000E+03 +0.1426872075812472E-04 +0.0000000000000000E+00
+0.6561571694774667E+03 +0.1461144792323386E-04 +0.0000000000000000E+00
+0.6562478740903334E+03 +0.1496715119862641E-04 +0.0000000000000000E+00
+0.6563385787032000E+03 +0.1533651295833693E-04 +0.0000000000000000E+00
+0.6564292833160667E+03 +0.1572026200346871E-04 +0.0000000000000000E+00
+0.6565199879289333E+03 +0.1611917746783460E-04 +0.0000000000000000E+00
+0.6566106925418001E+03 +0.1653409311730985E-04 +0.0000000000000000E+00
+0.6567013971546667E+03 +0.1696590208937535E-04 +0.0000000000000000E+00
+0.6567921017675334E+03 +0.1741556212566447E-04 +0.0000000000000000E+00
+0.6568828063804001E+03 +0.1788410135760517E-04 +0.0000000000000000E+00
+0.6569735109932667E+03 +0.1837262471369799E-04 +0.0000000000000000E+00
+0.6570642156061334E+03 +0.1888232102675399E-04 +0.0000000000000000E+00
+0.6571549202190000E+03 +0.1941447093079124E-04 +0.0000000000000000E+00
+0.6572456248318667E+03 +0.1997045565054830E-04 +0.0000000000000000E+00
+0.6573363294447333E+03 +0.2055176680204299E-04 +0.0000000000000000E+00
+0.6574270340576001E+03 +0.2116001734075970E-04 +0.0000000000000000E+00
+0.6575177386704668E+03 +0.2179695381532390E-04 +0.0000000000000000E+00
+0.6576084432833334E+03 +0.2246447010961426E-04 +0.0000000000000000E+00
+0.6576991478962001E+03 +0.2316462288587863E-04 +0.0000000000000000E+00
+0.6577898525090667E+03 +0.2389964897651263E-04 +0.0000000000000000E+00
+0.6578805571219333E+03 +0.2467198501386492E-04 +0.0000000000000000E+00
+0.6579712617348000E+03 +0.2548428963713616E-04 +0.0000000000000000E+00
+0.6580619663476667E+03 +0.2633946867494802E-04 +0.0000000000000000E+00
+0.6581526709605334E+03 +0.2724070377354361E-04 +0.0000000000000000E+00
+0.6582433755734000E+03 +0.2819148502665317E-04 +0.0000000000000000E+00
+0.6583340801862668E+03 +0.2919564826716457E-04 +0.0000000000000000E+00
+0.6584247847991334E+03 +0.3025741780720012E-04 +0.0000000000000000E+00
+0.6585154894120000E+03 +0.3138145556749508E-04 +0.0000000000000000E+00
+0.6586061940248667E+03 +0.3257291772603241E-04 +0.0000000000000000E+00
+0.6586968986377334E+03 +0.3383752024878418E-04 +0.0000000000000000E+00
+0.6587876032506001E+03 +0.3518161495362212E-04 +0.0000000000000000E+00
+0.6588783078634667E+03 +0.3661227811728775E-04 +0.0000000000000000E+00
+0.6589690124763333E+03 +0.3813741408463007E-04 +0.0000000000000000E+00
+0.6590597170892000E+03 +0.3976587690572168E-04 +0.0000000000000000E+00
+0.6591504217020666E+03 +0.4150761374559141E-04 +0.0000000000000000E+00
+0.6592411263149334E+03 +0.4337383473199349E-04 +0.0000000000000000E+00
+0.6593318309278001E+03 +0.4537721509612632E-04 +0.0000000000000000E+00
+0.6594225355406668E+03 +0.4753213701506209E-04 +0.0000000000000000E+00
+0.6595132401535334E+03 +0.4985498062071668E-04 +0.0000000000000000E+00
+0.6596039447664000E+03 +0.5236447640426123E-04 +0.0000000000000000E+00
+0.6596946493792667E+03 +0.5508213503505558E-04 +0.0000000000000000E+00
+0.6597853539921333E+03 +0.5803277594336057E-04 +0.0000000000000000E+00
+0.6598760586050000E+03 +0.6124518376163389E-04 +0.0000000000000000E+00
+0.6599667632178667E+03 +0.6475293346125925E-04 +0.0000000000000000E+00
+0.6600574678307333E+03 +0.6859544380817732E-04 +0.0000000000000000E+00
+0.6601481724436001E+03 +0.7281935085512201E-04 +0.0000000000000000E+00
+0.6602388770564667E+03 +0.7748035220018064E-04 +0.0000000000000000E+00
+0.6603295816693334E+03 +0.8264578912193019E-04 +0.0000000000000000E+00
+0.6604202862822000E+03 +0.8839847201364321E-04 +0.0000000000000000E+00
+0.6605109908950667E+03 +0.9484269917473949E-04 +0.0000000000000000E+00
+0.6606016955079334E+03 +0.1021136438014212E-03 +0.0000000000000000E+00
+0.6606924001208000E+03 +0.1103853133977562E-03 +0.0000000000000000E+00
+0.6607831047336667E+03 +0.1198249150437063E-03 +0.0000000000000000E+00
+0.6608738093465333E+03 +0.1304129095905733E-03 +0.0000000000000000E+00
+0.6609645139594001E+03 +0.1422382976833868E-03 +0.0000000000000000E+00
+0.6610552185722667E+03 +0.1559438781263442E-03 +0.0000000000000000E+00
+0.6611459231851334E+03 +0.1721323949711452E-03 +0.0000000000000000E+00
+0.6612366277980001E+03 +0.1913888435504702E-03 +0.0000000000000000E+00
+0.6613273324108667E+03 +0.2145026362208726E-03 +0.0000000000000000E+00
+0.6614180370237334E+03 +0.2425890779964870E-03 +0.0000000000000000E+00
+0.6615087416366000E+03 +0.2772408858884554E-03 +0.0000000000000000E+00
+0.6615994462494667E+03 +0.3207814570380232E-03 +0.0000000000000000E+00
+0.6616901508623333E+03 +0.3767029249303953E-03 +0.0000000000000000E+00
+0.6617808554752000E+03 +0.4504504091856609E-03 +0.0000000000000000E+00
+0.6618715600880668E+03 +0.5508888494252834E-03 +0.0000000000000000E+00
+0.6619622647009334E+03 +0.6931720826152397E-03 +0.0000000000000000E+00
+0.6620529693138000E+03 +0.9045146205921204E-03 +0.0000000000000000E+00
+0.6621436739266667E+03 +0.1235220063975717E-02 +0.0000000000000000E+00
+0.6622343785395334E+03 +0.1771186331975544E-02 +0.0000000000000000E+00
+0.6623250831524000E+03 +0.2584654953837238E-02 +0.0000000000000000E+00
+0.6624157877652667E+03 +0.3490390968152878E-02 +0.0000000000000000E+00
+0.6625064923781334E+03 +0.4338211601495489E-02 +0.0000000000000000E+00
+0.6625971969910000E+03 +0.5339869247990566E-02 +0.0000000000000000E+00
+0.6626879016038666E+03 +0.5785460356101528E-02 +0.0000000000000000E+00
+0.6627786062167334E+03 +0.5168024260401407E-02 +0.0000000000000000E+00
+0.6628693108296001E+03 +0.4338857857334186E-02 +0.0000000000000000E+00
+0.6629600154424667E+03 +0.3714978710982266E-02 +0.0000000000000000E+00
+0.6630507200553334E+03 +0.3126110457505722E-02 +0.0000000000000000E+00
+0.6631414246682001E+03 +0.2905863417867969E-02 +0.0000000000000000E+00
+0.6632321292810667E+03 +0.2984312825242093E-02 +0.0000000000000000E+00
+0.6633228338939333E+03 +0.2921618106649528E-02 +0.0000000000000000E+00
+0.6634135385068000E+03 +0.2810015785412725E-02 +0.0000000000000000E+00
+0.6635042431196667E+03 +0.2872066086188039E-02 +0.0000000000000000E+00
+0.6635949477325333E+03 +0.2867098694961976E-02 +0.0000000000000000E+00
+0.6636856523454001E+03 +0.2645282932929974E-02 +0.0000000000000000E+00
+0.6637763569582668E+03 +0.2488349321383690E-02 +0.0000000000000000E+00
+0.6638670615711334E+03 +0.2401302391995422E-02 +0.0000000000000000E+00
+0.6639577661840000E+03 +0.2297663123605151E-02 +0.0000000000000000E+00
+0.6640484707968667E+03 +0.2283370112026005E-02 +0.0000000000000000E+00
+0.6641391754097334E+03 +0.2460193412754593E-02 +0.0000000000000000E+00
+0.6642298800226000E+03 +0.2768008918000162E-02 +0.0000000000000000E+00
+0.6643205846354667E+03 +0.2790689834381375E-02 +0.0000000000000000E+00
+0.6644112892483334E+03 +0.2397568690255781E-02 +0.0000000000000000E+00
+0.6645019938612000E+03 +0.2048489493539201E-02 +0.0000000000000000E+00
+0.6645926984740667E+03 +0.1846777917407761E-02 +0.0000000000000000E+00
+0.6646834030869334E+03 +0.1740808172746807E-02 +0.0000000000000000E+00
+0.6647741076998001E+03 +0.1627721746332467E-02 +0.0000000000000000E+00
+0.6648648123126667E+03 +0.1496497692507228E-02 +0.0000000000000000E+00
+0.6649555169255334E+03 +0.1488405134163497E-02 +0.0000000000000000E+00
+0.6650462215384001E+03 +0.1634858361939640E-02 +0.0000000000000000E+00
+0.6651369261512667E+03 +0.1892089049585462E-02 +0.0000000000000000E+00
+0.6652276307641333E+03 +0.2183167698289521E-02 +0.0000000000000000E+00
+0.6653183353770000E+03 +0.2300005119377064E-02 +0.0000000000000000E+00
+0.6654090399898668E+03 +0.2323049269263930E-02 +0.0000000000000000E+00
+0.6654997446027334E+03 +0.2125162373321344E-02 +0.0000000000000000E+00
+0.6655904492156001E+03 +0.1690340952991528E-02 +0.0000000000000000E+00
+0.6656811538284668E+03 +0.1361819142467692E-02 +0.0000000000000000E+00
+0.6657718584413333E+03 +0.1200540630320975E-02 +0.0000000000000000E+00
+0.6658625630542000E+03 +0.1129273633905787E-02 +0.0000000000000000E+00
+0.6659532676670667E+03 +0.1104830074098274E-02 +0.0000000000000000E+00
+0.6660439722799333E+03 +0.1129018954652765E-02 +0.0000000000000000E+00
+0.6661346768928000E+03 +0.1221136095984590E-02 +0.0000000000000000E+00
+0.6662253815056667E+03 +0.1431625581744791E-02 +0.0000000000000000E+00
+0.6663160861185335E+03 +0.1745550126035997E-02 +0.0000000000000000E+00
+0.6664067907314000E+03 +0.1937257637205509E-02 +0.0000000000000000E+00
+0.6664974953442667E+03 +0.1820290243166284E-02 +0.0000000000000000E+00
+0.6665881999571334E+03 +0.1550118464437220E-02 +0.0000000000000000E+00
+0.6666789045700000E+03 +0.1238938677861740E-02 +0.0000000000000000E+00
+0.6667696091828667E+03 +0.9961147917802410E-03 +0.0000000000000000E+00
+0.6668603137957334E+03 +0.8579649218486635E-03 +0.0000000000000000E+00
+0.6669510184086001E+03 +0.8294270552837483E-03 +0.0000000000000000E+00
+0.6670417230214666E+03 +0.9123766735233199E-03 +0.0000000000000000E+00
+0.6671324276343333E+03 +0.1129572069177847E-02 +0.0000000000000000E+00
+0.6672231322472001E+03 +0.1453395075649113E-02 +0.0000000000000000E+00
+0.6673138368600667E+03 +0.1727005400378154E-02 +0.0000000000000000E+00
+0.6674045414729334E+03 +0.1689313069638749E-02 +0.0000000000000000E+00
+0.6674952460858001E+03 +0.1394191635653657E-02 +0.0000000000000000E+00
+0.6675859506986667E+03 +0.1197009238142409E-02 +0.0000000000000000E+00
+0.6676766553115333E+03 +0.1212078360265065E-02 +0.0000000000000000E+00
+0.6677673599244000E+03 +0.1321261470523215E-02 +0.0000000000000000E+00
+0.6678580645372667E+03 +0.1330933431262256E-02 +0.0000000000000000E+00
+0.6679487691501333E+03 +0.1209713250502617E-02 +0.0000000000000000E+00
+0.6680394737630000E+03 +0.1043552906085929E-02 +0.0000000000000000E+00
+0.6681301783758668E+03 +0.9096300053869192E-03 +0.0000000000000000E+00
+0.6682208829887334E+03 +0.8094006486590861E-03 +0.0000000000000000E+00
+0.6683115876016000E+03 +0.7237178337634301E-03 +0.0000000000000000E+00
+0.6684022922144667E+03 +0.6474494655095257E-03 +0.0000000000000000E+00
+0.6684929968273334E+03 +0.5888231746630321E-03 +0.0000000000000000E+00
+0.6685837014402000E+03 +0.5630797662205013E-03 +0.0000000000000000E+00
+0.6686744060530667E+03 +0.5720658147057378E-03 +0.0000000000000000E+00
+0.6687651106659334E+03 +0.5860566698128137E-03 +0.0000000000000000E+00
+0.6688558152788000E+03 +0.5581177952747366E-03 +0.0000000000000000E+00
+0.6689465198916666E+03 +0.5095021807349658E-03 +0.0000000000000000E+00
+0.6690372245045334E+03 +0.4749742262921028E-03 +0.0000000000000000E+00
+0.6691279291174001E+03 +0.4479527261357477E-03 +0.0000000000000000E+00
+0.6692186337302667E+03 +0.4172199417598997E-03 +0.0000000000000000E+00
+0.6693093383431334E+03 +0.3892212331705109E-03 +0.0000000000000000E+00
+0.6694000429560001E+03 +0.3717722048185664E-03 +0.0000000000000000E+00
+0.6694907475688667E+03 +0.3558016896956223E-03 +0.0000000000000000E+00
+0.6695814521817333E+03 +0.3355053439335571E-03 +0.0000000000000000E+00
+0.6696721567946000E+03 +0.3181779554814330E-03 +0.0000000000000000E+00
+0.6697628614074667E+03 +0.3173053865055202E-03 +0.0000000000000000E+00
+0.6698535660203333E+03 +0.3244997025359596E-03 +0.0000000000000000E+00
+0.6699442706332001E+03 +0.3173303324364046E-03 +0.0000000000000000E+00
+0.6700349752460668E+03 +0.3043302505681822E-03 +0.0000000000000000E+00
+0.6701256798589334E+03 +0.3017484648693349E-03 +0.0000000000000000E+00
+0.6702163844718000E+03 +0.3194781602313539E-03 +0.0000000000000000E+00
+0.6703070890846667E+03 +0.3477516795623232E-03 +0.0000000000000000E+00
+0.6703977936975334E+03 +0.3630727799568851E-03 +0.0000000000000000E+00
+0.6704884983104000E+03 +0.3940289413249855E-03 +0.0000000000000000E+00
+0.6705792029232667E+03 +0.4675778939986466E-03 +0.0000000000000000E+00
+0.6706699075361335E+03 +0.5547817897098338E-03 +0.0000000000000000E+00
+0.6707606121490001E+03 +0.6504593625855659E-03 +0.0000000000000000E+00
+0.6708513167618667E+03 +0.8132206080031935E-03 +0.0000000000000000E+00
+0.6709420213747334E+03 +0.1012977533922930E-02 +0.0000000000000000E+00
+0.6710327259876001E+03 +0.1082405959452135E-02 +0.0000000000000000E+00
+0.6711234306004667E+03 +0.1018483228885334E-02 +0.0000000000000000E+00
+0.6712141352133334E+03 +0.9099621690663016E-03 +0.0000000000000000E+00
+0.6713048398262001E+03 +0.8444465211978826E-03 +0.0000000000000000E+00
+0.6713955444390666E+03 +0.8346392001652016E-03 +0.0000000000000000E+00
+0.6714862490519333E+03 +0.8259296877235448E-03 +0.0000000000000000E+00
+0.6715769536648000E+03 +0.7895093694532153E-03 +0.0000000000000000E+00
+0.6716676582776668E+03 +0.7606480274358538E-03 +0.0000000000000000E+00
+0.6717583628905334E+03 +0.7105017073020328E-03 +0.0000000000000000E+00
+0.6718490675034001E+03 +0.6139557024300872E-03 +0.0000000000000000E+00
+0.6719397721162668E+03 +0.5314521851843945E-03 +0.0000000000000000E+00
+0.6720304767291333E+03 +0.4764678681606931E-03 +0.0000000000000000E+00
+0.6721211813420000E+03 +0.4222164177687892E-03 +0.0000000000000000E+00
+0.6722118859548667E+03 +0.3764187966008408E-03 +0.0000000000000000E+00
+0.6723025905677334E+03 +0.3425927299294492E-03 +0.0000000000000000E+00
+0.6723932951806000E+03 +0.3119985956492002E-03 +0.0000000000000000E+00
+0.6724839997934668E+03 +0.2911104564549903E-03 +0.0000000000000000E+00
+0.6725747044063334E+03 +0.2773329829603663E-03 +0.0000000000000000E+00
+0.6726654090192000E+03 +0.2655515000626907E-03 +0.0000000000000000E+00
+0.6727561136320667E+03 +0.2543401190102403E-03 +0.0000000000000000E+00
+0.6728468182449334E+03 +0.2340701293557184E-03 +0.0000000000000000E+00
+0.6729375228578001E+03 +0.2045604543572852E-03 +0.0000000000000000E+00
+0.6730282274706667E+03 +0.1784183431203252E-03 +0.0000000000000000E+00
+0.6731189320835334E+03 +0.1604183536084330E-03 +0.0000000000000000E+00
+0.6732096366964000E+03 +0.1460229802216394E-03 +0.0000000000000000E+00
+0.6733003413092666E+03 +0.1284222937754246E-03 +0.0000000000000000E+00
+0.6733910459221333E+03 +0.1096082339180896E-03 +0.0000000000000000E+00
+0.6734817505350001E+03 +0.9447726161431090E-04 +0.0000000000000000E+00
+0.6735724551478667E+03 +0.8325853885106699E-04 +0.0000000000000000E+00
+0.6736631597607334E+03 +0.7424254528301603E-04 +0.0000000000000000E+00
+0.6737538643736001E+03 +0.6645942667455156E-04 +0.0000000000000000E+00
+0.6738445689864667E+03 +0.6158666709065220E-04 +0.0000000000000000E+00
+0.6739352735993333E+03 +0.6046813734043878E-04 +0.0000000000000000E+00
+0.6740259782122000E+03 +0.5857184528708027E-04 +0.0000000000000000E+00
+0.6741166828250667E+03 +0.5420583021100507E-04 +0.0000000000000000E+00
+0.6742073874379333E+03 +0.5210807744045159E-04 +0.0000000000000000E+00
+0.6742980920508001E+03 +0.5196857225674153E-04 +0.0000000000000000E+00
+0.6743887966636668E+03 +0.4853933346344374E-04 +0.0000000000000000E+00
+0.6744795012765334E+03 +0.4178670151594934E-04 +0.0000000000000000E+00
+0.6745702058894000E+03 +0.3546813494964843E-04 +0.0000000000000000E+00
+0.6746609105022667E+03 +0.3123184441646434E-04 +0.0000000000000000E+00
+0.6747516151151334E+03 +0.2878468712168897E-04 +0.0000000000000000E+00
+0.6748423197280000E+03 +0.2765397197678441E-04 +0.0000000000000000E+00
+0.6749330243408667E+03 +0.2737425113120391E-04 +0.0000000000000000E+00
+0.6750237289537334E+03 +0.2770787399711896E-04 +0.0000000000000000E+00
+0.6751144335666000E+03 +0.2893079102942040E-04 +0.0000000000000000E+00
+0.6752051381794666E+03 +0.2900292239488332E-04 +0.0000000000000000E+00
+0.6752958427923334E+03 +0.2599630083485794E-04 +0.0000000000000000E+00
+0.6753865474052001E+03 +0.2269277089167669E-04 +0.0000000000000000E+00
+0.6754772520180667E+03 +0.2054439150067180E-04 +0.0000000000000000E+00
+0.6755679566309334E+03 +0.1939107846742137E-04 +0.0000000000000000E+00
+0.6756586612438000E+03 +0.1905450675540352E-04 +0.0000000000000000E+00
+0.6757493658566667E+03 +0.1945171867225403E-04 +0.0000000000000000E+00
+0.6758400704695333E+03 +0.1975685584286042E-04 +0.0000000000000000E+00
+0.6759307750824000E+03 +0.1849704267589434E-04 +0.0000000000000000E+00
+0.6760214796952667E+03 +0.1657253403020910E-04 +0.0000000000000000E+00
+0.6761121843081334E+03 +0.1510075979511022E-04 +0.0000000000000000E+00
+0.6762028889210001E+03 +0.1408483884371221E-04 +0.0000000000000000E+00
+0.6762935935338667E+03 +0.1334268673221866E-04 +0.0000000000000000E+00
+0.6763842981467334E+03 +0.1275931391307633E-04 +0.0000000000000000E+00
+0.6764750027596000E+03 +0.1227358270340547E-04 +0.0000000000000000E+00
+0.6765657073724667E+03 +0.1185248309301206E-04 +0.0000000000000000E+00
+0.6766564119853334E+03 +0.1147718023202460E-04 +0.0000000000000000E+00
+0.6767471165982000E+03 +0.1113624861218392E-04 +0.0000000000000000E+00
+0.6768378212110667E+03 +0.1082234389457480E-04 +0.0000000000000000E+00
+0.6769285258239333E+03 +0.1053049258039300E-04 +0.0000000000000000E+00
+0.6770192304368001E+03 +0.1025716862622950E-04 +0.0000000000000000E+00
+0.6771099350496667E+03 +0.9999770494409696E-05 +0.0000000000000000E+00
+0.6772006396625334E+03 +0.9756311594664705E-05 +0.0000000000000000E+00
+0.6772913442754001E+03 +0.9525229524686215E-05 +0.0000000000000000E+00
+0.6773820488882667E+03 +0.9305264164192555E-05 +0.0000000000000000E+00
+0.6774727535011334E+03 +0.9095377165063995E-05 +0.0000000000000000E+00
+0.6775634581140000E+03 +0.8894697172167646E-05 +0.0000000000000000E+00
+0.6776541627268667E+03 +0.8702481529096808E-05 +0.0000000000000000E+00
+0.6777448673397333E+03 +0.8518088840581178E-05 +0.0000000000000000E+00
+0.6778355719526000E+03 +0.8340958867344498E-05 +0.0000000000000000E+00
+0.6779262765654668E+03 +0.8170597488914737E-05 +0.0000000000000000E+00
+0.6780169811783334E+03 +0.8006565244413312E-05 +0.0000000000000000E+00
+0.6781076857912001E+03 +0.7848468449333733E-05 +0.0000000000000000E+00
+0.6781983904040667E+03 +0.7695952200762225E-05 +0.0000000000000000E+00
+0.6782890950169334E+03 +0.7548694790366353E-05 +0.0000000000000000E+00
+0.6783797996298000E+03 +0.7406403183233241E-05 +0.0000000000000000E+00
+0.6784705042426667E+03 +0.7268809315374756E-05 +0.0000000000000000E+00
+0.6785612088555334E+03 +0.7135667028502391E-05 +0.0000000000000000E+00
+0.6786519134684000E+03 +0.7006749507058233E-05 +0.0000000000000000E+00
+0.6787426180812668E+03 +0.6881847115682042E-05 +0.0000000000000000E+00
+0.6788333226941334E+03 +0.6760765559373312E-05 +0.0000000000000000E+00
+0.6789240273070001E+03 +0.6643324306298488E-05 +0.0000000000000000E+00
+0.6790147319198667E+03 +0.6529355226355881E-05 +0.0000000000000000E+00
+0.6791054365327334E+03 +0.6418701408505394E-05 +0.0000000000000000E+00
+0.6791961411456001E+03 +0.6311216127403000E-05 +0.0000000000000000E+00
+0.6792868457584667E+03 +0.6206761935660481E-05 +0.0000000000000000E+00
+0.6793775503713333E+03 +0.6105209862537857E-05 +0.0000000000000000E+00
+0.6794682549842000E+03 +0.6006438703386749E-05 +0.0000000000000000E+00
+0.6795589595970666E+03 +0.5910334386937694E-05 +0.0000000000000000E+00
+0.6796496642099333E+03 +0.5816789409728037E-05 +0.0000000000000000E+00
+0.6797403688228001E+03 +0.5725702328741551E-05 +0.0000000000000000E+00
+0.6798310734356668E+03 +0.5636977304759785E-05 +0.0000000000000000E+00
+0.6799217780485334E+03 +0.5550523690090793E-05 +0.0000000000000000E+00
+0.6800124826614000E+03 +0.5466255655295006E-05 +0.0000000000000000E+00
+0.6801031872742667E+03 +0.5384091850314231E-05 +0.0000000000000000E+00
+0.6801938918871333E+03 +0.5303955096063908E-05 +0.0000000000000000E+00
+0.6802845965000000E+03 +0.5225772103090134E-05 +0.0000000000000000E+00
+0.6803753011128667E+03 +0.5149473214351972E-05 +0.0000000000000000E+00
+0.6804660057257335E+03 +0.5074992169572677E-05 +0.0000000000000000E+00
+0.6805567103386001E+03 +0.5002265888929596E-05 +0.0000000000000000E+00
+0.6806474149514667E+03 +0.4931234274129592E-05 +0.0000000000000000E+00
+0.6807381195643334E+03 +0.4861840025153125E-05 +0.0000000000000000E+00
+0.6808288241772000E+03 +0.4794028471154911E-05 +0.0000000000000000E+00
+0.6809195287900667E+03 +0.4727747414181370E-05 +0.0000000000000000E+00
+0.6810102334029334E+03 +0.4662946984519107E-05 +0.0000000000000000E+00
+0.6811009380158001E+03 +0.4599579506618231E-05 +0.0000000000000000E+00
+0.6811916426286667E+03 +0.4537599374649450E-05 +0.0000000000000000E+00
+0.6812823472415333E+03 +0.4476962936853287E-05 +0.0000000000000000E+00
+0.6813730518544000E+03 +0.4417628387927246E-05 +0.0000000000000000E+00
+0.6814637564672666E+03 +0.4359555668774543E-05 +0.0000000000000000E+00
+0.6815544610801334E+03 +0.4302706373003828E-05 +0.0000000000000000E+00
+0.6816451656930001E+03 +0.4247043659631152E-05 +0.0000000000000000E+00
+0.6817358703058667E+03 +0.4192532171487226E-05 +0.0000000000000000E+00
+0.6818265749187333E+03 +0.4139137958880485E-05 +0.0000000000000000E+00
+0.6819172795316000E+03 +0.4086828408107892E-05 +0.0000000000000000E+00
+0.6820079841444667E+03 +0.4035572174443968E-05 +0.0000000000000000E+00
+0.6820986887573333E+03 +0.3985339119269898E-05 +0.0000000000000000E+00
+0.6821893933702000E+03 +0.3936100251036369E-05 +0.0000000000000000E+00
+0.6822800979830668E+03 +0.3887827669779522E-05 +0.0000000000000000E+00
+0.6823708025959334E+03 +0.3840494514933834E-05 +0.0000000000000000E+00
+0.6824615072088000E+03 +0.3794074916207437E-05 +0.0000000000000000E+00
+0.6825522118216667E+03 +0.3748543947304630E-05 +0.0000000000000000E+00
+0.6826429164345334E+03 +0.3703877582299092E-05 +0.0000000000000000E+00
+0.6827336210474000E+03 +0.3660052654475522E-05 +0.0000000000000000E+00
+0.6828243256602667E+03 +0.3617046817473740E-05 +0.0000000000000000E+00
+0.6829150302731334E+03 +0.3574838508581387E-05 +0.0000000000000000E+00
+0.6830057348860000E+03 +0.3533406914033685E-05 +0.0000000000000000E+00
+0.6830964394988666E+03 +0.3492731936189558E-05 +0.0000000000000000E+00
+0.6831871441117333E+03 +0.3452794162463224E-05 +0.0000000000000000E+00
+0.6832778487246001E+03 +0.3413574835900087E-05 +0.0000000000000000E+00
+0.6833685533374667E+03 +0.3375055827292705E-05 +0.0000000000000000E+00
+0.6834592579503334E+03 +0.3337219608741733E-05 +0.0000000000000000E+00
+0.6835499625632001E+03 +0.3300049228572573E-05 +0.0000000000000000E+00
+0.6836406671760667E+03 +0.3263528287525348E-05 +0.0000000000000000E+00
+0.6837313717889333E+03 +0.3227640916141531E-05 +0.0000000000000000E+00
+0.6838220764018000E+03 +0.3192371753275710E-05 +0.0000000000000000E+00
+0.6839127810146667E+03 +0.3157705925666676E-05 +0.0000000000000000E+00
+0.6840034856275333E+03 +0.3123629028505273E-05 +0.0000000000000000E+00
+0.6840941902404001E+03 +0.3090127106941919E-05 +0.0000000000000000E+00
+0.6841848948532668E+03 +0.3057186638479878E-05 +0.0000000000000000E+00
+0.6842755994661334E+03 +0.3024794516204016E-05 +0.0000000000000000E+00
+0.6843663040790000E+03 +0.2992938032798310E-05 +0.0000000000000000E+00
+0.6844570086918667E+03 +0.2961604865307962E-05 +0.0000000000000000E+00
+0.6845477133047334E+03 +0.2930783060605660E-05 +0.0000000000000000E+00
+0.6846384179176000E+03 +0.2900461021522908E-05 +0.0000000000000000E+00
+0.6847291225304667E+03 +0.2870627493610909E-05 +0.0000000000000000E+00
+0.6848198271433334E+03 +0.2841271552497166E-05 +0.0000000000000000E+00
+0.6849105317562000E+03 +0.2812382591806097E-05 +0.0000000000000000E+00
+0.6850012363690666E+03 +0.2783950311614124E-05 +0.0000000000000000E+00
+0.6850919409819334E+03 +0.2755964707411021E-05 +0.0000000000000000E+00
+0.6851826455948001E+03 +0.2728416059541982E-05 +0.0000000000000000E+00
+0.6852733502076667E+03 +0.2701294923104957E-05 +0.0000000000000000E+00
+0.6853640548205334E+03 +0.2674592118280671E-05 +0.0000000000000000E+00
+0.6854547594334001E+03 +0.2648298721073345E-05 +0.0000000000000000E+00
+0.6855454640462667E+03 +0.2622406054441494E-05 +0.0000000000000000E+00
+0.6856361686591333E+03 +0.2596905679799595E-05 +0.0000000000000000E+00
+0.6857268732720000E+03 +0.2571789388872160E-05 +0.0000000000000000E+00
+0.6858175778848668E+03 +0.2547049195883423E-05 +0.0000000000000000E+00
+0.6859082824977334E+03 +0.2522677330065836E-05 +0.0000000000000000E+00
+0.6859989871106001E+03 +0.2498666228472515E-05 +0.0000000000000000E+00
+0.6860896917234668E+03 +0.2475008529078910E-05 +0.0000000000000000E+00
+0.6861803963363334E+03 +0.2451697064160094E-05 +0.0000000000000000E+00
+0.6862711009492000E+03 +0.2428724853930728E-05 +0.0000000000000000E+00
+0.6863618055620667E+03 +0.2406085100435361E-05 +0.0000000000000000E+00
+0.6864525101749334E+03 +0.2383771181677758E-05 +0.0000000000000000E+00
+0.6865432147878000E+03 +0.2361776645977921E-05 +0.0000000000000000E+00
+0.6866339194006667E+03 +0.2340095206546699E-05 +0.0000000000000000E+00
+0.6867246240135335E+03 +0.2318720736268012E-05 +0.0000000000000000E+00
+0.6868153286263999E+03 +0.2297647262679460E-05 +0.0000000000000000E+00
+0.6869060332392667E+03 +0.2276868963142265E-05 +0.0000000000000000E+00
+0.6869967378521334E+03 +0.2256380160192571E-05 +0.0000000000000000E+00
+0.6870874424650001E+03 +0.2236175317065598E-05 +0.0000000000000000E+00
+0.6871781470778667E+03 +0.2216249033385539E-05 +0.0000000000000000E+00
+0.6872688516907334E+03 +0.2196596041013756E-05 +0.0000000000000000E+00
+0.6873595563036001E+03 +0.2177211200048605E-05 +0.0000000000000000E+00
+0.6874502609164666E+03 +0.2158089494970330E-05 +0.0000000000000000E+00
+0.6875409655293333E+03 +0.2139226030924790E-05 +0.0000000000000000E+00
+0.6876316701422001E+03 +0.2120616030140435E-05 +0.0000000000000000E+00
+0.6877223747550667E+03 +0.2102254828472561E-05 +0.0000000000000000E+00
+0.6878130793679334E+03 +0.2084137872069843E-05 +0.0000000000000000E+00
+0.6879037839808001E+03 +0.2066260714157938E-05 +0.0000000000000000E+00
+0.6879944885936668E+03 +0.2048619011935405E-05 +0.0000000000000000E+00
+0.6880851932065333E+03 +0.2031208523577333E-05 +0.0000000000000000E+00
+0.6881758978194000E+03 +0.2014025105342232E-05 +0.0000000000000000E+00
+0.6882666024322667E+03 +0.1997064708778263E-05 +0.0000000000000000E+00
+0.6883573070451333E+03 +0.1980323378024463E-05 +0.0000000000000000E+00
+0.6884480116580000E+03 +0.1963797247203492E-05 +0.0000000000000000E+00
+0.6885387162708668E+03 +0.1947482537902119E-05 +0.0000000000000000E+00
+0.6886294208837334E+03 +0.1931375556736043E-05 +0.0000000000000000E+00
+0.6887201254966000E+03 +0.1915472692995690E-05 +0.0000000000000000E+00
+0.6888108301094667E+03 +0.1899770416370021E-05 +0.0000000000000000E+00
+0.6889015347223334E+03 +0.1884265274745055E-05 +0.0000000000000000E+00
+0.6889922393352000E+03 +0.1868953892074465E-05 +0.0000000000000000E+00
+0.6890829439480667E+03 +0.1853832966319396E-05 +0.0000000000000000E+00
+0.6891736485609334E+03 +0.1838899267454901E-05 +0.0000000000000000E+00
+0.6892643531738000E+03 +0.1824149635540480E-05 +0.0000000000000000E+00
+0.6893550577866666E+03 +0.1809580978852242E-05 +0.0000000000000000E+00
+0.6894457623995334E+03 +0.1795190272074602E-05 +0.0000000000000000E+00
+0.6895364670124001E+03 +0.1780974554549032E-05 +0.0000000000000000E+00
+0.6896271716252667E+03 +0.1766930928577931E-05 +0.0000000000000000E+00
+0.6897178762381334E+03 +0.1753056557781566E-05 +0.0000000000000000E+00
+0.6898085808510001E+03 +0.1739348665506110E-05 +0.0000000000000000E+00
+0.6898992854638667E+03 +0.1725804533280979E-05 +0.0000000000000000E+00
+0.6899899900767333E+03 +0.1712421499323570E-05 +0.0000000000000000E+00
+0.6900806946896000E+03 +0.1699196957089932E-05 +0.0000000000000000E+00
+0.6901713993024667E+03 +0.1686128353869436E-05 +0.0000000000000000E+00
+0.6902621039153333E+03 +0.1673213189422108E-05 +0.0000000000000000E+00
+0.6903528085282001E+03 +0.1660449014657026E-05 +0.0000000000000000E+00
+0.6904435131410668E+03 +0.1647833430350331E-05 +0.0000000000000000E+00
+0.6905342177539334E+03 +0.1635364085901534E-05 +0.0000000000000000E+00
+0.6906249223668000E+03 +0.1623038678126658E-05 +0.0000000000000000E+00
+0.6907156269796667E+03 +0.1610854950087151E-05 +0.0000000000000000E+00
+0.6908063315925334E+03 +0.1598810689953112E-05 +0.0000000000000000E+00
+0.6908970362054000E+03 +0.1586903729899787E-05 +0.0000000000000000E+00
+0.6909877408182667E+03 +0.1575131945036203E-05 +0.0000000000000000E+00
+0.6910784454311334E+03 +0.1563493252364783E-05 +0.0000000000000000E+00
+0.6911691500440000E+03 +0.1551985609770977E-05 +0.0000000000000000E+00
+0.6912598546568667E+03 +0.1540607015041800E-05 +0.0000000000000000E+00
+0.6913505592697334E+03 +0.1529355504912483E-05 +0.0000000000000000E+00
+0.6914412638826001E+03 +0.1518229154140087E-05 +0.0000000000000000E+00
+0.6915319684954667E+03 +0.1507226074603363E-05 +0.0000000000000000E+00
+0.6916226731083334E+03 +0.1496344414427917E-05 +0.0000000000000000E+00
+0.6917133777212001E+03 +0.1485582357135852E-05 +0.0000000000000000E+00
+0.6918040823340667E+03 +0.1474938120819140E-05 +0.0000000000000000E+00
+0.6918947869469333E+03 +0.1464409957335851E-05 +0.0000000000000000E+00
+0.6919854915598000E+03 +0.1453996151528681E-05 +0.0000000000000000E+00
+0.6920761961726668E+03 +0.1443695020464860E-05 +0.0000000000000000E+00
+0.6921669007855334E+03 +0.1433504912696878E-05 +0.0000000000000000E+00
+0.6922576053984001E+03 +0.1423424207543354E-05 +0.0000000000000000E+00
+0.6923483100112668E+03 +0.1413451314389391E-05 +0.0000000000000000E+00
+0.6924390146241334E+03 +0.1403584672005810E-05 +0.0000000000000000E+00
+0.6925297192370000E+03 +0.1393822747886637E-05 +0.0000000000000000E+00
+0.6926204238498667E+03 +0.1384164037604395E-05 +0.0000000000000000E+00
+0.6927111284627334E+03 +0.1374607064182458E-05 +0.0000000000000000E+00
+0.6928018330756000E+03 +0.1365150377484117E-05 +0.0000000000000000E+00
+0.6928925376884667E+03 +0.1355792553617722E-05 +0.0000000000000000E+00
+0.6929832423013335E+03 +0.1346532194357479E-05 +0.0000000000000000E+00
+0.6930739469142001E+03 +0.1337367926579409E-05 +0.0000000000000000E+00
+0.6931646515270667E+03 +0.1328298401711942E-05 +0.0000000000000000E+00
+0.6932553561399334E+03 +0.1319322295200857E-05 +0.0000000000000000E+00
+0.6933460607528001E+03 +0.1310438305987955E-05 +0.0000000000000000E+00
+0.6934367653656667E+03 +0.1301645156003175E-05 +0.0000000000000000E+00
+0.6935274699785334E+03 +0.1292941589669712E-05 +0.0000000000000000E+00
+0.6936181745914000E+03 +0.1284326373421768E-05 +0.0000000000000000E+00
+0.6937088792042666E+03 +0.1275798295234493E-05 +0.0000000000000000E+00
+0.6937995838171333E+03 +0.1267356164165907E-05 +0.0000000000000000E+00
+0.6938902884300001E+03 +0.1258998809910283E-05 +0.0000000000000000E+00
+0.6939809930428668E+03 +0.1250725082362742E-05 +0.0000000000000000E+00
+0.6940716976557334E+03 +0.1242533851194749E-05 +0.0000000000000000E+00
+0.6941624022686001E+03 +0.1234424005440152E-05 +0.0000000000000000E+00
+0.6942531068814667E+03 +0.1226394453091479E-05 +0.0000000000000000E+00
+0.6943438114943333E+03 +0.1218444120706174E-05 +0.0000000000000000E+00
+0.6944345161072000E+03 +0.1210571953022567E-05 +0.0000000000000000E+00
+0.6945252207200667E+03 +0.1202776912585184E-05 +0.0000000000000000E+00
+0.6946159253329334E+03 +0.1195057979379220E-05 +0.0000000000000000E+00
+0.6947066299458000E+03 +0.1187414150473879E-05 +0.0000000000000000E+00
+0.6947973345586668E+03 +0.1179844439674353E-05 +0.0000000000000000E+00
+0.6948880391715334E+03 +0.1172347877182175E-05 +0.0000000000000000E+00
+0.6949787437844000E+03 +0.1164923509263702E-05 +0.0000000000000000E+00
+0.6950694483972667E+03 +0.1157570397926581E-05 +0.0000000000000000E+00
+0.6951601530101334E+03 +0.1150287620603863E-05 +0.0000000000000000E+00
+0.6952508576230000E+03 +0.1143074269845633E-05 +0.0000000000000000E+00
+0.6953415622358667E+03 +0.1135929453017919E-05 +0.0000000000000000E+00
+0.6954322668487334E+03 +0.1128852292008704E-05 +0.0000000000000000E+00
+0.6955229714616000E+03 +0.1121841922940818E-05 +0.0000000000000000E+00
+0.6956136760744666E+03 +0.1114897495891518E-05 +0.0000000000000000E+00
+0.6957043806873334E+03 +0.1108018174618657E-05 +0.0000000000000000E+00
+0.6957950853002001E+03 +0.1101203136293134E-05 +0.0000000000000000E+00
+0.6958857899130667E+03 +0.1094451571237556E-05 +0.0000000000000000E+00
+0.6959764945259334E+03 +0.1087762682670919E-05 +0.0000000000000000E+00
+0.6960671991388000E+03 +0.1081135686459134E-05 +0.0000000000000000E+00
+0.6961579037516667E+03 +0.1074569810871227E-05 +0.0000000000000000E+00
+0.6962486083645333E+03 +0.1068064296341158E-05 +0.0000000000000000E+00
+0.6963393129774000E+03 +0.1061618395234965E-05 +0.0000000000000000E+00
+0.6964300175902667E+03 +0.1055231371623219E-05 +0.0000000000000000E+00
+0.6965207222031333E+03 +0.1048902501058573E-05 +0.0000000000000000E+00
+0.6966114268160001E+03 +0.1042631070358320E-05 +0.0000000000000000E+00
+0.6967021314288667E+03 +0.1036416377391811E-05 +0.0000000000000000E+00
+0.6967928360417334E+03 +0.1030257730872574E-05 +0.0000000000000000E+00
+0.6968835406546000E+03 +0.1024154450155114E-05 +0.0000000000000000E+00
+0.6969742452674667E+03 +0.1018105865036139E-05 +0.0000000000000000E+00
+0.6970649498803334E+03 +0.1012111315560202E-05 +0.0000000000000000E+00
+0.6971556544932000E+03 +0.1006170151829610E-05 +0.0000000000000000E+00
+0.6972463591060667E+03 +0.1000281733818470E-05 +0.0000000000000000E+00
+0.6973370637189333E+03 +0.9944454311908288E-06 +0.0000000000000000E+00
+0.6974277683318001E+03 +0.9886606231227096E-06 +0.0000000000000000E+00
+0.6975184729446667E+03 +0.9829266981280739E-06 +0.0000000000000000E+00
+0.6976091775575334E+03 +0.9772430538884748E-06 +0.0000000000000000E+00
+0.6976998821704001E+03 +0.9716090970864080E-06 +0.0000000000000000E+00
+0.6977905867832667E+03 +0.9660242432422308E-06 +0.0000000000000000E+00
+0.6978812913961334E+03 +0.9604879165545522E-06 +0.0000000000000000E+00
+0.6979719960090000E+03 +0.9549995497440449E-06 +0.0000000000000000E+00
+0.6980627006218667E+03 +0.9495585839005275E-06 +0.0000000000000000E+00
+0.6981534052347333E+03 +0.9441644683333488E-06 +0.0000000000000000E+00
+0.6982441098476000E+03 +0.9388166604248555E-06 +0.0000000000000000E+00
+0.6983348144604668E+03 +0.9335146254869828E-06 +0.0000000000000000E+00
+0.6984255190733334E+03 +0.9282578366208296E-06 +0.0000000000000000E+00
+0.6985162236862001E+03 +0.9230457745791659E-06 +0.0000000000000000E+00
+0.6986069282990667E+03 +0.9178779276318091E-06 +0.0000000000000000E+00
+0.6986976329119334E+03 +0.9127537914337607E-06 +0.0000000000000000E+00
+0.6987883375248000E+03 +0.9076728688961243E-06 +0.0000000000000000E+00
+0.6988790421376667E+03 +0.9026346700596271E-06 +0.0000000000000000E+00
+0.6989697467505334E+03 +0.8976387119707627E-06 +0.0000000000000000E+00
+0.6990604513634000E+03 +0.8926845185604640E-06 +0.0000000000000000E+00
+0.6991511559762668E+03 +0.8877716205252567E-06 +0.0000000000000000E+00
+0.6992418605891334E+03 +0.8828995552108221E-06 +0.0000000000000000E+00
+0.6993325652020001E+03 +0.8780678664979086E-06 +0.0000000000000000E+00
+0.6994232698148667E+03 +0.8732761046905861E-06 +0.0000000000000000E+00
+0.6995139744277334E+03 +0.8685238264067072E-06 +0.0000000000000000E+00
+0.6996046790406001E+03 +0.8638105944705922E-06 +0.0000000000000000E+00
+0.6996953836534667E+03 +0.8591359778078538E-06 +0.0000000000000000E+00
+0.6997860882663334E+03 +0.8544995513423243E-06 +0.0000000000000000E+00
+0.6998767928792000E+03 +0.8499008958950297E-06 +0.0000000000000000E+00
+0.6999674974920667E+03 +0.8453395980851557E-06 +0.0000000000000000E+00
+0.7000582021049333E+03 +0.8408152502330011E-06 +0.0000000000000000E+00
+0.7001489067178001E+03 +0.8363274502648130E-06 +0.0000000000000000E+00
+0.7002396113306668E+03 +0.8318758016195032E-06 +0.0000000000000000E+00
+0.7003303159435334E+03 +0.8274599131571956E-06 +0.0000000000000000E+00
+0.7004210205564001E+03 +0.8230793990695449E-06 +0.0000000000000000E+00
+0.7005117251692667E+03 +0.8187338787918237E-06 +0.0000000000000000E+00
+0.7006024297821334E+03 +0.8144229769166786E-06 +0.0000000000000000E+00
+0.7006931343950000E+03 +0.8101463231096066E-06 +0.0000000000000000E+00
+0.7007838390078667E+03 +0.8059035520260132E-06 +0.0000000000000000E+00
+0.7008745436207334E+03 +0.8016943032298903E-06 +0.0000000000000000E+00
+0.7009652482336001E+03 +0.7975182211140484E-06 +0.0000000000000000E+00
+0.7010559528464667E+03 +0.7933749548218770E-06 +0.0000000000000000E+00
+0.7011466574593334E+03 +0.7892641581705751E-06 +0.0000000000000000E+00
+0.7012373620722000E+03 +0.7851854895758817E-06 +0.0000000000000000E+00
+0.7013280666850667E+03 +0.7811386119781930E-06 +0.0000000000000000E+00
+0.7014187712979334E+03 +0.7771231927700925E-06 +0.0000000000000000E+00
+0.7015094759108001E+03 +0.7731389037252443E-06 +0.0000000000000000E+00
+0.7016001805236667E+03 +0.7691854209286241E-06 +0.0000000000000000E+00
+0.7016908851365333E+03 +0.7652624247080526E-06 +0.0000000000000000E+00
+0.7017815897494000E+03 +0.7613695995669964E-06 +0.0000000000000000E+00
+0.7018722943622666E+03 +0.7575066341186544E-06 +0.0000000000000000E+00
+0.7019629989751334E+03 +0.7536732210212275E-06 +0.0000000000000000E+00
+0.7020537035880001E+03 +0.7498690569144127E-06 +0.0000000000000000E+00
+0.7021444082008668E+03 +0.7460938423570564E-06 +0.0000000000000000E+00
+0.7022351128137334E+03 +0.7423472817659600E-06 +0.0000000000000000E+00
+0.7023258174266000E+03 +0.7386290833558156E-06 +0.0000000000000000E+00
+0.7024165220394667E+03 +0.7349389590802146E-06 +0.0000000000000000E+00
+0.7025072266523333E+03 +0.7312766245737721E-06 +0.0000000000000000E+00
+0.7025979312652000E+03 +0.7276417990952769E-06 +0.0000000000000000E+00
+0.7026886358780667E+03 +0.7240342054718760E-06 +0.0000000000000000E+00
+0.7027793404909335E+03 +0.7204535700442751E-06 +0.0000000000000000E+00
+0.7028700451038000E+03 +0.7168996226129327E-06 +0.0000000000000000E+00
+0.7029607497166667E+03 +0.7133720963851993E-06 +0.0000000000000000E+00
+0.7030514543295334E+03 +0.7098707279234397E-06 +0.0000000000000000E+00
+0.7031421589424000E+03 +0.7063952570940583E-06 +0.0000000000000000E+00
+0.7032328635552667E+03 +0.7029454270174406E-06 +0.0000000000000000E+00
+0.7033235681681334E+03 +0.6995209840187856E-06 +0.0000000000000000E+00
+0.7034142727810000E+03 +0.6961216775798137E-06 +0.0000000000000000E+00
+0.7035049773938666E+03 +0.6927472602913309E-06 +0.0000000000000000E+00
+0.7035956820067333E+03 +0.6893974878066138E-06 +0.0000000000000000E+00
+0.7036863866196001E+03 +0.6860721187956438E-06 +0.0000000000000000E+00
+0.7037770912324667E+03 +0.6827709149001214E-06 +0.0000000000000000E+00
+0.7038677958453334E+03 +0.6794936406892784E-06 +0.0000000000000000E+00
+0.7039585004582001E+03 +0.6762400636164544E-06 +0.0000000000000000E+00
+0.7040492050710667E+03 +0.6730099539764411E-06 +0.0000000000000000E+00
+0.7041399096839333E+03 +0.6698030848635599E-06 +0.0000000000000000E+00
+0.7042306142968000E+03 +0.6666192321304553E-06 +0.0000000000000000E+00
+0.7043213189096667E+03 +0.6634581743476308E-06 +0.0000000000000000E+00
+0.7044120235225333E+03 +0.6603196927636492E-06 +0.0000000000000000E+00
+0.7045027281354000E+03 +0.6572035712660352E-06 +0.0000000000000000E+00
+0.7045934327482668E+03 +0.6541095963428422E-06 +0.0000000000000000E+00
+0.7046841373611334E+03 +0.6510375570448787E-06 +0.0000000000000000E+00
+0.7047748419740000E+03 +0.6479872449485800E-06 +0.0000000000000000E+00
+0.7048655465868667E+03 +0.6449584541194982E-06 +0.0000000000000000E+00
+0.7049562511997334E+03 +0.6419509810764366E-06 +0.0000000000000000E+00
+0.7050469558126000E+03 +0.6389646247561695E-06 +0.0000000000000000E+00
+0.7051376604254667E+03 +0.6359991864787646E-06 +0.0000000000000000E+00
+0.7052283650383334E+03 +0.6330544699134899E-06 +0.0000000000000000E+00
+0.7053190696512000E+03 +0.6301302810452897E-06 +0.0000000000000000E+00
+0.7054097742640666E+03 +0.6272264281418336E-06 +0.0000000000000000E+00
+0.7055004788769334E+03 +0.6243427217210853E-06 +0.0000000000000000E+00
+0.7055911834898001E+03 +0.6214789745194598E-06 +0.0000000000000000E+00
+0.7056818881026667E+03 +0.6186350014604659E-06 +0.0000000000000000E+00
+0.7057725927155334E+03 +0.6158106196238906E-06 +0.0000000000000000E+00
+0.7058632973284001E+03 +0.6130056482154876E-06 +0.0000000000000000E+00
+0.7059540019412667E+03 +0.6102199085371657E-06 +0.0000000000000000E+00
+0.7060447065541333E+03 +0.6074532239576719E-06 +0.0000000000000000E+00
+0.7061354111670000E+03 +0.6047054198837402E-06 +0.0000000000000000E+00
+0.7062261157798667E+03 +0.6019763237317398E-06 +0.0000000000000000E+00
+0.7063168203927333E+03 +0.5992657648997610E-06 +0.0000000000000000E+00
+0.7064075250056001E+03 +0.5965735747401713E-06 +0.0000000000000000E+00
+0.7064982296184668E+03 +0.5938995865326032E-06 +0.0000000000000000E+00
+0.7065889342313334E+03 +0.5912436354573986E-06 +0.0000000000000000E+00
+0.7066796388442000E+03 +0.5886055585694666E-06 +0.0000000000000000E+00
+0.7067703434570667E+03 +0.5859851947725631E-06 +0.0000000000000000E+00
+0.7068610480699334E+03 +0.5833823847940024E-06 +0.0000000000000000E+00
+0.7069517526828000E+03 +0.5807969711597529E-06 +0.0000000000000000E+00
+0.7070424572956667E+03 +0.5782287981699454E-06 +0.0000000000000000E+00
+0.7071331619085335E+03 +0.5756777118747620E-06 +0.0000000000000000E+00
+0.7072238665214001E+03 +0.5731435600507213E-06 +0.0000000000000000E+00
+0.7073145711342667E+03 +0.5706261921773329E-06 +0.0000000000000000E+00
+0.7074052757471334E+03 +0.5681254594141140E-06 +0.0000000000000000E+00
+0.7074959803600001E+03 +0.5656412145779951E-06 +0.0000000000000000E+00
+0.7075866849728667E+03 +0.5631733121210553E-06 +0.0000000000000000E+00
+0.7076773895857334E+03 +0.5607216081086216E-06 +0.0000000000000000E+00
+0.7077680941986001E+03 +0.5582859601977101E-06 +0.0000000000000000E+00
+0.7078587988114667E+03 +0.5558662276158034E-06 +0.0000000000000000E+00
+0.7079495034243333E+03 +0.5534622711399632E-06 +0.0000000000000000E+00
+0.7080402080372000E+03 +0.5510739530762577E-06 +0.0000000000000000E+00
+0.7081309126500668E+03 +0.5487011372395324E-06 +0.0000000000000000E+00
+0.7082216172629334E+03 +0.5463436889334674E-06 +0.0000000000000000E+00
+0.7083123218758001E+03 +0.5440014749309623E-06 +0.0000000000000000E+00
+0.7084030264886668E+03 +0.5416743634548142E-06 +0.0000000000000000E+00
+0.7084937311015333E+03 +0.5393622241587052E-06 +0.0000000000000000E+00
+0.7085844357144000E+03 +0.5370649281084583E-06 +0.0000000000000000E+00
+0.7086751403272667E+03 +0.5347823477636150E-06 +0.0000000000000000E+00
+0.7087658449401334E+03 +0.5325143569592675E-06 +0.0000000000000000E+00
+0.7088565495530000E+03 +0.5302608308881793E-06 +0.0000000000000000E+00
+0.7089472541658668E+03 +0.5280216460831753E-06 +0.0000000000000000E+00
+0.7090379587787334E+03 +0.5257966803998041E-06 +0.0000000000000000E+00
+0.7091286633916000E+03 +0.5235858129992513E-06 +0.0000000000000000E+00
+0.7092193680044667E+03 +0.5213889243315334E-06 +0.0000000000000000E+00
+0.7093100726173334E+03 +0.5192058961189228E-06 +0.0000000000000000E+00
+0.7094007772302000E+03 +0.5170366113396333E-06 +0.0000000000000000E+00
+0.7094914818430667E+03 +0.5148809542117492E-06 +0.0000000000000000E+00
+0.7095821864559334E+03 +0.5127388101773977E-06 +0.0000000000000000E+00
+0.7096728910688000E+03 +0.5106100658871548E-06 +0.0000000000000000E+00
+0.7097635956816666E+03 +0.5084946091846766E-06 +0.0000000000000000E+00
+0.7098543002945333E+03 +0.5063923290915831E-06 +0.0000000000000000E+00
+0.7099450049074001E+03 +0.5043031157925405E-06 +0.0000000000000000E+00
+0.7100357095202667E+03 +0.5022268606205783E-06 +0.0000000000000000E+00
+0.7101264141331334E+03 +0.5001634560426198E-06 +0.0000000000000000E+00
+0.7102171187460001E+03 +0.4981127956452308E-06 +0.0000000000000000E+00
+0.7103078233588667E+03 +0.4960747741205717E-06 +0.0000000000000000E+00
+0.7103985279717333E+03 +0.4940492872525526E-06 +0.0000000000000000E+00
+0.7104892325846000E+03 +0.4920362319032123E-06 +0.0000000000000000E+00
+0.7105799371974667E+03 +0.4900355059992711E-06 +0.0000000000000000E+00
+0.7106706418103333E+03 +0.4880470085188946E-06 +0.0000000000000000E+00
+0.7107613464232001E+03 +0.4860706394786452E-06 +0.0000000000000000E+00
+0.7108520510360668E+03 +0.4841062999206243E-06 +0.0000000000000000E+00
+0.7109427556489334E+03 +0.4821538918998064E-06 +0.0000000000000000E+00
+0.7110334602618000E+03 +0.4802133184715391E-06 +0.0000000000000000E+00
+0.7111241648746667E+03 +0.4782844836792523E-06 +0.0000000000000000E+00
+0.7112148694875334E+03 +0.4763672925423162E-06 +0.0000000000000000E+00
+0.7113055741004000E+03 +0.4744616510440905E-06 +0.0000000000000000E+00
+0.7113962787132667E+03 +0.4725674661201399E-06 +0.0000000000000000E+00
+0.7114869833261334E+03 +0.4706846456466173E-06 +0.0000000000000000E+00
+0.7115776879390000E+03 +0.4688130984288187E-06 +0.0000000000000000E+00
+0.7116683925518666E+03 +0.4669527341898877E-06 +0.0000000000000000E+00
+0.7117590971647334E+03 +0.4651034635597020E-06 +0.0000000000000000E+00
+0.7118498017776001E+03 +0.4632651980638973E-06 +0.0000000000000000E+00
+0.7119405063904667E+03 +0.4614378501130593E-06 +0.0000000000000000E+00
+0.7120312110033334E+03 +0.4596213329920618E-06 +0.0000000000000000E+00
+0.7121219156162001E+03 +0.4578155608495581E-06 +0.0000000000000000E+00
+0.7122126202290667E+03 +0.4560204486876216E-06 +0.0000000000000000E+00
+0.7123033248419333E+03 +0.4542359123515246E-06 +0.0000000000000000E+00
+0.7123940294548000E+03 +0.4524618685196738E-06 +0.0000000000000000E+00
+0.7124847340676667E+03 +0.4506982346936742E-06 +0.0000000000000000E+00
+0.7125754386805334E+03 +0.4489449291885356E-06 +0.0000000000000000E+00
+0.7126661432934001E+03 +0.4472018711230185E-06 +0.0000000000000000E+00
+0.7127568479062668E+03 +0.4454689804101087E-06 +0.0000000000000000E+00
+0.7128475525191334E+03 +0.4437461777476321E-06 +0.0000000000000000E+00
+0.7129382571320000E+03 +0.4420333846089856E-06 +0.0000000000000000E+00
+0.7130289617448667E+03 +0.4403305232340140E-06 +0.0000000000000000E+00
+0.7131196663577334E+03 +0.4386375166200001E-06 +0.0000000000000000E+00
+0.7132103709706000E+03 +0.4369542885127802E-06 +0.0000000000000000E+00
+0.7133010755834667E+03 +0.4352807633979855E-06 +0.0000000000000000E+00
+0.7133917801963335E+03 +0.4336168664924023E-06 +0.0000000000000000E+00
+0.7134824848092001E+03 +0.4319625237354488E-06 +0.0000000000000000E+00
+0.7135731894220667E+03 +0.4303176617807627E-06 +0.0000000000000000E+00
+0.7136638940349334E+03 +0.4286822079879225E-06 +0.0000000000000000E+00
+0.7137545986478001E+03 +0.4270560904142581E-06 +0.0000000000000000E+00
+0.7138453032606667E+03 +0.4254392378067861E-06 +0.0000000000000000E+00
+0.7139360078735334E+03 +0.4238315795942510E-06 +0.0000000000000000E+00
+0.7140267124864001E+03 +0.4222330458792737E-06 +0.0000000000000000E+00
+0.7141174170992667E+03 +0.4206435674306066E-06 +0.0000000000000000E+00
+0.7142081217121333E+03 +0.4190630756754872E-06 +0.0000000000000000E+00
+0.7142988263250001E+03 +0.4174915026921082E-06 +0.0000000000000000E+00
+0.7143895309378668E+03 +0.4159287812021740E-06 +0.0000000000000000E+00
+0.7144802355507334E+03 +0.4143748445635623E-06 +0.0000000000000000E+00
+0.7145709401636001E+03 +0.4128296267630869E-06 +0.0000000000000000E+00
+0.7146616447764668E+03 +0.4112930624093503E-06 +0.0000000000000000E+00
+0.7147523493893334E+03 +0.4097650867256985E-06 +0.0000000000000000E+00
+0.7148430540022000E+03 +0.4082456355432599E-06 +0.0000000000000000E+00
+0.7149337586150667E+03 +0.4067346452940883E-06 +0.0000000000000000E+00
+0.7150244632279334E+03 +0.4052320530043869E-06 +0.0000000000000000E+00
+0.7151151678408000E+03 +0.4037377962878260E-06 +0.0000000000000000E+00
+0.7152058724536668E+03 +0.4022518133389470E-06 +0.0000000000000000E+00
+0.7152965770665334E+03 +0.4007740429266565E-06 +0.0000000000000000E+00
+0.7153872816794000E+03 +0.3993044243877944E-06 +0.0000000000000000E+00
+0.7154779862922667E+03 +0.3978428976208066E-06 +0.0000000000000000E+00
+0.7155686909051334E+03 +0.3963894030794810E-06 +0.0000000000000000E+00
+0.7156593955180001E+03 +0.3949438817667738E-06 +0.0000000000000000E+00
+0.7157501001308667E+03 +0.3935062752287151E-06 +0.0000000000000000E+00
+0.7158408047437333E+03 +0.3920765255483975E-06 +0.0000000000000000E+00
+0.7159315093566000E+03 +0.3906545753400272E-06 +0.0000000000000000E+00
+0.7160222139694666E+03 +0.3892403677430782E-06 +0.0000000000000000E+00
+0.7161129185823334E+03 +0.3878338464164976E-06 +0.0000000000000000E+00
+0.7162036231952001E+03 +0.3864349555329966E-06 +0.0000000000000000E+00
+0.7162943278080668E+03 +0.3850436397734167E-06 +0.0000000000000000E+00
+0.7163850324209334E+03 +0.3836598443211616E-06 +0.0000000000000000E+00
+0.7164757370338000E+03 +0.3822835148567063E-06 +0.0000000000000000E+00
+0.7165664416466667E+03 +0.3809145975521699E-06 +0.0000000000000000E+00
+0.7166571462595333E+03 +0.3795530390659671E-06 +0.0000000000000000E+00
+0.7167478508724000E+03 +0.3781987865375192E-06 +0.0000000000000000E+00
+0.7168385554852667E+03 +0.3768517875820380E-06 +0.0000000000000000E+00
+0.7169292600981335E+03 +0.3755119902853701E-06 +0.0000000000000000E+00
+0.7170199647110001E+03 +0.3741793431989134E-06 +0.0000000000000000E+00
+0.7171106693238667E+03 +0.3728537953345923E-06 +0.0000000000000000E+00
+0.7172013739367334E+03 +0.3715352961598966E-06 +0.0000000000000000E+00
+0.7172920785496000E+03 +0.3702237955929911E-06 +0.0000000000000000E+00
+0.7173827831624667E+03 +0.3689192439978743E-06 +0.0000000000000000E+00
+0.7174734877753334E+03 +0.3676215921796067E-06 +0.0000000000000000E+00
+0.7175641923882000E+03 +0.3663307913795955E-06 +0.0000000000000000E+00
+0.7176548970010667E+03 +0.3650467932709375E-06 +0.0000000000000000E+00
+0.7177456016139333E+03 +0.3637695499538258E-06 +0.0000000000000000E+00
+0.7178363062268000E+03 +0.3624990139510008E-06 +0.0000000000000000E+00
+0.7179270108396667E+03 +0.3612351382032760E-06 +0.0000000000000000E+00
+0.7180177154525334E+03 +0.3599778760651046E-06 +0.0000000000000000E+00
+0.7181084200654001E+03 +0.3587271813002066E-06 +0.0000000000000000E+00
+0.7181991246782667E+03 +0.3574830080772495E-06 +0.0000000000000000E+00
+0.7182898292911334E+03 +0.3562453109655824E-06 +0.0000000000000000E+00
+0.7183805339040000E+03 +0.3550140449310250E-06 +0.0000000000000000E+00
+0.7184712385168667E+03 +0.3537891653316990E-06 +0.0000000000000000E+00
+0.7185619431297333E+03 +0.3525706279139259E-06 +0.0000000000000000E+00
+0.7186526477426000E+03 +0.3513583888081621E-06 +0.0000000000000000E+00
+0.7187433523554668E+03 +0.3501524045249900E-06 +0.0000000000000000E+00
+0.7188340569683334E+03 +0.3489526319511551E-06 +0.0000000000000000E+00
+0.7189247615812001E+03 +0.3477590283456532E-06 +0.0000000000000000E+00
+0.7190154661940667E+03 +0.3465715513358675E-06 +0.0000000000000000E+00
+0.7191061708069334E+03 +0.3453901589137427E-06 +0.0000000000000000E+00
+0.7191968754198000E+03 +0.3442148094320220E-06 +0.0000000000000000E+00
+0.7192875800326667E+03 +0.3430454616005136E-06 +0.0000000000000000E+00
+0.7193782846455334E+03 +0.3418820744824116E-06 +0.0000000000000000E+00
+0.7194689892584000E+03 +0.3407246074906568E-06 +0.0000000000000000E+00
+0.7195596938712667E+03 +0.3395730203843467E-06 +0.0000000000000000E+00
+0.7196503984841333E+03 +0.3384272732651822E-06 +0.0000000000000000E+00
+0.7197411030970001E+03 +0.3372873265739573E-06 +0.0000000000000000E+00
+0.7198318077098667E+03 +0.3361531410871005E-06 +0.0000000000000000E+00
+0.7199225123227334E+03 +0.3350246779132440E-06 +0.0000000000000000E+00
+0.7200132169356001E+03 +0.3339018984898437E-06 +0.0000000000000000E+00
+0.7201039215484667E+03 +0.3327847645798332E-06 +0.0000000000000000E+00
+0.7201946261613334E+03 +0.3316732382683241E-06 +0.0000000000000000E+00
+0.7202853307742000E+03 +0.3305672819593377E-06 +0.0000000000000000E+00
+0.7203760353870667E+03 +0.3294668583725797E-06 +0.0000000000000000E+00
+0.7204667399999333E+03 +0.3283719305402567E-06 +0.0000000000000000E+00
+0.7205574446128001E+03 +0.3272824618039226E-06 +0.0000000000000000E+00
+0.7206481492256668E+03 +0.3261984158113683E-06 +0.0000000000000000E+00
+0.7207388538385334E+03 +0.3251197565135421E-06 +0.0000000000000000E+00
+0.7208295584514001E+03 +0.3240464481615130E-06 +0.0000000000000000E+00
+0.7209202630642667E+03 +0.3229784553034670E-06 +0.0000000000000000E+00
+0.7210109676771334E+03 +0.3219157427817324E-06 +0.0000000000000000E+00
+0.7211016722900000E+03 +0.3208582757298523E-06 +0.0000000000000000E+00
+0.7211923769028667E+03 +0.3198060195696799E-06 +0.0000000000000000E+00
+0.7212830815157334E+03 +0.3187589400085140E-06 +0.0000000000000000E+00
+0.7213737861286000E+03 +0.3177170030362641E-06 +0.0000000000000000E+00
+0.7214644907414668E+03 +0.3166801749226521E-06 +0.0000000000000000E+00
+0.7215551953543334E+03 +0.3156484222144442E-06 +0.0000000000000000E+00
+0.7216458999672001E+03 +0.3146217117327107E-06 +0.0000000000000000E+00
+0.7217366045800667E+03 +0.3136000105701288E-06 +0.0000000000000000E+00
+0.7218273091929334E+03 +0.3125832860883054E-06 +0.0000000000000000E+00
+0.7219180138058001E+03 +0.3115715059151350E-06 +0.0000000000000000E+00
+0.7220087184186667E+03 +0.3105646379421876E-06 +0.0000000000000000E+00
+0.7220994230315333E+03 +0.3095626503221292E-06 +0.0000000000000000E+00
+0.7221901276444000E+03 +0.3085655114661631E-06 +0.0000000000000000E+00
+0.7222808322572668E+03 +0.3075731900415151E-06 +0.0000000000000000E+00
+0.7223715368701334E+03 +0.3065856549689319E-06 +0.0000000000000000E+00
+0.7224622414830001E+03 +0.3056028754202196E-06 +0.0000000000000000E+00
+0.7225529460958668E+03 +0.3046248208158025E-06 +0.0000000000000000E+00
+0.7226436507087333E+03 +0.3036514608223152E-06 +0.0000000000000000E+00
+0.7227343553216000E+03 +0.3026827653502151E-06 +0.0000000000000000E+00
+0.7228250599344667E+03 +0.3017187045514322E-06 +0.0000000000000000E+00
+0.7229157645473334E+03 +0.3007592488170371E-06 +0.0000000000000000E+00
+0.7230064691602000E+03 +0.2998043687749356E-06 +0.0000000000000000E+00
+0.7230971737730667E+03 +0.2988540352875946E-06 +0.0000000000000000E+00
+0.7231878783859335E+03 +0.2979082194497887E-06 +0.0000000000000000E+00
+0.7232785829987999E+03 +0.2969668925863749E-06 +0.0000000000000000E+00
+0.7233692876116667E+03 +0.2960300262500872E-06 +0.0000000000000000E+00
+0.7234599922245334E+03 +0.2950975922193661E-06 +0.0000000000000000E+00
+0.7235506968374000E+03 +0.2941695624962014E-06 +0.0000000000000000E+00
+0.7236414014502667E+03 +0.2932459093040054E-06 +0.0000000000000000E+00
+0.7237321060631334E+03 +0.2923266050855065E-06 +0.0000000000000000E+00
+0.7238228106760001E+03 +0.2914116225006698E-06 +0.0000000000000000E+00
+0.7239135152888666E+03 +0.2905009344246380E-06 +0.0000000000000000E+00
+0.7240042199017333E+03 +0.2895945139456924E-06 +0.0000000000000000E+00
+0.7240949245146001E+03 +0.2886923343632455E-06 +0.0000000000000000E+00
+0.7241856291274667E+03 +0.2877943691858471E-06 +0.0000000000000000E+00
+0.7242763337403334E+03 +0.2869005921292144E-06 +0.0000000000000000E+00
+0.7243670383532001E+03 +0.2860109771142872E-06 +0.0000000000000000E+00
+0.7244577429660668E+03 +0.2851254982652992E-06 +0.0000000000000000E+00
+0.7245484475789333E+03 +0.2842441299078765E-06 +0.0000000000000000E+00
+0.7246391521918000E+03 +0.2833668465671494E-06 +0.0000000000000000E+00
+0.7247298568046667E+03 +0.2824936229658933E-06 +0.0000000000000000E+00
+0.7248205614175333E+03 +0.2816244340226834E-06 +0.0000000000000000E+00
+0.7249112660304000E+03 +0.2807592548500730E-06 +0.0000000000000000E+00
+0.7250019706432668E+03 +0.2798980607527889E-06 +0.0000000000000000E+00
+0.7250926752561334E+03 +0.2790408272259489E-06 +0.0000000000000000E+00
+0.7251833798690000E+03 +0.2781875299532989E-06 +0.0000000000000000E+00
+0.7252740844818667E+03 +0.2773381448054631E-06 +0.0000000000000000E+00
+0.7253647890947334E+03 +0.2764926478382245E-06 +0.0000000000000000E+00
+0.7254554937076000E+03 +0.2756510152908125E-06 +0.0000000000000000E+00
+0.7255461983204667E+03 +0.2748132235842162E-06 +0.0000000000000000E+00
+0.7256369029333334E+03 +0.2739792493195121E-06 +0.0000000000000000E+00
+0.7257276075462000E+03 +0.2731490692762112E-06 +0.0000000000000000E+00
+0.7258183121590666E+03 +0.2723226604106251E-06 +0.0000000000000000E+00
+0.7259090167719334E+03 +0.2714999998542447E-06 +0.0000000000000000E+00
+0.7259997213848001E+03 +0.2706810649121449E-06 +0.0000000000000000E+00
+0.7260904259976667E+03 +0.2698658330613977E-06 +0.0000000000000000E+00
+0.7261811306105334E+03 +0.2690542819495056E-06 +0.0000000000000000E+00
+0.7262718352234001E+03 +0.2682463893928534E-06 +0.0000000000000000E+00
+0.7263625398362667E+03 +0.2674421333751743E-06 +0.0000000000000000E+00
+0.7264532444491333E+03 +0.2666414920460325E-06 +0.0000000000000000E+00
+0.7265439490620000E+03 +0.2658444437193204E-06 +0.0000000000000000E+00
+0.7266346536748667E+03 +0.2650509668717779E-06 +0.0000000000000000E+00
+0.7267253582877333E+03 +0.2642610401415185E-06 +0.0000000000000000E+00
+0.7268160629006001E+03 +0.2634746423265781E-06 +0.0000000000000000E+00
+0.7269067675134668E+03 +0.2626917523834746E-06 +0.0000000000000000E+00
+0.7269974721263334E+03 +0.2619123494257857E-06 +0.0000000000000000E+00
+0.7270881767392000E+03 +0.2611364127227400E-06 +0.0000000000000000E+00
+0.7271788813520667E+03 +0.2603639216978201E-06 +0.0000000000000000E+00
+0.7272695859649334E+03 +0.2595948559273894E-06 +0.0000000000000000E+00
+0.7273602905778000E+03 +0.2588291951393218E-06 +0.0000000000000000E+00
+0.7274509951906667E+03 +0.2580669192116542E-06 +0.0000000000000000E+00
+0.7275416998035334E+03 +0.2573080081712486E-06 +0.0000000000000000E+00
+0.7276324044164000E+03 +0.2565524421924689E-06 +0.0000000000000000E+00
+0.7277231090292667E+03 +0.2558002015958748E-06 +0.0000000000000000E+00
+0.7278138136421334E+03 +0.2550512668469212E-06 +0.0000000000000000E+00
+0.7279045182550001E+03 +0.2543056185546821E-06 +0.0000000000000000E+00
+0.7279952228678667E+03 +0.2535632374705788E-06 +0.0000000000000000E+00
+0.7280859274807334E+03 +0.2528241044871241E-06 +0.0000000000000000E+00
+0.7281766320936001E+03 +0.2520882006366811E-06 +0.0000000000000000E+00
+0.7282673367064667E+03 +0.2513555070902320E-06 +0.0000000000000000E+00
+0.7283580413193333E+03 +0.2506260051561625E-06 +0.0000000000000000E+00
+0.7284487459322000E+03 +0.2498996762790531E-06 +0.0000000000000000E+00
+0.7285394505450668E+03 +0.2491765020384928E-06 +0.0000000000000000E+00
+0.7286301551579334E+03 +0.2484564641478942E-06 +0.0000000000000000E+00
+0.7287208597708001E+03 +0.2477395444533263E-06 +0.0000000000000000E+00
+0.7288115643836668E+03 +0.2470257249323601E-06 +0.0000000000000000E+00
+0.7289022689965333E+03 +0.2463149876929221E-06 +0.0000000000000000E+00
+0.7289929736094000E+03 +0.2456073149721609E-06 +0.0000000000000000E+00
+0.7290836782222667E+03 +0.2449026891353285E-06 +0.0000000000000000E+00
+0.7291743828351334E+03 +0.2442010926746685E-06 +0.0000000000000000E+00
+0.7292650874480000E+03 +0.2435025082083179E-06 +0.0000000000000000E+00
+0.7293557920608667E+03 +0.2428069184792189E-06 +0.0000000000000000E+00
+0.7294464966737333E+03 +0.2421143063540440E-06 +0.0000000000000000E+00
+0.7295372012866000E+03 +0.2414246548221258E-06 +0.0000000000000000E+00
+0.7296279058994667E+03 +0.2407379469944080E-06 +0.0000000000000000E+00
+0.7297186105123334E+03 +0.2400541661023967E-06 +0.0000000000000000E+00
+0.7298093151252001E+03 +0.2393732954971275E-06 +0.0000000000000000E+00
+0.7299000197380667E+03 +0.2386953186481426E-06 +0.0000000000000000E+00
+0.7299907243509334E+03 +0.2380202191424760E-06 +0.0000000000000000E+00
+0.7300814289638000E+03 +0.2373479806836523E-06 +0.0000000000000000E+00
+0.7301721335766666E+03 +0.2366785870906892E-06 +0.0000000000000000E+00
+0.7302628381895333E+03 +0.2360120222971198E-06 +0.0000000000000000E+00
+0.7303535428024001E+03 +0.2353482703500153E-06 +0.0000000000000000E+00
+0.7304442474152668E+03 +0.2346873154090222E-06 +0.0000000000000000E+00
+0.7305349520281334E+03 +0.2340291417454074E-06 +0.0000000000000000E+00
+0.7306256566410001E+03 +0.2333737337411138E-06 +0.0000000000000000E+00
+0.7307163612538667E+03 +0.2327210758878251E-06 +0.0000000000000000E+00
+0.7308070658667333E+03 +0.2320711527860370E-06 +0.0000000000000000E+00
+0.7308977704796000E+03 +0.2314239491441440E-06 +0.0000000000000000E+00
+0.7309884750924667E+03 +0.2307794497775282E-06 +0.0000000000000000E+00
+0.7310791797053333E+03 +0.2301376396076609E-06 +0.0000000000000000E+00
+0.7311698843182000E+03 +0.2294985036612126E-06 +0.0000000000000000E+00
+0.7312605889310668E+03 +0.2288620270691710E-06 +0.0000000000000000E+00
+0.7313512935439334E+03 +0.2282281950659678E-06 +0.0000000000000000E+00
+0.7314419981568000E+03 +0.2275969929886135E-06 +0.0000000000000000E+00
+0.7315327027696667E+03 +0.2269684062758433E-06 +0.0000000000000000E+00
+0.7316234073825334E+03 +0.2263424204672677E-06 +0.0000000000000000E+00
+0.7317141119954000E+03 +0.2257190212025333E-06 +0.0000000000000000E+00
+0.7318048166082667E+03 +0.2250981942204919E-06 +0.0000000000000000E+00
+0.7318955212211334E+03 +0.2244799253583775E-06 +0.0000000000000000E+00
+0.7319862258340000E+03 +0.2238642005509898E-06 +0.0000000000000000E+00
+0.7320769304468666E+03 +0.2232510058298870E-06 +0.0000000000000000E+00
+0.7321676350597334E+03 +0.2226403273225876E-06 +0.0000000000000000E+00
+0.7322583396726001E+03 +0.2220321512517780E-06 +0.0000000000000000E+00
+0.7323490442854667E+03 +0.2214264639345272E-06 +0.0000000000000000E+00
+0.7324397488983334E+03 +0.2208232517815114E-06 +0.0000000000000000E+00
+0.7325304535112001E+03 +0.2202225012962439E-06 +0.0000000000000000E+00
+0.7326211581240667E+03 +0.2196241990743141E-06 +0.0000000000000000E+00
+0.7327118627369333E+03 +0.2190283318026310E-06 +0.0000000000000000E+00
+0.7328025673498000E+03 +0.2184348862586793E-06 +0.0000000000000000E+00
+0.7328932719626667E+03 +0.2178438493097759E-06 +0.0000000000000000E+00
+0.7329839765755333E+03 +0.2172552079123391E-06 +0.0000000000000000E+00
+0.7330746811884001E+03 +0.2166689491111606E-06 +0.0000000000000000E+00
+0.7331653858012668E+03 +0.2160850600386882E-06 +0.0000000000000000E+00
+0.7332560904141334E+03 +0.2155035279143121E-06 +0.0000000000000000E+00
+0.7333467950270000E+03 +0.2149243400436588E-06 +0.0000000000000000E+00
+0.7334374996398667E+03 +0.2143474838178938E-06 +0.0000000000000000E+00
+0.7335282042527334E+03 +0.2137729467130287E-06 +0.0000000000000000E+00
+0.7336189088656000E+03 +0.2132007162892353E-06 +0.0000000000000000E+00
+0.7337096134784667E+03 +0.2126307801901653E-06 +0.0000000000000000E+00
+0.7338003180913335E+03 +0.2120631261422792E-06 +0.0000000000000000E+00
+0.7338910227042001E+03 +0.2114977419541793E-06 +0.0000000000000000E+00
+0.7339817273170667E+03 +0.2109346155159469E-06 +0.0000000000000000E+00
+0.7340724319299334E+03 +0.2103737347984925E-06 +0.0000000000000000E+00
+0.7341631365428001E+03 +0.2098150878529048E-06 +0.0000000000000000E+00
+0.7342538411556667E+03 +0.2092586628098099E-06 +0.0000000000000000E+00
+0.7343445457685334E+03 +0.2087044478787350E-06 +0.0000000000000000E+00
+0.7344352503814001E+03 +0.2081524313474782E-06 +0.0000000000000000E+00
+0.7345259549942667E+03 +0.2076026015814862E-06 +0.0000000000000000E+00
+0.7346166596071333E+03 +0.2070549470232325E-06 +0.0000000000000000E+00
+0.7347073642200000E+03 +0.2065094561916086E-06 +0.0000000000000000E+00
+0.7347980688328668E+03 +0.2059661176813150E-06 +0.0000000000000000E+00
+0.7348887734457334E+03 +0.2054249201622610E-06 +0.0000000000000000E+00
+0.7349794780586001E+03 +0.2048858523789683E-06 +0.0000000000000000E+00
+0.7350701826714668E+03 +0.2043489031499813E-06 +0.0000000000000000E+00
+0.7351608872843334E+03 +0.2038140613672830E-06 +0.0000000000000000E+00
+0.7352515918972000E+03 +0.2032813159957131E-06 +0.0000000000000000E+00
+0.7353422965100667E+03 +0.2027506560723977E-06 +0.0000000000000000E+00
+0.7354330011229334E+03 +0.2022220707061785E-06 +0.0000000000000000E+00
+0.7355237057358000E+03 +0.2016955490770502E-06 +0.0000000000000000E+00
+0.7356144103486668E+03 +0.2011710804356008E-06 +0.0000000000000000E+00
+0.7357051149615335E+03 +0.2006486541024601E-06 +0.0000000000000000E+00
+0.7357958195744001E+03 +0.2001282594677510E-06 +0.0000000000000000E+00
+0.7358865241872667E+03 +0.1996098859905455E-06 +0.0000000000000000E+00
+0.7359772288001334E+03 +0.1990935231983284E-06 +0.0000000000000000E+00
+0.7360679334130001E+03 +0.1985791606864624E-06 +0.0000000000000000E+00
+0.7361586380258667E+03 +0.1980667881176610E-06 +0.0000000000000000E+00
+0.7362493426387333E+03 +0.1975563952214642E-06 +0.0000000000000000E+00
+0.7363400472516000E+03 +0.1970479717937182E-06 +0.0000000000000000E+00
+0.7364307518644667E+03 +0.1965415076960652E-06 +0.0000000000000000E+00
+0.7365214564773333E+03 +0.1960369928554299E-06 +0.0000000000000000E+00
+0.7366121610902001E+03 +0.1955344172635178E-06 +0.0000000000000000E+00
+0.7367028657030668E+03 +0.1950337709763119E-06 +0.0000000000000000E+00
+0.7367935703159334E+03 +0.1945350441135792E-06 +0.0000000000000000E+00
+0.7368842749288000E+03 +0.1940382268583794E-06 +0.0000000000000000E+00
+0.7369749795416667E+03 +0.1935433094565750E-06 +0.0000000000000000E+00
+0.7370656841545333E+03 +0.1930502822163528E-06 +0.0000000000000000E+00
+0.7371563887674000E+03 +0.1925591355077435E-06 +0.0000000000000000E+00
+0.7372470933802667E+03 +0.1920698597621482E-06 +0.0000000000000000E+00
+0.7373377979931334E+03 +0.1915824454718683E-06 +0.0000000000000000E+00
+0.7374285026060001E+03 +0.1910968831896404E-06 +0.0000000000000000E+00
+0.7375192072188667E+03 +0.1906131635281761E-06 +0.0000000000000000E+00
+0.7376099118317334E+03 +0.1901312771597016E-06 +0.0000000000000000E+00
+0.7377006164446000E+03 +0.1896512148155077E-06 +0.0000000000000000E+00
+0.7377913210574667E+03 +0.1891729672855005E-06 +0.0000000000000000E+00
+0.7378820256703334E+03 +0.1886965254177535E-06 +0.0000000000000000E+00
+0.7379727302832001E+03 +0.1882218801180699E-06 +0.0000000000000000E+00
+0.7380634348960667E+03 +0.1877490223495428E-06 +0.0000000000000000E+00
+0.7381541395089333E+03 +0.1872779431321235E-06 +0.0000000000000000E+00
+0.7382448441218000E+03 +0.1868086335421894E-06 +0.0000000000000000E+00
+0.7383355487346666E+03 +0.1863410847121215E-06 +0.0000000000000000E+00
+0.7384262533475334E+03 +0.1858752878298807E-06 +0.0000000000000000E+00
+0.7385169579604001E+03 +0.1854112341385887E-06 +0.0000000000000000E+00
+0.7386076625732668E+03 +0.1849489149361151E-06 +0.0000000000000000E+00
+0.7386983671861334E+03 +0.1844883215746647E-06 +0.0000000000000000E+00
+0.7387890717990000E+03 +0.1840294454603720E-06 +0.0000000000000000E+00
+0.7388797764118667E+03 +0.1835722780528945E-06 +0.0000000000000000E+00
+0.7389704810247333E+03 +0.1831168108650154E-06 +0.0000000000000000E+00
+0.7390611856376000E+03 +0.1826630354622452E-06 +0.0000000000000000E+00
+0.7391518902504667E+03 +0.1822109434624291E-06 +0.0000000000000000E+00
+0.7392425948633334E+03 +0.1817605265353556E-06 +0.0000000000000000E+00
+0.7393332994762001E+03 +0.1813117764023723E-06 +0.0000000000000000E+00
+0.7394240040890667E+03 +0.1808646848360008E-06 +0.0000000000000000E+00
+0.7395147087019334E+03 +0.1804192436595563E-06 +0.0000000000000000E+00
+0.7396054133148000E+03 +0.1799754447467740E-06 +0.0000000000000000E+00
+0.7396961179276667E+03 +0.1795332800214332E-06 +0.0000000000000000E+00
+0.7397868225405334E+03 +0.1790927414569883E-06 +0.0000000000000000E+00
+0.7398775271534000E+03 +0.1786538210762010E-06 +0.0000000000000000E+00
+0.7399682317662667E+03 +0.1782165109507777E-06 +0.0000000000000000E+00
+0.7400589363791333E+03 +0.1777808032010093E-06 +0.0000000000000000E+00
+0.7401496409920001E+03 +0.1773466899954105E-06 +0.0000000000000000E+00
+0.7402403456048667E+03 +0.1769141635503698E-06 +0.0000000000000000E+00
+0.7403310502177334E+03 +0.1764832161297955E-06 +0.0000000000000000E+00
+0.7404217548306001E+03 +0.1760538400447677E-06 +0.0000000000000000E+00
+0.7405124594434667E+03 +0.1756260276531933E-06 +0.0000000000000000E+00
+0.7406031640563334E+03 +0.1751997713594637E-06 +0.0000000000000000E+00
+0.7406938686692000E+03 +0.1747750636141145E-06 +0.0000000000000000E+00
+0.7407845732820667E+03 +0.1743518969134888E-06 +0.0000000000000000E+00
+0.7408752778949333E+03 +0.1739302637994053E-06 +0.0000000000000000E+00
+0.7409659825078000E+03 +0.1735101568588256E-06 +0.0000000000000000E+00
+0.7410566871206668E+03 +0.1730915687235265E-06 +0.0000000000000000E+00
+0.7411473917335334E+03 +0.1726744920697750E-06 +0.0000000000000000E+00
+0.7412380963464001E+03 +0.1722589196180054E-06 +0.0000000000000000E+00
+0.7413288009592667E+03 +0.1718448441325008E-06 +0.0000000000000000E+00
+0.7414195055721334E+03 +0.1714322584210722E-06 +0.0000000000000000E+00
+0.7415102101850000E+03 +0.1710211553347491E-06 +0.0000000000000000E+00
+0.7416009147978667E+03 +0.1706115277674644E-06 +0.0000000000000000E+00
+0.7416916194107334E+03 +0.1702033686557466E-06 +0.0000000000000000E+00
+0.7417823240236000E+03 +0.1697966709784120E-06 +0.0000000000000000E+00
+0.7418730286364668E+03 +0.1693914277562622E-06 +0.0000000000000000E+00
+0.7419637332493334E+03 +0.1689876320517821E-06 +0.0000000000000000E+00
+0.7420544378622001E+03 +0.1685852769688392E-06 +0.0000000000000000E+00
+0.7421451424750667E+03 +0.1681843556523910E-06 +0.0000000000000000E+00
+0.7422358470879334E+03 +0.1677848612881876E-06 +0.0000000000000000E+00
+0.7423265517008001E+03 +0.1673867871024820E-06 +0.0000000000000000E+00
+0.7424172563136667E+03 +0.1669901263617403E-06 +0.0000000000000000E+00
+0.7425079609265334E+03 +0.1665948723723558E-06 +0.0000000000000000E+00
+0.7425986655394000E+03 +0.1662010184803641E-06 +0.0000000000000000E+00
+0.7426893701522667E+03 +0.1658085580711608E-06 +0.0000000000000000E+00
+0.7427800747651333E+03 +0.1654174845692234E-06 +0.0000000000000000E+00
+0.7428707793780001E+03 +0.1650277914378328E-06 +0.0000000000000000E+00
+0.7429614839908668E+03 +0.1646394721787990E-06 +0.0000000000000000E+00
+0.7430521886037334E+03 +0.1642525203321880E-06 +0.0000000000000000E+00
+0.7431428932166000E+03 +0.1638669294760526E-06 +0.0000000000000000E+00
+0.7432335978294667E+03 +0.1634826932261608E-06 +0.0000000000000000E+00
+0.7433243024423334E+03 +0.1630998052357351E-06 +0.0000000000000000E+00
+0.7434150070552000E+03 +0.1627182591951841E-06 +0.0000000000000000E+00
+0.7435057116680667E+03 +0.1623380488318437E-06 +0.0000000000000000E+00
+0.7435964162809335E+03 +0.1619591679097158E-06 +0.0000000000000000E+00
+0.7436871208937999E+03 +0.1615816102292131E-06 +0.0000000000000000E+00
+0.7437778255066667E+03 +0.1612053696269004E-06 +0.0000000000000000E+00
+0.7438685301195334E+03 +0.1608304399752455E-06 +0.0000000000000000E+00
+0.7439592347324001E+03 +0.1604568151823659E-06 +0.0000000000000000E+00
+0.7440499393452667E+03 +0.1600844891917796E-06 +0.0000000000000000E+00
+0.7441406439581334E+03 +0.1597134559821589E-06 +0.0000000000000000E+00
+0.7442313485710001E+03 +0.1593437095670858E-06 +0.0000000000000000E+00
+0.7443220531838666E+03 +0.1589752439948078E-06 +0.0000000000000000E+00
+0.7444127577967333E+03 +0.1586080533479971E-06 +0.0000000000000000E+00
+0.7445034624096000E+03 +0.1582421317435125E-06 +0.0000000000000000E+00
+0.7445941670224668E+03 +0.1578774733321616E-06 +0.0000000000000000E+00
+0.7446848716353334E+03 +0.1575140722984662E-06 +0.0000000000000000E+00
+0.7447755762482001E+03 +0.1571519228604275E-06 +0.0000000000000000E+00
+0.7448662808610668E+03 +0.1567910192692969E-06 +0.0000000000000000E+00
+0.7449569854739333E+03 +0.1564313558093446E-06 +0.0000000000000000E+00
+0.7450476900868000E+03 +0.1560729267976324E-06 +0.0000000000000000E+00
+0.7451383946996667E+03 +0.1557157265837884E-06 +0.0000000000000000E+00
+0.7452290993125333E+03 +0.1553597495497823E-06 +0.0000000000000000E+00
+0.7453198039254000E+03 +0.1550049901097039E-06 +0.0000000000000000E+00
+0.7454105085382668E+03 +0.1546514427095420E-06 +0.0000000000000000E+00
+0.7455012131511335E+03 +0.1542991018269656E-06 +0.0000000000000000E+00
+0.7455919177640000E+03 +0.1539479619711080E-06 +0.0000000000000000E+00
+0.7456826223768667E+03 +0.1535980176823494E-06 +0.0000000000000000E+00
+0.7457733269897334E+03 +0.1532492635321060E-06 +0.0000000000000000E+00
+0.7458640316026000E+03 +0.1529016941226167E-06 +0.0000000000000000E+00
+0.7459547362154667E+03 +0.1525553040867333E-06 +0.0000000000000000E+00
+0.7460454408283334E+03 +0.1522100880877124E-06 +0.0000000000000000E+00
+0.7461361454412001E+03 +0.1518660408190079E-06 +0.0000000000000000E+00
+0.7462268500540666E+03 +0.1515231570040670E-06 +0.0000000000000000E+00
+0.7463175546669333E+03 +0.1511814313961244E-06 +0.0000000000000000E+00
+0.7464082592798001E+03 +0.1508408587780037E-06 +0.0000000000000000E+00
+0.7464989638926667E+03 +0.1505014339619144E-06 +0.0000000000000000E+00
+0.7465896685055334E+03 +0.1501631517892551E-06 +0.0000000000000000E+00
+0.7466803731184001E+03 +0.1498260071304139E-06 +0.0000000000000000E+00
+0.7467710777312668E+03 +0.1494899948845759E-06 +0.0000000000000000E+00
+0.7468617823441333E+03 +0.1491551099795273E-06 +0.0000000000000000E+00
+0.7469524869570000E+03 +0.1488213473714617E-06 +0.0000000000000000E+00
+0.7470431915698667E+03 +0.1484887020447921E-06 +0.0000000000000000E+00
+0.7471338961827333E+03 +0.1481571690119591E-06 +0.0000000000000000E+00
+0.7472246007956001E+03 +0.1478267433132444E-06 +0.0000000000000000E+00
+0.7473153054084668E+03 +0.1474974200165821E-06 +0.0000000000000000E+00
+0.7474060100213334E+03 +0.1471691942173759E-06 +0.0000000000000000E+00
+0.7474967146342000E+03 +0.1468420610383148E-06 +0.0000000000000000E+00
+0.7475874192470667E+03 +0.1465160156291890E-06 +0.0000000000000000E+00
+0.7476781238599334E+03 +0.1461910531667123E-06 +0.0000000000000000E+00
+0.7477688284728000E+03 +0.1458671688543401E-06 +0.0000000000000000E+00
+0.7478595330856667E+03 +0.1455443579220928E-06 +0.0000000000000000E+00
+0.7479502376985334E+03 +0.1452226156263789E-06 +0.0000000000000000E+00
+0.7480409423114000E+03 +0.1449019372498189E-06 +0.0000000000000000E+00
+0.7481316469242666E+03 +0.1445823181010732E-06 +0.0000000000000000E+00
+0.7482223515371334E+03 +0.1442637535146674E-06 +0.0000000000000000E+00
+0.7483130561500001E+03 +0.1439462388508227E-06 +0.0000000000000000E+00
+0.7484037607628667E+03 +0.1436297694952856E-06 +0.0000000000000000E+00
+0.7484944653757334E+03 +0.1433143408591591E-06 +0.0000000000000000E+00
+0.7485851699886001E+03 +0.1429999483787357E-06 +0.0000000000000000E+00
+0.7486758746014667E+03 +0.1426865875153311E-06 +0.0000000000000000E+00
+0.7487665792143333E+03 +0.1423742537551200E-06 +0.0000000000000000E+00
+0.7488572838272000E+03 +0.1420629426089717E-06 +0.0000000000000000E+00
+0.7489479884400668E+03 +0.1417526496122889E-06 +0.0000000000000000E+00
+0.7490386930529334E+03 +0.1414433703248468E-06 +0.0000000000000000E+00
+0.7491293976658001E+03 +0.1411351003306324E-06 +0.0000000000000000E+00
+0.7492201022786668E+03 +0.1408278352376871E-06 +0.0000000000000000E+00
+0.7493108068915334E+03 +0.1405215706779484E-06 +0.0000000000000000E+00
+0.7494015115044000E+03 +0.1402163023070950E-06 +0.0000000000000000E+00
+0.7494922161172667E+03 +0.1399120258043904E-06 +0.0000000000000000E+00
+0.7495829207301334E+03 +0.1396087368725307E-06 +0.0000000000000000E+00
+0.7496736253430000E+03 +0.1393064312374910E-06 +0.0000000000000000E+00
+0.7497643299558667E+03 +0.1390051046483750E-06 +0.0000000000000000E+00
+0.7498550345687335E+03 +0.1387047528772637E-06 +0.0000000000000000E+00
+0.7499457391816001E+03 +0.1384053717190673E-06 +0.0000000000000000E+00
+0.7500364437944667E+03 +0.1381069569913755E-06 +0.0000000000000000E+00
+0.7501271484073334E+03 +0.1378095045343133E-06 +0.0000000000000000E+00
+0.7502178530202001E+03 +0.1375130102103932E-06 +0.0000000000000000E+00
+0.7503085576330667E+03 +0.1372174699043711E-06 +0.0000000000000000E+00
+0.7503992622459334E+03 +0.1369228795231037E-06 +0.0000000000000000E+00
+0.7504899668588000E+03 +0.1366292349954041E-06 +0.0000000000000000E+00
+0.7505806714716667E+03 +0.1363365322719019E-06 +0.0000000000000000E+00
+0.7506713760845333E+03 +0.1360447673249025E-06 +0.0000000000000000E+00
+0.7507620806974001E+03 +0.1357539361482483E-06 +0.0000000000000000E+00
+0.7508527853102668E+03 +0.1354640347571793E-06 +0.0000000000000000E+00
+0.7509434899231334E+03 +0.1351750591881969E-06 +0.0000000000000000E+00
+0.7510341945360001E+03 +0.1348870054989272E-06 +0.0000000000000000E+00
+0.7511248991488667E+03 +0.1345998697679866E-06 +0.0000000000000000E+00
+0.7512156037617333E+03 +0.1343136480948460E-06 +0.0000000000000000E+00
+0.7513063083746000E+03 +0.1340283365996998E-06 +0.0000000000000000E+00
+0.7513970129874667E+03 +0.1337439314233325E-06 +0.0000000000000000E+00
+0.7514877176003334E+03 +0.1334604287269874E-06 +0.0000000000000000E+00
+0.7515784222132000E+03 +0.1331778246922371E-06 +0.0000000000000000E+00
+0.7516691268260668E+03 +0.1328961155208539E-06 +0.0000000000000000E+00
+0.7517598314389334E+03 +0.1326152974346818E-06 +0.0000000000000000E+00
+0.7518505360518000E+03 +0.1323353666755077E-06 +0.0000000000000000E+00
+0.7519412406646667E+03 +0.1320563195049380E-06 +0.0000000000000000E+00
+0.7520319452775334E+03 +0.1317781522042704E-06 +0.0000000000000000E+00
+0.7521226498904001E+03 +0.1315008610743707E-06 +0.0000000000000000E+00
+0.7522133545032667E+03 +0.1312244424355489E-06 +0.0000000000000000E+00
+0.7523040591161334E+03 +0.1309488926274367E-06 +0.0000000000000000E+00
+0.7523947637290000E+03 +0.1306742080088657E-06 +0.0000000000000000E+00
+0.7524854683418666E+03 +0.1304003849577454E-06 +0.0000000000000000E+00
+0.7525761729547334E+03 +0.1301274198709455E-06 +0.0000000000000000E+00
+0.7526668775676001E+03 +0.1298553091641746E-06 +0.0000000000000000E+00
+0.7527575821804668E+03 +0.1295840492718633E-06 +0.0000000000000000E+00
+0.7528482867933334E+03 +0.1293136366470464E-06 +0.0000000000000000E+00
+0.7529389914062001E+03 +0.1290440677612460E-06 +0.0000000000000000E+00
+0.7530296960190667E+03 +0.1287753391043564E-06 +0.0000000000000000E+00
+0.7531204006319333E+03 +0.1285074471845287E-06 +0.0000000000000000E+00
+0.7532111052448000E+03 +0.1282403885280577E-06 +0.0000000000000000E+00
+0.7533018098576667E+03 +0.1279741596792682E-06 +0.0000000000000000E+00
+0.7533925144705333E+03 +0.1277087572004021E-06 +0.0000000000000000E+00
+0.7534832190834001E+03 +0.1274441776715084E-06 +0.0000000000000000E+00
+0.7535739236962668E+03 +0.1271804176903309E-06 +0.0000000000000000E+00
+0.7536646283091334E+03 +0.1269174738721992E-06 +0.0000000000000000E+00
+0.7537553329220000E+03 +0.1266553428499190E-06 +0.0000000000000000E+00
+0.7538460375348667E+03 +0.1263940212736651E-06 +0.0000000000000000E+00
+0.7539367421477334E+03 +0.1261335058108720E-06 +0.0000000000000000E+00
+0.7540274467606000E+03 +0.1258737931461285E-06 +0.0000000000000000E+00
+0.7541181513734667E+03 +0.1256148799810714E-06 +0.0000000000000000E+00
+0.7542088559863334E+03 +0.1253567630342800E-06 +0.0000000000000000E+00
+0.7542995605992000E+03 +0.1250994390411723E-06 +0.0000000000000000E+00
+0.7543902652120667E+03 +0.1248429047538998E-06 +0.0000000000000000E+00
+0.7544809698249334E+03 +0.1245871569412464E-06 +0.0000000000000000E+00
+0.7545716744378001E+03 +0.1243321923885251E-06 +0.0000000000000000E+00
+0.7546623790506667E+03 +0.1240780078974768E-06 +0.0000000000000000E+00
+0.7547530836635334E+03 +0.1238246002861698E-06 +0.0000000000000000E+00
+0.7548437882764001E+03 +0.1235719663888986E-06 +0.0000000000000000E+00
+0.7549344928892667E+03 +0.1233201030560865E-06 +0.0000000000000000E+00
+0.7550251975021333E+03 +0.1230690071541846E-06 +0.0000000000000000E+00
+0.7551159021150000E+03 +0.1228186755655762E-06 +0.0000000000000000E+00
+0.7552066067278668E+03 +0.1225691051884783E-06 +0.0000000000000000E+00
+0.7552973113407334E+03 +0.1223202929368453E-06 +0.0000000000000000E+00
+0.7553880159536001E+03 +0.1220722357402734E-06 +0.0000000000000000E+00
+0.7554787205664668E+03 +0.1218249305439049E-06 +0.0000000000000000E+00
+0.7555694251793334E+03 +0.1215783743083345E-06 +0.0000000000000000E+00
+0.7556601297922000E+03 +0.1213325640095144E-06 +0.0000000000000000E+00
+0.7557508344050667E+03 +0.1210874966386622E-06 +0.0000000000000000E+00
+0.7558415390179334E+03 +0.1208431692021686E-06 +0.0000000000000000E+00
+0.7559322436308000E+03 +0.1205995787215042E-06 +0.0000000000000000E+00
+0.7560229482436667E+03 +0.1203567222331293E-06 +0.0000000000000000E+00
+0.7561136528565335E+03 +0.1201145967884034E-06 +0.0000000000000000E+00
+0.7562043574694001E+03 +0.1198731994534952E-06 +0.0000000000000000E+00
+0.7562950620822667E+03 +0.1196325273092925E-06 +0.0000000000000000E+00
+0.7563857666951334E+03 +0.1193925774513149E-06 +0.0000000000000000E+00
+0.7564764713080001E+03 +0.1191533469896250E-06 +0.0000000000000000E+00
+0.7565671759208667E+03 +0.1189148330487412E-06 +0.0000000000000000E+00
+0.7566578805337334E+03 +0.1186770327675506E-06 +0.0000000000000000E+00
+0.7567485851466000E+03 +0.1184399432992238E-06 +0.0000000000000000E+00
+0.7568392897594667E+03 +0.1182035618111273E-06 +0.0000000000000000E+00
+0.7569299943723333E+03 +0.1179678854847410E-06 +0.0000000000000000E+00
+0.7570206989852001E+03 +0.1177329115155722E-06 +0.0000000000000000E+00
+0.7571114035980668E+03 +0.1174986371130721E-06 +0.0000000000000000E+00
+0.7572021082109334E+03 +0.1172650595005534E-06 +0.0000000000000000E+00
+0.7572928128238000E+03 +0.1170321759151063E-06 +0.0000000000000000E+00
+0.7573835174366667E+03 +0.1167999836075173E-06 +0.0000000000000000E+00
+0.7574742220495334E+03 +0.1165684798421875E-06 +0.0000000000000000E+00
+0.7575649266624000E+03 +0.1163376618970522E-06 +0.0000000000000000E+00
+0.7576556312752667E+03 +0.1161075270634995E-06 +0.0000000000000000E+00
+0.7577463358881334E+03 +0.1158780726462915E-06 +0.0000000000000000E+00
+0.7578370405010000E+03 +0.1156492959634844E-06 +0.0000000000000000E+00
+0.7579277451138666E+03 +0.1154211943463505E-06 +0.0000000000000000E+00
+0.7580184497267334E+03 +0.1151937651392984E-06 +0.0000000000000000E+00
+0.7581091543396001E+03 +0.1149670056997976E-06 +0.0000000000000000E+00
+0.7581998589524667E+03 +0.1147409133983002E-06 +0.0000000000000000E+00
+0.7582905635653334E+03 +0.1145154856181644E-06 +0.0000000000000000E+00
+0.7583812681782001E+03 +0.1142907197555782E-06 +0.0000000000000000E+00
+0.7584719727910667E+03 +0.1140666132194850E-06 +0.0000000000000000E+00
+0.7585626774039333E+03 +0.1138431634315076E-06 +0.0000000000000000E+00
+0.7586533820168000E+03 +0.1136203678258734E-06 +0.0000000000000000E+00
+0.7587440866296666E+03 +0.1133982238493419E-06 +0.0000000000000000E+00
+0.7588347912425334E+03 +0.1131767289611301E-06 +0.0000000000000000E+00
+0.7589254958554001E+03 +0.1129558806328397E-06 +0.0000000000000000E+00
+0.7590162004682668E+03 +0.1127356763483852E-06 +0.0000000000000000E+00
+0.7591069050811334E+03 +0.1125161136039210E-06 +0.0000000000000000E+00
+0.7591976096940000E+03 +0.1122971899077711E-06 +0.0000000000000000E+00
+0.7592883143068667E+03 +0.1120789027803568E-06 +0.0000000000000000E+00
+0.7593790189197333E+03 +0.1118612497541271E-06 +0.0000000000000000E+00
+0.7594697235326000E+03 +0.1116442283734890E-06 +0.0000000000000000E+00
+0.7595604281454667E+03 +0.1114278361947369E-06 +0.0000000000000000E+00
+0.7596511327583335E+03 +0.1112120707859841E-06 +0.0000000000000000E+00
+0.7597418373712001E+03 +0.1109969297270943E-06 +0.0000000000000000E+00
+0.7598325419840667E+03 +0.1107824106096136E-06 +0.0000000000000000E+00
+0.7599232465969334E+03 +0.1105685110367015E-06 +0.0000000000000000E+00
+0.7600139512098000E+03 +0.1103552286230657E-06 +0.0000000000000000E+00
+0.7601046558226667E+03 +0.1101425609948942E-06 +0.0000000000000000E+00
+0.7601953604355334E+03 +0.1099305057897889E-06 +0.0000000000000000E+00
+0.7602860650484001E+03 +0.1097190606567000E-06 +0.0000000000000000E+00
+0.7603767696612667E+03 +0.1095082232558609E-06 +0.0000000000000000E+00
+0.7604674742741333E+03 +0.1092979912587225E-06 +0.0000000000000000E+00
+0.7605581788870001E+03 +0.1090883623478887E-06 +0.0000000000000000E+00
+0.7606488834998667E+03 +0.1088793342170534E-06 +0.0000000000000000E+00
+0.7607395881127334E+03 +0.1086709045709354E-06 +0.0000000000000000E+00
+0.7608302927256001E+03 +0.1084630711252159E-06 +0.0000000000000000E+00
+0.7609209973384667E+03 +0.1082558316064758E-06 +0.0000000000000000E+00
+0.7610117019513334E+03 +0.1080491837521326E-06 +0.0000000000000000E+00
+0.7611024065642000E+03 +0.1078431253103792E-06 +0.0000000000000000E+00
+0.7611931111770667E+03 +0.1076376540401215E-06 +0.0000000000000000E+00
+0.7612838157899333E+03 +0.1074327677109178E-06 +0.0000000000000000E+00
+0.7613745204028000E+03 +0.1072284641029179E-06 +0.0000000000000000E+00
+0.7614652250156668E+03 +0.1070247410068031E-06 +0.0000000000000000E+00
+0.7615559296285334E+03 +0.1068215962237255E-06 +0.0000000000000000E+00
+0.7616466342414001E+03 +0.1066190275652485E-06 +0.0000000000000000E+00
+0.7617373388542667E+03 +0.1064170328532887E-06 +0.0000000000000000E+00
+0.7618280434671334E+03 +0.1062156099200558E-06 +0.0000000000000000E+00
