 
Timings (CPU seconds) for q-point/k-point :      4     1
  initialisation			   :     0.7153E-05
  reading APW coefficients		   :     0.7579E-03
  loop over G(+q) vectors		   :     0.4066E-01
    summation wrt Gaunt coefficients	   :     0.1233E-03
    muffin-tin contribution		   :     0.2718E-03
      APW-APW				   :     0.2680E-03
      APW-lo				   :     0.0000E+00
      lo -APW				   :     0.0000E+00
      lo -lo				   :     0.0000E+00
    interstitial contribution		   :     0.0000E+00
    matrix multiplications		   :     0.0000E+00
      APW-lo				   :     0.0000E+00
      lo -APW				   :     0.0000E+00
      lo -lo				   :     0.0000E+00
      interstitial			   :     0.0000E+00
    FFT   				   :     0.4002E-01
    debugging				   :     0.0000E+00
  writing matrix elements to file	   :     0.0000E+00
  total				   :     0.4142E-01
 
Timings (CPU seconds) for q-point/k-point :      4     2
  initialisation			   :     0.9060E-05
  reading APW coefficients		   :     0.9420E-03
  loop over G(+q) vectors		   :     0.4050E-01
    summation wrt Gaunt coefficients	   :     0.1230E-03
    muffin-tin contribution		   :     0.2580E-03
      APW-APW				   :     0.2530E-03
      APW-lo				   :     0.0000E+00
      lo -APW				   :     0.0000E+00
      lo -lo				   :     0.0000E+00
    interstitial contribution		   :     0.0000E+00
    matrix multiplications		   :     0.0000E+00
      APW-lo				   :     0.0000E+00
      lo -APW				   :     0.0000E+00
      lo -lo				   :     0.0000E+00
      interstitial			   :     0.0000E+00
    FFT   				   :     0.3988E-01
    debugging				   :     0.0000E+00
  writing matrix elements to file	   :     0.0000E+00
  total				   :     0.4145E-01
 
Timings (CPU seconds) for q-point/k-point :      4     3
  initialisation			   :     0.7868E-05
  reading APW coefficients		   :     0.1010E-02
  loop over G(+q) vectors		   :     0.3789E-01
    summation wrt Gaunt coefficients	   :     0.1230E-03
    muffin-tin contribution		   :     0.2420E-03
      APW-APW				   :     0.2360E-03
      APW-lo				   :     0.0000E+00
      lo -APW				   :     0.0000E+00
      lo -lo				   :     0.0000E+00
    interstitial contribution		   :     0.0000E+00
    matrix multiplications		   :     0.0000E+00
      APW-lo				   :     0.0000E+00
      lo -APW				   :     0.0000E+00
      lo -lo				   :     0.0000E+00
      interstitial			   :     0.0000E+00
    FFT   				   :     0.3706E-01
    debugging				   :     0.0000E+00
  writing matrix elements to file	   :     0.0000E+00
  total				   :     0.3891E-01
 
Timings (CPU seconds) for q-point/k-point :      4     4
  initialisation			   :     0.9060E-05
  reading APW coefficients		   :     0.9840E-03
  loop over G(+q) vectors		   :     0.4096E-01
    summation wrt Gaunt coefficients	   :     0.1252E-03
    muffin-tin contribution		   :     0.2389E-03
      APW-APW				   :     0.2332E-03
      APW-lo				   :     0.0000E+00
      lo -APW				   :     0.0000E+00
      lo -lo				   :     0.0000E+00
    interstitial contribution		   :     0.0000E+00
    matrix multiplications		   :     0.0000E+00
      APW-lo				   :     0.0000E+00
      lo -APW				   :     0.0000E+00
      lo -lo				   :     0.0000E+00
      interstitial			   :     0.0000E+00
    FFT   				   :     0.4017E-01
    debugging				   :     0.0000E+00
  writing matrix elements to file	   :     0.0000E+00
  total				   :     0.4195E-01
 
Timings (CPU seconds) for q-point/k-point :      4     5
  initialisation			   :     0.7868E-05
  reading APW coefficients		   :     0.9871E-03
  loop over G(+q) vectors		   :     0.4082E-01
    summation wrt Gaunt coefficients	   :     0.1249E-03
    muffin-tin contribution		   :     0.2391E-03
      APW-APW				   :     0.2351E-03
      APW-lo				   :     0.0000E+00
      lo -APW				   :     0.0000E+00
      lo -lo				   :     0.0000E+00
    interstitial contribution		   :     0.0000E+00
    matrix multiplications		   :     0.0000E+00
      APW-lo				   :     0.0000E+00
      lo -APW				   :     0.0000E+00
      lo -lo				   :     0.0000E+00
      interstitial			   :     0.0000E+00
    FFT   				   :     0.4010E-01
    debugging				   :     0.0000E+00
  writing matrix elements to file	   :     0.0000E+00
  total				   :     0.4182E-01
 
Timings (CPU seconds) for q-point/k-point :      4     6
  initialisation			   :     0.7868E-05
  reading APW coefficients		   :     0.1029E-02
  loop over G(+q) vectors		   :     0.3446E-01
    summation wrt Gaunt coefficients	   :     0.1221E-03
    muffin-tin contribution		   :     0.2608E-03
      APW-APW				   :     0.2558E-03
      APW-lo				   :     0.0000E+00
      lo -APW				   :     0.0000E+00
      lo -lo				   :     0.0000E+00
    interstitial contribution		   :     0.0000E+00
    matrix multiplications		   :     0.0000E+00
      APW-lo				   :     0.0000E+00
      lo -APW				   :     0.0000E+00
      lo -lo				   :     0.0000E+00
      interstitial			   :     0.0000E+00
    FFT   				   :     0.3372E-01
    debugging				   :     0.0000E+00
  writing matrix elements to file	   :     0.0000E+00
  total				   :     0.3550E-01
 
Timings (CPU seconds) for q-point/k-point :      4     7
  initialisation			   :     0.8106E-05
  reading APW coefficients		   :     0.1006E-02
  loop over G(+q) vectors		   :     0.4212E-01
    summation wrt Gaunt coefficients	   :     0.1261E-03
    muffin-tin contribution		   :     0.2389E-03
      APW-APW				   :     0.2358E-03
      APW-lo				   :     0.0000E+00
      lo -APW				   :     0.0000E+00
      lo -lo				   :     0.0000E+00
    interstitial contribution		   :     0.0000E+00
    matrix multiplications		   :     0.0000E+00
      APW-lo				   :     0.0000E+00
      lo -APW				   :     0.0000E+00
      lo -lo				   :     0.0000E+00
      interstitial			   :     0.0000E+00
    FFT   				   :     0.4134E-01
    debugging				   :     0.0000E+00
  writing matrix elements to file	   :     0.0000E+00
  total				   :     0.4313E-01
 
Timings (CPU seconds) for q-point/k-point :      4     8
  initialisation			   :     0.3910E-04
  reading APW coefficients		   :     0.9499E-03
  loop over G(+q) vectors		   :     0.4502E-01
    summation wrt Gaunt coefficients	   :     0.1149E-03
    muffin-tin contribution		   :     0.2520E-03
      APW-APW				   :     0.2482E-03
      APW-lo				   :     0.0000E+00
      lo -APW				   :     0.0000E+00
      lo -lo				   :     0.0000E+00
    interstitial contribution		   :     0.0000E+00
    matrix multiplications		   :     0.0000E+00
      APW-lo				   :     0.0000E+00
      lo -APW				   :     0.0000E+00
      lo -lo				   :     0.0000E+00
      interstitial			   :     0.0000E+00
    FFT   				   :     0.4427E-01
    debugging				   :     0.0000E+00
  writing matrix elements to file	   :     0.0000E+00
  total				   :     0.4601E-01
 
Timings (CPU seconds) for q-point/k-point :      4     9
  initialisation			   :     0.6914E-05
  reading APW coefficients		   :     0.9091E-03
  loop over G(+q) vectors		   :     0.2931E-01
    summation wrt Gaunt coefficients	   :     0.1211E-03
    muffin-tin contribution		   :     0.2439E-03
      APW-APW				   :     0.2398E-03
      APW-lo				   :     0.0000E+00
      lo -APW				   :     0.0000E+00
      lo -lo				   :     0.0000E+00
    interstitial contribution		   :     0.0000E+00
    matrix multiplications		   :     0.0000E+00
      APW-lo				   :     0.0000E+00
      lo -APW				   :     0.0000E+00
      lo -lo				   :     0.0000E+00
      interstitial			   :     0.0000E+00
    FFT   				   :     0.2854E-01
    debugging				   :     0.0000E+00
  writing matrix elements to file	   :     0.0000E+00
  total				   :     0.3023E-01
 
Timings (CPU seconds) for q-point/k-point :      4    10
  initialisation			   :     0.7153E-05
  reading APW coefficients		   :     0.9089E-03
  loop over G(+q) vectors		   :     0.3742E-01
    summation wrt Gaunt coefficients	   :     0.1178E-03
    muffin-tin contribution		   :     0.2463E-03
      APW-APW				   :     0.2410E-03
      APW-lo				   :     0.0000E+00
      lo -APW				   :     0.0000E+00
      lo -lo				   :     0.0000E+00
    interstitial contribution		   :     0.0000E+00
    matrix multiplications		   :     0.0000E+00
      APW-lo				   :     0.0000E+00
      lo -APW				   :     0.0000E+00
      lo -lo				   :     0.0000E+00
      interstitial			   :     0.0000E+00
    FFT   				   :     0.3687E-01
    debugging				   :     0.0000E+00
  writing matrix elements to file	   :     0.0000E+00
  total				   :     0.3834E-01
 
Timings (CPU seconds) for q-point/k-point :      4    11
  initialisation			   :     0.6914E-05
  reading APW coefficients		   :     0.8950E-03
  loop over G(+q) vectors		   :     0.4414E-01
    summation wrt Gaunt coefficients	   :     0.1171E-03
    muffin-tin contribution		   :     0.2530E-03
      APW-APW				   :     0.2482E-03
      APW-lo				   :     0.0000E+00
      lo -APW				   :     0.0000E+00
      lo -lo				   :     0.0000E+00
    interstitial contribution		   :     0.0000E+00
    matrix multiplications		   :     0.0000E+00
      APW-lo				   :     0.0000E+00
      lo -APW				   :     0.0000E+00
      lo -lo				   :     0.0000E+00
      interstitial			   :     0.0000E+00
    FFT   				   :     0.4361E-01
    debugging				   :     0.0000E+00
  writing matrix elements to file	   :     0.0000E+00
  total				   :     0.4504E-01
 
Timings (CPU seconds) for q-point/k-point :      4    12
  initialisation			   :     0.6914E-05
  reading APW coefficients		   :     0.8991E-03
  loop over G(+q) vectors		   :     0.2911E-01
    summation wrt Gaunt coefficients	   :     0.1180E-03
    muffin-tin contribution		   :     0.2449E-03
      APW-APW				   :     0.2398E-03
      APW-lo				   :     0.0000E+00
      lo -APW				   :     0.0000E+00
      lo -lo				   :     0.0000E+00
    interstitial contribution		   :     0.0000E+00
    matrix multiplications		   :     0.0000E+00
      APW-lo				   :     0.0000E+00
      lo -APW				   :     0.0000E+00
      lo -lo				   :     0.0000E+00
      interstitial			   :     0.0000E+00
    FFT   				   :     0.2866E-01
    debugging				   :     0.0000E+00
  writing matrix elements to file	   :     0.0000E+00
  total				   :     0.3001E-01
 
Timings (CPU seconds) for q-point/k-point :      4    13
  initialisation			   :     0.6914E-05
  reading APW coefficients		   :     0.9391E-03
  loop over G(+q) vectors		   :     0.4049E-01
    summation wrt Gaunt coefficients	   :     0.1149E-03
    muffin-tin contribution		   :     0.2439E-03
      APW-APW				   :     0.2398E-03
      APW-lo				   :     0.0000E+00
      lo -APW				   :     0.0000E+00
      lo -lo				   :     0.0000E+00
    interstitial contribution		   :     0.0000E+00
    matrix multiplications		   :     0.0000E+00
      APW-lo				   :     0.0000E+00
      lo -APW				   :     0.0000E+00
      lo -lo				   :     0.0000E+00
      interstitial			   :     0.0000E+00
    FFT   				   :     0.3989E-01
    debugging				   :     0.0000E+00
  writing matrix elements to file	   :     0.0000E+00
  total				   :     0.4144E-01
 
Timings (CPU seconds) for q-point/k-point :      4    14
  initialisation			   :     0.6914E-05
  reading APW coefficients		   :     0.8931E-03
  loop over G(+q) vectors		   :     0.3946E-01
    summation wrt Gaunt coefficients	   :     0.1190E-03
    muffin-tin contribution		   :     0.2441E-03
      APW-APW				   :     0.2408E-03
      APW-lo				   :     0.0000E+00
      lo -APW				   :     0.0000E+00
      lo -lo				   :     0.0000E+00
    interstitial contribution		   :     0.0000E+00
    matrix multiplications		   :     0.0000E+00
      APW-lo				   :     0.0000E+00
      lo -APW				   :     0.0000E+00
      lo -lo				   :     0.0000E+00
      interstitial			   :     0.0000E+00
    FFT   				   :     0.3882E-01
    debugging				   :     0.0000E+00
  writing matrix elements to file	   :     0.0000E+00
  total				   :     0.4036E-01
 
Timings (CPU seconds) for q-point/k-point :      4    15
  initialisation			   :     0.6914E-05
  reading APW coefficients		   :     0.9010E-03
  loop over G(+q) vectors		   :     0.3684E-01
    summation wrt Gaunt coefficients	   :     0.1118E-03
    muffin-tin contribution		   :     0.2322E-03
      APW-APW				   :     0.2263E-03
      APW-lo				   :     0.0000E+00
      lo -APW				   :     0.0000E+00
      lo -lo				   :     0.0000E+00
    interstitial contribution		   :     0.0000E+00
    matrix multiplications		   :     0.0000E+00
      APW-lo				   :     0.0000E+00
      lo -APW				   :     0.0000E+00
      lo -lo				   :     0.0000E+00
      interstitial			   :     0.0000E+00
    FFT   				   :     0.3609E-01
    debugging				   :     0.0000E+00
  writing matrix elements to file	   :     0.0000E+00
  total				   :     0.3775E-01
 
Timings (CPU seconds) for q-point/k-point :      4    16
  initialisation			   :     0.7153E-05
  reading APW coefficients		   :     0.7470E-03
  loop over G(+q) vectors		   :     0.5814E-01
    summation wrt Gaunt coefficients	   :     0.1140E-03
    muffin-tin contribution		   :     0.2422E-03
      APW-APW				   :     0.2377E-03
      APW-lo				   :     0.0000E+00
      lo -APW				   :     0.0000E+00
      lo -lo				   :     0.0000E+00
    interstitial contribution		   :     0.0000E+00
    matrix multiplications		   :     0.0000E+00
      APW-lo				   :     0.0000E+00
      lo -APW				   :     0.0000E+00
      lo -lo				   :     0.0000E+00
      interstitial			   :     0.0000E+00
    FFT   				   :     0.4878E-01
    debugging				   :     0.0000E+00
  writing matrix elements to file	   :     0.0000E+00
  total				   :     0.5890E-01
 
Timings (CPU seconds) for q-point/k-point :      4    17
  initialisation			   :     0.7868E-05
  reading APW coefficients		   :     0.7451E-03
  loop over G(+q) vectors		   :     0.3750E-01
    summation wrt Gaunt coefficients	   :     0.1090E-03
    muffin-tin contribution		   :     0.2060E-03
      APW-APW				   :     0.2010E-03
      APW-lo				   :     0.0000E+00
      lo -APW				   :     0.0000E+00
      lo -lo				   :     0.0000E+00
    interstitial contribution		   :     0.0000E+00
    matrix multiplications		   :     0.0000E+00
      APW-lo				   :     0.0000E+00
      lo -APW				   :     0.0000E+00
      lo -lo				   :     0.0000E+00
      interstitial			   :     0.0000E+00
    FFT   				   :     0.3687E-01
    debugging				   :     0.0000E+00
  writing matrix elements to file	   :     0.0000E+00
  total				   :     0.3826E-01
 
Timings (CPU seconds) for q-point/k-point :      4    18
  initialisation			   :     0.6914E-05
  reading APW coefficients		   :     0.7620E-03
  loop over G(+q) vectors		   :     0.4251E-01
    summation wrt Gaunt coefficients	   :     0.1130E-03
    muffin-tin contribution		   :     0.2110E-03
      APW-APW				   :     0.2069E-03
      APW-lo				   :     0.0000E+00
      lo -APW				   :     0.0000E+00
      lo -lo				   :     0.0000E+00
    interstitial contribution		   :     0.0000E+00
    matrix multiplications		   :     0.0000E+00
      APW-lo				   :     0.0000E+00
      lo -APW				   :     0.0000E+00
      lo -lo				   :     0.0000E+00
      interstitial			   :     0.0000E+00
    FFT   				   :     0.4068E-01
    debugging				   :     0.0000E+00
  writing matrix elements to file	   :     0.0000E+00
  total				   :     0.4327E-01
 
Timings (CPU seconds) for q-point/k-point :      4    19
  initialisation			   :     0.8106E-05
  reading APW coefficients		   :     0.1086E-02
  loop over G(+q) vectors		   :     0.4332E-01
    summation wrt Gaunt coefficients	   :     0.1199E-03
    muffin-tin contribution		   :     0.2379E-03
      APW-APW				   :     0.2341E-03
      APW-lo				   :     0.0000E+00
      lo -APW				   :     0.0000E+00
      lo -lo				   :     0.0000E+00
    interstitial contribution		   :     0.0000E+00
    matrix multiplications		   :     0.0000E+00
      APW-lo				   :     0.0000E+00
      lo -APW				   :     0.0000E+00
      lo -lo				   :     0.0000E+00
      interstitial			   :     0.0000E+00
    FFT   				   :     0.4193E-01
    debugging				   :     0.0000E+00
  writing matrix elements to file	   :     0.0000E+00
  total				   :     0.4441E-01
 
Timings (CPU seconds) for q-point/k-point :      4    20
  initialisation			   :     0.6914E-05
  reading APW coefficients		   :     0.1093E-02
  loop over G(+q) vectors		   :     0.4392E-01
    summation wrt Gaunt coefficients	   :     0.1199E-03
    muffin-tin contribution		   :     0.2432E-03
      APW-APW				   :     0.2360E-03
      APW-lo				   :     0.0000E+00
      lo -APW				   :     0.0000E+00
      lo -lo				   :     0.0000E+00
    interstitial contribution		   :     0.0000E+00
    matrix multiplications		   :     0.0000E+00
      APW-lo				   :     0.0000E+00
      lo -APW				   :     0.0000E+00
      lo -lo				   :     0.0000E+00
      interstitial			   :     0.0000E+00
    FFT   				   :     0.4254E-01
    debugging				   :     0.0000E+00
  writing matrix elements to file	   :     0.0000E+00
  total				   :     0.4502E-01
 
Timings (CPU seconds) for q-point/k-point :      4    21
  initialisation			   :     0.7153E-05
  reading APW coefficients		   :     0.1026E-02
  loop over G(+q) vectors		   :     0.3638E-01
    summation wrt Gaunt coefficients	   :     0.1221E-03
    muffin-tin contribution		   :     0.2477E-03
      APW-APW				   :     0.2427E-03
      APW-lo				   :     0.0000E+00
      lo -APW				   :     0.0000E+00
      lo -lo				   :     0.0000E+00
    interstitial contribution		   :     0.0000E+00
    matrix multiplications		   :     0.0000E+00
      APW-lo				   :     0.0000E+00
      lo -APW				   :     0.0000E+00
      lo -lo				   :     0.0000E+00
      interstitial			   :     0.0000E+00
    FFT   				   :     0.3494E-01
    debugging				   :     0.0000E+00
  writing matrix elements to file	   :     0.0000E+00
  total				   :     0.3741E-01
 
Timings (CPU seconds) for q-point/k-point :      4    22
  initialisation			   :     0.6914E-05
  reading APW coefficients		   :     0.9191E-03
  loop over G(+q) vectors		   :     0.3983E-01
    summation wrt Gaunt coefficients	   :     0.1099E-03
    muffin-tin contribution		   :     0.2222E-03
      APW-APW				   :     0.2158E-03
      APW-lo				   :     0.0000E+00
      lo -APW				   :     0.0000E+00
      lo -lo				   :     0.0000E+00
    interstitial contribution		   :     0.0000E+00
    matrix multiplications		   :     0.0000E+00
      APW-lo				   :     0.0000E+00
      lo -APW				   :     0.0000E+00
      lo -lo				   :     0.0000E+00
      interstitial			   :     0.0000E+00
    FFT   				   :     0.3924E-01
    debugging				   :     0.0000E+00
  writing matrix elements to file	   :     0.0000E+00
  total				   :     0.4076E-01
 
Timings (CPU seconds) for q-point/k-point :      4    23
  initialisation			   :     0.8106E-05
  reading APW coefficients		   :     0.8960E-03
  loop over G(+q) vectors		   :     0.4006E-01
    summation wrt Gaunt coefficients	   :     0.1192E-03
    muffin-tin contribution		   :     0.2418E-03
      APW-APW				   :     0.2389E-03
      APW-lo				   :     0.0000E+00
      lo -APW				   :     0.0000E+00
      lo -lo				   :     0.0000E+00
    interstitial contribution		   :     0.0000E+00
    matrix multiplications		   :     0.0000E+00
      APW-lo				   :     0.0000E+00
      lo -APW				   :     0.0000E+00
      lo -lo				   :     0.0000E+00
      interstitial			   :     0.0000E+00
    FFT   				   :     0.3945E-01
    debugging				   :     0.0000E+00
  writing matrix elements to file	   :     0.0000E+00
  total				   :     0.4096E-01
 
Timings (CPU seconds) for q-point/k-point :      4    24
  initialisation			   :     0.7868E-05
  reading APW coefficients		   :     0.9120E-03
  loop over G(+q) vectors		   :     0.4427E-01
    summation wrt Gaunt coefficients	   :     0.1202E-03
    muffin-tin contribution		   :     0.2418E-03
      APW-APW				   :     0.2370E-03
      APW-lo				   :     0.0000E+00
      lo -APW				   :     0.0000E+00
      lo -lo				   :     0.0000E+00
    interstitial contribution		   :     0.0000E+00
    matrix multiplications		   :     0.0000E+00
      APW-lo				   :     0.0000E+00
      lo -APW				   :     0.0000E+00
      lo -lo				   :     0.0000E+00
      interstitial			   :     0.0000E+00
    FFT   				   :     0.4366E-01
    debugging				   :     0.0000E+00
  writing matrix elements to file	   :     0.0000E+00
  total				   :     0.4518E-01
 
Timings (CPU seconds) for q-point/k-point :      4    25
  initialisation			   :     0.7868E-05
  reading APW coefficients		   :     0.8872E-03
  loop over G(+q) vectors		   :     0.4035E-01
    summation wrt Gaunt coefficients	   :     0.1161E-03
    muffin-tin contribution		   :     0.2480E-03
      APW-APW				   :     0.2429E-03
      APW-lo				   :     0.0000E+00
      lo -APW				   :     0.0000E+00
      lo -lo				   :     0.0000E+00
    interstitial contribution		   :     0.0000E+00
    matrix multiplications		   :     0.0000E+00
      APW-lo				   :     0.0000E+00
      lo -APW				   :     0.0000E+00
      lo -lo				   :     0.0000E+00
      interstitial			   :     0.0000E+00
    FFT   				   :     0.3951E-01
    debugging				   :     0.0000E+00
  writing matrix elements to file	   :     0.0000E+00
  total				   :     0.4124E-01
 
Timings (CPU seconds) for q-point/k-point :      4    26
  initialisation			   :     0.6914E-05
  reading APW coefficients		   :     0.9079E-03
  loop over G(+q) vectors		   :     0.4214E-01
    summation wrt Gaunt coefficients	   :     0.1130E-03
    muffin-tin contribution		   :     0.2439E-03
      APW-APW				   :     0.2389E-03
      APW-lo				   :     0.0000E+00
      lo -APW				   :     0.0000E+00
      lo -lo				   :     0.0000E+00
    interstitial contribution		   :     0.0000E+00
    matrix multiplications		   :     0.0000E+00
      APW-lo				   :     0.0000E+00
      lo -APW				   :     0.0000E+00
      lo -lo				   :     0.0000E+00
      interstitial			   :     0.0000E+00
    FFT   				   :     0.4131E-01
    debugging				   :     0.0000E+00
  writing matrix elements to file	   :     0.0000E+00
  total				   :     0.4305E-01
 
Timings (CPU seconds) for q-point/k-point :      4    27
  initialisation			   :     0.6914E-05
  reading APW coefficients		   :     0.9122E-03
  loop over G(+q) vectors		   :     0.3237E-01
    summation wrt Gaunt coefficients	   :     0.1161E-03
    muffin-tin contribution		   :     0.2410E-03
      APW-APW				   :     0.2348E-03
      APW-lo				   :     0.0000E+00
      lo -APW				   :     0.0000E+00
      lo -lo				   :     0.0000E+00
    interstitial contribution		   :     0.0000E+00
    matrix multiplications		   :     0.0000E+00
      APW-lo				   :     0.0000E+00
      lo -APW				   :     0.0000E+00
      lo -lo				   :     0.0000E+00
      interstitial			   :     0.0000E+00
    FFT   				   :     0.3155E-01
    debugging				   :     0.0000E+00
  writing matrix elements to file	   :     0.0000E+00
  total				   :     0.3329E-01
