# Excitonic eigen energies and oscillator strengths
#
# Momentum transfer Q=G+q in lattice cooridnates
# G:   0   0   0
# q:   0.0000000   0.0000000   0.0000000
# Momentum transfer Q=G+q in Cartesian cooridnates
# G:   0.0000000   0.0000000   0.0000000
# q:   0.0000000   0.0000000   0.0000000
# Norm2(G+q)   0.0000000
#
# Energy scale  27.2113839
# E_shift : -0.1529638416064815E+02
#
#    Nr.                       E               E+E_shift             |Osc. Str.|      Re(Osc. Str. Res.)      Im(Osc. Str. Res.)
       1     12.4135744359583189     -2.8828097246898272  0.2434122178393731E-01  0.2434122178393731E-01  0.0000000000000000E+00
       2     12.4834091786785812     -2.8129749819695653  0.2318043859139472E-01  0.2318043859139472E-01  0.0000000000000000E+00
       3     12.7532129383873922     -2.5431712222607548  0.2098900614977612E-01  0.2098900614977612E-01  0.0000000000000000E+00
       4     13.5681278887268473     -1.7282562719212990  0.2414864920775291E-02  0.2414864920775291E-02  0.0000000000000000E+00
       5     13.7111339178971257     -1.5852502427510213  0.3527430507006086E-02  0.3527430507006086E-02  0.0000000000000000E+00
       6     13.9197825304636940     -1.3766016301844533  0.3053672887827793E-02  0.3053672887827793E-02  0.0000000000000000E+00
       7     14.1612114314875583     -1.1351727291605886  0.2592079152339282E-02  0.2592079152339282E-02  0.0000000000000000E+00
       8     14.2993485169785028     -0.9970356436696443  0.2299299625613572E-02  0.2299299625613572E-02  0.0000000000000000E+00
       9     14.3184865692389245     -0.9778975914092212  0.2371272111933326E-02  0.2371272111933326E-02  0.0000000000000000E+00
      10     14.5923079190107980     -0.7040762416373476  0.3199262581641748E-02  0.3199262581641748E-02  0.0000000000000000E+00
      11     14.6333421011936160     -0.6630420594545304  0.1121007563368080E-02  0.1121007563368080E-02  0.0000000000000000E+00
      12     14.6982589704038453     -0.5981251902443016  0.1758471135133511E-02  0.1758471135133511E-02  0.0000000000000000E+00
      13     14.7920284791613916     -0.5043556814867555  0.3369525207567239E-03  0.3369525207567239E-03  0.0000000000000000E+00
      14     14.8148046877321153     -0.4815794729160308  0.1542826008293508E-02  0.1542826008293508E-02  0.0000000000000000E+00
      15     14.8877164951951464     -0.4086676654530007  0.2478466747150150E-03  0.2478466747150150E-03  0.0000000000000000E+00
      16     14.9193673007672434     -0.3770168598809036  0.4074387905320285E-03  0.4074387905320285E-03  0.0000000000000000E+00
      17     15.0317472035976376     -0.2646369570505095  0.5482826968604567E-03  0.5482826968604567E-03  0.0000000000000000E+00
      18     15.1378206079726549     -0.1585635526754910  0.1479062176188084E-02  0.1479062176188084E-02  0.0000000000000000E+00
      19     15.1984829018732306     -0.0979012587749160  0.2903191381127958E-03  0.2903191381127958E-03  0.0000000000000000E+00
      20     15.2827154496392215     -0.0136687110089250  0.8213213314453868E-03  0.8213213314453868E-03  0.0000000000000000E+00
      21     15.3248456970893727      0.0284615364412256  0.4476281637867882E-03  0.4476281637867882E-03  0.0000000000000000E+00
      22     15.4240988043707983      0.1277146437226516  0.1989869826236981E-02  0.1989869826236981E-02  0.0000000000000000E+00
      23     15.5318336332319831      0.2354494725838364  0.9612010390515289E-03  0.9612010390515289E-03  0.0000000000000000E+00
      24     15.5965559756115990      0.3001718149634534  0.1269647862429192E-03  0.1269647862429192E-03  0.0000000000000000E+00
      25     15.7328449005620890      0.4364607399139426  0.1288490156646454E-02  0.1288490156646454E-02  0.0000000000000000E+00
      26     15.8136269366992668      0.5172427760511201  0.1326013831832656E-02  0.1326013831832656E-02  0.0000000000000000E+00
      27     15.8895165805841661      0.5931324199360203  0.5685241447588391E-03  0.5685241447588391E-03  0.0000000000000000E+00
      28     15.8910022370137298      0.5946180763655842  0.7132521864018941E-03  0.7132521864018941E-03  0.0000000000000000E+00
      29     16.0338941215855506      0.7375099609374040  0.5346528986694568E-03  0.5346528986694568E-03  0.0000000000000000E+00
      30     16.1156461770307260      0.8192620163825794  0.5964337273956502E-03  0.5964337273956502E-03  0.0000000000000000E+00
      31     16.2282466131159993      0.9318624524678533  0.2141650866575173E-02  0.2141650866575173E-02  0.0000000000000000E+00
      32     16.2455240186103502      0.9491398579622055  0.1280526467126511E-02  0.1280526467126511E-02  0.0000000000000000E+00
      33     16.3148100497046542      1.0184258890565077  0.6897502423746627E-03  0.6897502423746627E-03  0.0000000000000000E+00
      34     16.4520394765371663      1.1556553158890188  0.4607745630855445E-03  0.4607745630855445E-03  0.0000000000000000E+00
      35     16.5264268992636012      1.2300427386154533  0.6363718880055098E-03  0.6363718880055098E-03  0.0000000000000000E+00
      36     16.6638744792407962      1.3674903185926484  0.1679893085277388E-03  0.1679893085277388E-03  0.0000000000000000E+00
      37     16.7241168225328600      1.4277326618847153  0.1697491208432115E-02  0.1697491208432115E-02  0.0000000000000000E+00
      38     16.7536437145718047      1.4572595539236572  0.1134809358647703E-02  0.1134809358647703E-02  0.0000000000000000E+00
      39     16.8254556151080905      1.5290714544599431  0.1623173372855777E-02  0.1623173372855777E-02  0.0000000000000000E+00
      40     16.9249574448116782      1.6285732841635310  0.6506591104044204E-03  0.6506591104044204E-03  0.0000000000000000E+00
      41     16.9725372216054389      1.6761530609572934  0.7004318378419376E-03  0.7004318378419376E-03  0.0000000000000000E+00
      42     16.9857235478500819      1.6893393872019355  0.2602699674785473E-03  0.2602699674785473E-03  0.0000000000000000E+00
      43     17.0415675317453079      1.7451833710971616  0.3865634538795552E-03  0.3865634538795552E-03  0.0000000000000000E+00
      44     17.0895430701291211      1.7931589094809732  0.5754482534485236E-03  0.5754482534485236E-03  0.0000000000000000E+00
      45     17.1222286234851921      1.8258444628370440  0.1944414234137193E-03  0.1944414234137193E-03  0.0000000000000000E+00
      46     17.2006085454869648      1.9042243848388187  0.1096344868875769E-03  0.1096344868875769E-03  0.0000000000000000E+00
      47     17.2222489934600347      1.9258648328118895  0.3109944176097128E-03  0.3109944176097128E-03  0.0000000000000000E+00
      48     17.2900788357167734      1.9936946750686260  0.8929284234430635E-03  0.8929284234430635E-03  0.0000000000000000E+00
      49     17.3823659014360032      2.0859817407878554  0.5107335109201572E-03  0.5107335109201572E-03  0.0000000000000000E+00
      50     17.5289163191560178      2.2325321585078695  0.4506472643833065E-04  0.4506472643833065E-04  0.0000000000000000E+00
      51     17.5823525871792974      2.2859684265311495  0.8776530344517931E-04  0.8776530344517931E-04  0.0000000000000000E+00
      52     17.6818582683786900      2.3854741077305421  0.1194991036132578E-02  0.1194991036132578E-02  0.0000000000000000E+00
      53     17.6965357711590485      2.4001516105109033  0.6846666644839707E-03  0.6846666644839707E-03  0.0000000000000000E+00
      54     17.8165997999022458      2.5202156392540997  0.6921181945092742E-03  0.6921181945092742E-03  0.0000000000000000E+00
      55     17.8493207239464660      2.5529365632983181  0.7711020372029682E-03  0.7711020372029682E-03  0.0000000000000000E+00
      56     17.8937941456349918      2.5974099849868448  0.4850265816033336E-03  0.4850265816033336E-03  0.0000000000000000E+00
      57     17.9268140988070854      2.6304299381589389  0.9543340381527711E-04  0.9543340381527711E-04  0.0000000000000000E+00
      58     17.9431452587382942      2.6467610980901490  0.7576688915366287E-03  0.7576688915366287E-03  0.0000000000000000E+00
      59     18.1459032039429182      2.8495190432947735  0.8334840987524509E-03  0.8334840987524509E-03  0.0000000000000000E+00
      60     18.2470833762662110      2.9506992156180649  0.2345346313704760E-02  0.2345346313704760E-02  0.0000000000000000E+00
      61     18.3416345505892835      3.0452503899411369  0.4281285988630004E-03  0.4281285988630004E-03  0.0000000000000000E+00
      62     18.3485448929843962      3.0521607323362514  0.1562777246826832E-02  0.1562777246826832E-02  0.0000000000000000E+00
      63     18.5158953122229661      3.2195111515748196  0.6254314638068906E-03  0.6254314638068906E-03  0.0000000000000000E+00
      64     18.6338137513262652      3.3374295906781191  0.1965903731631688E-03  0.1965903731631688E-03  0.0000000000000000E+00
      65     18.6567045603060713      3.3603203996579265  0.8556810313957450E-04  0.8556810313957450E-04  0.0000000000000000E+00
      66     18.6878304368965082      3.3914462762483630  0.1423407430742807E-03  0.1423407430742807E-03  0.0000000000000000E+00
      67     18.7752283799162001      3.4788442192680544  0.8434328645396597E-03  0.8434328645396597E-03  0.0000000000000000E+00
      68     18.8060912987473934      3.5097071380992455  0.3007666938559467E-03  0.3007666938559467E-03  0.0000000000000000E+00
      69     18.8577722939626362      3.5613881333144888  0.8026852194238049E-04  0.8026852194238049E-04  0.0000000000000000E+00
      70     18.9142869023970697      3.6179027417489236  0.3875264244761539E-03  0.3875264244761539E-03  0.0000000000000000E+00
      71     18.9949457312472276      3.6985615705990820  0.2491228619150093E-03  0.2491228619150093E-03  0.0000000000000000E+00
      72     19.0244486601375620      3.7280644994894163  0.1853581176624540E-03  0.1853581176624540E-03  0.0000000000000000E+00
      73     19.1242341979167492      3.8278500372686044  0.2250038587863818E-03  0.2250038587863818E-03  0.0000000000000000E+00
      74     19.1585083899499402      3.8621242293017923  0.1065441169837481E-03  0.1065441169837481E-03  0.0000000000000000E+00
      75     19.2839456492538339      3.9875614886056887  0.1496638762619121E-02  0.1496638762619121E-02  0.0000000000000000E+00
      76     19.3031989483081645      4.0068147876600193  0.3491002612570150E-03  0.3491002612570150E-03  0.0000000000000000E+00
      77     19.3263329333342142      4.0299487726860663  0.2174277592233305E-02  0.2174277592233305E-02  0.0000000000000000E+00
      78     19.3576138493567456      4.0612296887085995  0.6503626464695792E-03  0.6503626464695792E-03  0.0000000000000000E+00
      79     19.4018049386530613      4.1054207780049152  0.9057674853686704E-03  0.9057674853686704E-03  0.0000000000000000E+00
      80     19.4226423920549855      4.1262582314068386  0.7769775577548501E-03  0.7769775577548501E-03  0.0000000000000000E+00
      81     19.4483805876683711      4.1519964270202232  0.3814424000639792E-03  0.3814424000639792E-03  0.0000000000000000E+00
      82     19.5129399849301386      4.2165558242819934  0.2762435981069721E-03  0.2762435981069721E-03  0.0000000000000000E+00
      83     19.5305941099497353      4.2342099493015901  0.2673547155546597E-03  0.2673547155546597E-03  0.0000000000000000E+00
      84     19.5377170639565776      4.2413329033084306  0.6104799220426540E-03  0.6104799220426540E-03  0.0000000000000000E+00
      85     19.6514617602255051      4.3550775995773598  0.2241419405836985E-03  0.2241419405836985E-03  0.0000000000000000E+00
      86     19.7030424543164671      4.4066582936683201  0.1105466861918833E-03  0.1105466861918833E-03  0.0000000000000000E+00
      87     19.7261348174264413      4.4297506567782943  0.1504003968961784E-02  0.1504003968961784E-02  0.0000000000000000E+00
      88     19.7608638178584322      4.4644796572102852  0.8883842965883509E-03  0.8883842965883509E-03  0.0000000000000000E+00
      89     19.8538408793668708      4.5574567187187247  0.8427359068242865E-03  0.8427359068242865E-03  0.0000000000000000E+00
      90     19.9020011929947209      4.6056170323465730  0.7496968353291990E-03  0.7496968353291990E-03  0.0000000000000000E+00
      91     19.9409814393219129      4.6445972786737668  0.2839312429380851E-02  0.2839312429380851E-02  0.0000000000000000E+00
      92     19.9651683239790074      4.6687841633308595  0.2912690302902125E-02  0.2912690302902125E-02  0.0000000000000000E+00
      93     20.0166120018525682      4.7202278412044203  0.2651160778309396E-03  0.2651160778309396E-03  0.0000000000000000E+00
      94     20.0451627189143942      4.7487785582662490  0.1204340488014072E-02  0.1204340488014072E-02  0.0000000000000000E+00
      95     20.1146031703878450      4.8182190097397006  0.6062649172310074E-03  0.6062649172310074E-03  0.0000000000000000E+00
      96     20.1810338579746507      4.8846496973265037  0.6172965945705631E-03  0.6172965945705631E-03  0.0000000000000000E+00
      97     20.1874374488637081      4.8910532882155628  0.4915400136231725E-03  0.4915400136231725E-03  0.0000000000000000E+00
      98     20.2130504741680852      4.9166663135199391  0.6389471106781475E-04  0.6389471106781475E-04  0.0000000000000000E+00
      99     20.2389051262880351      4.9425209656398899  0.1371309837241871E-03  0.1371309837241871E-03  0.0000000000000000E+00
     100     20.2775184283315895      4.9811342676834442  0.3940037182312261E-04  0.3940037182312261E-04  0.0000000000000000E+00
     101     20.2958887716103256      4.9995046109621786  0.2353836215622974E-03  0.2353836215622974E-03  0.0000000000000000E+00
     102     20.3020048943710556      5.0056207337229077  0.5515996802465057E-04  0.5515996802465057E-04  0.0000000000000000E+00
     103     20.3487206996551890      5.0523365390070438  0.2036481865302882E-03  0.2036481865302882E-03  0.0000000000000000E+00
     104     20.3749122068123860      5.0785280461642408  0.1569921529966598E-03  0.1569921529966598E-03  0.0000000000000000E+00
     105     20.3886725008238479      5.0922883401757035  0.3855850557173275E-04  0.3855850557173275E-04  0.0000000000000000E+00
     106     20.4196741428600390      5.1232899822118938  0.3864154705837521E-03  0.3864154705837521E-03  0.0000000000000000E+00
     107     20.4502718554684968      5.1538876948203516  0.6224849367272616E-03  0.6224849367272616E-03  0.0000000000000000E+00
     108     20.4880637804832162      5.1916796198350683  0.2256038461909420E-03  0.2256038461909420E-03  0.0000000000000000E+00
     109     20.4895024207941532      5.1931182601460062  0.9587383065972332E-04  0.9587383065972332E-04  0.0000000000000000E+00
     110     20.5029936130750272      5.2066094524268802  0.1848720905492396E-03  0.1848720905492396E-03  0.0000000000000000E+00
     111     20.5315738730807844      5.2351897124326392  0.2560307189995890E-02  0.2560307189995890E-02  0.0000000000000000E+00
     112     20.5349043381638694      5.2385201775157242  0.7598662140841991E-04  0.7598662140841991E-04  0.0000000000000000E+00
     113     20.5706063634595928      5.2742222028114458  0.2435530004114246E-03  0.2435530004114246E-03  0.0000000000000000E+00
     114     20.5956456602451219      5.2992614995969758  0.1858414483264674E-04  0.1858414483264674E-04  0.0000000000000000E+00
     115     20.6183773639009118      5.3219932032527657  0.1261820042733570E-03  0.1261820042733570E-03  0.0000000000000000E+00
     116     20.6413557537970291      5.3449715931488813  0.1563314149111011E-03  0.1563314149111011E-03  0.0000000000000000E+00
     117     20.6922049473947247      5.3958207867465795  0.2274337612983197E-03  0.2274337612983197E-03  0.0000000000000000E+00
     118     20.7082851719047518      5.4119010112566048  0.2671629880789021E-03  0.2671629880789021E-03  0.0000000000000000E+00
     119     20.7428919890675267      5.4465078284193789  0.3066122102956452E-03  0.3066122102956452E-03  0.0000000000000000E+00
     120     20.7591846740622152      5.4628005134140700  0.4399628521861131E-03  0.4399628521861131E-03  0.0000000000000000E+00
     121     20.7842017022893835      5.4878175416412374  0.2633602174449257E-04  0.2633602174449257E-04  0.0000000000000000E+00
     122     20.8050067356232695      5.5086225749751234  0.3561292186760892E-04  0.3561292186760892E-04  0.0000000000000000E+00
     123     20.8300750192628819      5.5336908586147349  0.4532734988944093E-03  0.4532734988944093E-03  0.0000000000000000E+00
     124     20.8612481811533783      5.5648640205052322  0.2508071318429677E-03  0.2508071318429677E-03  0.0000000000000000E+00
     125     20.9164264661619441      5.6200423055137989  0.1834661605685508E-03  0.1834661605685508E-03  0.0000000000000000E+00
     126     20.9802578467917158      5.6838736861435706  0.2857524668931530E-04  0.2857524668931530E-04  0.0000000000000000E+00
     127     21.0173595323174567      5.7209753716693088  0.3049369151628345E-04  0.3049369151628345E-04  0.0000000000000000E+00
     128     21.0241068259814199      5.7277226653332747  0.5265582445888447E-03  0.5265582445888447E-03  0.0000000000000000E+00
     129     21.0501171200616319      5.7537329594134841  0.3065468529881895E-03  0.3065468529881895E-03  0.0000000000000000E+00
     130     21.1070637491550599      5.8106795885069129  0.2616711389484727E-03  0.2616711389484727E-03  0.0000000000000000E+00
     131     21.1449013118632791      5.8485171512151339  0.5247465657968609E-03  0.5247465657968609E-03  0.0000000000000000E+00
     132     21.2122505940685784      5.9158664334204323  0.1765204269761433E-03  0.1765204269761433E-03  0.0000000000000000E+00
     133     21.2310610117735514      5.9346768511254036  0.7475088149661927E-05  0.7475088149661927E-05  0.0000000000000000E+00
     134     21.2706400617444267      5.9742559010962788  0.3096084427389044E-03  0.3096084427389044E-03  0.0000000000000000E+00
     135     21.2728963881531321      5.9765122275049860  0.2364208146307959E-03  0.2364208146307959E-03  0.0000000000000000E+00
     136     21.3209790653853659      6.0245949047372180  0.6458413775615456E-03  0.6458413775615456E-03  0.0000000000000000E+00
     137     21.3427910351580330      6.0464068745098869  0.1038899731139145E-02  0.1038899731139145E-02  0.0000000000000000E+00
     138     21.3869170273399973      6.0905328666918495  0.1832700803212002E-02  0.1832700803212002E-02  0.0000000000000000E+00
     139     21.4492723636866103      6.1528882030384651  0.3199221139723494E-02  0.3199221139723494E-02  0.0000000000000000E+00
     140     21.5092254191571968      6.2128412585090507  0.1128816947172132E-01  0.1128816947172132E-01  0.0000000000000000E+00
     141     21.5419536118728630      6.2455694512247151  0.8799808024332632E-02  0.8799808024332632E-02  0.0000000000000000E+00
     142     21.5630639738026630      6.2666798131545161  0.1007287962627499E-01  0.1007287962627499E-01  0.0000000000000000E+00
     143     21.5887450774791816      6.2923609168310346  0.5161788251959271E-02  0.5161788251959271E-02  0.0000000000000000E+00
     144     21.6655455716496625      6.3691614110015156  0.6592848152148938E-02  0.6592848152148938E-02  0.0000000000000000E+00
     145     21.6780645817464830      6.3816804210983351  0.5753584779133217E-02  0.5753584779133217E-02  0.0000000000000000E+00
     146     21.7126833523634417      6.4162991917152947  0.4110840531913640E-02  0.4110840531913640E-02  0.0000000000000000E+00
     147     21.7533115456126822      6.4569273849645370  0.1380689605216805E-02  0.1380689605216805E-02  0.0000000000000000E+00
     148     21.8150352136661745      6.5186510530180266  0.1343013905606408E-02  0.1343013905606408E-02  0.0000000000000000E+00
     149     21.8494585326102921      6.5530743719621469  0.9636166929253490E-03  0.9636166929253490E-03  0.0000000000000000E+00
     150     21.8664479768057731      6.5700638161576270  0.6269701541096131E-03  0.6269701541096131E-03  0.0000000000000000E+00
     151     21.9040828070436646      6.6076986463955194  0.2262660966931121E-03  0.2262660966931121E-03  0.0000000000000000E+00
     152     21.9537812839735231      6.6573971233253761  0.3666358834213448E-04  0.3666358834213448E-04  0.0000000000000000E+00
     153     22.0358668533689475      6.7394826927208022  0.3191845269866224E-03  0.3191845269866224E-03  0.0000000000000000E+00
     154     22.0706144676064646      6.7742303069583185  0.5027559453871873E-03  0.5027559453871873E-03  0.0000000000000000E+00
     155     22.1223031303597395      6.8259189697115925  0.5239317089277286E-03  0.5239317089277286E-03  0.0000000000000000E+00
     156     22.1544318744375488      6.8580477137894009  0.1301942047131140E-03  0.1301942047131140E-03  0.0000000000000000E+00
     157     22.2063179663521737      6.9099338057040258  0.3250743081183201E-04  0.3250743081183201E-04  0.0000000000000000E+00
     158     22.2290225743964669      6.9326384137483190  0.1500857710152908E-03  0.1500857710152908E-03  0.0000000000000000E+00
     159     22.2491944477147392      6.9528102870665913  0.1627873635664390E-03  0.1627873635664390E-03  0.0000000000000000E+00
     160     22.2931323818725708      6.9967482212244247  0.6319125265837923E-04  0.6319125265837923E-04  0.0000000000000000E+00
     161     22.3295663274788581      7.0331821668307111  0.5310778914892708E-03  0.5310778914892708E-03  0.0000000000000000E+00
     162     22.3598904897017725      7.0635063290536255  0.1956334024477374E-03  0.1956334024477374E-03  0.0000000000000000E+00
     163     22.4197965770295333      7.1234124163813872  0.2664877086256671E-02  0.2664877086256671E-02  0.0000000000000000E+00
     164     22.4644046360289629      7.1680204753808177  0.1901646024352670E-02  0.1901646024352670E-02  0.0000000000000000E+00
     165     22.5097899218561004      7.2134057612079525  0.3957649607526352E-03  0.3957649607526352E-03  0.0000000000000000E+00
     166     22.5248349861524275      7.2284508255042823  0.1693785570053756E-03  0.1693785570053756E-03  0.0000000000000000E+00
     167     22.5686130332775505      7.2722288726294062  0.3179773870994230E-03  0.3179773870994230E-03  0.0000000000000000E+00
     168     22.5907876964768164      7.2944035358286712  0.1911772379876096E-03  0.1911772379876096E-03  0.0000000000000000E+00
     169     22.6264788983150282      7.3300947376668821  0.5737616941758794E-03  0.5737616941758794E-03  0.0000000000000000E+00
     170     22.6446689818700833      7.3482848212219380  0.3057112550906039E-03  0.3057112550906039E-03  0.0000000000000000E+00
     171     22.6861852759005984      7.3898011152524514  0.1804673820569011E-03  0.1804673820569011E-03  0.0000000000000000E+00
     172     22.7279669576231313      7.4315827969749852  0.9917855385378398E-04  0.9917855385378398E-04  0.0000000000000000E+00
     173     22.7345193735873714      7.4381352129392244  0.1177379210323307E-03  0.1177379210323307E-03  0.0000000000000000E+00
     174     22.7691205532956573      7.4727363926475112  0.7498553069644010E-04  0.7498553069644010E-04  0.0000000000000000E+00
     175     22.7880056174869665      7.4916214568388195  0.8140501896932297E-03  0.8140501896932297E-03  0.0000000000000000E+00
     176     22.8013856285955399      7.5050014679473929  0.2311992652801304E-03  0.2311992652801304E-03  0.0000000000000000E+00
     177     22.8279756983173172      7.5315915376691720  0.3285803269458416E-03  0.3285803269458416E-03  0.0000000000000000E+00
     178     22.8360598369092251      7.5396756762610790  0.6933287502495524E-04  0.6933287502495524E-04  0.0000000000000000E+00
     179     22.8567911988345074      7.5604070381863622  0.4381364952069517E-04  0.4381364952069517E-04  0.0000000000000000E+00
     180     22.8702355004739317      7.5738513398257874  0.2665403372221471E-04  0.2665403372221471E-04  0.0000000000000000E+00
     181     22.8980352046133575      7.6016510439652123  0.1107693462803265E-03  0.1107693462803265E-03  0.0000000000000000E+00
     182     22.9096038774352309      7.6132197167870848  0.2975504019246379E-03  0.2975504019246379E-03  0.0000000000000000E+00
     183     22.9262819221461740      7.6298977614980261  0.1098701751192374E-02  0.1098701751192374E-02  0.0000000000000000E+00
     184     22.9398367714842415      7.6434526108360972  0.4083472621800546E-03  0.4083472621800546E-03  0.0000000000000000E+00
     185     22.9847214901154970      7.6883373294673509  0.2896364550580895E-03  0.2896364550580895E-03  0.0000000000000000E+00
     186     23.0047773849546076      7.7083932243064606  0.2038004446624222E-04  0.2038004446624222E-04  0.0000000000000000E+00
     187     23.0135946580706197      7.7172104974224736  0.1911892949416582E-03  0.1911892949416582E-03  0.0000000000000000E+00
     188     23.0210513001396464      7.7246671394915012  0.2060784287033826E-03  0.2060784287033826E-03  0.0000000000000000E+00
     189     23.0454031420831456      7.7490189814349995  0.1637726273557882E-03  0.1637726273557882E-03  0.0000000000000000E+00
     190     23.0765374507930794      7.7801532901449342  0.5405172191568487E-03  0.5405172191568487E-03  0.0000000000000000E+00
     191     23.0956874239335193      7.7993032632853732  0.4602582981644121E-03  0.4602582981644121E-03  0.0000000000000000E+00
     192     23.1183402176677113      7.8219560570195661  0.1880617405212208E-03  0.1880617405212208E-03  0.0000000000000000E+00
     193     23.1264468466895572      7.8300626860414120  0.8732866984012094E-04  0.8732866984012094E-04  0.0000000000000000E+00
     194     23.1437000848145615      7.8473159241664137  0.1275043956206555E-03  0.1275043956206555E-03  0.0000000000000000E+00
     195     23.1547164962886818      7.8583323356405348  0.1753377097909745E-03  0.1753377097909745E-03  0.0000000000000000E+00
     196     23.1717601678398992      7.8753760071917522  0.1020693021609329E-03  0.1020693021609329E-03  0.0000000000000000E+00
     197     23.1948093243247406      7.8984251636765936  0.8550956818453271E-04  0.8550956818453271E-04  0.0000000000000000E+00
     198     23.2681188670259367      7.9717347063777915  0.1311999057269213E-03  0.1311999057269213E-03  0.0000000000000000E+00
     199     23.3043124263353008      8.0079282656871555  0.1303082789819805E-04  0.1303082789819805E-04  0.0000000000000000E+00
     200     23.3149504827349716      8.0185663220868246  0.1606746493881957E-03  0.1606746493881957E-03  0.0000000000000000E+00
     201     23.3334638130166425      8.0370796523684955  0.2542906086207141E-03  0.2542906086207141E-03  0.0000000000000000E+00
     202     23.3406364133438231      8.0442522526956779  0.9183314545665613E-04  0.9183314545665613E-04  0.0000000000000000E+00
     203     23.3933793880625380      8.0969952274143910  0.1643248096680589E-03  0.1643248096680589E-03  0.0000000000000000E+00
     204     23.4120252311641757      8.1156410705160287  0.8952469122440490E-04  0.8952469122440490E-04  0.0000000000000000E+00
     205     23.4346605267864661      8.1382763661383208  0.6425857810607026E-04  0.6425857810607026E-04  0.0000000000000000E+00
     206     23.4583101853642333      8.1619260247160863  0.1149369479149701E-03  0.1149369479149701E-03  0.0000000000000000E+00
     207     23.4696593224709176      8.1732751618227724  0.7475299126388500E-04  0.7475299126388500E-04  0.0000000000000000E+00
     208     23.4977666844224480      8.2013825237743028  0.1326716036695498E-03  0.1326716036695498E-03  0.0000000000000000E+00
     209     23.5163320068334265      8.2199478461852795  0.6563058830507177E-04  0.6563058830507177E-04  0.0000000000000000E+00
     210     23.5269048225038340      8.2305206618556870  0.1253215245102418E-03  0.1253215245102418E-03  0.0000000000000000E+00
     211     23.5351501885735424      8.2387660279253971  0.3720706504072956E-03  0.3720706504072956E-03  0.0000000000000000E+00
     212     23.5611830823608912      8.2647989217127424  0.1418351197559107E-03  0.1418351197559107E-03  0.0000000000000000E+00
     213     23.5724421209688728      8.2760579603207258  0.3219389746443970E-03  0.3219389746443970E-03  0.0000000000000000E+00
     214     23.5879410880878844      8.2915569274397374  0.2287374595561975E-04  0.2287374595561975E-04  0.0000000000000000E+00
     215     23.6461223223815900      8.3497381617334430  0.3658219679888589E-03  0.3658219679888589E-03  0.0000000000000000E+00
     216     23.6501378079036684      8.3537536472555214  0.2477553877061350E-03  0.2477553877061350E-03  0.0000000000000000E+00
     217     23.6683365860932362      8.3719524254450892  0.6318465402441055E-04  0.6318465402441055E-04  0.0000000000000000E+00
     218     23.6894685459633543      8.3930843853152073  0.1500381569720628E-03  0.1500381569720628E-03  0.0000000000000000E+00
     219     23.7054857931110270      8.4091016324628800  0.1196585545794777E-03  0.1196585545794777E-03  0.0000000000000000E+00
     220     23.7224100706558545      8.4260259100077093  0.1770413461485020E-03  0.1770413461485020E-03  0.0000000000000000E+00
     221     23.7385823554853950      8.4421981948372498  0.1508358671676402E-04  0.1508358671676402E-04  0.0000000000000000E+00
     222     23.7649610434614971      8.4685768828133501  0.6458232529525375E-04  0.6458232529525375E-04  0.0000000000000000E+00
     223     23.7849844844300300      8.4886003237818848  0.1163143701009031E-03  0.1163143701009031E-03  0.0000000000000000E+00
     224     23.7958472148186679      8.4994630541705227  0.1156808858598318E-03  0.1156808858598318E-03  0.0000000000000000E+00
     225     23.8404100210930388      8.5440258604448918  0.1630783425128345E-03  0.1630783425128345E-03  0.0000000000000000E+00
     226     23.8556468077155976      8.5592626470674524  0.1283716900318678E-03  0.1283716900318678E-03  0.0000000000000000E+00
     227     23.8647819170602737      8.5683977564121285  0.1859382696868803E-03  0.1859382696868803E-03  0.0000000000000000E+00
     228     23.8752133502681936      8.5788291896200484  0.1052874847284612E-03  0.1052874847284612E-03  0.0000000000000000E+00
     229     23.8976769031643173      8.6012927425161720  0.2376610349024775E-03  0.2376610349024775E-03  0.0000000000000000E+00
     230     23.9284882553400458      8.6321040946918988  0.8574786962639195E-05  0.8574786962639195E-05  0.0000000000000000E+00
     231     23.9465095819227187      8.6501254212745717  0.4289403750611806E-03  0.4289403750611806E-03  0.0000000000000000E+00
     232     23.9715470129737867      8.6751628523256414  0.2031735611928660E-04  0.2031735611928660E-04  0.0000000000000000E+00
     233     23.9878782210021093      8.6914940603539641  0.2390934330718717E-04  0.2390934330718717E-04  0.0000000000000000E+00
     234     24.0015362415683704      8.7051520809202234  0.1414132372840525E-03  0.1414132372840525E-03  0.0000000000000000E+00
     235     24.0205317530203430      8.7241475923721961  0.3993520992178626E-04  0.3993520992178626E-04  0.0000000000000000E+00
     236     24.0255354150327101      8.7291512543845649  0.1002330694466526E-03  0.1002330694466526E-03  0.0000000000000000E+00
     237     24.0371823616427314      8.7407982009945844  0.2993339028217971E-03  0.2993339028217971E-03  0.0000000000000000E+00
     238     24.0433768066833906      8.7469926460352436  0.1760854823700782E-03  0.1760854823700782E-03  0.0000000000000000E+00
     239     24.0622610719280665      8.7658769112799195  0.5851535786938296E-04  0.5851535786938296E-04  0.0000000000000000E+00
     240     24.0798642117121382      8.7834800510639894  0.1225052781786508E-04  0.1225052781786508E-04  0.0000000000000000E+00
     241     24.0940804396499146      8.7976962790017694  0.7017025087054766E-04  0.7017025087054766E-04  0.0000000000000000E+00
     242     24.1081006623115321      8.8117165016633852  0.9823078774431594E-04  0.9823078774431594E-04  0.0000000000000000E+00
     243     24.1331205322200724      8.8367363715719254  0.4129800578658963E-04  0.4129800578658963E-04  0.0000000000000000E+00
     244     24.1408810623754881      8.8444969017273429  0.5616044475251484E-04  0.5616044475251484E-04  0.0000000000000000E+00
     245     24.1671671704579651      8.8707830098098182  0.2232440085970092E-03  0.2232440085970092E-03  0.0000000000000000E+00
     246     24.1972298395631462      8.9008456789149992  0.2109944100237987E-04  0.2109944100237987E-04  0.0000000000000000E+00
     247     24.2059970120560202      8.9096128514078750  0.2647564834263447E-04  0.2647564834263447E-04  0.0000000000000000E+00
     248     24.2146562052322452      8.9182720445840982  0.8109149737153025E-05  0.8109149737153025E-05  0.0000000000000000E+00
     249     24.2284557213575020      8.9320715607093568  0.3276516219828005E-03  0.3276516219828005E-03  0.0000000000000000E+00
     250     24.2567474954820952      8.9603633348339482  0.4230668461099641E-04  0.4230668461099641E-04  0.0000000000000000E+00
     251     24.2672120097973405      8.9708278491491935  0.8067707924947752E-04  0.8067707924947752E-04  0.0000000000000000E+00
     252     24.2859781465870981      8.9895939859389511  0.1031761670645936E-03  0.1031761670645936E-03  0.0000000000000000E+00
     253     24.3256444776222303      9.0292603169740833  0.3565670164207697E-03  0.3565670164207697E-03  0.0000000000000000E+00
     254     24.3399272230244854      9.0435430623763384  0.1070315289093657E-03  0.1070315289093657E-03  0.0000000000000000E+00
     255     24.3499382769565180      9.0535541163083728  0.6016859751169938E-04  0.6016859751169938E-04  0.0000000000000000E+00
     256     24.3740311145245947      9.0776469538764495  0.1248182331254037E-03  0.1248182331254037E-03  0.0000000000000000E+00
     257     24.4012961665615649      9.1049120059134196  0.9133109180418375E-04  0.9133109180418375E-04  0.0000000000000000E+00
     258     24.4165931542119417      9.1202089935637947  0.7189191135592971E-04  0.7189191135592971E-04  0.0000000000000000E+00
     259     24.4199314984356946      9.1235473377875493  0.1254557019925707E-03  0.1254557019925707E-03  0.0000000000000000E+00
     260     24.4376775919972573      9.1412934313491103  0.1858131903643992E-03  0.1858131903643992E-03  0.0000000000000000E+00
     261     24.4439439368546196      9.1475597762064726  0.7643842267263267E-04  0.7643842267263267E-04  0.0000000000000000E+00
     262     24.4677224827775071      9.1713383221293618  0.8937984051911781E-04  0.8937984051911781E-04  0.0000000000000000E+00
     263     24.4794360846376833      9.1830519239895363  0.3266400391168932E-03  0.3266400391168932E-03  0.0000000000000000E+00
     264     24.5101753554950683      9.2137911948469231  0.4084218046283677E-04  0.4084218046283677E-04  0.0000000000000000E+00
     265     24.5355113288587354      9.2391271682105884  0.1776238613128467E-03  0.1776238613128467E-03  0.0000000000000000E+00
     266     24.5588942511371258      9.2625100904889806  0.4807873366108394E-04  0.4807873366108394E-04  0.0000000000000000E+00
     267     24.5601865997986195      9.2638024391504743  0.1065610676338433E-03  0.1065610676338433E-03  0.0000000000000000E+00
     268     24.5930187256130708      9.2966345649649238  0.1712175024221908E-04  0.1712175024221908E-04  0.0000000000000000E+00
     269     24.6003122183901937      9.3039280577420485  0.7630259668425324E-04  0.7630259668425324E-04  0.0000000000000000E+00
     270     24.6171543561564512      9.3207701955083042  0.1052144267965566E-03  0.1052144267965566E-03  0.0000000000000000E+00
     271     24.6231591682394360      9.3267750075912890  0.7141257090216568E-04  0.7141257090216568E-04  0.0000000000000000E+00
     272     24.6530245468690872      9.3566403862209420  0.1452499450905785E-04  0.1452499450905785E-04  0.0000000000000000E+00
     273     24.6766959269297637      9.3803117662816167  0.3583684235706235E-04  0.3583684235706235E-04  0.0000000000000000E+00
     274     24.7000283449564080      9.4036441843082628  0.4066611551407003E-06  0.4066611551407003E-06  0.0000000000000000E+00
     275     24.7160395636673584      9.4196554030192114  0.8412936405496048E-05  0.8412936405496048E-05  0.0000000000000000E+00
     276     24.7306281629709517      9.4342440023228047  0.4314575174085125E-04  0.4314575174085125E-04  0.0000000000000000E+00
     277     24.7653241965750155      9.4689400359268685  0.2887563951384037E-05  0.2887563951384037E-05  0.0000000000000000E+00
     278     24.7863604594729203      9.4899762988247733  0.4265432111054855E-04  0.4265432111054855E-04  0.0000000000000000E+00
     279     24.7999201088554457      9.5035359482073005  0.3418900338995054E-04  0.3418900338995054E-04  0.0000000000000000E+00
     280     24.8171944053115787      9.5208102446634335  0.1433896217468825E-04  0.1433896217468825E-04  0.0000000000000000E+00
     281     24.8338417570764456      9.5374575964283004  0.2127208226271823E-04  0.2127208226271823E-04  0.0000000000000000E+00
     282     24.8592268698598531      9.5628427092117061  0.3574735766604715E-05  0.3574735766604715E-05  0.0000000000000000E+00
     283     24.8781489272849079      9.5817647666367627  0.7447553278281664E-04  0.7447553278281664E-04  0.0000000000000000E+00
     284     24.9000827297032963      9.6036985690551511  0.1110174674479493E-03  0.1110174674479493E-03  0.0000000000000000E+00
     285     24.9259297286685282      9.6295455680203812  0.1963849260931989E-04  0.1963849260931989E-04  0.0000000000000000E+00
     286     24.9609748253810935      9.6645906647329483  0.8034934233940144E-05  0.8034934233940144E-05  0.0000000000000000E+00
     287     24.9839395842791561      9.6875554236310073  0.1595530600246025E-04  0.1595530600246025E-04  0.0000000000000000E+00
     288     24.9907376445950966      9.6943534839469514  0.7653902309240555E-05  0.7653902309240555E-05  0.0000000000000000E+00
     289     25.0025150708326471      9.7061309101845001  0.4203447680246432E-04  0.4203447680246432E-04  0.0000000000000000E+00
     290     25.0195045476601479      9.7231203870120027  0.1797813569004543E-04  0.1797813569004543E-04  0.0000000000000000E+00
     291     25.0458968459171061      9.7495126852689609  0.2656233204590773E-04  0.2656233204590773E-04  0.0000000000000000E+00
     292     25.0488252370959827      9.7524410764478375  0.1966766050869458E-04  0.1966766050869458E-04  0.0000000000000000E+00
     293     25.0861199156405839      9.7897357549924386  0.1734548998130639E-04  0.1734548998130639E-04  0.0000000000000000E+00
     294     25.1002646084525374      9.8038804478043922  0.4362120352705809E-04  0.4362120352705809E-04  0.0000000000000000E+00
     295     25.1208007193315126      9.8244165586833656  0.4431213933753780E-04  0.4431213933753780E-04  0.0000000000000000E+00
     296     25.1441883203707697      9.8478041597226227  0.5332573337283341E-05  0.5332573337283341E-05  0.0000000000000000E+00
     297     25.1583119993347850      9.8619278386866398  0.5106383193782028E-04  0.5106383193782028E-04  0.0000000000000000E+00
     298     25.1760389430136087      9.8796547823654635  0.1329738075011874E-04  0.1329738075011874E-04  0.0000000000000000E+00
     299     25.1858712934775042      9.8894871328293590  0.1157020630057323E-04  0.1157020630057323E-04  0.0000000000000000E+00
     300     25.2143505420701359      9.9179663814219872  0.2497687480022482E-04  0.2497687480022482E-04  0.0000000000000000E+00
     301     25.2380055758485042      9.9416214152003590  0.7286292608564270E-04  0.7286292608564270E-04  0.0000000000000000E+00
     302     25.2494252710204599      9.9530411103723146  0.1185171948741306E-03  0.1185171948741306E-03  0.0000000000000000E+00
     303     25.3027158936039278     10.0063317329557808  0.2741301546648352E-04  0.2741301546648352E-04  0.0000000000000000E+00
     304     25.3107171572490728     10.0143329966009276  0.4304144560999123E-04  0.4304144560999123E-04  0.0000000000000000E+00
     305     25.3384811174702342     10.0420969568220873  0.4591227590230150E-04  0.4591227590230150E-04  0.0000000000000000E+00
     306     25.3635111874082995     10.0671270267601543  0.1127951332394787E-03  0.1127951332394787E-03  0.0000000000000000E+00
     307     25.3793281742881582     10.0829440136400112  0.1835312800677287E-04  0.1835312800677287E-04  0.0000000000000000E+00
     308     25.3913768777677795     10.0949927171196325  0.3640901789401501E-04  0.3640901789401501E-04  0.0000000000000000E+00
     309     25.4341424758863361     10.1377583152381909  0.3137641937845460E-04  0.3137641937845460E-04  0.0000000000000000E+00
     310     25.4618526534090535     10.1654684927609065  0.4007956112194741E-05  0.4007956112194741E-05  0.0000000000000000E+00
     311     25.4807453468506715     10.1843611862025245  0.3615235100160947E-04  0.3615235100160947E-04  0.0000000000000000E+00
     312     25.5479827694632995     10.2515986088151543  0.9117467960598029E-05  0.9117467960598029E-05  0.0000000000000000E+00
     313     25.5882021231422492     10.2918179624941022  0.8677540829048692E-04  0.8677540829048692E-04  0.0000000000000000E+00
     314     25.6596515037891635     10.3632673431410165  0.1030283118730076E-03  0.1030283118730076E-03  0.0000000000000000E+00
     315     25.7234048148657379     10.4270206542175927  0.1057041299711210E-05  0.1057041299711210E-05  0.0000000000000000E+00
     316     25.7501744968242718     10.4537903361761249  0.4869909490181102E-04  0.4869909490181102E-04  0.0000000000000000E+00
     317     25.7567297569522466     10.4603455963041014  0.5991064666624548E-04  0.5991064666624548E-04  0.0000000000000000E+00
     318     25.8365572804914585     10.5401731198433097  0.1182741315943324E-03  0.1182741315943324E-03  0.0000000000000000E+00
     319     25.9261184566200988     10.6297342959719501  0.2984877178323823E-04  0.2984877178323823E-04  0.0000000000000000E+00
     320     25.9376230678440010     10.6412389071958557  0.7540033888244640E-04  0.7540033888244640E-04  0.0000000000000000E+00
     321     26.1497166329341617     10.8533324722860147  0.1406126028301099E-04  0.1406126028301099E-04  0.0000000000000000E+00
     322     26.2738820092004808     10.9774978485523356  0.1559524956933240E-03  0.1559524956933240E-03  0.0000000000000000E+00
     323     26.5612724526637045     11.2648882920155575  0.1092321785369481E-04  0.1092321785369481E-04  0.0000000000000000E+00
     324     26.7914506481137380     11.4950664874655928  0.7866942467743024E-05  0.7866942467743024E-05  0.0000000000000000E+00
     325     32.9059026327308288     17.6095184720826836  0.3767269622309459E-05  0.3767269622309459E-05  0.0000000000000000E+00
     326     33.3142270017915365     18.0178428411433877  0.6355586220755138E-06  0.6355586220755138E-06  0.0000000000000000E+00
     327     33.5677413484150406     18.2713571877668919  0.2630732860152454E-06  0.2630732860152454E-06  0.0000000000000000E+00
     328     33.7317802552212243     18.4353960945730790  0.1516703911913481E-06  0.1516703911913481E-06  0.0000000000000000E+00
     329     33.8599001839666087     18.5635160233184600  0.3324349713809941E-06  0.3324349713809941E-06  0.0000000000000000E+00
     330     33.9686364363075484     18.6722522756594032  0.2070463336739123E-07  0.2070463336739123E-07  0.0000000000000000E+00
     331     34.0667589631478123     18.7703748024996635  0.1037572923235146E-06  0.1037572923235146E-06  0.0000000000000000E+00
     332     34.1305841557841205     18.8341999951359718  0.5320040314406770E-06  0.5320040314406770E-06  0.0000000000000000E+00
     333     34.3520477184177508     19.0556635577696056  0.2536347518346263E-06  0.2536347518346263E-06  0.0000000000000000E+00
     334     34.4056333385601008     19.1092491779119555  0.8384788413212867E-06  0.8384788413212867E-06  0.0000000000000000E+00
     335     34.7574998065993057     19.4611156459511605  0.6958154755018474E-05  0.6958154755018474E-05  0.0000000000000000E+00
     336     34.8663951284225959     19.5700109677744507  0.2448633740658921E-05  0.2448633740658921E-05  0.0000000000000000E+00
     337     34.9469465585720158     19.6505623979238706  0.3756977673561300E-05  0.3756977673561300E-05  0.0000000000000000E+00
     338     35.0149256166750362     19.7185414560268875  0.5963997503044080E-05  0.5963997503044080E-05  0.0000000000000000E+00
     339     35.1183150599488272     19.8219308993006820  0.5940917010564262E-05  0.5940917010564262E-05  0.0000000000000000E+00
     340     35.3384379224839478     20.0420537618357990  0.8069026371733239E-06  0.8069026371733239E-06  0.0000000000000000E+00
     341     35.5268138705965981     20.2304297099484529  0.1359465883454463E-04  0.1359465883454463E-04  0.0000000000000000E+00
     342     35.6329547988809097     20.3365706382327609  0.9265776592595849E-05  0.9265776592595849E-05  0.0000000000000000E+00
     343     35.7030788164660891     20.4066946558179438  0.6320840283173063E-05  0.6320840283173063E-05  0.0000000000000000E+00
     344     35.8775711553445760     20.5811869946964272  0.7687111387780906E-06  0.7687111387780906E-06  0.0000000000000000E+00
     345     36.0583679981689187     20.7619838375207735  0.1598890980409594E-04  0.1598890980409594E-04  0.0000000000000000E+00
     346     36.3780745741624116     21.0816904135142664  0.1111559833088914E-05  0.1111559833088914E-05  0.0000000000000000E+00
     347     36.8210615224761710     21.5246773618280258  0.2876840063646684E-04  0.2876840063646684E-04  0.0000000000000000E+00
     348     36.9471831430293634     21.6507989823812181  0.6959346452393454E-05  0.6959346452393454E-05  0.0000000000000000E+00
     349     36.9859887076642337     21.6896045470160850  0.6747587367045983E-05  0.6747587367045983E-05  0.0000000000000000E+00
     350     37.1283549732145985     21.8319708125664498  0.3379195315728523E-04  0.3379195315728523E-04  0.0000000000000000E+00
     351     37.2346266470264098     21.9382424863782610  0.7440534773506512E-05  0.7440534773506512E-05  0.0000000000000000E+00
     352     37.5759461432678279     22.2795619826196827  0.8679070380546629E-05  0.8679070380546629E-05  0.0000000000000000E+00
     353     37.6943294561837448     22.3979452955355995  0.9072639876336120E-05  0.9072639876336120E-05  0.0000000000000000E+00
     354     37.7210534939387259     22.4246693332905771  0.3969213989206440E-04  0.3969213989206440E-04  0.0000000000000000E+00
     355     37.9162897213434036     22.6199055606952548  0.1722577022817529E-05  0.1722577022817529E-05  0.0000000000000000E+00
     356     38.0551024171587571     22.7587182565106154  0.1113864505290628E-04  0.1113864505290628E-04  0.0000000000000000E+00
     357     38.1427094993480296     22.8463253386998879  0.3285501658673381E-04  0.3285501658673381E-04  0.0000000000000000E+00
     358     38.2407329764289159     22.9443488157807707  0.5311280923877777E-05  0.5311280923877777E-05  0.0000000000000000E+00
     359     38.3748815945321766     23.0784974338840279  0.1393656777982788E-04  0.1393656777982788E-04  0.0000000000000000E+00
     360     38.3978229765004286     23.1014388158522799  0.1234663713354129E-04  0.1234663713354129E-04  0.0000000000000000E+00
     361     38.5746168844506485     23.2782327238025069  0.9519885508150387E-05  0.9519885508150387E-05  0.0000000000000000E+00
     362     38.6163759756157887     23.3199918149676435  0.1371621514920078E-05  0.1371621514920078E-05  0.0000000000000000E+00
     363     38.6696725505954078     23.3732883899472590  0.2966276043141855E-05  0.2966276043141855E-05  0.0000000000000000E+00
     364     38.6858663924185819     23.3894822317704332  0.2418202353367531E-05  0.2418202353367531E-05  0.0000000000000000E+00
     365     38.8036497079768168     23.5072655473286680  0.1176227521226451E-04  0.1176227521226451E-04  0.0000000000000000E+00
     366     38.8732667002483723     23.5768825396002271  0.6585275437118846E-05  0.6585275437118846E-05  0.0000000000000000E+00
     367     39.1559811156884834     23.8595969550403382  0.1625549734320244E-04  0.1625549734320244E-04  0.0000000000000000E+00
     368     39.1887061952416929     23.8923220345935476  0.1190230667415114E-04  0.1190230667415114E-04  0.0000000000000000E+00
     369     39.2296060734628114     23.9332219128146662  0.1456274699294205E-04  0.1456274699294205E-04  0.0000000000000000E+00
     370     39.4001009516292555     24.1037167909811068  0.4627267010686346E-05  0.4627267010686346E-05  0.0000000000000000E+00
     371     39.4728589263106002     24.1764747656624586  0.2637531405075390E-05  0.2637531405075390E-05  0.0000000000000000E+00
     372     39.5056617484533277     24.2092775878051825  0.1637308514449609E-05  0.1637308514449609E-05  0.0000000000000000E+00
     373     39.5561929498780600     24.2598087892299148  0.1023857935298588E-05  0.1023857935298588E-05  0.0000000000000000E+00
     374     39.5975389931322397     24.3011548324840909  0.7646277271510880E-05  0.7646277271510880E-05  0.0000000000000000E+00
     375     39.7828393230951107     24.4864551624469655  0.4678802389797842E-05  0.4678802389797842E-05  0.0000000000000000E+00
     376     40.0045190270988797     24.7081348664507345  0.1549603970399952E-04  0.1549603970399952E-04  0.0000000000000000E+00
     377     40.4804173919561237     25.1840332313079784  0.5932778711140251E-05  0.5932778711140251E-05  0.0000000000000000E+00
     378     40.5704850343952970     25.2741008737471553  0.5949355834027666E-05  0.5949355834027666E-05  0.0000000000000000E+00
     379     40.6982293126117725     25.4018451519636272  0.6992838897170088E-05  0.6992838897170088E-05  0.0000000000000000E+00
     380     40.7452760310467994     25.4488918703986506  0.9912873668795427E-05  0.9912873668795427E-05  0.0000000000000000E+00
     381     40.8613845106115292     25.5650003499633804  0.9253569405311009E-05  0.9253569405311009E-05  0.0000000000000000E+00
     382     41.0157131624782210     25.7193290018300758  0.3756020009271016E-05  0.3756020009271016E-05  0.0000000000000000E+00
     383     41.1587273234013864     25.8623431627532376  0.6010806253104575E-05  0.6010806253104575E-05  0.0000000000000000E+00
     384     41.3397214652620875     26.0433373046139423  0.2262927920709482E-04  0.2262927920709482E-04  0.0000000000000000E+00
     385     41.3768489186078696     26.0804647579597244  0.6710056905462205E-05  0.6710056905462205E-05  0.0000000000000000E+00
     386     41.4038021165666876     26.1074179559185424  0.2733717384458200E-04  0.2733717384458200E-04  0.0000000000000000E+00
     387     41.4958392265219587     26.1994550658738099  0.1556395041371326E-04  0.1556395041371326E-04  0.0000000000000000E+00
     388     41.5403434826990861     26.2439593220509408  0.4431178674901487E-04  0.4431178674901487E-04  0.0000000000000000E+00
     389     41.5801822069834586     26.2837980463353098  0.2904460588426161E-05  0.2904460588426161E-05  0.0000000000000000E+00
     390     41.6515714063938134     26.3551872457456682  0.6138248903992296E-05  0.6138248903992296E-05  0.0000000000000000E+00
     391     41.7062605963785629     26.4098764357304141  0.1036958960500732E-04  0.1036958960500732E-04  0.0000000000000000E+00
     392     41.7421795353164029     26.4457953746682577  0.1128406134796146E-04  0.1128406134796146E-04  0.0000000000000000E+00
     393     41.7542820921761049     26.4578979315279597  0.8094646414034310E-05  0.8094646414034310E-05  0.0000000000000000E+00
     394     41.7964749610938853     26.5000908004457401  0.8802128718255311E-05  0.8802128718255311E-05  0.0000000000000000E+00
     395     41.8250530494112880     26.5286688887631392  0.1067841727413031E-05  0.1067841727413031E-05  0.0000000000000000E+00
     396     41.9099039675024301     26.6135198068542884  0.3025502030912066E-05  0.3025502030912066E-05  0.0000000000000000E+00
     397     41.9225960659172614     26.6262119052691126  0.1086554352169580E-05  0.1086554352169580E-05  0.0000000000000000E+00
     398     41.9710199855535251     26.6746358249053799  0.2622198440153213E-05  0.2622198440153213E-05  0.0000000000000000E+00
     399     42.0630922264219080     26.7667080657737628  0.2369484598188039E-05  0.2369484598188039E-05  0.0000000000000000E+00
     400     42.1170265730518452     26.8206424124036964  0.1477522898568915E-04  0.1477522898568915E-04  0.0000000000000000E+00
     401     42.1366967798756491     26.8403126192275039  0.2154486612139566E-05  0.2154486612139566E-05  0.0000000000000000E+00
     402     42.1834805625892955     26.8870964019411467  0.2825529917922982E-05  0.2825529917922982E-05  0.0000000000000000E+00
     403     42.1955309375317000     26.8991467768835513  0.4103040971505430E-05  0.4103040971505430E-05  0.0000000000000000E+00
     404     42.2217669025561193     26.9253827419079741  0.2759082941474149E-05  0.2759082941474149E-05  0.0000000000000000E+00
     405     42.2291096449461563     26.9327254842980111  0.1355754079340608E-05  0.1355754079340608E-05  0.0000000000000000E+00
     406     42.2867566092845948     26.9903724486364496  0.5402654868927163E-05  0.5402654868927163E-05  0.0000000000000000E+00
     407     42.3063810067524031     27.0099968461042579  0.2459538671325741E-05  0.2459538671325741E-05  0.0000000000000000E+00
     408     42.3332264735050430     27.0368423128568942  0.4478666481610512E-05  0.4478666481610512E-05  0.0000000000000000E+00
     409     42.3685623867140677     27.0721782260659189  0.7683411557031983E-05  0.7683411557031983E-05  0.0000000000000000E+00
     410     42.4113419571474992     27.1149577964993540  0.5311442986963311E-05  0.5311442986963311E-05  0.0000000000000000E+00
     411     42.4137481204072628     27.1173639597591141  0.4797651631650874E-05  0.4797651631650874E-05  0.0000000000000000E+00
     412     42.4670473425102841     27.1706631818621354  0.2985027489984788E-05  0.2985027489984788E-05  0.0000000000000000E+00
     413     42.4980678937100933     27.2016837330619445  0.9478783933700394E-05  0.9478783933700394E-05  0.0000000000000000E+00
     414     42.6095468623116318     27.3131627016634901  0.8022392514317523E-06  0.8022392514317523E-06  0.0000000000000000E+00
     415     42.6656708410735419     27.3692866804253931  0.9251056719753372E-05  0.9251056719753372E-05  0.0000000000000000E+00
     416     42.7479905693368067     27.4516064086886615  0.7576098824420148E-05  0.7576098824420148E-05  0.0000000000000000E+00
     417     42.7853949103136912     27.4890107496655460  0.6535221431994206E-05  0.6535221431994206E-05  0.0000000000000000E+00
     418     42.8427901908549913     27.5464060302068461  0.9262587690394883E-05  0.9262587690394883E-05  0.0000000000000000E+00
     419     42.9013820867788525     27.6049979261307037  0.5383119817999151E-05  0.5383119817999151E-05  0.0000000000000000E+00
     420     42.9334504706842566     27.6370663100361078  0.1238311408765170E-05  0.1238311408765170E-05  0.0000000000000000E+00
     421     43.0032236698488219     27.7068395092006732  0.9853662620644208E-06  0.9853662620644208E-06  0.0000000000000000E+00
     422     43.0852795348406943     27.7888953741925455  0.6944752702744541E-05  0.6944752702744541E-05  0.0000000000000000E+00
     423     43.1694222976603470     27.8730381370121982  0.4495269958615433E-05  0.4495269958615433E-05  0.0000000000000000E+00
     424     43.2722043636500686     27.9758202030019234  0.3937630420838733E-05  0.3937630420838733E-05  0.0000000000000000E+00
     425     43.4657579160034828     28.1693737553553376  0.6010353255221455E-05  0.6010353255221455E-05  0.0000000000000000E+00
     426     43.6669491485090973     28.3705649878609485  0.1074439069368264E-04  0.1074439069368264E-04  0.0000000000000000E+00
     427     43.7316070541543951     28.4352228935062463  0.7944048107598939E-05  0.7944048107598939E-05  0.0000000000000000E+00
     428     43.8240779443944390     28.5276937837462938  0.3106421687365982E-05  0.3106421687365982E-05  0.0000000000000000E+00
     429     43.9223219567385712     28.6259377960904224  0.5762169840681038E-05  0.5762169840681038E-05  0.0000000000000000E+00
     430     44.2929596423770704     28.9965754817289252  0.3595147219099968E-05  0.3595147219099968E-05  0.0000000000000000E+00
     431     44.9435657185729909     29.6471815579248492  0.1283801037129344E-04  0.1283801037129344E-04  0.0000000000000000E+00
     432     45.5360764104373885     30.2396922497892398  0.1087208919838290E-04  0.1087208919838290E-04  0.0000000000000000E+00
     433     52.5594875956986982     37.2631034350505459  0.2683802726014807E-04  0.2683802726014807E-04  0.0000000000000000E+00
     434     53.1812832887481477     37.8848991280999954  0.1348023191222902E-02  0.1348023191222902E-02  0.0000000000000000E+00
     435     53.3785063380564893     38.0821221774083440  0.1725868777735120E-02  0.1725868777735120E-02  0.0000000000000000E+00
     436     53.4321631775721144     38.1357790169239692  0.1940178433719986E-02  0.1940178433719986E-02  0.0000000000000000E+00
     437     54.1963389720337219     38.8999548113855766  0.4031892481541130E-03  0.4031892481541130E-03  0.0000000000000000E+00
     438     54.4866890903387073     39.1903049296905621  0.1962273140630293E-03  0.1962273140630293E-03  0.0000000000000000E+00
     439     54.7250048617316267     39.4286207010834744  0.5319369256110492E-04  0.5319369256110492E-04  0.0000000000000000E+00
     440     54.8758396421342383     39.5794554814860930  0.2283618321591780E-04  0.2283618321591780E-04  0.0000000000000000E+00
     441     54.9361151301375301     39.6397309694893778  0.7059686383151736E-04  0.7059686383151736E-04  0.0000000000000000E+00
     442     55.1825224001063930     39.8861382394582478  0.5431316813309612E-04  0.5431316813309612E-04  0.0000000000000000E+00
     443     55.3947771282944004     40.0983929676462552  0.1263612472794197E-03  0.1263612472794197E-03  0.0000000000000000E+00
     444     55.5437450177424594     40.2473608570943142  0.1384945918827372E-03  0.1384945918827372E-03  0.0000000000000000E+00
     445     55.5918358808581843     40.2954517202100391  0.1972974957642074E-03  0.1972974957642074E-03  0.0000000000000000E+00
     446     55.7465658922692739     40.4501817316211287  0.9051908462971807E-04  0.9051908462971807E-04  0.0000000000000000E+00
     447     55.9918213641012628     40.6954372034531175  0.2113685174542574E-04  0.2113685174542574E-04  0.0000000000000000E+00
     448     56.1183932997697497     40.8220091391216044  0.1701910574313464E-04  0.1701910574313464E-04  0.0000000000000000E+00
     449     56.2675077275043307     40.9711235668561855  0.1493742760986528E-03  0.1493742760986528E-03  0.0000000000000000E+00
     450     56.3398509736384554     41.0434668129903102  0.2323802851259490E-03  0.2323802851259490E-03  0.0000000000000000E+00
     451     56.6029781226021740     41.3065939619540288  0.6152801735653682E-04  0.6152801735653682E-04  0.0000000000000000E+00
     452     56.6866206698578594     41.3902365092097142  0.1620030706880864E-04  0.1620030706880864E-04  0.0000000000000000E+00
     453     56.9007386958227883     41.6043545351746431  0.1847989563375956E-03  0.1847989563375956E-03  0.0000000000000000E+00
     454     57.1972797102697683     41.9008955496216231  0.1322442631582796E-03  0.1322442631582796E-03  0.0000000000000000E+00
     455     57.6021882648840133     42.3058041042358681  0.2694334188112168E-03  0.2694334188112168E-03  0.0000000000000000E+00
     456     57.6861609329214318     42.3897767722732866  0.3937504428550471E-03  0.3937504428550471E-03  0.0000000000000000E+00
     457     57.7793115802208348     42.4829274195726896  0.2171318201243328E-03  0.2171318201243328E-03  0.0000000000000000E+00
     458     58.0266016882162106     42.7302175275680653  0.1112986236885819E-03  0.1112986236885819E-03  0.0000000000000000E+00
     459     58.1231662669207338     42.8267821062725886  0.7489467169299405E-04  0.7489467169299405E-04  0.0000000000000000E+00
     460     58.3821885936855196     43.0858044330373673  0.4514500001877521E-04  0.4514500001877521E-04  0.0000000000000000E+00
     461     58.5570884195333576     43.2607042588852124  0.1388442752812334E-03  0.1388442752812334E-03  0.0000000000000000E+00
     462     58.5811973618892807     43.2848132012411355  0.1202662247732353E-03  0.1202662247732353E-03  0.0000000000000000E+00
     463     58.6276579542237073     43.3312737935755621  0.1934694995451995E-03  0.1934694995451995E-03  0.0000000000000000E+00
     464     58.9009771483064455     43.6045929876583003  0.4990482938931530E-04  0.4990482938931530E-04  0.0000000000000000E+00
     465     58.9290075445731389     43.6326233839249937  0.2263739725852230E-04  0.2263739725852230E-04  0.0000000000000000E+00
     466     59.1055453913069684     43.8091612306588232  0.4344245406140068E-04  0.4344245406140068E-04  0.0000000000000000E+00
     467     59.1586859632690434     43.8623018026208911  0.2575125149774563E-03  0.2575125149774563E-03  0.0000000000000000E+00
     468     59.2600199517445105     43.9636357910963653  0.1183268501263531E-03  0.1183268501263531E-03  0.0000000000000000E+00
     469     59.2750816920531207     43.9786975314049755  0.1701795376300650E-04  0.1701795376300650E-04  0.0000000000000000E+00
     470     59.3624237409711242     44.0660395803229790  0.2039645166896235E-03  0.2039645166896235E-03  0.0000000000000000E+00
     471     59.4068224380554568     44.1104382774073116  0.5908708337420625E-04  0.5908708337420625E-04  0.0000000000000000E+00
     472     59.4404537788346303     44.1440696181864851  0.9570701783228374E-05  0.9570701783228374E-05  0.0000000000000000E+00
     473     59.4954960815718508     44.1991119209237056  0.8297610867339648E-04  0.8297610867339648E-04  0.0000000000000000E+00
     474     59.5825710596176989     44.2861868989695537  0.2377446674446277E-04  0.2377446674446277E-04  0.0000000000000000E+00
     475     59.7735669773272917     44.4771828166791465  0.1756591673342493E-04  0.1756591673342493E-04  0.0000000000000000E+00
     476     59.9127291560512489     44.6163449954031037  0.9581717363303553E-04  0.9581717363303553E-04  0.0000000000000000E+00
     477     59.9549238653442984     44.6585397046961532  0.2619719374730199E-04  0.2619719374730199E-04  0.0000000000000000E+00
     478     60.1229778028020405     44.8265936421538953  0.7308900372694364E-04  0.7308900372694364E-04  0.0000000000000000E+00
     479     60.1741264527033266     44.8777422920551814  0.7149770994645439E-04  0.7149770994645439E-04  0.0000000000000000E+00
     480     60.2030009599019351     44.9066167992537899  0.1140058976833657E-03  0.1140058976833657E-03  0.0000000000000000E+00
     481     60.3706494468991721     45.0742652862510269  0.6292868587804020E-04  0.6292868587804020E-04  0.0000000000000000E+00
     482     60.4228292938841136     45.1264451332359684  0.1192433017738579E-03  0.1192433017738579E-03  0.0000000000000000E+00
     483     60.5480940855544318     45.2517099249062795  0.1784973428425970E-03  0.1784973428425970E-03  0.0000000000000000E+00
     484     60.7584231609117467     45.4620390002636015  0.5909559414234915E-03  0.5909559414234915E-03  0.0000000000000000E+00
     485     60.9081427843552561     45.6117586237071038  0.4444987412639790E-03  0.4444987412639790E-03  0.0000000000000000E+00
     486     61.0041655261633267     45.7077813655151814  0.3714890557555349E-03  0.3714890557555349E-03  0.0000000000000000E+00
     487     61.2703128549799416     45.9739286943317964  0.5369200602171344E-04  0.5369200602171344E-04  0.0000000000000000E+00
     488     61.3654731911411417     46.0690890304929965  0.7724918398501895E-05  0.7724918398501895E-05  0.0000000000000000E+00
     489     61.5347535123151630     46.2383693516670178  0.5323086060655872E-04  0.5323086060655872E-04  0.0000000000000000E+00
     490     61.7445449572247185     46.4481607965765662  0.4005596230908999E-04  0.4005596230908999E-04  0.0000000000000000E+00
     491     61.8824345056373488     46.5860503449892036  0.3802868955963105E-04  0.3802868955963105E-04  0.0000000000000000E+00
     492     61.9687206087002806     46.6723364480521354  0.1391173817964001E-04  0.1391173817964001E-04  0.0000000000000000E+00
     493     62.0368557872892481     46.7404716266411029  0.2685052677847027E-04  0.2685052677847027E-04  0.0000000000000000E+00
     494     62.0459587799240353     46.7495746192758901  0.3706852077209695E-04  0.3706852077209695E-04  0.0000000000000000E+00
     495     62.1290037967461686     46.8326196360980234  0.7360011586160017E-05  0.7360011586160017E-05  0.0000000000000000E+00
     496     62.2413555790206274     46.9449714183724822  0.1169411158297111E-04  0.1169411158297111E-04  0.0000000000000000E+00
     497     62.2903193148901622     46.9939351542420169  0.1669323733211847E-04  0.1669323733211847E-04  0.0000000000000000E+00
     498     62.3334190808001125     47.0370349201519673  0.3453485130012675E-05  0.3453485130012675E-05  0.0000000000000000E+00
     499     62.4226048437684753     47.1262206831203301  0.2146249361818296E-04  0.2146249361818296E-04  0.0000000000000000E+00
     500     62.5341245458322703     47.2377403851841251  0.8066400712873650E-05  0.8066400712873650E-05  0.0000000000000000E+00
     501     62.6521166814478860     47.3557325207997408  0.1152038319808049E-05  0.1152038319808049E-05  0.0000000000000000E+00
     502     62.6656592794562641     47.3692751188081189  0.8198865992976627E-05  0.8198865992976627E-05  0.0000000000000000E+00
     503     62.7644651498962602     47.4680809892481150  0.2789976322511385E-05  0.2789976322511385E-05  0.0000000000000000E+00
     504     62.8108391878391430     47.5144550271909978  0.4276318661108828E-05  0.4276318661108828E-05  0.0000000000000000E+00
     505     62.8567219317835182     47.5603377711353730  0.1915359577999900E-05  0.1915359577999900E-05  0.0000000000000000E+00
     506     62.8980825780966910     47.6016984174485458  0.1360559994268787E-05  0.1360559994268787E-05  0.0000000000000000E+00
     507     62.9125991349872606     47.6162149743391154  0.1691202280107864E-05  0.1691202280107864E-05  0.0000000000000000E+00
     508     62.9487650792948088     47.6523809186466636  0.5958469113700287E-05  0.5958469113700287E-05  0.0000000000000000E+00
     509     62.9680307979164127     47.6716466372682675  0.1477971790090049E-05  0.1477971790090049E-05  0.0000000000000000E+00
     510     62.9789379667566891     47.6825538061085439  0.5102493281648942E-06  0.5102493281648942E-06  0.0000000000000000E+00
     511     63.0166359482163116     47.7202517875681664  0.4275375402499547E-05  0.4275375402499547E-05  0.0000000000000000E+00
     512     63.0296692968176231     47.7332851361694779  0.3819979897119518E-05  0.3819979897119518E-05  0.0000000000000000E+00
     513     63.0649539688539207     47.7685698082057755  0.5628499386114646E-05  0.5628499386114646E-05  0.0000000000000000E+00
     514     63.0999051950921839     47.8035210344440387  0.4035729927422474E-05  0.4035729927422474E-05  0.0000000000000000E+00
     515     63.1393514905159563     47.8429673298678111  0.3040261509744343E-05  0.3040261509744343E-05  0.0000000000000000E+00
     516     63.1558395714239111     47.8594554107757659  0.6914830778745214E-05  0.6914830778745214E-05  0.0000000000000000E+00
     517     63.1911748800446276     47.8947907193964824  0.6644678770816092E-05  0.6644678770816092E-05  0.0000000000000000E+00
     518     63.2051845016426270     47.9088003409944818  0.1303452866600709E-05  0.1303452866600709E-05  0.0000000000000000E+00
     519     63.2156483278025618     47.9192641671544095  0.3657680311296916E-05  0.3657680311296916E-05  0.0000000000000000E+00
     520     63.3364120549974032     48.0400278943492580  0.3273823476785523E-05  0.3273823476785523E-05  0.0000000000000000E+00
     521     63.3699351861073410     48.0735510254591958  0.3492026340450579E-06  0.3492026340450579E-06  0.0000000000000000E+00
     522     63.3730427631466071     48.0766586024984619  0.1917371773431329E-04  0.1917371773431329E-04  0.0000000000000000E+00
     523     63.4128257491803424     48.1164415885321972  0.8275560384193702E-05  0.8275560384193702E-05  0.0000000000000000E+00
     524     63.5044480618112814     48.2080639011631362  0.5045908677458278E-05  0.5045908677458278E-05  0.0000000000000000E+00
     525     63.5747107717156936     48.2783266110675413  0.5731099214821125E-05  0.5731099214821125E-05  0.0000000000000000E+00
     526     63.6151931119526211     48.3188089513044758  0.1971516827759815E-05  0.1971516827759815E-05  0.0000000000000000E+00
     527     63.6448514589014351     48.3484672982532899  0.1239000474709873E-05  0.1239000474709873E-05  0.0000000000000000E+00
     528     63.6893670592673899     48.3929828986192447  0.1765081239507350E-05  0.1765081239507350E-05  0.0000000000000000E+00
     529     63.7872197725382435     48.4908356118900983  0.1008366809066186E-04  0.1008366809066186E-04  0.0000000000000000E+00
     530     63.7936999944366079     48.4973158337884627  0.4537659875619713E-05  0.4537659875619713E-05  0.0000000000000000E+00
     531     63.8165430809170857     48.5201589202689405  0.1025883567569405E-04  0.1025883567569405E-04  0.0000000000000000E+00
     532     63.8767657438053362     48.5803815831571910  0.6478871282316539E-05  0.6478871282316539E-05  0.0000000000000000E+00
     533     64.0348246810166444     48.7384405203684921  0.6599081952679291E-05  0.6599081952679291E-05  0.0000000000000000E+00
     534     64.1229529167014505     48.8265687560533053  0.6123436811093723E-05  0.6123436811093723E-05  0.0000000000000000E+00
     535     64.2745288068432217     48.9781446461950694  0.1932301374084553E-04  0.1932301374084553E-04  0.0000000000000000E+00
     536     64.3978654723907766     49.1014813117426314  0.6785776521107696E-05  0.6785776521107696E-05  0.0000000000000000E+00
     537     64.4375105410615276     49.1411263804133753  0.5111525556317781E-05  0.5111525556317781E-05  0.0000000000000000E+00
     538     64.8024494447287651     49.5060652840806199  0.1472246040447668E-04  0.1472246040447668E-04  0.0000000000000000E+00
     539     65.3645275497454179     50.0681433890972656  0.1907381704098597E-04  0.1907381704098597E-04  0.0000000000000000E+00
     540     65.9500561651063180     50.6536720044581656  0.3282227454659847E-04  0.3282227454659847E-04  0.0000000000000000E+00
