 -0.3000000000       0.000000000    
 -0.2993993994       0.000000000    
 -0.2987987988       0.000000000    
 -0.2981981982       0.000000000    
 -0.2975975976       0.000000000    
 -0.2969969970       0.000000000    
 -0.2963963964       0.000000000    
 -0.2957957958       0.000000000    
 -0.2951951952       0.000000000    
 -0.2945945946       0.000000000    
 -0.2939939940       0.000000000    
 -0.2933933934       0.000000000    
 -0.2927927928       0.000000000    
 -0.2921921922       0.000000000    
 -0.2915915916       0.000000000    
 -0.2909909910       0.000000000    
 -0.2903903904       0.000000000    
 -0.2897897898       0.000000000    
 -0.2891891892       0.000000000    
 -0.2885885886       0.000000000    
 -0.2879879880       0.000000000    
 -0.2873873874       0.000000000    
 -0.2867867868       0.000000000    
 -0.2861861862       0.000000000    
 -0.2855855856       0.000000000    
 -0.2849849850      0.1006799967E-05
 -0.2843843844      0.3114609983E-03
 -0.2837837838      0.1790108289E-02
 -0.2831831832      0.5843985863E-02
 -0.2825825826      0.1381556841E-01
 -0.2819819820      0.2649702552E-01
 -0.2813813814      0.4413122849E-01
 -0.2807807808      0.6671817733E-01
 -0.2801801802      0.9425787202E-01
 -0.2795795796      0.1267503126    
 -0.2789789790      0.1641954990    
 -0.2783783784      0.2065934313    
 -0.2777777778      0.2539441094    
 -0.2771771772      0.3062475334    
 -0.2765765766      0.3635037033    
 -0.2759759760      0.4257126190    
 -0.2753753754      0.4928742806    
 -0.2747747748      0.5649886881    
 -0.2741741742      0.6420558414    
 -0.2735735736      0.7240757406    
 -0.2729729730      0.8110483857    
 -0.2723723724      0.9029737766    
 -0.2717717718      0.9998519133    
 -0.2711711712       1.101682796    
 -0.2705705706       1.208466424    
 -0.2699699700       1.320202799    
 -0.2693693694       1.436891919    
 -0.2687687688       1.558533785    
 -0.2681681682       1.685128397    
 -0.2675675676       1.787596947    
 -0.2669669670       1.845431407    
 -0.2663663664       1.838674653    
 -0.2657657658       1.804530689    
 -0.2651651652       1.763004054    
 -0.2645645646       1.732981738    
 -0.2639639640       1.706258150    
 -0.2633633634       1.683474816    
 -0.2627627628       1.666079245    
 -0.2621621622       1.654759557    
 -0.2615615616       1.651468081    
 -0.2609609610       1.659553426    
 -0.2603603604       1.682284802    
 -0.2597597598       1.719090349    
 -0.2591591592       1.765185483    
 -0.2585585586       1.814647342    
 -0.2579579580       1.864107050    
 -0.2573573574       1.912971089    
 -0.2567567568       1.961734919    
 -0.2561561562       2.010773805    
 -0.2555555556       2.060354388    
 -0.2549549550       2.110722762    
 -0.2543543544       2.162063903    
 -0.2537537538       2.214473164    
 -0.2531531532       2.267964798    
 -0.2525525526       2.322538804    
 -0.2519519520       2.378195182    
 -0.2513513514       2.434933932    
 -0.2507507508       2.492755055    
 -0.2501501502       2.551658550    
 -0.2495495495       2.611644418    
 -0.2489489489       2.672712658    
 -0.2483483483       2.734863270    
 -0.2477477477       2.798096254    
 -0.2471471471       2.862411611    
 -0.2465465465       2.927809340    
 -0.2459459459       2.994289441    
 -0.2453453453       3.061851915    
 -0.2447447447       3.130496761    
 -0.2441441441       3.200223979    
 -0.2435435435       3.271033570    
 -0.2429429429       3.342925533    
 -0.2423423423       3.415899868    
 -0.2417417417       3.489956576    
 -0.2411411411       3.565090348    
 -0.2405405405       3.640727038    
 -0.2399399399       3.715926273    
 -0.2393393393       3.788238198    
 -0.2387387387       3.854157168    
 -0.2381381381       3.909035046    
 -0.2375375375       3.950031699    
 -0.2369369369       3.979610413    
 -0.2363363363       4.005881016    
 -0.2357357357       4.040360118    
 -0.2351351351       4.091893885    
 -0.2345345345       4.165520847    
 -0.2339339339       4.262712595    
 -0.2333333333       4.384044847    
 -0.2327327327       4.529776252    
 -0.2321321321       4.700032401    
 -0.2315315315       4.894826400    
 -0.2309309309       5.114158251    
 -0.2303303303       5.355901869    
 -0.2297297297       5.610791186    
 -0.2291291291       5.867871829    
 -0.2285285285       6.119656875    
 -0.2279279279       6.381499625    
 -0.2273273273       6.689402725    
 -0.2267267267       7.098119206    
 -0.2261261261       7.683797744    
 -0.2255255255       8.581547382    
 -0.2249249249       9.986530178    
 -0.2243243243       12.08456381    
 -0.2237237237       14.90266492    
 -0.2231231231       18.30259017    
 -0.2225225225       22.05874596    
 -0.2219219219       26.01366243    
 -0.2213213213       29.88796054    
 -0.2207207207       33.49684077    
 -0.2201201201       36.52592710    
 -0.2195195195       39.18304816    
 -0.2189189189       41.59652911    
 -0.2183183183       44.08616272    
 -0.2177177177       46.42385499    
 -0.2171171171       48.36357497    
 -0.2165165165       49.89295925    
 -0.2159159159       51.16188712    
 -0.2153153153       52.89827718    
 -0.2147147147       54.92888545    
 -0.2141141141       57.29039824    
 -0.2135135135       59.16435939    
 -0.2129129129       60.88069456    
 -0.2123123123       62.74112904    
 -0.2117117117       65.33188254    
 -0.2111111111       68.63331289    
 -0.2105105105       72.46163560    
 -0.2099099099       76.68897373    
 -0.2093093093       81.15831571    
 -0.2087087087       85.66901487    
 -0.2081081081       90.25129571    
 -0.2075075075       94.37694077    
 -0.2069069069       97.44816312    
 -0.2063063063       98.64367644    
 -0.2057057057       98.49961804    
 -0.2051051051       97.90586533    
 -0.2045045045       97.42037587    
 -0.2039039039       96.92812279    
 -0.2033033033       96.18612953    
 -0.2027027027       95.25118648    
 -0.2021021021       94.06758586    
 -0.2015015015       92.56763777    
 -0.2009009009       90.37560683    
 -0.2003003003       88.52772559    
 -0.1996996997       88.37943046    
 -0.1990990991       91.28339415    
 -0.1984984985       95.15990250    
 -0.1978978979       97.11044339    
 -0.1972972973       95.36179486    
 -0.1966966967       91.00066085    
 -0.1960960961       85.56924108    
 -0.1954954955       79.74626689    
 -0.1948948949       73.79489224    
 -0.1942942943       68.09180112    
 -0.1936936937       63.14576931    
 -0.1930930931       59.02876590    
 -0.1924924925       55.60608487    
 -0.1918918919       52.60600490    
 -0.1912912913       49.83330952    
 -0.1906906907       47.22646485    
 -0.1900900901       44.85090036    
 -0.1894894895       42.82496604    
 -0.1888888889       41.50405603    
 -0.1882882883       41.18614095    
 -0.1876876877       42.08340679    
 -0.1870870871       43.81365646    
 -0.1864864865       45.98862379    
 -0.1858858859       48.26867911    
 -0.1852852853       50.57323470    
 -0.1846846847       52.78677074    
 -0.1840840841       54.81135334    
 -0.1834834835       56.64436712    
 -0.1828828829       58.39297616    
 -0.1822822823       60.19453314    
 -0.1816816817       62.17029280    
 -0.1810810811       64.24317185    
 -0.1804804805       66.19719309    
 -0.1798798799       67.71387539    
 -0.1792792793       68.67262459    
 -0.1786786787       71.15241016    
 -0.1780780781       76.22106417    
 -0.1774774775       84.16046377    
 -0.1768768769       88.32621355    
 -0.1762762763       86.07813586    
 -0.1756756757       77.30690177    
 -0.1750750751       69.50293202    
 -0.1744744745       65.34491881    
 -0.1738738739       64.67607338    
 -0.1732732733       64.53805932    
 -0.1726726727       63.98287899    
 -0.1720720721       63.10727623    
 -0.1714714715       62.14086109    
 -0.1708708709       61.21734311    
 -0.1702702703       60.62879650    
 -0.1696696697       60.49390919    
 -0.1690690691       60.81726872    
 -0.1684684685       61.29103987    
 -0.1678678679       61.92383185    
 -0.1672672673       62.94759246    
 -0.1666666667       65.07787402    
 -0.1660660661       67.94118645    
 -0.1654654655       70.63868510    
 -0.1648648649       71.63676988    
 -0.1642642643       71.31422837    
 -0.1636636637       71.04052085    
 -0.1630630631       72.46172044    
 -0.1624624625       75.77147340    
 -0.1618618619       80.44889761    
 -0.1612612613       86.01154067    
 -0.1606606607       92.50400480    
 -0.1600600601       99.85566982    
 -0.1594594595       108.0203976    
 -0.1588588589       116.9002846    
 -0.1582582583       126.9690190    
 -0.1576576577       137.3779771    
 -0.1570570571       148.8174948    
 -0.1564564565       159.8210880    
 -0.1558558559       171.4856107    
 -0.1552552553       179.4998434    
 -0.1546546547       177.8627498    
 -0.1540540541       162.1292195    
 -0.1534534535       135.6754747    
 -0.1528528529       110.4573938    
 -0.1522522523       92.73486051    
 -0.1516516517       82.71776665    
 -0.1510510511       75.58819301    
 -0.1504504505       69.10719046    
 -0.1498498498       63.01822428    
 -0.1492492492       57.26337032    
 -0.1486486486       52.33980618    
 -0.1480480480       48.70359774    
 -0.1474474474       46.37823266    
 -0.1468468468       44.93815223    
 -0.1462462462       43.97103950    
 -0.1456456456       43.25411302    
 -0.1450450450       42.74837590    
 -0.1444444444       42.48396397    
 -0.1438438438       42.54229377    
 -0.1432432432       43.07510161    
 -0.1426426426       44.29869826    
 -0.1420420420       46.42504421    
 -0.1414414414       49.54226256    
 -0.1408408408       53.83498351    
 -0.1402402402       59.88030326    
 -0.1396396396       67.75924345    
 -0.1390390390       76.69616285    
 -0.1384384384       84.67561777    
 -0.1378378378       90.50178513    
 -0.1372372372       94.08730565    
 -0.1366366366       96.30199820    
 -0.1360360360       97.63487831    
 -0.1354354354       98.03323923    
 -0.1348348348       97.41564646    
 -0.1342342342       96.10147150    
 -0.1336336336       94.63350834    
 -0.1330330330       93.50801654    
 -0.1324324324       92.94685111    
 -0.1318318318       93.03653051    
 -0.1312312312       93.57242079    
 -0.1306306306       94.17014217    
 -0.1300300300       94.36887579    
 -0.1294294294       94.07606543    
 -0.1288288288       93.42560714    
 -0.1282282282       92.33772588    
 -0.1276276276       91.27920920    
 -0.1270270270       91.49218365    
 -0.1264264264       94.78877465    
 -0.1258258258       100.0179932    
 -0.1252252252       101.9805496    
 -0.1246246246       97.21251609    
 -0.1240240240       87.13619367    
 -0.1234234234       78.78863777    
 -0.1228228228       75.37011658    
 -0.1222222222       76.24534307    
 -0.1216216216       78.08064818    
 -0.1210210210       79.41138491    
 -0.1204204204       79.34067171    
 -0.1198198198       77.12618641    
 -0.1192192192       72.74547075    
 -0.1186186186       67.80079925    
 -0.1180180180       64.30370330    
 -0.1174174174       62.74554905    
 -0.1168168168       62.40462735    
 -0.1162162162       62.26746043    
 -0.1156156156       62.10708369    
 -0.1150150150       61.94139403    
 -0.1144144144       61.80063436    
 -0.1138138138       61.70849034    
 -0.1132132132       61.67607151    
 -0.1126126126       61.70609851    
 -0.1120120120       61.79847230    
 -0.1114114114       61.95289137    
 -0.1108108108       62.16878027    
 -0.1102102102       62.44529055    
 -0.1096096096       62.68520063    
 -0.1090090090       63.29093179    
 -0.1084084084       65.27801071    
 -0.1078078078       69.46056634    
 -0.1072072072       75.60105322    
 -0.1066066066       81.15626108    
 -0.1060060060       84.57442815    
 -0.1054054054       85.30433100    
 -0.1048048048       85.59263666    
 -0.1042042042       87.03794829    
 -0.1036036036       90.63888670    
 -0.1030030030       96.01548930    
 -0.1024024024       102.1433666    
 -0.1018018018       107.6385606    
 -0.1012012012       111.3601090    
 -0.1006006006       113.2421212    
 -0.1000000000       114.0053673    
 -0.9939939940E-01   114.5429574    
 -0.9879879880E-01   114.9142731    
 -0.9819819820E-01   114.7338645    
 -0.9759759760E-01   113.4318058    
 -0.9699699700E-01   110.5901599    
 -0.9639639640E-01   105.6143092    
 -0.9579579580E-01   98.50245422    
 -0.9519519520E-01   89.97851586    
 -0.9459459459E-01   81.10206893    
 -0.9399399399E-01   71.85978098    
 -0.9339339339E-01   62.05338769    
 -0.9279279279E-01   52.41930959    
 -0.9219219219E-01   45.88781052    
 -0.9159159159E-01   43.47197448    
 -0.9099099099E-01   43.44164015    
 -0.9039039039E-01   41.09038355    
 -0.8978978979E-01   34.61520029    
 -0.8918918919E-01   25.73671307    
 -0.8858858859E-01   17.67370918    
 -0.8798798799E-01   12.23305579    
 -0.8738738739E-01   9.249715410    
 -0.8678678679E-01   7.974350791    
 -0.8618618619E-01   7.583280015    
 -0.8558558559E-01   7.486557889    
 -0.8498498498E-01   7.459137014    
 -0.8438438438E-01   7.353533483    
 -0.8378378378E-01   7.140968008    
 -0.8318318318E-01   6.817659040    
 -0.8258258258E-01   6.557027583    
 -0.8198198198E-01   6.369255701    
 -0.8138138138E-01   6.276695398    
 -0.8078078078E-01   6.207639836    
 -0.8018018018E-01   6.165576505    
 -0.7957957958E-01   6.140013146    
 -0.7897897898E-01   6.122376407    
 -0.7837837838E-01   6.105643650    
 -0.7777777778E-01   6.085570204    
 -0.7717717718E-01   6.060807924    
 -0.7657657658E-01   6.032381646    
 -0.7597597598E-01   6.003024007    
 -0.7537537538E-01   5.974805060    
 -0.7477477477E-01   5.948745512    
 -0.7417417417E-01   5.924650316    
 -0.7357357357E-01   5.902383648    
 -0.7297297297E-01   5.881891851    
 -0.7237237237E-01   5.863173960    
 -0.7177177177E-01   5.846229976    
 -0.7117117117E-01   5.831059900    
 -0.7057057057E-01   5.817663730    
 -0.6996996997E-01   5.801936378    
 -0.6936936937E-01   5.784340499    
 -0.6876876877E-01   5.765917890    
 -0.6816816817E-01   5.755816165    
 -0.6756756757E-01   5.753948253    
 -0.6696696697E-01   5.758871908    
 -0.6636636637E-01   5.765099483    
 -0.6576576577E-01   5.771771972    
 -0.6516516517E-01   5.778865784    
 -0.6456456456E-01   5.786389109    
 -0.6396396396E-01   5.794310754    
 -0.6336336336E-01   5.802491293    
 -0.6276276276E-01   5.810788135    
 -0.6216216216E-01   5.819173687    
 -0.6156156156E-01   5.827677675    
 -0.6096096096E-01   5.836346022    
 -0.6036036036E-01   5.845187334    
 -0.5975975976E-01   5.854201742    
 -0.5915915916E-01   5.863389245    
 -0.5855855856E-01   5.872749843    
 -0.5795795796E-01   5.882283537    
 -0.5735735736E-01   5.891990327    
 -0.5675675676E-01   5.901870212    
 -0.5615615616E-01   5.911923192    
 -0.5555555556E-01   5.922149269    
 -0.5495495495E-01   5.932548440    
 -0.5435435435E-01   5.943120707    
 -0.5375375375E-01   5.953866070    
 -0.5315315315E-01   5.964784528    
 -0.5255255255E-01   5.975876082    
 -0.5195195195E-01   5.987140731    
 -0.5135135135E-01   5.998578476    
 -0.5075075075E-01   6.010189316    
 -0.5015015015E-01   6.021973252    
 -0.4954954955E-01   6.033930283    
 -0.4894894895E-01   6.046060410    
 -0.4834834835E-01   6.058363632    
 -0.4774774775E-01   6.070839950    
 -0.4714714715E-01   6.083489363    
 -0.4654654655E-01   6.096311872    
 -0.4594594595E-01   6.109307477    
 -0.4534534535E-01   6.122476177    
 -0.4474474474E-01   6.135817972    
 -0.4414414414E-01   6.149332863    
 -0.4354354354E-01   6.163020850    
 -0.4294294294E-01   6.176881932    
 -0.4234234234E-01   6.190899060    
 -0.4174174174E-01   6.204991065    
 -0.4114114114E-01   6.219015823    
 -0.4054054054E-01   6.232849579    
 -0.3993993994E-01   6.246530939    
 -0.3933933934E-01   6.260251521    
 -0.3873873874E-01   6.274213467    
 -0.3813813814E-01   6.288472771    
 -0.3753753754E-01   6.302948477    
 -0.3693693694E-01   6.317537886    
 -0.3633633634E-01   6.332186204    
 -0.3573573574E-01   6.346883534    
 -0.3513513514E-01   6.361629875    
 -0.3453453453E-01   6.376425228    
 -0.3393393393E-01   6.391269591    
 -0.3333333333E-01   6.406162966    
 -0.3273273273E-01   6.421105352    
 -0.3213213213E-01   6.436097736    
 -0.3153153153E-01   6.451145846    
 -0.3093093093E-01   6.466260525    
 -0.3033033033E-01   6.481455754    
 -0.2972972973E-01   6.496741134    
 -0.2912912913E-01   6.512121159    
 -0.2852852853E-01   6.527596195    
 -0.2792792793E-01   6.543166242    
 -0.2732732733E-01   6.558831299    
 -0.2672672673E-01   6.574591368    
 -0.2612612613E-01   6.590446448    
 -0.2552552553E-01   6.606396539    
 -0.2492492492E-01   6.622441641    
 -0.2432432432E-01   6.638581754    
 -0.2372372372E-01   6.654816878    
 -0.2312312312E-01   6.671147012    
 -0.2252252252E-01   6.687572158    
 -0.2192192192E-01   6.704092315    
 -0.2132132132E-01   6.720707483    
 -0.2072072072E-01   6.737417662    
 -0.2012012012E-01   6.754222852    
 -0.1951951952E-01   6.771123053    
 -0.1891891892E-01   6.788118265    
 -0.1831831832E-01   6.805218474    
 -0.1771771772E-01   6.822477473    
 -0.1711711712E-01   6.839995638    
 -0.1651651652E-01   6.857877810    
 -0.1591591592E-01   6.876019902    
 -0.1531531532E-01   6.893864194    
 -0.1471471471E-01   6.910184349    
 -0.1411411411E-01   6.923363904    
 -0.1351351351E-01   6.931444460    
 -0.1291291291E-01   6.929569663    
 -0.1231231231E-01   6.911033926    
 -0.1171171171E-01   6.871801532    
 -0.1111111111E-01   6.816867218    
 -0.1051051051E-01   6.758007698    
 -0.9909909910E-02   6.705395442    
 -0.9309309309E-02   6.664835800    
 -0.8708708709E-02   6.641494724    
 -0.8108108108E-02   6.644110109    
 -0.7507507508E-02   6.681853170    
 -0.6906906907E-02   6.753413020    
 -0.6306306306E-02   6.844573929    
 -0.5705705706E-02   6.931819399    
 -0.5105105105E-02   6.999959941    
 -0.4504504505E-02   7.048648131    
 -0.3903903904E-02   7.087848908    
 -0.3303303303E-02   7.125429463    
 -0.2702702703E-02   7.161228112    
 -0.2102102102E-02   7.193566382    
 -0.1501501502E-02   7.221792343    
 -0.9009009009E-03   7.247705456    
 -0.3003003003E-03   7.272169143    
  0.3003003003E-03   7.295587040    
  0.9009009009E-03   7.318241868    
  0.1501501502E-02   7.340414312    
  0.2102102102E-02   7.362361939    
  0.2702702703E-02   7.384019226    
  0.3303303303E-02   7.404783706    
  0.3903903904E-02   7.423629040    
  0.4504504505E-02   7.439479506    
  0.5105105105E-02   7.451700993    
  0.5705705706E-02   7.460069955    
  0.6306306306E-02   7.464622895    
  0.6906906907E-02   7.465396970    
  0.7507507508E-02   7.462401806    
  0.8108108108E-02   7.455589967    
  0.8708708709E-02   7.444880899    
  0.9309309309E-02   7.430191802    
  0.9909909910E-02   7.411493593    
  0.1051051051E-01   7.388887943    
  0.1111111111E-01   7.362664700    
  0.1171171171E-01   7.333247560    
  0.1231231231E-01   7.300956458    
  0.1291291291E-01   7.265730159    
  0.1351351351E-01   7.227170291    
  0.1411411411E-01   7.184852015    
  0.1471471471E-01   7.139572130    
  0.1531531532E-01   7.093550911    
  0.1591591592E-01   7.049850263    
  0.1651651652E-01   7.010430729    
  0.1711711712E-01   6.975674111    
  0.1771771772E-01   6.944952992    
  0.1831831832E-01   6.917528346    
  0.1891891892E-01   6.892872119    
  0.1951951952E-01   6.870663611    
  0.2012012012E-01   6.850804735    
  0.2072072072E-01   6.833330127    
  0.2132132132E-01   6.818226595    
  0.2192192192E-01   6.805425834    
  0.2252252252E-01   6.794856166    
  0.2312312312E-01   6.786488476    
  0.2372372372E-01   6.780335977    
  0.2432432432E-01   6.776403528    
  0.2492492492E-01   6.774500192    
  0.2552552553E-01   6.774260408    
  0.2612612613E-01   6.775198554    
  0.2672672673E-01   6.777054161    
  0.2732732733E-01   6.779727265    
  0.2792792793E-01   6.783201546    
  0.2852852853E-01   6.787360347    
  0.2912912913E-01   6.792032831    
  0.2972972973E-01   6.797089014    
  0.3033033033E-01   6.802461387    
  0.3093093093E-01   6.808139420    
  0.3153153153E-01   6.814123115    
  0.3213213213E-01   6.820412470    
  0.3273273273E-01   6.827007485    
  0.3333333333E-01   6.833908162    
  0.3393393393E-01   6.841114499    
  0.3453453453E-01   6.848626497    
  0.3513513514E-01   6.856444155    
  0.3573573574E-01   6.864567474    
  0.3633633634E-01   6.872996455    
  0.3693693694E-01   6.881731095    
  0.3753753754E-01   6.890780190    
  0.3813813814E-01   6.900222809    
  0.3873873874E-01   6.910220160    
  0.3933933934E-01   6.920997998    
  0.3993993994E-01   6.932723652    
  0.4054054054E-01   6.945476579    
  0.4114114114E-01   6.959226778    
  0.4174174174E-01   6.973730731    
  0.4234234234E-01   6.988436677    
  0.4294294294E-01   7.002512703    
  0.4354354354E-01   7.015191943    
  0.4414414414E-01   7.026100857    
  0.4474474474E-01   7.035387447    
  0.4534534535E-01   7.043539701    
  0.4594594595E-01   7.051071718    
  0.4654654655E-01   7.058304531    
  0.4714714715E-01   7.065355802    
  0.4774774775E-01   7.072237733    
  0.4834834835E-01   7.078950323    
  0.4894894895E-01   7.085493573    
  0.4954954955E-01   7.091867492    
  0.5015015015E-01   7.097325262    
  0.5075075075E-01   7.099196757    
  0.5135135135E-01   7.092981981    
  0.5195195195E-01   7.076451988    
  0.5255255255E-01   7.051607718    
  0.5315315315E-01   7.024268443    
  0.5375375375E-01   6.998083850    
  0.5435435435E-01   6.974117108    
  0.5495495495E-01   6.951298090    
  0.5555555556E-01   6.929084142    
  0.5615615616E-01   6.907123522    
  0.5675675676E-01   6.885227841    
  0.5735735736E-01   6.863454675    
  0.5795795796E-01   6.842097167    
  0.5855855856E-01   6.821775054    
  0.5915915916E-01   6.803965580    
  0.5975975976E-01   6.791030005    
  0.6036036036E-01   6.785791207    
  0.6096096096E-01   6.790138863    
  0.6156156156E-01   6.804925799    
  0.6216216216E-01   6.830160775    
  0.6276276276E-01   6.865677754    
  0.6336336336E-01   6.911187447    
  0.6396396396E-01   6.966346642    
  0.6456456456E-01   7.030932364    
  0.6516516517E-01   7.104851175    
  0.6576576577E-01   7.188100893    
  0.6636636637E-01   7.280681518    
  0.6696696697E-01   7.382593051    
  0.6756756757E-01   7.493835492    
  0.6816816817E-01   7.614408839    
  0.6876876877E-01   7.744313094    
  0.6936936937E-01   7.882653821    
  0.6996996997E-01   8.007818679    
  0.7057057057E-01   8.094487185    
  0.7117117117E-01   8.119350832    
  0.7177177177E-01   8.099548363    
  0.7237237237E-01   8.058641676    
  0.7297297297E-01   8.017858902    
  0.7357357357E-01   7.978694260    
  0.7417417417E-01   7.939926950    
  0.7477477477E-01   7.901552404    
  0.7537537538E-01   7.863568972    
  0.7597597598E-01   7.825935510    
  0.7657657658E-01   7.788555598    
  0.7717717718E-01   7.751280842    
  0.7777777778E-01   7.713986560    
  0.7837837838E-01   7.676603343    
  0.7897897898E-01   7.639115412    
  0.7957957958E-01   7.601522766    
  0.8018018018E-01   7.563825406    
  0.8078078078E-01   7.526023330    
  0.8138138138E-01   7.488116539    
  0.8198198198E-01   7.450105034    
  0.8258258258E-01   7.411988814    
  0.8318318318E-01   7.373767878    
  0.8378378378E-01   7.335442228    
  0.8438438438E-01   7.297011863    
  0.8498498498E-01   7.258476783    
  0.8558558559E-01   7.219871265    
  0.8618618619E-01   7.181465197    
  0.8678678679E-01   7.143755550    
  0.8738738739E-01   7.107398450    
  0.8798798799E-01   7.072844488    
  0.8858858859E-01   7.040380652    
  0.8918918919E-01   7.010411446    
  0.8978978979E-01   6.983530462    
  0.9039039039E-01   6.959386863    
  0.9099099099E-01   6.936044305    
  0.9159159159E-01   6.910127643    
  0.9219219219E-01   6.879171072    
  0.9279279279E-01   6.843047062    
  0.9339339339E-01   6.810005083    
  0.9399399399E-01   6.796638720    
  0.9459459459E-01   6.822128818    
  0.9519519520E-01   6.892517584    
  0.9579579580E-01   6.990161505    
  0.9639639640E-01   7.084514351    
  0.9699699700E-01   7.147484135    
  0.9759759760E-01   7.172638468    
  0.9819819820E-01   7.167090074    
  0.9879879880E-01   7.143193326    
  0.9939939940E-01   7.107115375    
  0.1000000000       7.062182619    
  0.1006006006       7.012965442    
  0.1012012012       6.966526322    
  0.1018018018       6.929644533    
  0.1024024024       6.906100780    
  0.1030030030       6.896749131    
  0.1036036036       6.899438910    
  0.1042042042       6.909177695    
  0.1048048048       6.918735618    
  0.1054054054       6.921768864    
  0.1060060060       6.915507756    
  0.1066066066       6.900724932    
  0.1072072072       6.880180054    
  0.1078078078       6.856477749    
  0.1084084084       6.831193401    
  0.1090090090       6.804864643    
  0.1096096096       6.777491725    
  0.1102102102       6.749088570    
  0.1108108108       6.719717864    
  0.1114114114       6.689492722    
  0.1120120120       6.658548844    
  0.1126126126       6.626974827    
  0.1132132132       6.594808842    
  0.1138138138       6.562052553    
  0.1144144144       6.528705961    
  0.1150150150       6.494769065    
  0.1156156156       6.460241865    
  0.1162162162       6.425110344    
  0.1168168168       6.389302997    
  0.1174174174       6.352687730    
  0.1180180180       6.315104533    
  0.1186186186       6.276473768    
  0.1192192192       6.236805024    
  0.1198198198       6.196173836    
  0.1204204204       6.154635519    
  0.1210210210       6.112216744    
  0.1216216216       6.068920176    
  0.1222222222       6.024745813    
  0.1228228228       5.979693655    
  0.1234234234       5.933776402    
  0.1240240240       5.887011684    
  0.1246246246       5.839306383    
  0.1252252252       5.790560469    
  0.1258258258       5.740697327    
  0.1264264264       5.689895124    
  0.1270270270       5.638389471    
  0.1276276276       5.586578537    
  0.1282282282       5.534948680    
  0.1288288288       5.484164146    
  0.1294294294       5.434802786    
  0.1300300300       5.387273442    
  0.1306306306       5.341749721    
  0.1312312312       5.298261662    
  0.1318318318       5.255752695    
  0.1324324324       5.211843054    
  0.1330330330       5.163311532    
  0.1336336336       5.108320708    
  0.1342342342       5.047470706    
  0.1348348348       4.982986289    
  0.1354354354       4.917385193    
  0.1360360360       4.855624826    
  0.1366366366       4.810529333    
  0.1372372372       4.796250610    
  0.1378378378       4.820780384    
  0.1384384384       4.875817521    
  0.1390390390       4.949858447    
  0.1396396396       5.033994562    
  0.1402402402       5.127023085    
  0.1408408408       5.229079055    
  0.1414414414       5.340618721    
  0.1420420420       5.465526467    
  0.1426426426       5.612409979    
  0.1432432432       5.794440360    
  0.1438438438       6.020497261    
  0.1444444444       6.284697992    
  0.1450450450       6.563554261    
  0.1456456456       6.824425720    
  0.1462462462       7.045087146    
  0.1468468468       7.221186593    
  0.1474474474       7.363362389    
  0.1480480480       7.483823427    
  0.1486486486       7.589122996    
  0.1492492492       7.680187015    
  0.1498498498       7.755332320    
  0.1504504505       7.813321258    
  0.1510510511       7.853577985    
  0.1516516517       7.876080540    
  0.1522522523       7.880870042    
  0.1528528529       7.867954435    
  0.1534534535       7.837333721    
  0.1540540541       7.789375997    
  0.1546546547       7.726270767    
  0.1552552553       7.652814626    
  0.1558558559       7.575720632    
  0.1564564565       7.500660824    
  0.1570570571       7.430686246    
  0.1576576577       7.366503910    
  0.1582582583       7.308031849    
  0.1588588589       7.255201995    
  0.1594594595       7.208005755    
  0.1600600601       7.166394908    
  0.1606606607       7.129970096    
  0.1612612613       7.097914719    
  0.1618618619       7.069029602    
  0.1624624625       7.042318311    
  0.1630630631       7.017119354    
  0.1636636637       6.993181500    
  0.1642642643       6.970401924    
  0.1648648649       6.948760095    
  0.1654654655       6.928256013    
  0.1660660661       6.908889678    
  0.1666666667       6.890661090    
  0.1672672673       6.873570250    
  0.1678678679       6.857617157    
  0.1684684685       6.842801811    
  0.1690690691       6.829123999    
  0.1696696697       6.816510269    
  0.1702702703       6.804755278    
  0.1708708709       6.793500990    
  0.1714714715       6.782314876    
  0.1720720721       6.770802144    
  0.1726726727       6.758647972    
  0.1732732733       6.745680191    
  0.1738738739       6.731820789    
  0.1744744745       6.717064684    
  0.1750750751       6.701411876    
  0.1756756757       6.684860485    
  0.1762762763       6.667357434    
  0.1768768769       6.648877735    
  0.1774774775       6.629448988    
  0.1780780781       6.609233246    
  0.1786786787       6.588570941    
  0.1792792793       6.568049872    
  0.1798798799       6.548490639    
  0.1804804805       6.530620929    
  0.1810810811       6.514871555    
  0.1816816817       6.501354079    
  0.1822822823       6.490081456    
  0.1828828829       6.481334786    
  0.1834834835       6.475732017    
  0.1840840841       6.474188851    
  0.1846846847       6.477349856    
  0.1852852853       6.485397082    
  0.1858858859       6.498072472    
  0.1864864865       6.515048732    
  0.1870870871       6.536121751    
  0.1876876877       6.561210495    
  0.1882882883       6.590298506    
  0.1888888889       6.623635871    
  0.1894894895       6.663584671    
  0.1900900901       6.717191361    
  0.1906906907       6.797059014    
  0.1912912913       6.912341762    
  0.1918918919       7.062641686    
  0.1924924925       7.235214975    
  0.1930930931       7.416038716    
  0.1936936937       7.594009664    
  0.1942942943       7.763151192    
  0.1948948949       7.919688312    
  0.1954954955       8.062411911    
  0.1960960961       8.192308870    
  0.1966966967       8.312022025    
  0.1972972973       8.424094207    
  0.1978978979       8.530304454    
  0.1984984985       8.631204048    
  0.1990990991       8.726853338    
  0.1996996997       8.817333390    
  0.2003003003       8.902817756    
  0.2009009009       8.983559529    
  0.2015015015       9.059883168    
  0.2021021021       9.132110203    
  0.2027027027       9.200537490    
  0.2033033033       9.265328145    
  0.2039039039       9.326500639    
  0.2045045045       9.383965048    
  0.2051051051       9.437637936    
  0.2057057057       9.487485362    
  0.2063063063       9.533510458    
  0.2069069069       9.575724126    
  0.2075075075       9.614133564    
  0.2081081081       9.648699615    
  0.2087087087       9.679179567    
  0.2093093093       9.705111716    
  0.2099099099       9.725882030    
  0.2105105105       9.741037920    
  0.2111111111       9.750744941    
  0.2117117117       9.757635697    
  0.2123123123       9.766903733    
  0.2129129129       9.785157031    
  0.2135135135       9.815186187    
  0.2141141141       9.855665605    
  0.2147147147       9.902255005    
  0.2153153153       9.952182440    
  0.2159159159       10.00318341    
  0.2165165165       10.05719000    
  0.2171171171       10.14493426    
  0.2177177177       10.30342621    
  0.2183183183       10.56497542    
  0.2189189189       10.90600485    
  0.2195195195       11.29523024    
  0.2201201201       11.70292747    
  0.2207207207       12.11886229    
  0.2213213213       12.52370774    
  0.2219219219       12.88699910    
  0.2225225225       13.18175412    
  0.2231231231       13.39239003    
  0.2237237237       13.51499917    
  0.2243243243       13.55055253    
  0.2249249249       13.50250774    
  0.2255255255       13.38107322    
  0.2261261261       13.20499653    
  0.2267267267       12.99876320    
  0.2273273273       12.78227197    
  0.2279279279       12.56610593    
  0.2285285285       12.35280627    
  0.2291291291       12.14233082    
  0.2297297297       11.93461509    
  0.2303303303       11.72973104    
  0.2309309309       11.52798407    
  0.2315315315       11.32989693    
  0.2321321321       11.13597960    
  0.2327327327       10.94653527    
  0.2333333333       10.76164791    
  0.2339339339       10.58127782    
  0.2345345345       10.40533006    
  0.2351351351       10.23365685    
  0.2357357357       10.06608478    
  0.2363363363       9.902471978    
  0.2369369369       9.742744708    
  0.2375375375       9.586886889    
  0.2381381381       9.434911543    
  0.2387387387       9.286817348    
  0.2393393393       9.142567542    
  0.2399399399       9.002089884    
  0.2405405405       8.865311866    
  0.2411411411       8.732219056    
  0.2417417417       8.602864383    
  0.2423423423       8.477350900    
  0.2429429429       8.355765854    
  0.2435435435       8.238160314    
  0.2441441441       8.124541151    
  0.2447447447       8.014896359    
  0.2453453453       7.909209685    
  0.2459459459       7.807481091    
  0.2465465465       7.709756336    
  0.2471471471       7.616129745    
  0.2477477477       7.526722562    
  0.2483483483       7.441617768    
  0.2489489489       7.360844696    
  0.2495495495       7.284391828    
  0.2501501502       7.212256927    
  0.2507507508       7.144439545    
  0.2513513514       7.080926402    
  0.2519519520       7.021674822    
  0.2525525526       6.966647524    
  0.2531531532       6.915820803    
  0.2537537538       6.869159536    
  0.2543543544       6.826627907    
  0.2549549550       6.788204984    
  0.2555555556       6.753942611    
  0.2561561562       6.723910874    
  0.2567567568       6.698180954    
  0.2573573574       6.676851697    
  0.2579579580       6.666417995    
  0.2585585586       6.677019437    
  0.2591591592       6.718222984    
  0.2597597598       6.786336654    
  0.2603603604       6.869901868    
  0.2609609610       6.957822614    
  0.2615615616       7.045641645    
  0.2621621622       7.132817015    
  0.2627627628       7.218878175    
  0.2633633634       7.303557575    
  0.2639639640       7.386782783    
  0.2645645646       7.468568665    
  0.2651651652       7.548973866    
  0.2657657658       7.628223899    
  0.2663663664       7.706740627    
  0.2669669670       7.785026318    
  0.2675675676       7.863425311    
  0.2681681682       7.942007131    
  0.2687687688       8.020742552    
  0.2693693694       8.099579132    
  0.2699699700       8.178426564    
  0.2705705706       8.257055848    
  0.2711711712       8.335146936    
  0.2717717718       8.412467968    
  0.2723723724       8.488917321    
  0.2729729730       8.564502218    
  0.2735735736       8.639237940    
  0.2741741742       8.713121289    
  0.2747747748       8.786061947    
  0.2753753754       8.857814765    
  0.2759759760       8.927945100    
  0.2765765766       8.995977691    
  0.2771771772       9.061575332    
  0.2777777778       9.124695755    
  0.2783783784       9.185539129    
  0.2789789790       9.244414177    
  0.2795795796       9.301639923    
  0.2801801802       9.357575205    
  0.2807807808       9.412688170    
  0.2813813814       9.467405606    
  0.2819819820       9.521861604    
  0.2825825826       9.575807144    
  0.2831831832       9.628779448    
  0.2837837838       9.680431668    
  0.2843843844       9.730535653    
  0.2849849850       9.778937271    
  0.2855855856       9.825449186    
  0.2861861862       9.869958078    
  0.2867867868       9.912438612    
  0.2873873874       9.952930891    
  0.2879879880       9.991478788    
  0.2885885886       10.02811298    
  0.2891891892       10.06280682    
  0.2897897898       10.09220723    
  0.2903903904       10.11128792    
  0.2909909910       10.11591908    
  0.2915915916       10.10936815    
  0.2921921922       10.10482521    
  0.2927927928       10.11778677    
  0.2933933934       10.15899493    
  0.2939939940       10.22445511    
  0.2945945946       10.30316143    
  0.2951951952       10.38483419    
  0.2957957958       10.46573370    
  0.2963963964       10.54600658    
  0.2969969970       10.62574458    
  0.2975975976       10.70497450    
  0.2981981982       10.78368288    
  0.2987987988       10.86186681    
  0.2993993994       10.93959674    
  0.3000000000       11.01705285    
     
