 -0.3000000000      0.8437474682    
 -0.2993993994      0.8551333336    
 -0.2987987988      0.8663961756    
 -0.2981981982      0.8775717858    
 -0.2975975976      0.8888311711    
 -0.2969969970      0.9003206720    
 -0.2963963964      0.9121060350    
 -0.2957957958      0.9242114925    
 -0.2951951952      0.9366722718    
 -0.2945945946      0.9494617161    
 -0.2939939940      0.9624396161    
 -0.2933933934      0.9753784811    
 -0.2927927928      0.9880986672    
 -0.2921921922       1.000543956    
 -0.2915915916       1.012740440    
 -0.2909909910       1.024733311    
 -0.2903903904       1.036545258    
 -0.2897897898       1.048193540    
 -0.2891891892       1.059689634    
 -0.2885885886       1.071040248    
 -0.2879879880       1.082248734    
 -0.2873873874       1.093316293    
 -0.2867867868       1.104243187    
 -0.2861861862       1.115029415    
 -0.2855855856       1.125674978    
 -0.2849849850       1.136179875    
 -0.2843843844       1.146544106    
 -0.2837837838       1.156767672    
 -0.2831831832       1.166850572    
 -0.2825825826       1.176792807    
 -0.2819819820       1.186594376    
 -0.2813813814       1.196255279    
 -0.2807807808       1.205775517    
 -0.2801801802       1.215155090    
 -0.2795795796       1.224393996    
 -0.2789789790       1.233492237    
 -0.2783783784       1.242592609    
 -0.2777777778       1.252042034    
 -0.2771771772       1.262212052    
 -0.2765765766       1.273305771    
 -0.2759759760       1.288512618    
 -0.2753753754       1.313435520    
 -0.2747747748       1.350474689    
 -0.2741741742       1.389454271    
 -0.2735735736       1.412676582    
 -0.2729729730       1.411086695    
 -0.2723723724       1.394687994    
 -0.2717717718       1.381209288    
 -0.2711711712       1.380655691    
 -0.2705705706       1.389715209    
 -0.2699699700       1.402412915    
 -0.2693693694       1.415053539    
 -0.2687687688       1.427529463    
 -0.2681681682       1.439733974    
 -0.2675675676       1.451618326    
 -0.2669669670       1.463209400    
 -0.2663663664       1.474574825    
 -0.2657657658       1.485762683    
 -0.2651651652       1.496805690    
 -0.2645645646       1.507719374    
 -0.2639639640       1.518511899    
 -0.2633633634       1.529187979    
 -0.2627627628       1.539749088    
 -0.2621621622       1.550195276    
 -0.2615615616       1.560526542    
 -0.2609609610       1.570742887    
 -0.2603603604       1.580844311    
 -0.2597597598       1.590833289    
 -0.2591591592       1.600775610    
 -0.2585585586       1.610871277    
 -0.2579579580       1.621454654    
 -0.2573573574       1.632872786    
 -0.2567567568       1.645342354    
 -0.2561561562       1.658898163    
 -0.2555555556       1.673363208    
 -0.2549549550       1.688423898    
 -0.2543543544       1.703787389    
 -0.2537537538       1.719363068    
 -0.2531531532       1.735230951    
 -0.2525525526       1.751458075    
 -0.2519519520       1.767995491    
 -0.2513513514       1.784735549    
 -0.2507507508       1.801604493    
 -0.2501501502       1.818611622    
 -0.2495495495       1.835822442    
 -0.2489489489       1.853338156    
 -0.2483483483       1.871236899    
 -0.2477477477       1.889576086    
 -0.2471471471       1.908395656    
 -0.2465465465       1.927739312    
 -0.2459459459       1.947643315    
 -0.2453453453       1.968132348    
 -0.2447447447       1.989218249    
 -0.2441441441       2.010905618    
 -0.2435435435       2.033195795    
 -0.2429429429       2.056088779    
 -0.2423423423       2.079584572    
 -0.2417417417       2.103683172    
 -0.2411411411       2.128384580    
 -0.2405405405       2.153688796    
 -0.2399399399       2.179595820    
 -0.2393393393       2.206105652    
 -0.2387387387       2.233218292    
 -0.2381381381       2.260933739    
 -0.2375375375       2.289251994    
 -0.2369369369       2.318109419    
 -0.2363363363       2.347328783    
 -0.2357357357       2.375454155    
 -0.2351351351       2.399310237    
 -0.2345345345       2.407755438    
 -0.2339339339       2.413420998    
 -0.2333333333       2.421792901    
 -0.2327327327       2.454899568    
 -0.2321321321       2.491206607    
 -0.2315315315       2.529005959    
 -0.2309309309       2.557866209    
 -0.2303303303       2.588285741    
 -0.2297297297       2.619754481    
 -0.2291291291       2.651995496    
 -0.2285285285       2.684859346    
 -0.2279279279       2.718320183    
 -0.2273273273       2.752444998    
 -0.2267267267       2.787367643    
 -0.2261261261       2.823235161    
 -0.2255255255       2.860141062    
 -0.2249249249       2.898132660    
 -0.2243243243       2.937239900    
 -0.2237237237       2.977487178    
 -0.2231231231       3.018892719    
 -0.2225225225       3.061468645    
 -0.2219219219       3.105221776    
 -0.2213213213       3.150155823    
 -0.2207207207       3.196271578    
 -0.2201201201       3.243569041    
 -0.2195195195       3.292048211    
 -0.2189189189       3.341709088    
 -0.2183183183       3.392551672    
 -0.2177177177       3.444575964    
 -0.2171171171       3.497778757    
 -0.2165165165       3.552089846    
 -0.2159159159       3.607347164    
 -0.2153153153       3.663310938    
 -0.2147147147       3.719821156    
 -0.2141141141       3.776822655    
 -0.2135135135       3.834047718    
 -0.2129129129       3.890704856    
 -0.2123123123       3.945842234    
 -0.2117117117       3.999128066    
 -0.2111111111       4.051817644    
 -0.2105105105       4.105820879    
 -0.2099099099       4.289822402    
 -0.2093093093       4.595968892    
 -0.2087087087       4.981619380    
 -0.2081081081       5.191109601    
 -0.2075075075       5.244536326    
 -0.2069069069       5.233692534    
 -0.2063063063       5.307191498    
 -0.2057057057       5.481876233    
 -0.2051051051       5.755329231    
 -0.2045045045       6.152706159    
 -0.2039039039       6.674228792    
 -0.2033033033       7.274966796    
 -0.2027027027       7.895599254    
 -0.2021021021       8.494409582    
 -0.2015015015       9.060617723    
 -0.2009009009       9.603887935    
 -0.2003003003       10.13316761    
 -0.1996996997       10.65431699    
 -0.1990990991       11.16897290    
 -0.1984984985       11.67854760    
 -0.1978978979       12.18365537    
 -0.1972972973       12.68465481    
 -0.1966966967       13.18361159    
 -0.1960960961       13.69730597    
 -0.1954954955       14.23863107    
 -0.1948948949       14.82926265    
 -0.1942942943       15.42728248    
 -0.1936936937       15.93551699    
 -0.1930930931       16.14353511    
 -0.1924924925       15.93424460    
 -0.1918918919       15.37379541    
 -0.1912912913       14.76288519    
 -0.1906906907       14.36627285    
 -0.1900900901       14.27221999    
 -0.1894894895       14.39233766    
 -0.1888888889       14.60977292    
 -0.1882882883       14.85373705    
 -0.1876876877       15.10386782    
 -0.1870870871       15.36369621    
 -0.1864864865       15.64307403    
 -0.1858858859       15.94506536    
 -0.1852852853       16.26761617    
 -0.1846846847       16.60637055    
 -0.1840840841       16.95530069    
 -0.1834834835       17.30822718    
 -0.1828828829       17.66483994    
 -0.1822822823       18.02867685    
 -0.1816816817       18.40715499    
 -0.1810810811       18.80483063    
 -0.1804804805       19.22657778    
 -0.1798798799       19.67220622    
 -0.1792792793       20.13679555    
 -0.1786786787       20.61189622    
 -0.1780780781       21.09130041    
 -0.1774774775       21.57350853    
 -0.1768768769       22.05876964    
 -0.1762762763       22.55678430    
 -0.1756756757       23.08981221    
 -0.1750750751       23.69116669    
 -0.1744744745       24.37715675    
 -0.1738738739       25.12615898    
 -0.1732732733       25.87811410    
 -0.1726726727       26.55764338    
 -0.1720720721       27.09554765    
 -0.1714714715       27.93191500    
 -0.1708708709       28.85085036    
 -0.1702702703       29.39897024    
 -0.1696696697       28.44535425    
 -0.1690690691       26.29884459    
 -0.1684684685       23.89831886    
 -0.1678678679       22.12982911    
 -0.1672672673       20.90578024    
 -0.1666666667       19.84589581    
 -0.1660660661       18.73030885    
 -0.1654654655       17.74480112    
 -0.1648648649       16.83743139    
 -0.1642642643       16.13725571    
 -0.1636636637       15.54917042    
 -0.1630630631       15.11127646    
 -0.1624624625       14.74203876    
 -0.1618618619       14.39059517    
 -0.1612612613       14.05015080    
 -0.1606606607       13.73898000    
 -0.1600600601       13.47687421    
 -0.1594594595       13.22783782    
 -0.1588588589       12.96184152    
 -0.1582582583       12.64077184    
 -0.1576576577       12.28261728    
 -0.1570570571       11.90016457    
 -0.1564564565       11.51094459    
 -0.1558558559       11.11097664    
 -0.1552552553       10.69881459    
 -0.1546546547       10.28469427    
 -0.1540540541       9.875431948    
 -0.1534534535       9.482501961    
 -0.1528528529       9.105576126    
 -0.1522522523       8.757573650    
 -0.1516516517       8.444539388    
 -0.1510510511       8.172527776    
 -0.1504504505       7.966920463    
 -0.1498498498       7.876730780    
 -0.1492492492       7.911240891    
 -0.1486486486       7.895179619    
 -0.1480480480       7.697650899    
 -0.1474474474       7.300305741    
 -0.1468468468       6.964354510    
 -0.1462462462       6.786297330    
 -0.1456456456       6.772163493    
 -0.1450450450       6.821654211    
 -0.1444444444       6.974011564    
 -0.1438438438       7.345306702    
 -0.1432432432       8.093031617    
 -0.1426426426       9.372518447    
 -0.1420420420       11.29685902    
 -0.1414414414       13.92887912    
 -0.1408408408       17.29810055    
 -0.1402402402       21.69434941    
 -0.1396396396       27.50121354    
 -0.1390390390       34.99918170    
 -0.1384384384       43.71293836    
 -0.1378378378       52.14590374    
 -0.1372372372       59.12276596    
 -0.1366366366       61.90360241    
 -0.1360360360       60.42772365    
 -0.1354354354       54.66554355    
 -0.1348348348       48.90157049    
 -0.1342342342       44.37503212    
 -0.1336336336       41.38158102    
 -0.1330330330       38.16261742    
 -0.1324324324       34.60338231    
 -0.1318318318       31.56718014    
 -0.1312312312       29.40172813    
 -0.1306306306       27.99467602    
 -0.1300300300       26.87400568    
 -0.1294294294       25.86588517    
 -0.1288288288       24.89963990    
 -0.1282282282       23.97527882    
 -0.1276276276       23.08082696    
 -0.1270270270       22.21194366    
 -0.1264264264       21.45489906    
 -0.1258258258       20.88716147    
 -0.1252252252       20.56513003    
 -0.1246246246       20.33551674    
 -0.1240240240       20.10370519    
 -0.1234234234       19.78760705    
 -0.1228228228       19.44571952    
 -0.1222222222       19.10139104    
 -0.1216216216       18.83002377    
 -0.1210210210       18.76120326    
 -0.1204204204       19.06897945    
 -0.1198198198       19.88128216    
 -0.1192192192       21.08750203    
 -0.1186186186       22.20472670    
 -0.1180180180       22.82739662    
 -0.1174174174       22.83677101    
 -0.1168168168       22.76870045    
 -0.1162162162       22.96936376    
 -0.1156156156       23.63481857    
 -0.1150150150       24.64167870    
 -0.1144144144       25.69334541    
 -0.1138138138       26.75777188    
 -0.1132132132       28.83070912    
 -0.1126126126       31.90090349    
 -0.1120120120       34.93290097    
 -0.1114114114       35.29350334    
 -0.1108108108       33.35239368    
 -0.1102102102       30.91533109    
 -0.1096096096       30.03628478    
 -0.1090090090       30.96999063    
 -0.1084084084       32.96272602    
 -0.1078078078       35.37382233    
 -0.1072072072       37.53867360    
 -0.1066066066       39.26172203    
 -0.1060060060       40.44682677    
 -0.1054054054       41.05924666    
 -0.1048048048       41.04214317    
 -0.1042042042       40.52755205    
 -0.1036036036       39.71944945    
 -0.1030030030       38.74524199    
 -0.1024024024       37.66404096    
 -0.1018018018       36.51476392    
 -0.1012012012       35.30503746    
 -0.1006006006       34.04050633    
 -0.1000000000       32.76637910    
 -0.9939939940E-01   31.47764585    
 -0.9879879880E-01   30.09910110    
 -0.9819819820E-01   28.57009971    
 -0.9759759760E-01   27.00291210    
 -0.9699699700E-01   25.60392658    
 -0.9639639640E-01   24.41300580    
 -0.9579579580E-01   23.36604562    
 -0.9519519520E-01   22.35978190    
 -0.9459459459E-01   21.38942423    
 -0.9399399399E-01   21.37832563    
 -0.9339339339E-01   21.53173762    
 -0.9279279279E-01   21.55589059    
 -0.9219219219E-01   19.57060757    
 -0.9159159159E-01   17.17369598    
 -0.9099099099E-01   14.99786828    
 -0.9039039039E-01   14.06769628    
 -0.8978978979E-01   13.60349155    
 -0.8918918919E-01   13.27412252    
 -0.8858858859E-01   13.00395666    
 -0.8798798799E-01   12.75879199    
 -0.8738738739E-01   12.52586749    
 -0.8678678679E-01   12.30225295    
 -0.8618618619E-01   12.08727335    
 -0.8558558559E-01   11.88081679    
 -0.8498498498E-01   11.68283601    
 -0.8438438438E-01   11.49275328    
 -0.8378378378E-01   11.30291350    
 -0.8318318318E-01   11.46300071    
 -0.8258258258E-01   11.72162277    
 -0.8198198198E-01   12.06064998    
 -0.8138138138E-01   11.73969102    
 -0.8078078078E-01   11.23831924    
 -0.8018018018E-01   10.60437726    
 -0.7957957958E-01   10.27041499    
 -0.7897897898E-01   10.03753784    
 -0.7837837838E-01   9.901779651    
 -0.7777777778E-01   9.829375587    
 -0.7717717718E-01   9.799177386    
 -0.7657657658E-01   9.799802533    
 -0.7597597598E-01   9.830535000    
 -0.7537537538E-01   9.898340465    
 -0.7477477477E-01   10.01070376    
 -0.7417417417E-01   10.17287185    
 -0.7357357357E-01   10.36889843    
 -0.7297297297E-01   10.57784268    
 -0.7237237237E-01   10.84273636    
 -0.7177177177E-01   11.35548987    
 -0.7117117117E-01   12.08966315    
 -0.7057057057E-01   12.79107224    
 -0.6996996997E-01   13.02244779    
 -0.6936936937E-01   12.82037995    
 -0.6876876877E-01   12.51033262    
 -0.6816816817E-01   12.32769374    
 -0.6756756757E-01   12.28459075    
 -0.6696696697E-01   12.24424348    
 -0.6636636637E-01   12.26144609    
 -0.6576576577E-01   12.32430784    
 -0.6516516517E-01   12.45810132    
 -0.6456456456E-01   12.64599819    
 -0.6396396396E-01   12.89918688    
 -0.6336336336E-01   13.20758659    
 -0.6276276276E-01   13.54071285    
 -0.6216216216E-01   13.88250947    
 -0.6156156156E-01   14.22913657    
 -0.6096096096E-01   14.58758299    
 -0.6036036036E-01   14.96217564    
 -0.5975975976E-01   15.35573135    
 -0.5915915916E-01   15.78172396    
 -0.5855855856E-01   16.20348253    
 -0.5795795796E-01   16.62891732    
 -0.5735735736E-01   17.04770331    
 -0.5675675676E-01   17.56149963    
 -0.5615615616E-01   18.18840069    
 -0.5555555556E-01   18.95888936    
 -0.5495495495E-01   19.86694965    
 -0.5435435435E-01   21.01008320    
 -0.5375375375E-01   22.47475562    
 -0.5315315315E-01   24.24036497    
 -0.5255255255E-01   26.07627035    
 -0.5195195195E-01   27.73991014    
 -0.5135135135E-01   29.23431309    
 -0.5075075075E-01   31.09863756    
 -0.5015015015E-01   34.04629768    
 -0.4954954955E-01   38.20788987    
 -0.4894894895E-01   42.67651091    
 -0.4834834835E-01   46.16017796    
 -0.4774774775E-01   48.03285172    
 -0.4714714715E-01   48.33804063    
 -0.4654654655E-01   47.50277413    
 -0.4594594595E-01   45.91429124    
 -0.4534534535E-01   44.33122108    
 -0.4474474474E-01   43.29700394    
 -0.4414414414E-01   43.01935370    
 -0.4354354354E-01   43.29094627    
 -0.4294294294E-01   43.98635233    
 -0.4234234234E-01   45.10564931    
 -0.4174174174E-01   46.59137143    
 -0.4114114114E-01   48.49657352    
 -0.4054054054E-01   50.86300113    
 -0.3993993994E-01   53.24554078    
 -0.3933933934E-01   54.83121115    
 -0.3873873874E-01   54.99868422    
 -0.3813813814E-01   54.58546149    
 -0.3753753754E-01   54.56118462    
 -0.3693693694E-01   55.10861823    
 -0.3633633634E-01   55.18572833    
 -0.3573573574E-01   54.20826617    
 -0.3513513514E-01   52.73089445    
 -0.3453453453E-01   51.75602059    
 -0.3393393393E-01   51.64404417    
 -0.3333333333E-01   51.93235925    
 -0.3273273273E-01   51.85408988    
 -0.3213213213E-01   51.96343859    
 -0.3153153153E-01   53.98433558    
 -0.3093093093E-01   57.80962980    
 -0.3033033033E-01   59.31473773    
 -0.2972972973E-01   55.20946034    
 -0.2912912913E-01   46.49884017    
 -0.2852852853E-01   39.19935252    
 -0.2792792793E-01   35.22694009    
 -0.2732732733E-01   34.02118227    
 -0.2672672673E-01   33.01050869    
 -0.2612612613E-01   32.03003405    
 -0.2552552553E-01   31.13440018    
 -0.2492492492E-01   30.36622646    
 -0.2432432432E-01   29.74058069    
 -0.2372372372E-01   29.22694423    
 -0.2312312312E-01   28.80586502    
 -0.2252252252E-01   28.48853770    
 -0.2192192192E-01   28.44870570    
 -0.2132132132E-01   28.25203541    
 -0.2072072072E-01   27.83022738    
 -0.2012012012E-01   26.75975188    
 -0.1951951952E-01   25.80124959    
 -0.1891891892E-01   24.93885357    
 -0.1831831832E-01   24.42463586    
 -0.1771771772E-01   23.89270360    
 -0.1711711712E-01   23.35672181    
 -0.1651651652E-01   22.83751520    
 -0.1591591592E-01   22.37983615    
 -0.1531531532E-01   22.03068162    
 -0.1471471471E-01   21.76719068    
 -0.1411411411E-01   21.55940960    
 -0.1351351351E-01   21.40612894    
 -0.1291291291E-01   21.30203530    
 -0.1231231231E-01   21.24986144    
 -0.1171171171E-01   21.15063498    
 -0.1111111111E-01   20.94302911    
 -0.1051051051E-01   20.62871420    
 -0.9909909910E-02   20.30001279    
 -0.9309309309E-02   19.99567665    
 -0.8708708709E-02   19.86005410    
 -0.8108108108E-02   19.81162884    
 -0.7507507508E-02   19.89128184    
 -0.6906906907E-02   19.78803183    
 -0.6306306306E-02   19.67536422    
 -0.5705705706E-02   19.57726899    
 -0.5105105105E-02   19.67229351    
 -0.4504504505E-02   19.86196880    
 -0.3903903904E-02   20.07433622    
 -0.3303303303E-02   20.22667296    
 -0.2702702703E-02   20.22799846    
 -0.2102102102E-02   20.08136998    
 -0.1501501502E-02   19.87152780    
 -0.9009009009E-03   19.74222508    
 -0.3003003003E-03   19.77652489    
  0.3003003003E-03   20.00167261    
  0.9009009009E-03   20.38043952    
  0.1501501502E-02   20.77022643    
  0.2102102102E-02   21.00572853    
  0.2702702703E-02   20.98970656    
  0.3303303303E-02   20.61341797    
  0.3903903904E-02   19.91680313    
  0.4504504505E-02   18.92593267    
  0.5105105105E-02   17.97329801    
  0.5705705706E-02   17.20702955    
  0.6306306306E-02   16.67130294    
  0.6906906907E-02   16.21526558    
  0.7507507508E-02   15.75803401    
  0.8108108108E-02   15.29102204    
  0.8708708709E-02   14.81084320    
  0.9309309309E-02   14.31932109    
  0.9909909910E-02   13.82783159    
  0.1051051051E-01   13.35383208    
  0.1111111111E-01   12.88711581    
  0.1171171171E-01   12.37984078    
  0.1231231231E-01   11.81222910    
  0.1291291291E-01   11.42184383    
  0.1351351351E-01   10.82094094    
  0.1411411411E-01   9.989991920    
  0.1471471471E-01   8.492876172    
  0.1531531532E-01   7.232045989    
  0.1591591592E-01   6.274019808    
  0.1651651652E-01   5.851686123    
  0.1711711712E-01   5.509751446    
  0.1771771772E-01   5.219743279    
  0.1831831832E-01   4.965507725    
  0.1891891892E-01   4.732480040    
  0.1951951952E-01   4.514440549    
  0.2012012012E-01   4.314309276    
  0.2072072072E-01   4.140219257    
  0.2132132132E-01   3.998990829    
  0.2192192192E-01   3.892513843    
  0.2252252252E-01   3.816923156    
  0.2312312312E-01   3.766815326    
  0.2372372372E-01   3.736616587    
  0.2432432432E-01   3.721906866    
  0.2492492492E-01   3.717758101    
  0.2552552553E-01   3.719923981    
  0.2612612613E-01   3.725357654    
  0.2672672673E-01   3.732454975    
  0.2732732733E-01   3.740375670    
  0.2792792793E-01   3.748687860    
  0.2852852853E-01   3.757175384    
  0.2912912913E-01   3.765708660    
  0.2972972973E-01   3.774194323    
  0.3033033033E-01   3.782557291    
  0.3093093093E-01   3.790747606    
  0.3153153153E-01   3.798736709    
  0.3213213213E-01   3.806515093    
  0.3273273273E-01   3.814081720    
  0.3333333333E-01   3.821437626    
  0.3393393393E-01   3.828585801    
  0.3453453453E-01   3.835530557    
  0.3513513514E-01   3.842274914    
  0.3573573574E-01   3.848820316    
  0.3633633634E-01   3.855166957    
  0.3693693694E-01   3.861314837    
  0.3753753754E-01   3.867263957    
  0.3813813814E-01   3.873014315    
  0.3873873874E-01   3.878565912    
  0.3933933934E-01   3.883918749    
  0.3993993994E-01   3.889072824    
  0.4054054054E-01   3.894028139    
  0.4114114114E-01   3.898784692    
  0.4174174174E-01   3.903342484    
  0.4234234234E-01   3.907701516    
  0.4294294294E-01   3.911861786    
  0.4354354354E-01   3.915823296    
  0.4414414414E-01   3.919586044    
  0.4474474474E-01   3.923150032    
  0.4534534535E-01   3.926515258    
  0.4594594595E-01   3.929681724    
  0.4654654655E-01   3.932649429    
  0.4714714715E-01   3.935418372    
  0.4774774775E-01   3.937988555    
  0.4834834835E-01   3.940359977    
  0.4894894895E-01   3.942532637    
  0.4954954955E-01   3.944506537    
  0.5015015015E-01   3.946281676    
  0.5075075075E-01   3.947858053    
  0.5135135135E-01   3.949235670    
  0.5195195195E-01   3.950414526    
  0.5255255255E-01   3.951394621    
  0.5315315315E-01   3.952175954    
  0.5375375375E-01   3.952758527    
  0.5435435435E-01   3.953142339    
  0.5495495495E-01   3.953327390    
  0.5555555556E-01   3.953313680    
  0.5615615616E-01   3.953101209    
  0.5675675676E-01   3.952690127    
  0.5735735736E-01   3.952098017    
  0.5795795796E-01   3.951371690    
  0.5855855856E-01   3.950586885    
  0.5915915916E-01   3.949814879    
  0.5975975976E-01   3.949016851    
  0.6036036036E-01   3.948414632    
  0.6096096096E-01   3.948454194    
  0.6156156156E-01   3.949598869    
  0.6216216216E-01   3.951756544    
  0.6276276276E-01   3.954341038    
  0.6336336336E-01   3.956933034    
  0.6396396396E-01   3.959303401    
  0.6456456456E-01   3.961495670    
  0.6516516517E-01   3.963701322    
  0.6576576577E-01   3.966501259    
  0.6636636637E-01   3.970791651    
  0.6696696697E-01   3.977328620    
  0.6756756757E-01   3.986396002    
  0.6816816817E-01   3.997578839    
  0.6876876877E-01   4.010299478    
  0.6936936937E-01   4.024558049    
  0.6996996997E-01   4.041209631    
  0.7057057057E-01   4.060901569    
  0.7117117117E-01   4.083118006    
  0.7177177177E-01   4.106705186    
  0.7237237237E-01   4.129858741    
  0.7297297297E-01   4.151106842    
  0.7357357357E-01   4.168641460    
  0.7417417417E-01   4.181388856    
  0.7477477477E-01   4.186742002    
  0.7537537538E-01   4.180148886    
  0.7597597598E-01   4.155809795    
  0.7657657658E-01   4.111749492    
  0.7717717718E-01   4.050492448    
  0.7777777778E-01   3.978619938    
  0.7837837838E-01   3.903377464    
  0.7897897898E-01   3.833177918    
  0.7957957958E-01   3.772858329    
  0.8018018018E-01   3.723413874    
  0.8078078078E-01   3.680797079    
  0.8138138138E-01   3.643741864    
  0.8198198198E-01   3.612134697    
  0.8258258258E-01   3.586479377    
  0.8318318318E-01   3.564034537    
  0.8378378378E-01   3.541934472    
  0.8438438438E-01   3.514751521    
  0.8498498498E-01   3.484005051    
  0.8558558559E-01   3.453033559    
  0.8618618619E-01   3.434909670    
  0.8678678679E-01   3.430472699    
  0.8738738739E-01   3.435928486    
  0.8798798799E-01   3.439051188    
  0.8858858859E-01   3.435679421    
  0.8918918919E-01   3.426789331    
  0.8978978979E-01   3.418084061    
  0.9039039039E-01   3.414553015    
  0.9099099099E-01   3.416968186    
  0.9159159159E-01   3.421635564    
  0.9219219219E-01   3.423512309    
  0.9279279279E-01   3.421457161    
  0.9339339339E-01   3.416922006    
  0.9399399399E-01   3.412229205    
  0.9459459459E-01   3.407692198    
  0.9519519520E-01   3.403198046    
  0.9579579580E-01   3.398360696    
  0.9639639640E-01   3.393003716    
  0.9699699700E-01   3.386940744    
  0.9759759760E-01   3.380076293    
  0.9819819820E-01   3.372411933    
  0.9879879880E-01   3.364066703    
  0.9939939940E-01   3.355278248    
  0.1000000000       3.346334009    
  0.1006006006       3.337464878    
  0.1012012012       3.328780447    
  0.1018018018       3.320294139    
  0.1024024024       3.311978796    
  0.1030030030       3.303806593    
  0.1036036036       3.295757953    
  0.1042042042       3.287823255    
  0.1048048048       3.279998256    
  0.1054054054       3.272279112    
  0.1060060060       3.264660261    
  0.1066066066       3.257130576    
  0.1072072072       3.249679529    
  0.1078078078       3.242292682    
  0.1084084084       3.234947270    
  0.1090090090       3.227607881    
  0.1096096096       3.220239438    
  0.1102102102       3.212820957    
  0.1108108108       3.205345616    
  0.1114114114       3.197813443    
  0.1120120120       3.190224440    
  0.1126126126       3.182578605    
  0.1132132132       3.174875786    
  0.1138138138       3.167110416    
  0.1144144144       3.159268926    
  0.1150150150       3.151330055    
  0.1156156156       3.143275362    
  0.1162162162       3.135094412    
  0.1168168168       3.126784617    
  0.1174174174       3.118345976    
  0.1180180180       3.109778489    
  0.1186186186       3.101082157    
  0.1192192192       3.092256979    
  0.1198198198       3.083302956    
  0.1204204204       3.074220087    
  0.1210210210       3.065008373    
  0.1216216216       3.055667813    
  0.1222222222       3.046198483    
  0.1228228228       3.036605208    
  0.1234234234       3.026900775    
  0.1240240240       3.017129244    
  0.1246246246       3.007566252    
  0.1252252252       2.998801898    
  0.1258258258       2.991438111    
  0.1264264264       2.985625664    
  0.1270270270       2.980892082    
  0.1276276276       2.976970612    
  0.1282282282       2.974096743    
  0.1288288288       2.972711924    
  0.1294294294       2.972679778    
  0.1300300300       2.973283367    
  0.1306306306       2.974006334    
  0.1312312312       2.974733632    
  0.1318318318       2.975613116    
  0.1324324324       2.976603702    
  0.1330330330       2.977474833    
  0.1336336336       2.977985758    
  0.1342342342       2.977931058    
  0.1348348348       2.977113635    
  0.1354354354       2.975259568    
  0.1360360360       2.972152429    
  0.1366366366       2.967873542    
  0.1372372372       2.962906222    
  0.1378378378       2.957930650    
  0.1384384384       2.953431779    
  0.1390390390       2.949436895    
  0.1396396396       2.945772185    
  0.1402402402       2.944476892    
  0.1408408408       2.947705204    
  0.1414414414       2.956922675    
  0.1420420420       2.968603734    
  0.1426426426       2.978782356    
  0.1432432432       2.984192611    
  0.1438438438       2.984855175    
  0.1444444444       2.981908260    
  0.1450450450       2.977026324    
  0.1456456456       2.971481445    
  0.1462462462       2.965924477    
  0.1468468468       2.960417954    
  0.1474474474       2.954872060    
  0.1480480480       2.949178255    
  0.1486486486       2.943290174    
  0.1492492492       2.937226690    
  0.1498498498       2.931051920    
  0.1504504505       2.924804622    
  0.1510510511       2.918525437    
  0.1516516517       2.912252972    
  0.1522522523       2.906045384    
  0.1528528529       2.899951611    
  0.1534534535       2.893980624    
  0.1540540541       2.888098715    
  0.1546546547       2.882247457    
  0.1552552553       2.876381905    
  0.1558558559       2.870478562    
  0.1564564565       2.864537348    
  0.1570570571       2.858568205    
  0.1576576577       2.852585779    
  0.1582582583       2.846606115    
  0.1588588589       2.840646376    
  0.1594594595       2.834724319    
  0.1600600601       2.828853033    
  0.1606606607       2.823045539    
  0.1612612613       2.817319199    
  0.1618618619       2.811699964    
  0.1624624625       2.806199074    
  0.1630630631       2.800806526    
  0.1636636637       2.795478768    
  0.1642642643       2.790160556    
  0.1648648649       2.784792299    
  0.1654654655       2.779334853    
  0.1660660661       2.773769836    
  0.1666666667       2.768095647    
  0.1672672673       2.762318303    
  0.1678678679       2.756449022    
  0.1684684685       2.750504761    
  0.1690690691       2.744501187    
  0.1696696697       2.738446232    
  0.1702702703       2.732339176    
  0.1708708709       2.726171804    
  0.1714714715       2.719933302    
  0.1720720721       2.713608252    
  0.1726726727       2.707179433    
  0.1732732733       2.700627381    
  0.1738738739       2.693941526    
  0.1744744745       2.687123521    
  0.1750750751       2.680185951    
  0.1756756757       2.673139809    
  0.1762762763       2.665990783    
  0.1768768769       2.658739863    
  0.1774774775       2.651385071    
  0.1780780781       2.643920365    
  0.1786786787       2.636336417    
  0.1792792793       2.628626205    
  0.1798798799       2.620787432    
  0.1804804805       2.612822787    
  0.1810810811       2.604738320    
  0.1816816817       2.596541678    
  0.1822822823       2.588240329    
  0.1828828829       2.579838091    
  0.1834834835       2.571335391    
  0.1840840841       2.562730804    
  0.1846846847       2.554030158    
  0.1852852853       2.545243262    
  0.1858858859       2.536382181    
  0.1864864865       2.527448488    
  0.1870870871       2.518440446    
  0.1876876877       2.509348069    
  0.1882882883       2.500149221    
  0.1888888889       2.490811038    
  0.1894894895       2.481306544    
  0.1900900901       2.471633374    
  0.1906906907       2.461799392    
  0.1912912913       2.451772294    
  0.1918918919       2.441466945    
  0.1924924925       2.430765719    
  0.1930930931       2.419595041    
  0.1936936937       2.407937311    
  0.1942942943       2.395819755    
  0.1948948949       2.383274780    
  0.1954954955       2.370319541    
  0.1960960961       2.356951571    
  0.1966966967       2.343155984    
  0.1972972973       2.328898422    
  0.1978978979       2.314064430    
  0.1984984985       2.298491115    
  0.1990990991       2.282045369    
  0.1996996997       2.264857397    
  0.2003003003       2.247280869    
  0.2009009009       2.230283997    
  0.2015015015       2.215587008    
  0.2021021021       2.205565308    
  0.2027027027       2.201830524    
  0.2033033033       2.204782487    
  0.2039039039       2.224467234    
  0.2045045045       2.285466161    
  0.2051051051       2.421046130    
  0.2057057057       2.612913333    
  0.2063063063       2.810233517    
  0.2069069069       2.941923300    
  0.2075075075       2.998251101    
  0.2081081081       2.984792352    
  0.2087087087       2.921958524    
  0.2093093093       2.818882671    
  0.2099099099       2.694906361    
  0.2105105105       2.567504298    
  0.2111111111       2.447386874    
  0.2117117117       2.339005659    
  0.2123123123       2.245878175    
  0.2129129129       2.169164743    
  0.2135135135       2.106450539    
  0.2141141141       2.047029947    
  0.2147147147       1.979011549    
  0.2153153153       1.894803863    
  0.2159159159       1.803316524    
  0.2165165165       1.716245031    
  0.2171171171       1.643584394    
  0.2177177177       1.586901360    
  0.2183183183       1.546008592    
  0.2189189189       1.519010091    
  0.2195195195       1.502265165    
  0.2201201201       1.490822335    
  0.2207207207       1.480969015    
  0.2213213213       1.470725199    
  0.2219219219       1.459829726    
  0.2225225225       1.448532511    
  0.2231231231       1.437307657    
  0.2237237237       1.426692261    
  0.2243243243       1.417235550    
  0.2249249249       1.409217441    
  0.2255255255       1.402630265    
  0.2261261261       1.397059234    
  0.2267267267       1.392144764    
  0.2273273273       1.387593900    
  0.2279279279       1.383321179    
  0.2285285285       1.379259934    
  0.2291291291       1.375391179    
  0.2297297297       1.371701627    
  0.2303303303       1.368058032    
  0.2309309309       1.364072787    
  0.2315315315       1.359140690    
  0.2321321321       1.352372057    
  0.2327327327       1.343284753    
  0.2333333333       1.330431326    
  0.2339339339       1.313643312    
  0.2345345345       1.292952519    
  0.2351351351       1.271257317    
  0.2357357357       1.250427262    
  0.2363363363       1.231775175    
  0.2369369369       1.214799653    
  0.2375375375       1.199141559    
  0.2381381381       1.184578699    
  0.2387387387       1.170902072    
  0.2393393393       1.157806642    
  0.2399399399       1.145005537    
  0.2405405405       1.132336074    
  0.2411411411       1.119757775    
  0.2417417417       1.107270613    
  0.2423423423       1.094874588    
  0.2429429429       1.082569700    
  0.2435435435       1.070355949    
  0.2441441441       1.058233335    
  0.2447447447       1.046201858    
  0.2453453453       1.034261518    
  0.2459459459       1.022412314    
  0.2465465465       1.010654248    
  0.2471471471      0.9989873190    
  0.2477477477      0.9874115266    
  0.2483483483      0.9759268713    
  0.2489489489      0.9645333529    
  0.2495495495      0.9532309715    
  0.2501501502      0.9420197270    
  0.2507507508      0.9308996195    
  0.2513513514      0.9198706490    
  0.2519519520      0.9089328154    
  0.2525525526      0.8980861188    
  0.2531531532      0.8873305591    
  0.2537537538      0.8766661364    
  0.2543543544      0.8660930686    
  0.2549549550      0.8556121208    
  0.2555555556      0.8452246093    
  0.2561561562      0.8349319652    
  0.2567567568      0.8247351097    
  0.2573573574      0.8146345320    
  0.2579579580      0.8046319980    
  0.2585585586      0.7947344650    
  0.2591591592      0.7849544156    
  0.2597597598      0.7753069620    
  0.2603603604      0.7658025747    
  0.2609609610      0.7564461706    
  0.2615615616      0.7472386283    
  0.2621621622      0.7381815847    
  0.2627627628      0.7292804258    
  0.2633633634      0.7205495555    
  0.2639639640      0.7120139178    
  0.2645645646      0.7037059429    
  0.2651651652      0.6956643206    
  0.2657657658      0.6879302857    
  0.2663663664      0.6805493150    
  0.2669669670      0.6735664490    
  0.2675675676      0.6670278274    
  0.2681681682      0.6609787304    
  0.2687687688      0.6554600874    
  0.2693693694      0.6505052591    
  0.2699699700      0.6461414669    
  0.2705705706      0.6423896424    
  0.2711711712      0.6392667823    
  0.2717717718      0.6367825622    
  0.2723723724      0.6349428249    
  0.2729729730      0.6337508125    
  0.2735735736      0.6332101204    
  0.2741741742      0.6333253018    
  0.2747747748      0.6341000747    
  0.2753753754      0.6355369090    
  0.2759759760      0.6376371000    
  0.2765765766      0.6404018239    
  0.2771771772      0.6438323898    
  0.2777777778      0.6479303472    
  0.2783783784      0.6526989263    
  0.2789789790      0.6581436285    
  0.2795795796      0.6642720656    
  0.2801801802      0.6710908117    
  0.2807807808      0.6786052130    
  0.2813813814      0.6868212692    
  0.2819819820      0.6957492274    
  0.2825825826      0.7054052121    
  0.2831831832      0.7158092498    
  0.2837837838      0.7269843558    
  0.2843843844      0.7389528418    
  0.2849849850      0.7517375457    
  0.2855855856      0.7654075275    
  0.2861861862      0.7801476583    
  0.2867867868      0.7964375971    
  0.2873873874      0.8149721658    
  0.2879879880      0.8363063252    
  0.2885885886      0.8604568421    
  0.2891891892      0.8869541850    
  0.2897897898      0.9154484130    
  0.2903903904      0.9459984874    
  0.2909909910      0.9790844957    
  0.2915915916       1.015503393    
  0.2921921922       1.056342325    
  0.2927927928       1.102937447    
  0.2933933934       1.156344002    
  0.2939939940       1.219039238    
  0.2945945946       1.295581891    
  0.2951951952       1.390002591    
  0.2957957958       1.502565609    
  0.2963963964       1.630876896    
  0.2969969970       1.772144125    
  0.2975975976       1.923298486    
  0.2981981982       2.078370397    
  0.2987987988       2.232318406    
  0.2993993994       2.383611793    
  0.3000000000       2.533679851    
     
 -0.3000000000     -0.6647238777    
 -0.2993993994     -0.6724027634    
 -0.2987987988     -0.6801944608    
 -0.2981981982     -0.6881666567    
 -0.2975975976     -0.6963419135    
 -0.2969969970     -0.7047202312    
 -0.2963963964     -0.7133016097    
 -0.2957957958     -0.7220860492    
 -0.2951951952     -0.7310735495    
 -0.2945945946     -0.7402641107    
 -0.2939939940     -0.7496577328    
 -0.2933933934     -0.7592544157    
 -0.2927927928     -0.7690541595    
 -0.2921921922     -0.7790569642    
 -0.2915915916     -0.7892628298    
 -0.2909909910     -0.7996607521    
 -0.2903903904     -0.8101823505    
 -0.2897897898     -0.8206987174    
 -0.2891891892     -0.8310488576    
 -0.2885885886     -0.8411499415    
 -0.2879879880     -0.8510536753    
 -0.2873873874     -0.8609265940    
 -0.2867867868     -0.8709509490    
 -0.2861861862     -0.8812189647    
 -0.2855855856     -0.8917499199    
 -0.2849849850     -0.9025462851    
 -0.2843843844     -0.9136522649    
 -0.2837837838     -0.9251252706    
 -0.2831831832     -0.9369601957    
 -0.2825825826     -0.9490320842    
 -0.2819819820     -0.9611210601    
 -0.2813813814     -0.9730211735    
 -0.2807807808     -0.9846426690    
 -0.2801801802     -0.9959856399    
 -0.2795795796      -1.007083824    
 -0.2789789790      -1.017950441    
 -0.2783783784      -1.028591995    
 -0.2777777778      -1.039010239    
 -0.2771771772      -1.049205386    
 -0.2765765766      -1.059177435    
 -0.2759759760      -1.068926386    
 -0.2753753754      -1.078452239    
 -0.2747747748      -1.087754994    
 -0.2741741742      -1.096834651    
 -0.2735735736      -1.105691210    
 -0.2729729730      -1.114324672    
 -0.2723723724      -1.122735035    
 -0.2717717718      -1.130922301    
 -0.2711711712      -1.138886468    
 -0.2705705706      -1.146627538    
 -0.2699699700      -1.154145509    
 -0.2693693694      -1.161440383    
 -0.2687687688      -1.168512159    
 -0.2681681682      -1.175379793    
 -0.2675675676      -1.182272701    
 -0.2669669670      -1.189531101    
 -0.2663663664      -1.197795203    
 -0.2657657658      -1.208785089    
 -0.2651651652      -1.225654137    
 -0.2645645646      -1.252399647    
 -0.2639639640      -1.289458660    
 -0.2633633634      -1.327196557    
 -0.2627627628      -1.352944771    
 -0.2621621622      -1.355878676    
 -0.2615615616      -1.339702469    
 -0.2609609610      -1.316110903    
 -0.2603603604      -1.298399237    
 -0.2597597598      -1.294684220    
 -0.2591591592      -1.301179418    
 -0.2585585586      -1.312946026    
 -0.2579579580      -1.324253666    
 -0.2573573574      -1.335176915    
 -0.2567567568      -1.345753069    
 -0.2561561562      -1.355997833    
 -0.2555555556      -1.365911671    
 -0.2549549550      -1.375517855    
 -0.2543543544      -1.384832375    
 -0.2537537538      -1.393866909    
 -0.2531531532      -1.402625798    
 -0.2525525526      -1.411111072    
 -0.2519519520      -1.419323065    
 -0.2513513514      -1.427261780    
 -0.2507507508      -1.434927214    
 -0.2501501502      -1.442319369    
 -0.2495495495      -1.449438245    
 -0.2489489489      -1.456283841    
 -0.2483483483      -1.462856158    
 -0.2477477477      -1.469155195    
 -0.2471471471      -1.475206129    
 -0.2465465465      -1.481145420    
 -0.2459459459      -1.487231672    
 -0.2453453453      -1.493795281    
 -0.2447447447      -1.501066218    
 -0.2441441441      -1.509151998    
 -0.2435435435      -1.518067962    
 -0.2429429429      -1.527773106    
 -0.2423423423      -1.538119746    
 -0.2417417417      -1.548839609    
 -0.2411411411      -1.559669571    
 -0.2405405405      -1.570504615    
 -0.2399399399      -1.581402985    
 -0.2393393393      -1.592470305    
 -0.2387387387      -1.603734746    
 -0.2381381381      -1.615154334    
 -0.2375375375      -1.626678655    
 -0.2369369369      -1.638298132    
 -0.2363363363      -1.650045380    
 -0.2357357357      -1.661969544    
 -0.2351351351      -1.674109813    
 -0.2345345345      -1.686492417    
 -0.2339339339      -1.699134551    
 -0.2333333333      -1.712053942    
 -0.2327327327      -1.725264078    
 -0.2321321321      -1.738773447    
 -0.2315315315      -1.752586101    
 -0.2309309309      -1.766703813    
 -0.2303303303      -1.781127250    
 -0.2297297297      -1.795856448    
 -0.2291291291      -1.810891406    
 -0.2285285285      -1.826232125    
 -0.2279279279      -1.841878604    
 -0.2273273273      -1.857830845    
 -0.2267267267      -1.874088846    
 -0.2261261261      -1.890652607    
 -0.2255255255      -1.907522129    
 -0.2249249249      -1.924697412    
 -0.2243243243      -1.942177936    
 -0.2237237237      -1.959903356    
 -0.2231231231      -1.977439685    
 -0.2225225225      -1.993957767    
 -0.2219219219      -2.008437874    
 -0.2213213213      -2.020257122    
 -0.2207207207      -2.024314213    
 -0.2201201201      -2.026181195    
 -0.2195195195      -2.028373982    
 -0.2189189189      -2.042903758    
 -0.2183183183      -2.061315513    
 -0.2177177177      -2.081661150    
 -0.2171171171      -2.098076144    
 -0.2165165165      -2.114671135    
 -0.2159159159      -2.131974964    
 -0.2153153153      -2.149735819    
 -0.2147147147      -2.167737831    
 -0.2141141141      -2.185866844    
 -0.2135135135      -2.204090076    
 -0.2129129129      -2.222429080    
 -0.2123123123      -2.240928249    
 -0.2117117117      -2.259635298    
 -0.2111111111      -2.278580222    
 -0.2105105105      -2.297779265    
 -0.2099099099      -2.317242452    
 -0.2093093093      -2.336976128    
 -0.2087087087      -2.356984398    
 -0.2081081081      -2.377269571    
 -0.2075075075      -2.397833632    
 -0.2069069069      -2.418677826    
 -0.2063063063      -2.439802638    
 -0.2057057057      -2.461208076    
 -0.2051051051      -2.482894141    
 -0.2045045045      -2.504860831    
 -0.2039039039      -2.527106567    
 -0.2033033033      -2.549615243    
 -0.2027027027      -2.572361576    
 -0.2021021021      -2.595325277    
 -0.2015015015      -2.618513870    
 -0.2009009009      -2.641944520    
 -0.2003003003      -2.665554550    
 -0.1996996997      -2.689158552    
 -0.1990990991      -2.712467460    
 -0.1984984985      -2.735234043    
 -0.1978978979      -2.757295813    
 -0.1972972973      -2.778568899    
 -0.1966966967      -2.799030317    
 -0.1960960961      -2.818891850    
 -0.1954954955      -2.838637403    
 -0.1948948949      -2.858933813    
 -0.1942942943      -2.880301062    
 -0.1936936937      -2.903074785    
 -0.1930930931      -2.927437661    
 -0.1924924925      -2.953555639    
 -0.1918918919      -2.981542468    
 -0.1912912913      -3.011425053    
 -0.1906906907      -3.044331218    
 -0.1900900901      -3.091102527    
 -0.1894894895      -3.160648876    
 -0.1888888889      -3.246966527    
 -0.1882882883      -3.326242661    
 -0.1876876877      -3.376650867    
 -0.1870870871      -3.399205693    
 -0.1864864865      -3.402699927    
 -0.1858858859      -3.400129407    
 -0.1852852853      -3.400342945    
 -0.1846846847      -3.412234764    
 -0.1840840841      -3.438705169    
 -0.1834834835      -3.475884011    
 -0.1828828829      -3.518728418    
 -0.1822822823      -3.563250980    
 -0.1816816817      -3.607616515    
 -0.1810810811      -3.651716894    
 -0.1804804805      -3.696353880    
 -0.1798798799      -3.742305089    
 -0.1792792793      -3.790307312    
 -0.1786786787      -3.841001587    
 -0.1780780781      -3.894528501    
 -0.1774774775      -3.950510570    
 -0.1768768769      -4.008331151    
 -0.1762762763      -4.067777489    
 -0.1756756757      -4.129080084    
 -0.1750750751      -4.192717748    
 -0.1744744745      -4.258890371    
 -0.1738738739      -4.327383601    
 -0.1732732733      -4.397764608    
 -0.1726726727      -4.469732783    
 -0.1720720721      -4.543376827    
 -0.1714714715      -4.618993278    
 -0.1708708709      -4.696846740    
 -0.1702702703      -4.777199611    
 -0.1696696697      -4.860463569    
 -0.1690690691      -4.947153337    
 -0.1684684685      -5.037637151    
 -0.1678678679      -5.132003811    
 -0.1672672673      -5.230647987    
 -0.1666666667      -5.334629132    
 -0.1660660661      -5.445692817    
 -0.1654654655      -5.565581498    
 -0.1648648649      -5.695616402    
 -0.1642642643      -5.836867515    
 -0.1636636637      -5.990779323    
 -0.1630630631      -6.159661573    
 -0.1624624625      -6.346300271    
 -0.1618618619      -6.552987943    
 -0.1612612613      -6.781798218    
 -0.1606606607      -7.034837074    
 -0.1600600601      -7.314119778    
 -0.1594594595      -7.619372018    
 -0.1588588589      -7.944237613    
 -0.1582582583      -8.267730319    
 -0.1576576577      -8.553343312    
 -0.1570570571      -8.762552159    
 -0.1564564565      -8.901120734    
 -0.1558558559      -8.994911843    
 -0.1552552553      -9.085702088    
 -0.1546546547      -9.173162379    
 -0.1540540541      -9.299092403    
 -0.1534534535      -9.463074770    
 -0.1528528529      -9.662353296    
 -0.1522522523      -9.811975256    
 -0.1516516517      -9.908507284    
 -0.1510510511      -9.978645097    
 -0.1504504505      -10.09397162    
 -0.1498498498      -10.25108058    
 -0.1492492492      -10.40752944    
 -0.1486486486      -10.44545746    
 -0.1480480480      -10.30989634    
 -0.1474474474      -10.01006505    
 -0.1468468468      -9.699454237    
 -0.1462462462      -9.484987321    
 -0.1456456456      -9.408657009    
 -0.1450450450      -9.420573351    
 -0.1444444444      -9.468463504    
 -0.1438438438      -9.526018359    
 -0.1432432432      -9.584864470    
 -0.1426426426      -9.652274387    
 -0.1420420420      -9.734890711    
 -0.1414414414      -9.837063933    
 -0.1408408408      -9.960381617    
 -0.1402402402      -10.10472911    
 -0.1396396396      -10.26874531    
 -0.1390390390      -10.45096160    
 -0.1384384384      -10.65044262    
 -0.1378378378      -10.86684981    
 -0.1372372372      -11.09354286    
 -0.1366366366      -11.31806332    
 -0.1360360360      -11.52840452    
 -0.1354354354      -11.73656841    
 -0.1348348348      -11.95715939    
 -0.1342342342      -12.17760001    
 -0.1336336336      -12.38555932    
 -0.1330330330      -12.78493742    
 -0.1324324324      -13.31545544    
 -0.1318318318      -13.88120709    
 -0.1312312312      -14.06299596    
 -0.1306306306      -14.04509723    
 -0.1300300300      -14.01810564    
 -0.1294294294      -14.17863833    
 -0.1288288288      -14.40479563    
 -0.1282282282      -14.58983277    
 -0.1276276276      -14.75288946    
 -0.1270270270      -14.99703061    
 -0.1264264264      -15.49563884    
 -0.1258258258      -16.32636327    
 -0.1252252252      -17.28126104    
 -0.1246246246      -18.02320662    
 -0.1240240240      -18.38871798    
 -0.1234234234      -18.56527577    
 -0.1228228228      -18.76921480    
 -0.1222222222      -19.07170098    
 -0.1216216216      -19.38811085    
 -0.1210210210      -19.66236250    
 -0.1204204204      -19.93616571    
 -0.1198198198      -20.23994065    
 -0.1192192192      -20.53382216    
 -0.1186186186      -20.70460152    
 -0.1180180180      -20.72379090    
 -0.1174174174      -20.66564717    
 -0.1168168168      -20.57926236    
 -0.1162162162      -20.35553597    
 -0.1156156156      -19.77122329    
 -0.1150150150      -18.77462433    
 -0.1144144144      -17.49029428    
 -0.1138138138      -16.24428976    
 -0.1132132132      -15.04610810    
 -0.1126126126      -13.82812902    
 -0.1120120120      -12.54524817    
 -0.1114114114      -11.44896185    
 -0.1108108108      -10.76041269    
 -0.1102102102      -10.40036674    
 -0.1096096096      -10.16791851    
 -0.1090090090      -9.906742810    
 -0.1084084084      -9.620948375    
 -0.1078078078      -9.332516159    
 -0.1072072072      -9.046923664    
 -0.1066066066      -8.765169839    
 -0.1060060060      -8.487389245    
 -0.1054054054      -8.217683852    
 -0.1048048048      -7.964079402    
 -0.1042042042      -7.735157499    
 -0.1036036036      -7.531894985    
 -0.1030030030      -7.351256693    
 -0.1024024024      -7.238545154    
 -0.1018018018      -7.277071208    
 -0.1012012012      -7.398540182    
 -0.1006006006      -7.431433430    
 -0.1000000000      -7.154966796    
 -0.9939939940E-01  -6.733295993    
 -0.9879879880E-01  -6.378360302    
 -0.9819819820E-01  -6.258782345    
 -0.9759759760E-01  -6.226629578    
 -0.9699699700E-01  -6.154226576    
 -0.9639639640E-01  -6.014151395    
 -0.9579579580E-01  -5.861333940    
 -0.9519519520E-01  -5.732131909    
 -0.9459459459E-01  -5.621251464    
 -0.9399399399E-01  -5.527424366    
 -0.9339339339E-01  -5.457846813    
 -0.9279279279E-01  -5.432596854    
 -0.9219219219E-01  -5.501638693    
 -0.9159159159E-01  -5.796181132    
 -0.9099099099E-01  -6.558866814    
 -0.9039039039E-01  -8.106653075    
 -0.8978978979E-01  -10.76743396    
 -0.8918918919E-01  -16.14995881    
 -0.8858858859E-01  -22.49166983    
 -0.8798798799E-01  -28.64896774    
 -0.8738738739E-01  -30.78385542    
 -0.8678678679E-01  -31.34715976    
 -0.8618618619E-01  -31.21176552    
 -0.8558558559E-01  -32.24866043    
 -0.8498498498E-01  -33.35739713    
 -0.8438438438E-01  -34.21088678    
 -0.8378378378E-01  -35.01121913    
 -0.8318318318E-01  -36.11817313    
 -0.8258258258E-01  -36.89321541    
 -0.8198198198E-01  -36.92867931    
 -0.8138138138E-01  -35.46803551    
 -0.8078078078E-01  -34.00465299    
 -0.8018018018E-01  -32.88270306    
 -0.7957957958E-01  -32.65086372    
 -0.7897897898E-01  -32.72184700    
 -0.7837837838E-01  -32.82630449    
 -0.7777777778E-01  -32.68550791    
 -0.7717717718E-01  -32.21031424    
 -0.7657657658E-01  -31.97016870    
 -0.7597597598E-01  -31.99954775    
 -0.7537537538E-01  -31.97989302    
 -0.7477477477E-01  -31.40353584    
 -0.7417417417E-01  -30.58744894    
 -0.7357357357E-01  -29.84372597    
 -0.7297297297E-01  -29.33934848    
 -0.7237237237E-01  -28.87709018    
 -0.7177177177E-01  -28.41949628    
 -0.7117117117E-01  -27.97242960    
 -0.7057057057E-01  -27.52482751    
 -0.6996996997E-01  -27.11978024    
 -0.6936936937E-01  -26.81874318    
 -0.6876876877E-01  -26.70039645    
 -0.6816816817E-01  -26.72709949    
 -0.6756756757E-01  -26.83696863    
 -0.6696696697E-01  -26.99111643    
 -0.6636636637E-01  -27.14702390    
 -0.6576576577E-01  -27.15713288    
 -0.6516516517E-01  -26.94916825    
 -0.6456456456E-01  -26.56209001    
 -0.6396396396E-01  -26.19552009    
 -0.6336336336E-01  -25.94059600    
 -0.6276276276E-01  -25.78388125    
 -0.6216216216E-01  -25.68726637    
 -0.6156156156E-01  -25.62310092    
 -0.6096096096E-01  -25.60270776    
 -0.6036036036E-01  -25.60248040    
 -0.5975975976E-01  -25.58805252    
 -0.5915915916E-01  -25.52571338    
 -0.5855855856E-01  -25.39895599    
 -0.5795795796E-01  -25.26801188    
 -0.5735735736E-01  -25.20468709    
 -0.5675675676E-01  -25.28413037    
 -0.5615615616E-01  -25.51457567    
 -0.5555555556E-01  -25.83572261    
 -0.5495495495E-01  -26.18893273    
 -0.5435435435E-01  -26.57745038    
 -0.5375375375E-01  -27.07972855    
 -0.5315315315E-01  -27.70487156    
 -0.5255255255E-01  -28.36152292    
 -0.5195195195E-01  -29.01025325    
 -0.5135135135E-01  -29.63345596    
 -0.5075075075E-01  -30.22430760    
 -0.5015015015E-01  -30.70983272    
 -0.4954954955E-01  -31.04704576    
 -0.4894894895E-01  -31.29293576    
 -0.4834834835E-01  -31.42477671    
 -0.4774774775E-01  -31.48411982    
 -0.4714714715E-01  -31.42268728    
 -0.4654654655E-01  -31.31466309    
 -0.4594594595E-01  -31.20039776    
 -0.4534534535E-01  -31.24426948    
 -0.4474474474E-01  -31.52075229    
 -0.4414414414E-01  -31.93079404    
 -0.4354354354E-01  -32.15998305    
 -0.4294294294E-01  -32.01532562    
 -0.4234234234E-01  -31.50953105    
 -0.4174174174E-01  -30.85854290    
 -0.4114114114E-01  -30.24625181    
 -0.4054054054E-01  -29.72593354    
 -0.3993993994E-01  -29.16926896    
 -0.3933933934E-01  -28.30592712    
 -0.3873873874E-01  -27.17792015    
 -0.3813813814E-01  -25.93713167    
 -0.3753753754E-01  -24.79720597    
 -0.3693693694E-01  -23.63412049    
 -0.3633633634E-01  -22.41434360    
 -0.3573573574E-01  -21.19374660    
 -0.3513513514E-01  -20.06492547    
 -0.3453453453E-01  -19.02895829    
 -0.3393393393E-01  -18.03493999    
 -0.3333333333E-01  -17.08806485    
 -0.3273273273E-01  -16.19614512    
 -0.3213213213E-01  -16.36786749    
 -0.3153153153E-01  -16.40225742    
 -0.3093093093E-01  -16.27207399    
 -0.3033033033E-01  -13.97041517    
 -0.2972972973E-01  -11.92773681    
 -0.2912912913E-01  -10.21002360    
 -0.2852852853E-01  -9.823143098    
 -0.2792792793E-01  -9.543193847    
 -0.2732732733E-01  -9.374199217    
 -0.2672672673E-01  -9.284085648    
 -0.2612612613E-01  -9.172722665    
 -0.2552552553E-01  -8.874687930    
 -0.2492492492E-01  -8.386637186    
 -0.2432432432E-01  -7.834204166    
 -0.2372372372E-01  -7.345043042    
 -0.2312312312E-01  -6.961367355    
 -0.2252252252E-01  -6.667378731    
 -0.2192192192E-01  -6.481663645    
 -0.2132132132E-01  -6.522177106    
 -0.2072072072E-01  -6.726476680    
 -0.2012012012E-01  -6.984335228    
 -0.1951951952E-01  -6.963312257    
 -0.1891891892E-01  -6.701637444    
 -0.1831831832E-01  -6.294008336    
 -0.1771771772E-01  -5.972566392    
 -0.1711711712E-01  -5.764410550    
 -0.1651651652E-01  -5.657920937    
 -0.1591591592E-01  -5.610035836    
 -0.1531531532E-01  -5.589068943    
 -0.1471471471E-01  -5.577252057    
 -0.1411411411E-01  -5.568906604    
 -0.1351351351E-01  -5.559804431    
 -0.1291291291E-01  -5.562981479    
 -0.1231231231E-01  -5.620456886    
 -0.1171171171E-01  -5.803053204    
 -0.1111111111E-01  -6.262940129    
 -0.1051051051E-01  -6.765668729    
 -0.9909909910E-02  -7.019483958    
 -0.9309309309E-02  -6.640468745    
 -0.8708708709E-02  -5.977875267    
 -0.8108108108E-02  -5.420839568    
 -0.7507507508E-02  -5.234842630    
 -0.6906906907E-02  -5.270608686    
 -0.6306306306E-02  -5.361499688    
 -0.5705705706E-02  -5.461071568    
 -0.5105105105E-02  -5.563581371    
 -0.4504504505E-02  -5.670697217    
 -0.3903903904E-02  -5.782406351    
 -0.3303303303E-02  -5.898708773    
 -0.2702702703E-02  -6.019604482    
 -0.2102102102E-02  -6.145093479    
 -0.1501501502E-02  -6.275175764    
 -0.9009009009E-03  -6.409851337    
 -0.3003003003E-03  -6.549120197    
  0.3003003003E-03  -6.692982345    
  0.9009009009E-03  -6.841523332    
  0.1501501502E-02  -6.997461777    
  0.2102102102E-02  -7.187168427    
  0.2702702703E-02  -7.695253657    
  0.3303303303E-02  -8.496524116    
  0.3903903904E-02  -9.852755758    
  0.4504504505E-02  -10.81589181    
  0.5105105105E-02  -11.23980710    
  0.5705705706E-02  -10.53170754    
  0.6306306306E-02  -9.737701955    
  0.6906906907E-02  -9.214482346    
  0.7507507508E-02  -9.256910158    
  0.8108108108E-02  -9.477936577    
  0.8708708709E-02  -9.691221860    
  0.9309309309E-02  -9.911864549    
  0.9909909910E-02  -10.15434707    
  0.1051051051E-01  -10.43115843    
  0.1111111111E-01  -10.75143950    
  0.1171171171E-01  -11.12066497    
  0.1231231231E-01  -11.53473372    
  0.1291291291E-01  -11.98017125    
  0.1351351351E-01  -12.44081003    
  0.1411411411E-01  -13.23798278    
  0.1471471471E-01  -14.20009470    
  0.1531531532E-01  -15.41399335    
  0.1591591592E-01  -16.17703121    
  0.1651651652E-01  -16.80572761    
  0.1711711712E-01  -17.10879106    
  0.1771771772E-01  -17.49359245    
  0.1831831832E-01  -17.84170806    
  0.1891891892E-01  -18.27238072    
  0.1951951952E-01  -18.74525519    
  0.2012012012E-01  -19.22486160    
  0.2072072072E-01  -19.68491824    
  0.2132132132E-01  -20.09685031    
  0.2192192192E-01  -20.49219310    
  0.2252252252E-01  -20.90197952    
  0.2312312312E-01  -21.37881085    
  0.2372372372E-01  -21.88253618    
  0.2432432432E-01  -22.41047046    
  0.2492492492E-01  -22.94942255    
  0.2552552553E-01  -23.45735841    
  0.2612612613E-01  -23.86515911    
  0.2672672673E-01  -24.16348249    
  0.2732732733E-01  -24.45984954    
  0.2792792793E-01  -24.83053788    
  0.2852852853E-01  -25.28760220    
  0.2912912913E-01  -25.78273241    
  0.2972972973E-01  -26.31730216    
  0.3033033033E-01  -26.89610248    
  0.3093093093E-01  -27.52570903    
  0.3153153153E-01  -28.12699675    
  0.3213213213E-01  -28.64584621    
  0.3273273273E-01  -29.22908862    
  0.3333333333E-01  -29.89746031    
  0.3393393393E-01  -30.62878285    
  0.3453453453E-01  -31.02181653    
  0.3513513514E-01  -31.08003746    
  0.3573573574E-01  -30.88217556    
  0.3633633634E-01  -30.72774712    
  0.3693693694E-01  -30.71396007    
  0.3753753754E-01  -30.87347580    
  0.3813813814E-01  -31.16577408    
  0.3873873874E-01  -31.49328340    
  0.3933933934E-01  -31.76620924    
  0.3993993994E-01  -31.93748831    
  0.4054054054E-01  -32.03244330    
  0.4114114114E-01  -32.09901048    
  0.4174174174E-01  -32.15838969    
  0.4234234234E-01  -32.18504058    
  0.4294294294E-01  -32.17563748    
  0.4354354354E-01  -32.33396835    
  0.4414414414E-01  -33.23450371    
  0.4474474474E-01  -34.99017234    
  0.4534534535E-01  -36.25390337    
  0.4594594595E-01  -35.85044428    
  0.4654654655E-01  -33.42359842    
  0.4714714715E-01  -31.02005069    
  0.4774774775E-01  -29.36468742    
  0.4834834835E-01  -29.06998815    
  0.4894894895E-01  -29.58540306    
  0.4954954955E-01  -30.63929609    
  0.5015015015E-01  -31.60786060    
  0.5075075075E-01  -31.94047792    
  0.5135135135E-01  -32.17258491    
  0.5195195195E-01  -32.72958240    
  0.5255255255E-01  -33.97277546    
  0.5315315315E-01  -34.93777292    
  0.5375375375E-01  -35.18721605    
  0.5435435435E-01  -34.33626623    
  0.5495495495E-01  -33.39404846    
  0.5555555556E-01  -32.67542808    
  0.5615615616E-01  -32.47671845    
  0.5675675676E-01  -32.49737440    
  0.5735735736E-01  -33.12764038    
  0.5795795796E-01  -34.79114184    
  0.5855855856E-01  -38.07442846    
  0.5915915916E-01  -43.47561485    
  0.5975975976E-01  -51.87623091    
  0.6036036036E-01  -62.94553345    
  0.6096096096E-01  -77.76408638    
  0.6156156156E-01  -88.21818400    
  0.6216216216E-01  -91.73099955    
  0.6276276276E-01  -82.01587158    
  0.6336336336E-01  -70.08885811    
  0.6396396396E-01  -58.89754543    
  0.6456456456E-01  -53.32653252    
  0.6516516517E-01  -49.31929376    
  0.6576576577E-01  -46.00555626    
  0.6636636637E-01  -42.65626313    
  0.6696696697E-01  -39.19600894    
  0.6756756757E-01  -36.06954264    
  0.6816816817E-01  -33.56855638    
  0.6876876877E-01  -31.59158329    
  0.6936936937E-01  -29.91764600    
  0.6996996997E-01  -28.41184563    
  0.7057057057E-01  -27.14776420    
  0.7117117117E-01  -26.16571634    
  0.7177177177E-01  -25.55861809    
  0.7237237237E-01  -25.26320140    
  0.7297297297E-01  -24.79007307    
  0.7357357357E-01  -23.82069599    
  0.7417417417E-01  -22.27451541    
  0.7477477477E-01  -20.81151025    
  0.7537537538E-01  -19.69075238    
  0.7597597598E-01  -18.96591249    
  0.7657657658E-01  -18.35585971    
  0.7717717718E-01  -17.78593874    
  0.7777777778E-01  -17.23936509    
  0.7837837838E-01  -16.70414395    
  0.7897897898E-01  -16.17345065    
  0.7957957958E-01  -15.64432636    
  0.8018018018E-01  -15.11943172    
  0.8078078078E-01  -14.60843729    
  0.8138138138E-01  -14.12210301    
  0.8198198198E-01  -13.65295846    
  0.8258258258E-01  -13.16593289    
  0.8318318318E-01  -12.64506621    
  0.8378378378E-01  -12.09429620    
  0.8438438438E-01  -11.47614126    
  0.8498498498E-01  -10.64854197    
  0.8558558559E-01  -9.620848485    
  0.8618618619E-01  -8.550039248    
  0.8678678679E-01  -7.750411760    
  0.8738738739E-01  -7.237336784    
  0.8798798799E-01  -6.937922032    
  0.8858858859E-01  -6.698101203    
  0.8918918919E-01  -6.495513027    
  0.8978978979E-01  -6.299188485    
  0.9039039039E-01  -6.085184556    
  0.9099099099E-01  -5.847570091    
  0.9159159159E-01  -5.603042251    
  0.9219219219E-01  -5.381824947    
  0.9279279279E-01  -5.207224988    
  0.9339339339E-01  -5.088389333    
  0.9399399399E-01  -5.013820507    
  0.9459459459E-01  -4.969160051    
  0.9519519520E-01  -4.942585212    
  0.9579579580E-01  -4.929630882    
  0.9639639640E-01  -4.927391111    
  0.9699699700E-01  -4.932304791    
  0.9759759760E-01  -4.941287872    
  0.9819819820E-01  -4.951977491    
  0.9879879880E-01  -4.963179264    
  0.9939939940E-01  -4.974384558    
  0.1000000000      -4.985347323    
  0.1006006006      -4.995860676    
  0.1012012012      -5.005777220    
  0.1018018018      -5.014999452    
  0.1024024024      -5.023484495    
  0.1030030030      -5.031228737    
  0.1036036036      -5.038246280    
  0.1042042042      -5.044550158    
  0.1048048048      -5.050147900    
  0.1054054054      -5.055041682    
  0.1060060060      -5.059231507    
  0.1066066066      -5.062717372    
  0.1072072072      -5.065499280    
  0.1078078078      -5.067577228    
  0.1084084084      -5.068951219    
  0.1090090090      -5.069621250    
  0.1096096096      -5.069587324    
  0.1102102102      -5.068849438    
  0.1108108108      -5.067407594    
  0.1114114114      -5.065261792    
  0.1120120120      -5.062412031    
  0.1126126126      -5.058873538    
  0.1132132132      -5.054719959    
  0.1138138138      -5.050085991    
  0.1144144144      -5.045230555    
  0.1150150150      -5.040255363    
  0.1156156156      -5.035752344    
  0.1162162162      -5.032155840    
  0.1168168168      -5.029878347    
  0.1174174174      -5.028155146    
  0.1180180180      -5.026074651    
  0.1186186186      -5.023138020    
  0.1192192192      -5.020316874    
  0.1198198198      -5.019684503    
  0.1204204204      -5.023828419    
  0.1210210210      -5.034671678    
  0.1216216216      -5.053456091    
  0.1222222222      -5.080532597    
  0.1228228228      -5.116329162    
  0.1234234234      -5.161041236    
  0.1240240240      -5.210640981    
  0.1246246246      -5.254137699    
  0.1252252252      -5.276389170    
  0.1258258258      -5.267143162    
  0.1264264264      -5.225653740    
  0.1270270270      -5.156893152    
  0.1276276276      -5.069066402    
  0.1282282282      -4.971915553    
  0.1288288288      -4.876478951    
  0.1294294294      -4.790158345    
  0.1300300300      -4.715454778    
  0.1306306306      -4.651507212    
  0.1312312312      -4.597137090    
  0.1318318318      -4.550816550    
  0.1324324324      -4.510885700    
  0.1330330330      -4.475453211    
  0.1336336336      -4.443754353    
  0.1342342342      -4.415170248    
  0.1348348348      -4.388671859    
  0.1354354354      -4.362422356    
  0.1360360360      -4.335285139    
  0.1366366366      -4.307618264    
  0.1372372372      -4.281175947    
  0.1378378378      -4.257757995    
  0.1384384384      -4.237653112    
  0.1390390390      -4.218423313    
  0.1396396396      -4.196623622    
  0.1402402402      -4.166566514    
  0.1408408408      -4.125543066    
  0.1414414414      -4.081296377    
  0.1420420420      -4.046472266    
  0.1426426426      -4.030052412    
  0.1432432432      -4.021869297    
  0.1438438438      -4.012434544    
  0.1444444444      -3.999924451    
  0.1450450450      -3.990379941    
  0.1456456456      -3.986212055    
  0.1462462462      -3.982485127    
  0.1468468468      -3.977284401    
  0.1474474474      -3.969786647    
  0.1480480480      -3.961491245    
  0.1486486486      -3.952425231    
  0.1492492492      -3.942600508    
  0.1498498498      -3.932054610    
  0.1504504505      -3.920864071    
  0.1510510511      -3.909121824    
  0.1516516517      -3.896862451    
  0.1522522523      -3.884088392    
  0.1528528529      -3.870844711    
  0.1534534535      -3.857244093    
  0.1540540541      -3.843475267    
  0.1546546547      -3.829718871    
  0.1552552553      -3.816114808    
  0.1558558559      -3.802731510    
  0.1564564565      -3.789589744    
  0.1570570571      -3.776677628    
  0.1576576577      -3.763976318    
  0.1582582583      -3.751462802    
  0.1588588589      -3.739097846    
  0.1594594595      -3.726823210    
  0.1600600601      -3.714582252    
  0.1606606607      -3.702342473    
  0.1612612613      -3.690093546    
  0.1618618619      -3.677837257    
  0.1624624625      -3.665576642    
  0.1630630631      -3.653315757    
  0.1636636637      -3.641057423    
  0.1642642643      -3.628802893    
  0.1648648649      -3.616552325    
  0.1654654655      -3.604304983    
  0.1660660661      -3.592050659    
  0.1666666667      -3.579767131    
  0.1672672673      -3.567421643    
  0.1678678679      -3.554988371    
  0.1684684685      -3.542453503    
  0.1690690691      -3.529814504    
  0.1696696697      -3.517071372    
  0.1702702703      -3.504224109    
  0.1708708709      -3.491272713    
  0.1714714715      -3.478217184    
  0.1720720721      -3.465057524    
  0.1726726727      -3.451793731    
  0.1732732733      -3.438432180    
  0.1738738739      -3.425044963    
  0.1744744745      -3.412286799    
  0.1750750751      -3.401003230    
  0.1756756757      -3.391958192    
  0.1762762763      -3.384785452    
  0.1768768769      -3.378988310    
  0.1774774775      -3.374398641    
  0.1780780781      -3.371272665    
  0.1786786787      -3.369549759    
  0.1792792793      -3.368510881    
  0.1798798799      -3.367689822    
  0.1804804805      -3.366981512    
  0.1810810811      -3.366602478    
  0.1816816817      -3.366547592    
  0.1822822823      -3.366512981    
  0.1828828829      -3.366039796    
  0.1834834835      -3.364583911    
  0.1840840841      -3.361555929    
  0.1846846847      -3.356663212    
  0.1852852853      -3.350218420    
  0.1858858859      -3.343248238    
  0.1864864865      -3.336842811    
  0.1870870871      -3.331404919    
  0.1876876877      -3.329017479    
  0.1882882883      -3.334721943    
  0.1888888889      -3.349075826    
  0.1894894895      -3.367390775    
  0.1900900901      -3.378404793    
  0.1906906907      -3.380286226    
  0.1912912913      -3.374990958    
  0.1918918919      -3.368076252    
  0.1924924925      -3.360519935    
  0.1930930931      -3.352575275    
  0.1936936937      -3.344334209    
  0.1942942943      -3.335801746    
  0.1948948949      -3.327065871    
  0.1954954955      -3.318227136    
  0.1960960961      -3.309361327    
  0.1966966967      -3.300487803    
  0.1972972973      -3.291631617    
  0.1978978979      -3.282854782    
  0.1984984985      -3.274237390    
  0.1990990991      -3.265822751    
  0.1996996997      -3.257603623    
  0.2003003003      -3.249534605    
  0.2009009009      -3.241586126    
  0.2015015015      -3.233746606    
  0.2021021021      -3.226027806    
  0.2027027027      -3.218442913    
  0.2033033033      -3.210999404    
  0.2039039039      -3.203681106    
  0.2045045045      -3.196437124    
  0.2051051051      -3.189200577    
  0.2057057057      -3.181902110    
  0.2063063063      -3.174498749    
  0.2069069069      -3.166968547    
  0.2075075075      -3.159307278    
  0.2081081081      -3.151518035    
  0.2087087087      -3.143609542    
  0.2093093093      -3.135594368    
  0.2099099099      -3.127483344    
  0.2105105105      -3.119281577    
  0.2111111111      -3.110987473    
  0.2117117117      -3.102587446    
  0.2123123123      -3.094054288    
  0.2129129129      -3.085355284    
  0.2135135135      -3.076467161    
  0.2141141141      -3.067385440    
  0.2147147147      -3.058117866    
  0.2153153153      -3.048674901    
  0.2159159159      -3.039064656    
  0.2165165165      -3.029296277    
  0.2171171171      -3.019381035    
  0.2177177177      -3.009331083    
  0.2183183183      -2.999154299    
  0.2189189189      -2.988852235    
  0.2195195195      -2.978421253    
  0.2201201201      -2.967852585    
  0.2207207207      -2.957132451    
  0.2213213213      -2.946242743    
  0.2219219219      -2.935167545    
  0.2225225225      -2.923892921    
  0.2231231231      -2.912404208    
  0.2237237237      -2.900682895    
  0.2243243243      -2.888714537    
  0.2249249249      -2.876491758    
  0.2255255255      -2.864013963    
  0.2261261261      -2.851289002    
  0.2267267267      -2.838339197    
  0.2273273273      -2.825218680    
  0.2279279279      -2.812001172    
  0.2285285285      -2.798765827    
  0.2291291291      -2.785561755    
  0.2297297297      -2.772411556    
  0.2303303303      -2.759287438    
  0.2309309309      -2.746047211    
  0.2315315315      -2.732540902    
  0.2321321321      -2.718675887    
  0.2327327327      -2.704569228    
  0.2333333333      -2.690301440    
  0.2339339339      -2.675874656    
  0.2345345345      -2.661155974    
  0.2351351351      -2.646056444    
  0.2357357357      -2.630549987    
  0.2363363363      -2.614659529    
  0.2369369369      -2.598411343    
  0.2375375375      -2.581807349    
  0.2381381381      -2.564829018    
  0.2387387387      -2.547454606    
  0.2393393393      -2.529779573    
  0.2399399399      -2.512110962    
  0.2405405405      -2.494890409    
  0.2411411411      -2.478405345    
  0.2417417417      -2.462735134    
  0.2423423423      -2.448423745    
  0.2429429429      -2.437115214    
  0.2435435435      -2.431309632    
  0.2441441441      -2.432895812    
  0.2447447447      -2.441756174    
  0.2453453453      -2.456128906    
  0.2459459459      -2.529754102    
  0.2465465465      -2.665841813    
  0.2471471471      -2.869502481    
  0.2477477477      -3.031623503    
  0.2483483483      -3.139536493    
  0.2489489489      -3.172045905    
  0.2495495495      -3.162468452    
  0.2501501502      -3.102911372    
  0.2507507508      -2.999876556    
  0.2513513514      -2.871942864    
  0.2519519520      -2.738523477    
  0.2525525526      -2.613180067    
  0.2531531532      -2.502701282    
  0.2537537538      -2.409051019    
  0.2543543544      -2.332486547    
  0.2549549550      -2.265585476    
  0.2555555556      -2.195429090    
  0.2561561562      -2.110020588    
  0.2567567568      -2.010250297    
  0.2573573574      -1.908928162    
  0.2579579580      -1.818918968    
  0.2585585586      -1.747068030    
  0.2591591592      -1.693991561    
  0.2597597598      -1.657993746    
  0.2603603604      -1.634475736    
  0.2609609610      -1.616886347    
  0.2615615616      -1.600941427    
  0.2621621622      -1.585761285    
  0.2627627628      -1.572666815    
  0.2633633634      -1.562231828    
  0.2639639640      -1.554034926    
  0.2645645646      -1.547212175    
  0.2651651652      -1.541145866    
  0.2657657658      -1.535417198    
  0.2663663664      -1.529837233    
  0.2669669670      -1.524313729    
  0.2675675676      -1.518561586    
  0.2681681682      -1.512067102    
  0.2687687688      -1.505274661    
  0.2693693694      -1.495952299    
  0.2699699700      -1.482719995    
  0.2705705706      -1.462758205    
  0.2711711712      -1.439510553    
  0.2717717718      -1.415618567    
  0.2723723724      -1.394135676    
  0.2729729730      -1.374697557    
  0.2735735736      -1.357012544    
  0.2741741742      -1.340730385    
  0.2747747748      -1.325326701    
  0.2753753754      -1.310345270    
  0.2759759760      -1.295514432    
  0.2765765766      -1.280784040    
  0.2771771772      -1.266154095    
  0.2777777778      -1.251624598    
  0.2783783784      -1.237195547    
  0.2789789790      -1.222866943    
  0.2795795796      -1.208638787    
  0.2801801802      -1.194511077    
  0.2807807808      -1.180483815    
  0.2813813814      -1.166557000    
  0.2819819820      -1.152730631    
  0.2825825826      -1.139004710    
  0.2831831832      -1.125379236    
  0.2837837838      -1.111854208    
  0.2843843844      -1.098429628    
  0.2849849850      -1.085105495    
  0.2855855856      -1.071881809    
  0.2861861862      -1.058758569    
  0.2867867868      -1.045735777    
  0.2873873874      -1.032813432    
  0.2879879880      -1.019991534    
  0.2885885886      -1.007270083    
  0.2891891892     -0.9946490791    
  0.2897897898     -0.9821285221    
  0.2903903904     -0.9697084122    
  0.2909909910     -0.9573887493    
  0.2915915916     -0.9451695334    
  0.2921921922     -0.9330507646    
  0.2927927928     -0.9210324428    
  0.2933933934     -0.9091145681    
  0.2939939940     -0.8972971403    
  0.2945945946     -0.8855803773    
  0.2951951952     -0.8739650914    
  0.2957957958     -0.8624526968    
  0.2963963964     -0.8510447756    
  0.2969969970     -0.8397423861    
  0.2975975976     -0.8285464922    
  0.2981981982     -0.8174610665    
  0.2987987988     -0.8064948315    
  0.2993993994     -0.7956437324    
  0.3000000000     -0.7848685148    
     
