 -0.3000000000       1.784210734    
 -0.2993993994       1.796085060    
 -0.2987987988       1.808312565    
 -0.2981981982       1.821105161    
 -0.2975975976       1.834533483    
 -0.2969969970       1.848597535    
 -0.2963963964       1.863297316    
 -0.2957957958       1.878632826    
 -0.2951951952       1.894604065    
 -0.2945945946       1.911211032    
 -0.2939939940       1.928453729    
 -0.2933933934       1.946332155    
 -0.2927927928       1.964846309    
 -0.2921921922       1.983996193    
 -0.2915915916       2.003781805    
 -0.2909909910       2.024203146    
 -0.2903903904       2.045260217    
 -0.2897897898       2.066952554    
 -0.2891891892       2.089213145    
 -0.2885885886       2.111905266    
 -0.2879879880       2.134832118    
 -0.2873873874       2.157834888    
 -0.2867867868       2.180823404    
 -0.2861861862       2.203775315    
 -0.2855855856       2.226756654    
 -0.2849849850       2.249935823    
 -0.2843843844       2.273467855    
 -0.2837837838       2.297414992    
 -0.2831831832       2.321658476    
 -0.2825825826       2.346100617    
 -0.2819819820       2.370689043    
 -0.2813813814       2.395435951    
 -0.2807807808       2.420327350    
 -0.2801801802       2.445346366    
 -0.2795795796       2.470509862    
 -0.2789789790       2.495858689    
 -0.2783783784       2.521428615    
 -0.2777777778       2.547240357    
 -0.2771771772       2.573302999    
 -0.2765765766       2.599621275    
 -0.2759759760       2.626196353    
 -0.2753753754       2.653028254    
 -0.2747747748       2.680116978    
 -0.2741741742       2.707462526    
 -0.2735735736       2.735064896    
 -0.2729729730       2.762924090    
 -0.2723723724       2.791040107    
 -0.2717717718       2.819412947    
 -0.2711711712       2.848042610    
 -0.2705705706       2.876929096    
 -0.2699699700       2.906072406    
 -0.2693693694       2.935473906    
 -0.2687687688       2.965153956    
 -0.2681681682       2.995115317    
 -0.2675675676       3.025311665    
 -0.2669669670       3.055604920    
 -0.2663663664       3.085853918    
 -0.2657657658       3.115975149    
 -0.2651651652       3.145829587    
 -0.2645645646       3.175040213    
 -0.2639639640       3.202982462    
 -0.2633633634       3.229069129    
 -0.2627627628       3.253061100    
 -0.2621621622       3.275192499    
 -0.2615615616       3.296050296    
 -0.2609609610       3.316328571    
 -0.2603603604       3.336513167    
 -0.2597597598       3.356828043    
 -0.2591591592       3.377300631    
 -0.2585585586       3.397931150    
 -0.2579579580       3.418733887    
 -0.2573573574       3.439769943    
 -0.2567567568       3.461152708    
 -0.2561561562       3.483020016    
 -0.2555555556       3.505468715    
 -0.2549549550       3.528545271    
 -0.2543543544       3.552265424    
 -0.2537537538       3.576647240    
 -0.2531531532       3.601712765    
 -0.2525525526       3.627427004    
 -0.2519519520       3.653475011    
 -0.2513513514       3.679533547    
 -0.2507507508       3.705083521    
 -0.2501501502       3.729695104    
 -0.2495495495       3.753356749    
 -0.2489489489       3.777795753    
 -0.2483483483       3.805863729    
 -0.2477477477       3.839458524    
 -0.2471471471       3.877474693    
 -0.2465465465       3.917055050    
 -0.2459459459       3.955723894    
 -0.2453453453       3.992601468    
 -0.2447447447       4.027747914    
 -0.2441441441       4.061522801    
 -0.2435435435       4.094331769    
 -0.2429429429       4.126588277    
 -0.2423423423       4.158678395    
 -0.2417417417       4.190943589    
 -0.2411411411       4.223704607    
 -0.2405405405       4.257271867    
 -0.2399399399       4.291978704    
 -0.2393393393       4.328094091    
 -0.2387387387       4.365815481    
 -0.2381381381       4.405250642    
 -0.2375375375       4.446475878    
 -0.2369369369       4.489551292    
 -0.2363363363       4.534523591    
 -0.2357357357       4.581418270    
 -0.2351351351       4.630243063    
 -0.2345345345       4.681054360    
 -0.2339339339       4.734038434    
 -0.2333333333       4.789580372    
 -0.2327327327       4.848349174    
 -0.2321321321       4.910895066    
 -0.2315315315       4.975778386    
 -0.2309309309       5.040671037    
 -0.2303303303       5.104068870    
 -0.2297297297       5.167845241    
 -0.2291291291       5.234296616    
 -0.2285285285       5.303581868    
 -0.2279279279       5.373910570    
 -0.2273273273       5.443504842    
 -0.2267267267       5.511817666    
 -0.2261261261       5.578749834    
 -0.2255255255       5.644469962    
 -0.2249249249       5.709426829    
 -0.2243243243       5.774097094    
 -0.2237237237       5.838858503    
 -0.2231231231       5.903956167    
 -0.2225225225       5.969675403    
 -0.2219219219       6.036417646    
 -0.2213213213       6.104627042    
 -0.2207207207       6.174620069    
 -0.2201201201       6.246557318    
 -0.2195195195       6.320489559    
 -0.2189189189       6.396445098    
 -0.2183183183       6.474264285    
 -0.2177177177       6.553559467    
 -0.2171171171       6.633825043    
 -0.2165165165       6.714894142    
 -0.2159159159       6.797098789    
 -0.2153153153       6.881022066    
 -0.2147147147       6.966921703    
 -0.2141141141       7.054560440    
 -0.2135135135       7.143502802    
 -0.2129129129       7.233647396    
 -0.2123123123       7.325358055    
 -0.2117117117       7.419266192    
 -0.2111111111       7.516036088    
 -0.2105105105       7.616385523    
 -0.2099099099       7.721638905    
 -0.2093093093       7.833777971    
 -0.2087087087       7.955170913    
 -0.2081081081       8.087489172    
 -0.2075075075       8.231537837    
 -0.2069069069       8.387555763    
 -0.2063063063       8.556477056    
 -0.2057057057       8.740270143    
 -0.2051051051       8.941690554    
 -0.2045045045       9.162907134    
 -0.2039039039       9.405054414    
 -0.2033033033       9.668356212    
 -0.2027027027       9.952650336    
 -0.2021021021       10.25750098    
 -0.2015015015       10.58298118    
 -0.2009009009       10.93067990    
 -0.2003003003       11.30403117    
 -0.1996996997       11.70707064    
 -0.1990990991       12.14318609    
 -0.1984984985       12.61466408    
 -0.1978978979       13.12017335    
 -0.1972972973       13.65672109    
 -0.1966966967       14.21904830    
 -0.1960960961       14.81912711    
 -0.1954954955       15.51610687    
 -0.1948948949       16.28071179    
 -0.1942942943       17.04750939    
 -0.1936936937       17.66014430    
 -0.1930930931       18.14248394    
 -0.1924924925       18.56231784    
 -0.1918918919       19.06358459    
 -0.1912912913       19.71276199    
 -0.1906906907       20.54213279    
 -0.1900900901       21.45740243    
 -0.1894894895       22.30263044    
 -0.1888888889       22.91395209    
 -0.1882882883       23.28248974    
 -0.1876876877       23.48475872    
 -0.1870870871       23.62334297    
 -0.1864864865       23.73762749    
 -0.1858858859       23.83463834    
 -0.1852852853       23.93285726    
 -0.1846846847       24.07005261    
 -0.1840840841       24.28069767    
 -0.1834834835       24.57295486    
 -0.1828828829       24.91481676    
 -0.1822822823       25.29215321    
 -0.1816816817       25.71796058    
 -0.1810810811       26.24332125    
 -0.1804804805       26.92185345    
 -0.1798798799       27.87506908    
 -0.1792792793       29.28001499    
 -0.1786786787       31.18913765    
 -0.1780780781       33.38596780    
 -0.1774774775       35.42490667    
 -0.1768768769       36.93722117    
 -0.1762762763       37.79148156    
 -0.1756756757       38.12099657    
 -0.1750750751       38.24344321    
 -0.1744744745       38.47169847    
 -0.1738738739       38.96084508    
 -0.1732732733       39.58313330    
 -0.1726726727       40.15873451    
 -0.1720720721       40.64630363    
 -0.1714714715       41.19922020    
 -0.1708708709       41.92309414    
 -0.1702702703       42.76466573    
 -0.1696696697       43.56046699    
 -0.1690690691       44.20334365    
 -0.1684684685       44.68142481    
 -0.1678678679       45.04620767    
 -0.1672672673       45.35712045    
 -0.1666666667       45.64940345    
 -0.1660660661       45.93370248    
 -0.1654654655       46.20384317    
 -0.1648648649       46.43445541    
 -0.1642642643       46.40726395    
 -0.1636636637       45.82430698    
 -0.1630630631       44.49132209    
 -0.1624624625       42.70907522    
 -0.1618618619       41.01608538    
 -0.1612612613       39.81230770    
 -0.1606606607       39.06131669    
 -0.1600600601       38.47198353    
 -0.1594594595       37.79231326    
 -0.1588588589       36.94022595    
 -0.1582582583       36.12420498    
 -0.1576576577       35.75612978    
 -0.1570570571       36.11420855    
 -0.1564564565       36.92329154    
 -0.1558558559       37.30424866    
 -0.1552552553       36.44894356    
 -0.1546546547       34.30941733    
 -0.1540540541       31.67973622    
 -0.1534534535       29.50740166    
 -0.1528528529       28.13788700    
 -0.1522522523       27.31514702    
 -0.1516516517       26.66426920    
 -0.1510510511       26.01895431    
 -0.1504504505       25.39040793    
 -0.1498498498       24.78301189    
 -0.1492492492       24.19513168    
 -0.1486486486       23.61332329    
 -0.1480480480       22.94252177    
 -0.1474474474       22.09929563    
 -0.1468468468       21.08547546    
 -0.1462462462       20.09425604    
 -0.1456456456       19.37233289    
 -0.1450450450       19.11087643    
 -0.1444444444       19.43732917    
 -0.1438438438       20.41108922    
 -0.1432432432       22.07692564    
 -0.1426426426       24.57286191    
 -0.1420420420       27.68360200    
 -0.1414414414       30.72693249    
 -0.1408408408       32.97011535    
 -0.1402402402       34.43738874    
 -0.1396396396       36.03391646    
 -0.1390390390       38.72131988    
 -0.1384384384       42.06751224    
 -0.1378378378       44.49497289    
 -0.1372372372       44.55214262    
 -0.1366366366       42.67164480    
 -0.1360360360       40.74301021    
 -0.1354354354       39.73627735    
 -0.1348348348       39.77934147    
 -0.1342342342       40.27865645    
 -0.1336336336       41.25021239    
 -0.1330330330       42.49650252    
 -0.1324324324       43.73418592    
 -0.1318318318       44.79514351    
 -0.1312312312       45.88916694    
 -0.1306306306       47.46840914    
 -0.1300300300       49.89672312    
 -0.1294294294       52.98206774    
 -0.1288288288       56.11574250    
 -0.1282282282       58.60991218    
 -0.1276276276       60.32919719    
 -0.1270270270       61.51727929    
 -0.1264264264       62.48702641    
 -0.1258258258       63.31217829    
 -0.1252252252       63.92342060    
 -0.1246246246       64.28196440    
 -0.1240240240       64.29148106    
 -0.1234234234       63.76819523    
 -0.1228228228       62.33731148    
 -0.1222222222       59.70356170    
 -0.1216216216       55.78927705    
 -0.1210210210       51.07451856    
 -0.1204204204       46.36532987    
 -0.1198198198       42.40828528    
 -0.1192192192       39.43820737    
 -0.1186186186       37.19660538    
 -0.1180180180       35.39330039    
 -0.1174174174       33.92030750    
 -0.1168168168       32.93390960    
 -0.1162162162       32.54605440    
 -0.1156156156       32.81233488    
 -0.1150150150       33.71467679    
 -0.1144144144       35.22027781    
 -0.1138138138       37.21977823    
 -0.1132132132       39.46605196    
 -0.1126126126       41.68128728    
 -0.1120120120       43.62458310    
 -0.1114114114       45.11756322    
 -0.1108108108       46.15840487    
 -0.1102102102       46.92113895    
 -0.1096096096       47.77060296    
 -0.1090090090       48.96599813    
 -0.1084084084       50.63971156    
 -0.1078078078       52.74311610    
 -0.1072072072       55.14419176    
 -0.1066066066       57.65703203    
 -0.1060060060       59.93670597    
 -0.1054054054       61.88053182    
 -0.1048048048       63.56071714    
 -0.1042042042       65.31292466    
 -0.1036036036       66.80002763    
 -0.1030030030       67.67142173    
 -0.1024024024       67.76601559    
 -0.1018018018       67.83208391    
 -0.1012012012       68.19422478    
 -0.1006006006       68.95792061    
 -0.1000000000       69.77747280    
 -0.9939939940E-01   70.68788117    
 -0.9879879880E-01   71.55769124    
 -0.9819819820E-01   72.26903089    
 -0.9759759760E-01   72.65195813    
 -0.9699699700E-01   72.65373309    
 -0.9639639640E-01   72.34575162    
 -0.9579579580E-01   71.90953776    
 -0.9519519520E-01   71.56448023    
 -0.9459459459E-01   71.32712745    
 -0.9399399399E-01   70.91380517    
 -0.9339339339E-01   70.04225632    
 -0.9279279279E-01   68.64979525    
 -0.9219219219E-01   66.98805069    
 -0.9159159159E-01   65.29777634    
 -0.9099099099E-01   63.66639945    
 -0.9039039039E-01   61.97638577    
 -0.8978978979E-01   60.10072929    
 -0.8918918919E-01   57.90309131    
 -0.8858858859E-01   55.36916607    
 -0.8798798799E-01   52.64457310    
 -0.8738738739E-01   50.15323778    
 -0.8678678679E-01   48.27731966    
 -0.8618618619E-01   47.21514615    
 -0.8558558559E-01   46.90898266    
 -0.8498498498E-01   46.97804447    
 -0.8438438438E-01   46.59007678    
 -0.8378378378E-01   44.98167412    
 -0.8318318318E-01   42.31123525    
 -0.8258258258E-01   39.59917417    
 -0.8198198198E-01   37.72311173    
 -0.8138138138E-01   36.65792155    
 -0.8078078078E-01   36.04040879    
 -0.8018018018E-01   35.61804406    
 -0.7957957958E-01   35.40203139    
 -0.7897897898E-01   35.32847714    
 -0.7837837838E-01   35.32626119    
 -0.7777777778E-01   35.34000677    
 -0.7717717718E-01   35.31742692    
 -0.7657657658E-01   35.19488016    
 -0.7597597598E-01   34.95633723    
 -0.7537537538E-01   34.62375414    
 -0.7477477477E-01   34.25540285    
 -0.7417417417E-01   33.85313199    
 -0.7357357357E-01   33.39009093    
 -0.7297297297E-01   32.78117266    
 -0.7237237237E-01   31.92662690    
 -0.7177177177E-01   30.74725035    
 -0.7117117117E-01   29.21048707    
 -0.7057057057E-01   27.33248280    
 -0.6996996997E-01   25.15071647    
 -0.6936936937E-01   22.73917362    
 -0.6876876877E-01   20.23368973    
 -0.6816816817E-01   17.82542718    
 -0.6756756757E-01   15.71613121    
 -0.6696696697E-01   14.01835279    
 -0.6636636637E-01   12.71947896    
 -0.6576576577E-01   11.71242266    
 -0.6516516517E-01   10.89168990    
 -0.6456456456E-01   10.19817910    
 -0.6396396396E-01   9.608259312    
 -0.6336336336E-01   9.104857437    
 -0.6276276276E-01   8.666427965    
 -0.6216216216E-01   8.275147004    
 -0.6156156156E-01   7.919244908    
 -0.6096096096E-01   7.591864918    
 -0.6036036036E-01   7.291878884    
 -0.5975975976E-01   7.023166647    
 -0.5915915916E-01   6.788022049    
 -0.5855855856E-01   6.583811241    
 -0.5795795796E-01   6.403721453    
 -0.5735735736E-01   6.241750099    
 -0.5675675676E-01   6.092986398    
 -0.5615615616E-01   5.953763245    
 -0.5555555556E-01   5.822092777    
 -0.5495495495E-01   5.697354880    
 -0.5435435435E-01   5.579503075    
 -0.5375375375E-01   5.468537363    
 -0.5315315315E-01   5.364457743    
 -0.5255255255E-01   5.267264216    
 -0.5195195195E-01   5.176956781    
 -0.5135135135E-01   5.093535438    
 -0.5075075075E-01   5.017000187    
 -0.5015015015E-01   4.947350394    
 -0.4954954955E-01   4.884568722    
 -0.4894894895E-01   4.828580888    
 -0.4834834835E-01   4.779154734    
 -0.4774774775E-01   4.735876987    
 -0.4714714715E-01   4.698180869    
 -0.4654654655E-01   4.665480716    
 -0.4594594595E-01   4.637176381    
 -0.4534534535E-01   4.612895585    
 -0.4474474474E-01   4.593268195    
 -0.4414414414E-01   4.586127432    
 -0.4354354354E-01   4.610095847    
 -0.4294294294E-01   4.701093376    
 -0.4234234234E-01   4.963064881    
 -0.4174174174E-01   5.580929216    
 -0.4114114114E-01   6.696180955    
 -0.4054054054E-01   8.167903081    
 -0.3993993994E-01   9.612686813    
 -0.3933933934E-01   10.68186512    
 -0.3873873874E-01   11.36267869    
 -0.3813813814E-01   11.84452523    
 -0.3753753754E-01   12.30825579    
 -0.3693693694E-01   12.80672977    
 -0.3633633634E-01   13.34175390    
 -0.3573573574E-01   13.91578795    
 -0.3513513514E-01   14.53191394    
 -0.3453453453E-01   15.19339103    
 -0.3393393393E-01   15.90533936    
 -0.3333333333E-01   16.65157758    
 -0.3273273273E-01   17.42375159    
 -0.3213213213E-01   18.21932670    
 -0.3153153153E-01   19.11270698    
 -0.3093093093E-01   20.20449329    
 -0.3033033033E-01   21.60710467    
 -0.2972972973E-01   23.41019441    
 -0.2912912913E-01   25.74550433    
 -0.2852852853E-01   28.80563190    
 -0.2792792793E-01   32.83639779    
 -0.2732732733E-01   37.96909183    
 -0.2672672673E-01   43.68631030    
 -0.2612612613E-01   49.12747358    
 -0.2552552553E-01   53.28261378    
 -0.2492492492E-01   56.19107367    
 -0.2432432432E-01   58.24130751    
 -0.2372372372E-01   60.08054221    
 -0.2312312312E-01   61.79238972    
 -0.2252252252E-01   63.34033109    
 -0.2192192192E-01   64.63380720    
 -0.2132132132E-01   65.70332717    
 -0.2072072072E-01   66.67556199    
 -0.2012012012E-01   67.80248961    
 -0.1951951952E-01   69.30473889    
 -0.1891891892E-01   70.95319003    
 -0.1831831832E-01   72.22327780    
 -0.1771771772E-01   72.55815369    
 -0.1711711712E-01   72.12527296    
 -0.1651651652E-01   71.30421705    
 -0.1591591592E-01   70.34088167    
 -0.1531531532E-01   69.66079580    
 -0.1471471471E-01   69.20492881    
 -0.1411411411E-01   69.22507683    
 -0.1351351351E-01   68.98354705    
 -0.1291291291E-01   68.61621630    
 -0.1231231231E-01   68.07997008    
 -0.1171171171E-01   67.73623217    
 -0.1111111111E-01   67.43940215    
 -0.1051051051E-01   67.16470974    
 -0.9909909910E-02   66.99243420    
 -0.9309309309E-02   67.81868672    
 -0.8708708709E-02   69.92621978    
 -0.8108108108E-02   72.50146489    
 -0.7507507508E-02   73.26229161    
 -0.6906906907E-02   71.22922031    
 -0.6306306306E-02   67.60372909    
 -0.5705705706E-02   64.37477789    
 -0.5105105105E-02   62.54675988    
 -0.4504504505E-02   61.95000625    
 -0.3903903904E-02   62.30776141    
 -0.3303303303E-02   63.96748986    
 -0.2702702703E-02   68.13222856    
 -0.2102102102E-02   76.22296008    
 -0.1501501502E-02   88.84602836    
 -0.9009009009E-03   99.21385798    
 -0.3003003003E-03   102.6158020    
  0.3003003003E-03   95.02477584    
  0.9009009009E-03   84.80130898    
  0.1501501502E-02   75.48569057    
  0.2102102102E-02   69.86044621    
  0.2702702703E-02   64.81792453    
  0.3303303303E-02   59.76693037    
  0.3903903904E-02   54.68157237    
  0.4504504505E-02   49.65562993    
  0.5105105105E-02   44.99802269    
  0.5705705706E-02   41.02632780    
  0.6306306306E-02   38.10121571    
  0.6906906907E-02   36.55051550    
  0.7507507508E-02   36.67933078    
  0.8108108108E-02   38.40922418    
  0.8708708709E-02   41.00509842    
  0.9309309309E-02   43.46920862    
  0.9909909910E-02   45.27334049    
  0.1051051051E-01   46.66197116    
  0.1111111111E-01   48.01758543    
  0.1171171171E-01   49.47374075    
  0.1231231231E-01   50.81619067    
  0.1291291291E-01   51.76821180    
  0.1351351351E-01   52.22809662    
  0.1411411411E-01   52.24230291    
  0.1471471471E-01   51.97398273    
  0.1531531532E-01   51.50663984    
  0.1591591592E-01   50.89070748    
  0.1651651652E-01   50.20266429    
  0.1711711712E-01   49.51308838    
  0.1771771772E-01   48.82149787    
  0.1831831832E-01   48.04987366    
  0.1891891892E-01   47.14365851    
  0.1951951952E-01   46.13135694    
  0.2012012012E-01   45.09328430    
  0.2072072072E-01   44.06797024    
  0.2132132132E-01   43.04540759    
  0.2192192192E-01   41.99603122    
  0.2252252252E-01   40.91378527    
  0.2312312312E-01   39.82740264    
  0.2372372372E-01   38.78861548    
  0.2432432432E-01   37.85428814    
  0.2492492492E-01   37.07022471    
  0.2552552553E-01   36.46960672    
  0.2612612613E-01   36.07685430    
  0.2672672673E-01   35.90891723    
  0.2732732733E-01   35.97846921    
  0.2792792793E-01   36.28401528    
  0.2852852853E-01   36.79585049    
  0.2912912913E-01   37.46435262    
  0.2972972973E-01   38.24321964    
  0.3033033033E-01   39.11195652    
  0.3093093093E-01   40.07054114    
  0.3153153153E-01   41.13488162    
  0.3213213213E-01   42.31749413    
  0.3273273273E-01   43.60342543    
  0.3333333333E-01   45.12281975    
  0.3393393393E-01   46.94633894    
  0.3453453453E-01   49.16301587    
  0.3513513514E-01   51.48077208    
  0.3573573574E-01   53.64832573    
  0.3633633634E-01   55.36960432    
  0.3693693694E-01   56.61322644    
  0.3753753754E-01   57.36708575    
  0.3813813814E-01   57.69868646    
  0.3873873874E-01   57.67136590    
  0.3933933934E-01   57.44581979    
  0.3993993994E-01   57.26597572    
  0.4054054054E-01   57.30975539    
  0.4114114114E-01   57.61142592    
  0.4174174174E-01   58.01137739    
  0.4234234234E-01   58.34623953    
  0.4294294294E-01   58.33408982    
  0.4354354354E-01   57.80710620    
  0.4414414414E-01   56.75264659    
  0.4474474474E-01   55.52921025    
  0.4534534535E-01   54.30877419    
  0.4594594595E-01   52.67688118    
  0.4654654655E-01   50.17186087    
  0.4714714715E-01   46.55867247    
  0.4774774775E-01   42.52217824    
  0.4834834835E-01   38.44096892    
  0.4894894895E-01   34.63104173    
  0.4954954955E-01   30.90913116    
  0.5015015015E-01   27.26323629    
  0.5075075075E-01   23.78096245    
  0.5135135135E-01   20.32834723    
  0.5195195195E-01   16.96447442    
  0.5255255255E-01   13.77107842    
  0.5315315315E-01   11.38235776    
  0.5375375375E-01   9.940472821    
  0.5435435435E-01   9.268136795    
  0.5495495495E-01   8.898397286    
  0.5555555556E-01   8.635280673    
  0.5615615616E-01   8.459184851    
  0.5675675676E-01   8.342564642    
  0.5735735736E-01   8.257918962    
  0.5795795796E-01   8.187341451    
  0.5855855856E-01   8.125121872    
  0.5915915916E-01   8.068573114    
  0.5975975976E-01   8.015731606    
  0.6036036036E-01   7.965406727    
  0.6096096096E-01   7.916105611    
  0.6156156156E-01   7.865479259    
  0.6216216216E-01   7.811512614    
  0.6276276276E-01   7.753246435    
  0.6336336336E-01   7.691376166    
  0.6396396396E-01   7.627114797    
  0.6456456456E-01   7.561366272    
  0.6516516517E-01   7.493947265    
  0.6576576577E-01   7.424646671    
  0.6636636637E-01   7.353942048    
  0.6696696697E-01   7.283434588    
  0.6756756757E-01   7.214794132    
  0.6816816817E-01   7.149580137    
  0.6876876877E-01   7.089572645    
  0.6936936937E-01   7.037025319    
  0.6996996997E-01   6.994176608    
  0.7057057057E-01   6.963286881    
  0.7117117117E-01   6.946965366    
  0.7177177177E-01   6.948995813    
  0.7237237237E-01   6.973832759    
  0.7297297297E-01   7.028211382    
  0.7357357357E-01   7.124692742    
  0.7417417417E-01   7.285434357    
  0.7477477477E-01   7.536935384    
  0.7537537538E-01   7.876154097    
  0.7597597598E-01   8.256472678    
  0.7657657658E-01   8.603763682    
  0.7717717718E-01   8.873411852    
  0.7777777778E-01   9.066722081    
  0.7837837838E-01   9.207129336    
  0.7897897898E-01   9.312529352    
  0.7957957958E-01   9.389915047    
  0.8018018018E-01   9.446386533    
  0.8078078078E-01   9.488419856    
  0.8138138138E-01   9.520461746    
  0.8198198198E-01   9.545062978    
  0.8258258258E-01   9.564215790    
  0.8318318318E-01   9.579786205    
  0.8378378378E-01   9.593014329    
  0.8438438438E-01   9.604330522    
  0.8498498498E-01   9.613800421    
  0.8558558559E-01   9.621695601    
  0.8618618619E-01   9.628622507    
  0.8678678679E-01   9.635282278    
  0.8738738739E-01   9.642266536    
  0.8798798799E-01   9.649847842    
  0.8858858859E-01   9.658015725    
  0.8918918919E-01   9.666562638    
  0.8978978979E-01   9.675270050    
  0.9039039039E-01   9.683880617    
  0.9099099099E-01   9.692058190    
  0.9159159159E-01   9.699382956    
  0.9219219219E-01   9.705520832    
  0.9279279279E-01   9.710310752    
  0.9339339339E-01   9.713720797    
  0.9399399399E-01   9.715710300    
  0.9459459459E-01   9.716195563    
  0.9519519520E-01   9.715097557    
  0.9579579580E-01   9.712408754    
  0.9639639640E-01   9.708202861    
  0.9699699700E-01   9.702600990    
  0.9759759760E-01   9.695696531    
  0.9819819820E-01   9.687509778    
  0.9879879880E-01   9.677996228    
  0.9939939940E-01   9.667065209    
  0.1000000000       9.654457386    
  0.1006006006       9.639588437    
  0.1012012012       9.621505267    
  0.1018018018       9.599150301    
  0.1024024024       9.571487497    
  0.1030030030       9.537975960    
  0.1036036036       9.498913660    
  0.1042042042       9.456095195    
  0.1048048048       9.411575337    
  0.1054054054       9.366982091    
  0.1060060060       9.322835318    
  0.1066066066       9.280000138    
  0.1072072072       9.240310850    
  0.1078078078       9.204211986    
  0.1084084084       9.171047079    
  0.1090090090       9.138488379    
  0.1096096096       9.106596589    
  0.1102102102       9.075427862    
  0.1108108108       9.044708495    
  0.1114114114       9.012280744    
  0.1120120120       8.976489145    
  0.1126126126       8.936944125    
  0.1132132132       8.894657799    
  0.1138138138       8.850893425    
  0.1144144144       8.806877414    
  0.1150150150       8.763561857    
  0.1156156156       8.721566699    
  0.1162162162       8.681032091    
  0.1168168168       8.641687831    
  0.1174174174       8.603291255    
  0.1180180180       8.565867588    
  0.1186186186       8.529660143    
  0.1192192192       8.494901895    
  0.1198198198       8.461734585    
  0.1204204204       8.430231262    
  0.1210210210       8.400529317    
  0.1216216216       8.372869424    
  0.1222222222       8.347360181    
  0.1228228228       8.323790280    
  0.1234234234       8.301473495    
  0.1240240240       8.279586040    
  0.1246246246       8.257405936    
  0.1252252252       8.234525959    
  0.1258258258       8.210745188    
  0.1264264264       8.185993001    
  0.1270270270       8.160243813    
  0.1276276276       8.133546933    
  0.1282282282       8.106122203    
  0.1288288288       8.078368368    
  0.1294294294       8.050676250    
  0.1300300300       8.023149017    
  0.1306306306       7.995601540    
  0.1312312312       7.967754142    
  0.1318318318       7.939433670    
  0.1324324324       7.910565452    
  0.1330330330       7.881125852    
  0.1336336336       7.851106939    
  0.1342342342       7.820529533    
  0.1348348348       7.789421665    
  0.1354354354       7.757761215    
  0.1360360360       7.725453075    
  0.1366366366       7.692376172    
  0.1372372372       7.658579965    
  0.1378378378       7.624325461    
  0.1384384384       7.590009640    
  0.1390390390       7.555959482    
  0.1396396396       7.522384723    
  0.1402402402       7.489414571    
  0.1408408408       7.457138976    
  0.1414414414       7.425629458    
  0.1420420420       7.394917042    
  0.1426426426       7.364972692    
  0.1432432432       7.335528954    
  0.1438438438       7.306040735    
  0.1444444444       7.275817557    
  0.1450450450       7.244340719    
  0.1456456456       7.211478957    
  0.1462462462       7.177725505    
  0.1468468468       7.144123880    
  0.1474474474       7.111975720    
  0.1480480480       7.081950021    
  0.1486486486       7.053912245    
  0.1492492492       7.026866163    
  0.1498498498       6.999974529    
  0.1504504505       6.973201944    
  0.1510510511       6.947875848    
  0.1516516517       6.926020067    
  0.1522522523       6.909293323    
  0.1528528529       6.898465428    
  0.1534534535       6.893526521    
  0.1540540541       6.894111935    
  0.1546546547       6.899253253    
  0.1552552553       6.907511709    
  0.1558558559       6.916825541    
  0.1564564565       6.925268673    
  0.1570570571       6.931045794    
  0.1576576577       6.933117521    
  0.1582582583       6.930913585    
  0.1588588589       6.924296752    
  0.1594594595       6.913184923    
  0.1600600601       6.897508535    
  0.1606606607       6.877228997    
  0.1612612613       6.852349974    
  0.1618618619       6.822975601    
  0.1624624625       6.789536181    
  0.1630630631       6.752768601    
  0.1636636637       6.713537510    
  0.1642642643       6.672687503    
  0.1648648649       6.631081201    
  0.1654654655       6.589705121    
  0.1660660661       6.549257186    
  0.1666666667       6.510103796    
  0.1672672673       6.472274803    
  0.1678678679       6.435802950    
  0.1684684685       6.400742253    
  0.1690690691       6.367180974    
  0.1696696697       6.335196134    
  0.1702702703       6.304847721    
  0.1708708709       6.275865036    
  0.1714714715       6.247309998    
  0.1720720721       6.217568406    
  0.1726726727       6.185128515    
  0.1732732733       6.149177630    
  0.1738738739       6.109980368    
  0.1744744745       6.068497515    
  0.1750750751       6.026128288    
  0.1756756757       5.983921917    
  0.1762762763       5.942340951    
  0.1768768769       5.901555164    
  0.1774774775       5.861844990    
  0.1780780781       5.823551251    
  0.1786786787       5.786824517    
  0.1792792793       5.751748744    
  0.1798798799       5.718564494    
  0.1804804805       5.687428897    
  0.1810810811       5.658110156    
  0.1816816817       5.629917789    
  0.1822822823       5.601886929    
  0.1828828829       5.573076846    
  0.1834834835       5.542968573    
  0.1840840841       5.511845912    
  0.1846846847       5.480607779    
  0.1852852853       5.449374920    
  0.1858858859       5.417231337    
  0.1864864865       5.383799048    
  0.1870870871       5.351128861    
  0.1876876877       5.323362635    
  0.1882882883       5.303935140    
  0.1888888889       5.294882005    
  0.1894894895       5.297472913    
  0.1900900901       5.316423001    
  0.1906906907       5.360366428    
  0.1912912913       5.438026975    
  0.1918918919       5.548442821    
  0.1924924925       5.678078255    
  0.1930930931       5.805096008    
  0.1936936937       5.910306060    
  0.1942942943       5.980734915    
  0.1948948949       6.010977042    
  0.1954954955       5.998585548    
  0.1960960961       5.942586641    
  0.1966966967       5.841403505    
  0.1972972973       5.696673970    
  0.1978978979       5.519188570    
  0.1984984985       5.328965966    
  0.1990990991       5.149136601    
  0.1996996997       4.994458252    
  0.2003003003       4.870936867    
  0.2009009009       4.777629442    
  0.2015015015       4.711045913    
  0.2021021021       4.664996407    
  0.2027027027       4.631958221    
  0.2033033033       4.605582799    
  0.2039039039       4.581468900    
  0.2045045045       4.557573914    
  0.2051051051       4.533083243    
  0.2057057057       4.508012955    
  0.2063063063       4.482443172    
  0.2069069069       4.456476433    
  0.2075075075       4.430199586    
  0.2081081081       4.403682463    
  0.2087087087       4.376947897    
  0.2093093093       4.349995888    
  0.2099099099       4.322826435    
  0.2105105105       4.295439538    
  0.2111111111       4.267835198    
  0.2117117117       4.240013414    
  0.2123123123       4.211974186    
  0.2129129129       4.183717515    
  0.2135135135       4.155243401    
  0.2141141141       4.126551842    
  0.2147147147       4.097642841    
  0.2153153153       4.068516395    
  0.2159159159       4.039172506    
  0.2165165165       4.009611174    
  0.2171171171       3.979832398    
  0.2177177177       3.949836178    
  0.2183183183       3.919622514    
  0.2189189189       3.889191408    
  0.2195195195       3.858542857    
  0.2201201201       3.827676863    
  0.2207207207       3.796593425    
  0.2213213213       3.765292544    
  0.2219219219       3.733774220    
  0.2225225225       3.702038451    
  0.2231231231       3.670085239    
  0.2237237237       3.637914584    
  0.2243243243       3.605527705    
  0.2249249249       3.572927743    
  0.2255255255       3.540119420    
  0.2261261261       3.507106598    
  0.2267267267       3.473891751    
  0.2273273273       3.440481805    
  0.2279279279       3.406891735    
  0.2285285285       3.373149658    
  0.2291291291       3.339296765    
  0.2297297297       3.305381084    
  0.2303303303       3.271445756    
  0.2309309309       3.237512937    
  0.2315315315       3.203586542    
  0.2321321321       3.169654313    
  0.2327327327       3.135687101    
  0.2333333333       3.101636176    
  0.2339339339       3.067439768    
  0.2345345345       3.033043640    
  0.2351351351       2.998409077    
  0.2357357357       2.963513596    
  0.2363363363       2.928400482    
  0.2369369369       2.893131857    
  0.2375375375       2.858021147    
  0.2381381381       2.823721910    
  0.2387387387       2.791105038    
  0.2393393393       2.760665237    
  0.2399399399       2.732172267    
  0.2405405405       2.705046843    
  0.2411411411       2.678842115    
  0.2417417417       2.653449473    
  0.2423423423       2.628887526    
  0.2429429429       2.605177120    
  0.2435435435       2.582312428    
  0.2441441441       2.560225411    
  0.2447447447       2.538732466    
  0.2453453453       2.517568603    
  0.2459459459       2.496470897    
  0.2465465465       2.475295318    
  0.2471471471       2.454013744    
  0.2477477477       2.432656627    
  0.2483483483       2.411253950    
  0.2489489489       2.389840523    
  0.2495495495       2.368466197    
  0.2501501502       2.347184681    
  0.2507507508       2.326029130    
  0.2513513514       2.305011948    
  0.2519519520       2.284133236    
  0.2525525526       2.263392991    
  0.2531531532       2.242791215    
  0.2537537538       2.222327908    
  0.2543543544       2.202003069    
  0.2549549550       2.181816699    
  0.2555555556       2.161768797    
  0.2561561562       2.141859364    
  0.2567567568       2.122088399    
  0.2573573574       2.102455903    
  0.2579579580       2.082961875    
  0.2585585586       2.063606316    
  0.2591591592       2.044389225    
  0.2597597598       2.025310603    
  0.2603603604       2.006370485    
  0.2609609610       1.987570291    
  0.2615615616       1.968914992    
  0.2621621622       1.950413548    
  0.2627627628       1.932081208    
  0.2633633634       1.913940051    
  0.2639639640       1.896022572    
  0.2645645646       1.878367892    
  0.2651651652       1.861022909    
  0.2657657658       1.844044464    
  0.2663663664       1.827499897    
  0.2669669670       1.811455064    
  0.2675675676       1.795958710    
  0.2681681682       1.781041722    
  0.2687687688       1.766733326    
  0.2693693694       1.753074805    
  0.2699699700       1.740115794    
  0.2705705706       1.727899939    
  0.2711711712       1.716455373    
  0.2717717718       1.705798196    
  0.2723723724       1.695934519    
  0.2729729730       1.686856519    
  0.2735735736       1.678531864    
  0.2741741742       1.670904724    
  0.2747747748       1.663922706    
  0.2753753754       1.657562664    
  0.2759759760       1.651824077    
  0.2765765766       1.646688375    
  0.2771771772       1.642079301    
  0.2777777778       1.637872915    
  0.2783783784       1.633961817    
  0.2789789790       1.630466773    
  0.2795795796       1.627790423    
  0.2801801802       1.626574621    
  0.2807807808       1.627516196    
  0.2813813814       1.632368017    
  0.2819819820       1.645439556    
  0.2825825826       1.673870385    
  0.2831831832       1.725483085    
  0.2837837838       1.805760939    
  0.2843843844       1.918043192    
  0.2849849850       2.065416597    
  0.2855855856       2.251928359    
  0.2861861862       2.477393554    
  0.2867867868       2.732873072    
  0.2873873874       3.001069105    
  0.2879879880       3.262504062    
  0.2885885886       3.494462286    
  0.2891891892       3.670533750    
  0.2897897898       3.761583426    
  0.2903903904       3.749047192    
  0.2909909910       3.627295304    
  0.2915915916       3.413011509    
  0.2921921922       3.143961022    
  0.2927927928       2.880070833    
  0.2933933934       2.675416679    
  0.2939939940       2.554296748    
  0.2945945946       2.502777160    
  0.2951951952       2.489194342    
  0.2957957958       2.489265975    
  0.2963963964       2.492372655    
  0.2969969970       2.497292067    
  0.2975975976       2.503823654    
  0.2981981982       2.511907164    
  0.2987987988       2.521593228    
  0.2993993994       2.532748951    
  0.3000000000       2.544840196    
     
 -0.3000000000      -1.784210734    
 -0.2993993994      -1.796085060    
 -0.2987987988      -1.808312565    
 -0.2981981982      -1.821105161    
 -0.2975975976      -1.834533484    
 -0.2969969970      -1.848597535    
 -0.2963963964      -1.863297316    
 -0.2957957958      -1.878632826    
 -0.2951951952      -1.894604065    
 -0.2945945946      -1.911211032    
 -0.2939939940      -1.928453729    
 -0.2933933934      -1.946332155    
 -0.2927927928      -1.964846309    
 -0.2921921922      -1.983996193    
 -0.2915915916      -2.003781805    
 -0.2909909910      -2.024203146    
 -0.2903903904      -2.045260217    
 -0.2897897898      -2.066952554    
 -0.2891891892      -2.089213145    
 -0.2885885886      -2.111905266    
 -0.2879879880      -2.134832118    
 -0.2873873874      -2.157834888    
 -0.2867867868      -2.180823404    
 -0.2861861862      -2.203775315    
 -0.2855855856      -2.226756654    
 -0.2849849850      -2.249935823    
 -0.2843843844      -2.273467855    
 -0.2837837838      -2.297414992    
 -0.2831831832      -2.321658476    
 -0.2825825826      -2.346100617    
 -0.2819819820      -2.370689043    
 -0.2813813814      -2.395435951    
 -0.2807807808      -2.420327350    
 -0.2801801802      -2.445346366    
 -0.2795795796      -2.470509862    
 -0.2789789790      -2.495858689    
 -0.2783783784      -2.521428615    
 -0.2777777778      -2.547240357    
 -0.2771771772      -2.573302999    
 -0.2765765766      -2.599621275    
 -0.2759759760      -2.626196353    
 -0.2753753754      -2.653028254    
 -0.2747747748      -2.680116978    
 -0.2741741742      -2.707462526    
 -0.2735735736      -2.735064896    
 -0.2729729730      -2.762924090    
 -0.2723723724      -2.791040107    
 -0.2717717718      -2.819412947    
 -0.2711711712      -2.848042610    
 -0.2705705706      -2.876929096    
 -0.2699699700      -2.906072406    
 -0.2693693694      -2.935473906    
 -0.2687687688      -2.965153956    
 -0.2681681682      -2.995115317    
 -0.2675675676      -3.025311665    
 -0.2669669670      -3.055604920    
 -0.2663663664      -3.085853918    
 -0.2657657658      -3.115975149    
 -0.2651651652      -3.145829587    
 -0.2645645646      -3.175040213    
 -0.2639639640      -3.202982462    
 -0.2633633634      -3.229069129    
 -0.2627627628      -3.253061100    
 -0.2621621622      -3.275192499    
 -0.2615615616      -3.296050296    
 -0.2609609610      -3.316328571    
 -0.2603603604      -3.336513167    
 -0.2597597598      -3.356828043    
 -0.2591591592      -3.377300631    
 -0.2585585586      -3.397931150    
 -0.2579579580      -3.418733887    
 -0.2573573574      -3.439769943    
 -0.2567567568      -3.461152708    
 -0.2561561562      -3.483020016    
 -0.2555555556      -3.505468715    
 -0.2549549550      -3.528545271    
 -0.2543543544      -3.552265424    
 -0.2537537538      -3.576647240    
 -0.2531531532      -3.601712765    
 -0.2525525526      -3.627427004    
 -0.2519519520      -3.653475011    
 -0.2513513514      -3.679533546    
 -0.2507507508      -3.705083521    
 -0.2501501502      -3.729695104    
 -0.2495495495      -3.753356749    
 -0.2489489489      -3.777795753    
 -0.2483483483      -3.805863729    
 -0.2477477477      -3.839458524    
 -0.2471471471      -3.877474693    
 -0.2465465465      -3.917055050    
 -0.2459459459      -3.955723894    
 -0.2453453453      -3.992601468    
 -0.2447447447      -4.027747914    
 -0.2441441441      -4.061522801    
 -0.2435435435      -4.094331768    
 -0.2429429429      -4.126588277    
 -0.2423423423      -4.158678395    
 -0.2417417417      -4.190943589    
 -0.2411411411      -4.223704607    
 -0.2405405405      -4.257271867    
 -0.2399399399      -4.291978704    
 -0.2393393393      -4.328094091    
 -0.2387387387      -4.365815481    
 -0.2381381381      -4.405250642    
 -0.2375375375      -4.446475878    
 -0.2369369369      -4.489551291    
 -0.2363363363      -4.534523591    
 -0.2357357357      -4.581418270    
 -0.2351351351      -4.630243063    
 -0.2345345345      -4.681054360    
 -0.2339339339      -4.734038434    
 -0.2333333333      -4.789580372    
 -0.2327327327      -4.848349174    
 -0.2321321321      -4.910895066    
 -0.2315315315      -4.975778386    
 -0.2309309309      -5.040671037    
 -0.2303303303      -5.104068870    
 -0.2297297297      -5.167845241    
 -0.2291291291      -5.234296616    
 -0.2285285285      -5.303581867    
 -0.2279279279      -5.373910570    
 -0.2273273273      -5.443504842    
 -0.2267267267      -5.511817666    
 -0.2261261261      -5.578749833    
 -0.2255255255      -5.644469962    
 -0.2249249249      -5.709426829    
 -0.2243243243      -5.774097093    
 -0.2237237237      -5.838858503    
 -0.2231231231      -5.903956167    
 -0.2225225225      -5.969675403    
 -0.2219219219      -6.036417646    
 -0.2213213213      -6.104627042    
 -0.2207207207      -6.174620069    
 -0.2201201201      -6.246557318    
 -0.2195195195      -6.320489559    
 -0.2189189189      -6.396445098    
 -0.2183183183      -6.474264284    
 -0.2177177177      -6.553559467    
 -0.2171171171      -6.633825043    
 -0.2165165165      -6.714894142    
 -0.2159159159      -6.797098789    
 -0.2153153153      -6.881022066    
 -0.2147147147      -6.966921703    
 -0.2141141141      -7.054560439    
 -0.2135135135      -7.143502802    
 -0.2129129129      -7.233647396    
 -0.2123123123      -7.325358055    
 -0.2117117117      -7.419266192    
 -0.2111111111      -7.516036088    
 -0.2105105105      -7.616385523    
 -0.2099099099      -7.721638905    
 -0.2093093093      -7.833777971    
 -0.2087087087      -7.955170913    
 -0.2081081081      -8.087489172    
 -0.2075075075      -8.231537837    
 -0.2069069069      -8.387555762    
 -0.2063063063      -8.556477056    
 -0.2057057057      -8.740270143    
 -0.2051051051      -8.941690553    
 -0.2045045045      -9.162907134    
 -0.2039039039      -9.405054414    
 -0.2033033033      -9.668356212    
 -0.2027027027      -9.952650336    
 -0.2021021021      -10.25750098    
 -0.2015015015      -10.58298118    
 -0.2009009009      -10.93067990    
 -0.2003003003      -11.30403117    
 -0.1996996997      -11.70707064    
 -0.1990990991      -12.14318609    
 -0.1984984985      -12.61466408    
 -0.1978978979      -13.12017335    
 -0.1972972973      -13.65672109    
 -0.1966966967      -14.21904830    
 -0.1960960961      -14.81912711    
 -0.1954954955      -15.51610688    
 -0.1948948949      -16.28071179    
 -0.1942942943      -17.04750939    
 -0.1936936937      -17.66014430    
 -0.1930930931      -18.14248394    
 -0.1924924925      -18.56231784    
 -0.1918918919      -19.06358459    
 -0.1912912913      -19.71276199    
 -0.1906906907      -20.54213279    
 -0.1900900901      -21.45740243    
 -0.1894894895      -22.30263044    
 -0.1888888889      -22.91395209    
 -0.1882882883      -23.28248975    
 -0.1876876877      -23.48475873    
 -0.1870870871      -23.62334297    
 -0.1864864865      -23.73762750    
 -0.1858858859      -23.83463835    
 -0.1852852853      -23.93285727    
 -0.1846846847      -24.07005262    
 -0.1840840841      -24.28069768    
 -0.1834834835      -24.57295487    
 -0.1828828829      -24.91481678    
 -0.1822822823      -25.29215323    
 -0.1816816817      -25.71796059    
 -0.1810810811      -26.24332126    
 -0.1804804805      -26.92185345    
 -0.1798798799      -27.87506909    
 -0.1792792793      -29.28001500    
 -0.1786786787      -31.18913768    
 -0.1780780781      -33.38596784    
 -0.1774774775      -35.42490672    
 -0.1768768769      -36.93722123    
 -0.1762762763      -37.79148163    
 -0.1756756757      -38.12099666    
 -0.1750750751      -38.24344331    
 -0.1744744745      -38.47169855    
 -0.1738738739      -38.96084514    
 -0.1732732733      -39.58313331    
 -0.1726726727      -40.15873449    
 -0.1720720721      -40.64630360    
 -0.1714714715      -41.19922020    
 -0.1708708709      -41.92309422    
 -0.1702702703      -42.76466590    
 -0.1696696697      -43.56046724    
 -0.1690690691      -44.20334397    
 -0.1684684685      -44.68142520    
 -0.1678678679      -45.04620810    
 -0.1672672673      -45.35712090    
 -0.1666666667      -45.64940389    
 -0.1660660661      -45.93370286    
 -0.1654654655      -46.20384344    
 -0.1648648649      -46.43445555    
 -0.1642642643      -46.40726395    
 -0.1636636637      -45.82430674    
 -0.1630630631      -44.49132147    
 -0.1624624625      -42.70907428    
 -0.1618618619      -41.01608442    
 -0.1612612613      -39.81230717    
 -0.1606606607      -39.06131660    
 -0.1600600601      -38.47198355    
 -0.1594594595      -37.79231301    
 -0.1588588589      -36.94022534    
 -0.1582582583      -36.12420419    
 -0.1576576577      -35.75612898    
 -0.1570570571      -36.11420782    
 -0.1564564565      -36.92329087    
 -0.1558558559      -37.30424803    
 -0.1552552553      -36.44894295    
 -0.1546546547      -34.30941675    
 -0.1540540541      -31.67973567    
 -0.1534534535      -29.50740114    
 -0.1528528529      -28.13788652    
 -0.1522522523      -27.31514659    
 -0.1516516517      -26.66426882    
 -0.1510510511      -26.01895400    
 -0.1504504505      -25.39040769    
 -0.1498498498      -24.78301172    
 -0.1492492492      -24.19513159    
 -0.1486486486      -23.61332329    
 -0.1480480480      -22.94252184    
 -0.1474474474      -22.09929573    
 -0.1468468468      -21.08547555    
 -0.1462462462      -20.09425611    
 -0.1456456456      -19.37233298    
 -0.1450450450      -19.11087656    
 -0.1444444444      -19.43732935    
 -0.1438438438      -20.41108944    
 -0.1432432432      -22.07692589    
 -0.1426426426      -24.57286218    
 -0.1420420420      -27.68360237    
 -0.1414414414      -30.72693322    
 -0.1408408408      -32.97011666    
 -0.1402402402      -34.43739059    
 -0.1396396396      -36.03391843    
 -0.1390390390      -38.72132151    
 -0.1384384384      -42.06751331    
 -0.1378378378      -44.49497359    
 -0.1372372372      -44.55214336    
 -0.1366366366      -42.67164582    
 -0.1360360360      -40.74301154    
 -0.1354354354      -39.73627888    
 -0.1348348348      -39.77934314    
 -0.1342342342      -40.27865803    
 -0.1336336336      -41.25021353    
 -0.1330330330      -42.49650299    
 -0.1324324324      -43.73418574    
 -0.1318318318      -44.79514287    
 -0.1312312312      -45.88916602    
 -0.1306306306      -47.46840805    
 -0.1300300300      -49.89672196    
 -0.1294294294      -52.98206655    
 -0.1288288288      -56.11574131    
 -0.1282282282      -58.60991104    
 -0.1276276276      -60.32919611    
 -0.1270270270      -61.51727830    
 -0.1264264264      -62.48702552    
 -0.1258258258      -63.31217752    
 -0.1252252252      -63.92341997    
 -0.1246246246      -64.28196394    
 -0.1240240240      -64.29148077    
 -0.1234234234      -63.76819507    
 -0.1228228228      -62.33731142    
 -0.1222222222      -59.70356172    
 -0.1216216216      -55.78927713    
 -0.1210210210      -51.07451870    
 -0.1204204204      -46.36533003    
 -0.1198198198      -42.40828535    
 -0.1192192192      -39.43820701    
 -0.1186186186      -37.19660412    
 -0.1180180180      -35.39329786    
 -0.1174174174      -33.92030380    
 -0.1168168168      -32.93390529    
 -0.1162162162      -32.54605023    
 -0.1156156156      -32.81233036    
 -0.1150150150      -33.71467119    
 -0.1144144144      -35.22027048    
 -0.1138138138      -37.21977124    
 -0.1132132132      -39.46604777    
 -0.1126126126      -41.68128766    
 -0.1120120120      -43.62458735    
 -0.1114114114      -45.11756943    
 -0.1108108108      -46.15841117    
 -0.1102102102      -46.92114430    
 -0.1096096096      -47.77060736    
 -0.1090090090      -48.96600202    
 -0.1084084084      -50.63971529    
 -0.1078078078      -52.74311973    
 -0.1072072072      -55.14419524    
 -0.1066066066      -57.65703528    
 -0.1060060060      -59.93670866    
 -0.1054054054      -61.88053387    
 -0.1048048048      -63.56071857    
 -0.1042042042      -65.31292602    
 -0.1036036036      -66.80002896    
 -0.1030030030      -67.67142290    
 -0.1024024024      -67.76601632    
 -0.1018018018      -67.83208431    
 -0.1012012012      -68.19422504    
 -0.1006006006      -68.95792080    
 -0.1000000000      -69.77747295    
 -0.9939939940E-01  -70.68788129    
 -0.9879879880E-01  -71.55769140    
 -0.9819819820E-01  -72.26903114    
 -0.9759759760E-01  -72.65195845    
 -0.9699699700E-01  -72.65373344    
 -0.9639639640E-01  -72.34575193    
 -0.9579579580E-01  -71.90953796    
 -0.9519519520E-01  -71.56448030    
 -0.9459459459E-01  -71.32712739    
 -0.9399399399E-01  -70.91380503    
 -0.9339339339E-01  -70.04225613    
 -0.9279279279E-01  -68.64979503    
 -0.9219219219E-01  -66.98805041    
 -0.9159159159E-01  -65.29777600    
 -0.9099099099E-01  -63.66639904    
 -0.9039039039E-01  -61.97638530    
 -0.8978978979E-01  -60.10072876    
 -0.8918918919E-01  -57.90309074    
 -0.8858858859E-01  -55.36916548    
 -0.8798798799E-01  -52.64457251    
 -0.8738738739E-01  -50.15323721    
 -0.8678678679E-01  -48.27731913    
 -0.8618618619E-01  -47.21514565    
 -0.8558558559E-01  -46.90898216    
 -0.8498498498E-01  -46.97804394    
 -0.8438438438E-01  -46.59007622    
 -0.8378378378E-01  -44.98167355    
 -0.8318318318E-01  -42.31123471    
 -0.8258258258E-01  -39.59917366    
 -0.8198198198E-01  -37.72311125    
 -0.8138138138E-01  -36.65792111    
 -0.8078078078E-01  -36.04040840    
 -0.8018018018E-01  -35.61804373    
 -0.7957957958E-01  -35.40203109    
 -0.7897897898E-01  -35.32847687    
 -0.7837837838E-01  -35.32626093    
 -0.7777777778E-01  -35.34000653    
 -0.7717717718E-01  -35.31742670    
 -0.7657657658E-01  -35.19487996    
 -0.7597597598E-01  -34.95633705    
 -0.7537537538E-01  -34.62375398    
 -0.7477477477E-01  -34.25540270    
 -0.7417417417E-01  -33.85313185    
 -0.7357357357E-01  -33.39009081    
 -0.7297297297E-01  -32.78117256    
 -0.7237237237E-01  -31.92662681    
 -0.7177177177E-01  -30.74725027    
 -0.7117117117E-01  -29.21048701    
 -0.7057057057E-01  -27.33248275    
 -0.6996996997E-01  -25.15071643    
 -0.6936936937E-01  -22.73917358    
 -0.6876876877E-01  -20.23368970    
 -0.6816816817E-01  -17.82542715    
 -0.6756756757E-01  -15.71613119    
 -0.6696696697E-01  -14.01835278    
 -0.6636636637E-01  -12.71947895    
 -0.6576576577E-01  -11.71242265    
 -0.6516516517E-01  -10.89168990    
 -0.6456456456E-01  -10.19817910    
 -0.6396396396E-01  -9.608259309    
 -0.6336336336E-01  -9.104857435    
 -0.6276276276E-01  -8.666427961    
 -0.6216216216E-01  -8.275146998    
 -0.6156156156E-01  -7.919244900    
 -0.6096096096E-01  -7.591864912    
 -0.6036036036E-01  -7.291878878    
 -0.5975975976E-01  -7.023166644    
 -0.5915915916E-01  -6.788022047    
 -0.5855855856E-01  -6.583811241    
 -0.5795795796E-01  -6.403721456    
 -0.5735735736E-01  -6.241750104    
 -0.5675675676E-01  -6.092986405    
 -0.5615615616E-01  -5.953763254    
 -0.5555555556E-01  -5.822092787    
 -0.5495495495E-01  -5.697354891    
 -0.5435435435E-01  -5.579503087    
 -0.5375375375E-01  -5.468537376    
 -0.5315315315E-01  -5.364457757    
 -0.5255255255E-01  -5.267264229    
 -0.5195195195E-01  -5.176956794    
 -0.5135135135E-01  -5.093535452    
 -0.5075075075E-01  -5.017000201    
 -0.5015015015E-01  -4.947350407    
 -0.4954954955E-01  -4.884568735    
 -0.4894894895E-01  -4.828580901    
 -0.4834834835E-01  -4.779154745    
 -0.4774774775E-01  -4.735876998    
 -0.4714714715E-01  -4.698180878    
 -0.4654654655E-01  -4.665480724    
 -0.4594594595E-01  -4.637176388    
 -0.4534534535E-01  -4.612895590    
 -0.4474474474E-01  -4.593268198    
 -0.4414414414E-01  -4.586127433    
 -0.4354354354E-01  -4.610095848    
 -0.4294294294E-01  -4.701093379    
 -0.4234234234E-01  -4.963064885    
 -0.4174174174E-01  -5.580929221    
 -0.4114114114E-01  -6.696180961    
 -0.4054054054E-01  -8.167903091    
 -0.3993993994E-01  -9.612686829    
 -0.3933933934E-01  -10.68186514    
 -0.3873873874E-01  -11.36267872    
 -0.3813813814E-01  -11.84452527    
 -0.3753753754E-01  -12.30825583    
 -0.3693693694E-01  -12.80672982    
 -0.3633633634E-01  -13.34175395    
 -0.3573573574E-01  -13.91578802    
 -0.3513513514E-01  -14.53191402    
 -0.3453453453E-01  -15.19339112    
 -0.3393393393E-01  -15.90533945    
 -0.3333333333E-01  -16.65157768    
 -0.3273273273E-01  -17.42375170    
 -0.3213213213E-01  -18.21932681    
 -0.3153153153E-01  -19.11270710    
 -0.3093093093E-01  -20.20449341    
 -0.3033033033E-01  -21.60710479    
 -0.2972972973E-01  -23.41019453    
 -0.2912912913E-01  -25.74550444    
 -0.2852852853E-01  -28.80563197    
 -0.2792792793E-01  -32.83639782    
 -0.2732732733E-01  -37.96909180    
 -0.2672672673E-01  -43.68631020    
 -0.2612612613E-01  -49.12747341    
 -0.2552552553E-01  -53.28261357    
 -0.2492492492E-01  -56.19107345    
 -0.2432432432E-01  -58.24130732    
 -0.2372372372E-01  -60.08054207    
 -0.2312312312E-01  -61.79238962    
 -0.2252252252E-01  -63.34033104    
 -0.2192192192E-01  -64.63380718    
 -0.2132132132E-01  -65.70332714    
 -0.2072072072E-01  -66.67556195    
 -0.2012012012E-01  -67.80248952    
 -0.1951951952E-01  -69.30473877    
 -0.1891891892E-01  -70.95318989    
 -0.1831831832E-01  -72.22327770    
 -0.1771771772E-01  -72.55815362    
 -0.1711711712E-01  -72.12527293    
 -0.1651651652E-01  -71.30421682    
 -0.1591591592E-01  -70.34088226    
 -0.1531531532E-01  -69.66079717    
 -0.1471471471E-01  -69.20493130    
 -0.1411411411E-01  -69.22507830    
 -0.1351351351E-01  -68.98354741    
 -0.1291291291E-01  -68.61621543    
 -0.1231231231E-01  -68.07996931    
 -0.1171171171E-01  -67.73623170    
 -0.1111111111E-01  -67.43940204    
 -0.1051051051E-01  -67.16470984    
 -0.9909909910E-02  -66.99243441    
 -0.9309309309E-02  -67.81868698    
 -0.8708708709E-02  -69.92622007    
 -0.8108108108E-02  -72.50146519    
 -0.7507507508E-02  -73.26229191    
 -0.6906906907E-02  -71.22922061    
 -0.6306306306E-02  -67.60372938    
 -0.5705705706E-02  -64.37477817    
 -0.5105105105E-02  -62.54676014    
 -0.4504504505E-02  -61.95000647    
 -0.3903903904E-02  -62.30776158    
 -0.3303303303E-02  -63.96748984    
 -0.2702702703E-02  -68.13222826    
 -0.2102102102E-02  -76.22296024    
 -0.1501501502E-02  -88.84602818    
 -0.9009009009E-03  -99.21385750    
 -0.3003003003E-03  -102.6157998    
  0.3003003003E-03  -95.02477406    
  0.9009009009E-03  -84.80130778    
  0.1501501502E-02  -75.48569066    
  0.2102102102E-02  -69.86044645    
  0.2702702703E-02  -64.81792475    
  0.3303303303E-02  -59.76693052    
  0.3903903904E-02  -54.68157246    
  0.4504504505E-02  -49.65563000    
  0.5105105105E-02  -44.99802276    
  0.5705705706E-02  -41.02632791    
  0.6306306306E-02  -38.10121587    
  0.6906906907E-02  -36.55051574    
  0.7507507508E-02  -36.67933112    
  0.8108108108E-02  -38.40922466    
  0.8708708709E-02  -41.00509908    
  0.9309309309E-02  -43.46920948    
  0.9909909910E-02  -45.27334154    
  0.1051051051E-01  -46.66197237    
  0.1111111111E-01  -48.01758675    
  0.1171171171E-01  -49.47374214    
  0.1231231231E-01  -50.81619213    
  0.1291291291E-01  -51.76821331    
  0.1351351351E-01  -52.22809817    
  0.1411411411E-01  -52.24230445    
  0.1471471471E-01  -51.97398425    
  0.1531531532E-01  -51.50664132    
  0.1591591592E-01  -50.89070888    
  0.1651651652E-01  -50.20266559    
  0.1711711712E-01  -49.51308956    
  0.1771771772E-01  -48.82149889    
  0.1831831832E-01  -48.04987450    
  0.1891891892E-01  -47.14365913    
  0.1951951952E-01  -46.13135732    
  0.2012012012E-01  -45.09328444    
  0.2072072072E-01  -44.06797013    
  0.2132132132E-01  -43.04540722    
  0.2192192192E-01  -41.99603056    
  0.2252252252E-01  -40.91378429    
  0.2312312312E-01  -39.82740127    
  0.2372372372E-01  -38.78861362    
  0.2432432432E-01  -37.85428576    
  0.2492492492E-01  -37.07022184    
  0.2552552553E-01  -36.46960349    
  0.2612612613E-01  -36.07685084    
  0.2672672673E-01  -35.90891372    
  0.2732732733E-01  -35.97846575    
  0.2792792793E-01  -36.28401198    
  0.2852852853E-01  -36.79584736    
  0.2912912913E-01  -37.46434970    
  0.2972972973E-01  -38.24321695    
  0.3033033033E-01  -39.11195413    
  0.3093093093E-01  -40.07053908    
  0.3153153153E-01  -41.13487991    
  0.3213213213E-01  -42.31749276    
  0.3273273273E-01  -43.60342434    
  0.3333333333E-01  -45.12281897    
  0.3393393393E-01  -46.94633838    
  0.3453453453E-01  -49.16301550    
  0.3513513514E-01  -51.48077169    
  0.3573573574E-01  -53.64832534    
  0.3633633634E-01  -55.36960399    
  0.3693693694E-01  -56.61322635    
  0.3753753754E-01  -57.36708599    
  0.3813813814E-01  -57.69868705    
  0.3873873874E-01  -57.67136680    
  0.3933933934E-01  -57.44582093    
  0.3993993994E-01  -57.26597705    
  0.4054054054E-01  -57.30975686    
  0.4114114114E-01  -57.61142748    
  0.4174174174E-01  -58.01137900    
  0.4234234234E-01  -58.34624114    
  0.4294294294E-01  -58.33409142    
  0.4354354354E-01  -57.80710776    
  0.4414414414E-01  -56.75264809    
  0.4474474474E-01  -55.52921168    
  0.4534534535E-01  -54.30877552    
  0.4594594595E-01  -52.67688239    
  0.4654654655E-01  -50.17186190    
  0.4714714715E-01  -46.55867329    
  0.4774774775E-01  -42.52217885    
  0.4834834835E-01  -38.44096935    
  0.4894894895E-01  -34.63104202    
  0.4954954955E-01  -30.90913136    
  0.5015015015E-01  -27.26323641    
  0.5075075075E-01  -23.78096253    
  0.5135135135E-01  -20.32834726    
  0.5195195195E-01  -16.96447442    
  0.5255255255E-01  -13.77107839    
  0.5315315315E-01  -11.38235773    
  0.5375375375E-01  -9.940472788    
  0.5435435435E-01  -9.268136770    
  0.5495495495E-01  -8.898397264    
  0.5555555556E-01  -8.635280652    
  0.5615615616E-01  -8.459184832    
  0.5675675676E-01  -8.342564624    
  0.5735735736E-01  -8.257918947    
  0.5795795796E-01  -8.187341438    
  0.5855855856E-01  -8.125121861    
  0.5915915916E-01  -8.068573105    
  0.5975975976E-01  -8.015731598    
  0.6036036036E-01  -7.965406720    
  0.6096096096E-01  -7.916105605    
  0.6156156156E-01  -7.865479253    
  0.6216216216E-01  -7.811512610    
  0.6276276276E-01  -7.753246431    
  0.6336336336E-01  -7.691376162    
  0.6396396396E-01  -7.627114793    
  0.6456456456E-01  -7.561366267    
  0.6516516517E-01  -7.493947260    
  0.6576576577E-01  -7.424646666    
  0.6636636637E-01  -7.353942044    
  0.6696696697E-01  -7.283434584    
  0.6756756757E-01  -7.214794128    
  0.6816816817E-01  -7.149580134    
  0.6876876877E-01  -7.089572642    
  0.6936936937E-01  -7.037025317    
  0.6996996997E-01  -6.994176605    
  0.7057057057E-01  -6.963286879    
  0.7117117117E-01  -6.946965365    
  0.7177177177E-01  -6.948995812    
  0.7237237237E-01  -6.973832758    
  0.7297297297E-01  -7.028211382    
  0.7357357357E-01  -7.124692740    
  0.7417417417E-01  -7.285434358    
  0.7477477477E-01  -7.536935393    
  0.7537537538E-01  -7.876154116    
  0.7597597598E-01  -8.256472702    
  0.7657657658E-01  -8.603763698    
  0.7717717718E-01  -8.873411860    
  0.7777777778E-01  -9.066722082    
  0.7837837838E-01  -9.207129337    
  0.7897897898E-01  -9.312529353    
  0.7957957958E-01  -9.389915049    
  0.8018018018E-01  -9.446386536    
  0.8078078078E-01  -9.488419859    
  0.8138138138E-01  -9.520461750    
  0.8198198198E-01  -9.545062983    
  0.8258258258E-01  -9.564215796    
  0.8318318318E-01  -9.579786212    
  0.8378378378E-01  -9.593014336    
  0.8438438438E-01  -9.604330529    
  0.8498498498E-01  -9.613800429    
  0.8558558559E-01  -9.621695610    
  0.8618618619E-01  -9.628622516    
  0.8678678679E-01  -9.635282288    
  0.8738738739E-01  -9.642266547    
  0.8798798799E-01  -9.649847853    
  0.8858858859E-01  -9.658015736    
  0.8918918919E-01  -9.666562650    
  0.8978978979E-01  -9.675270062    
  0.9039039039E-01  -9.683880630    
  0.9099099099E-01  -9.692058203    
  0.9159159159E-01  -9.699382970    
  0.9219219219E-01  -9.705520847    
  0.9279279279E-01  -9.710310767    
  0.9339339339E-01  -9.713720811    
  0.9399399399E-01  -9.715710314    
  0.9459459459E-01  -9.716195578    
  0.9519519520E-01  -9.715097571    
  0.9579579580E-01  -9.712408768    
  0.9639639640E-01  -9.708202875    
  0.9699699700E-01  -9.702601003    
  0.9759759760E-01  -9.695696545    
  0.9819819820E-01  -9.687509792    
  0.9879879880E-01  -9.677996241    
  0.9939939940E-01  -9.667065222    
  0.1000000000      -9.654457398    
  0.1006006006      -9.639588449    
  0.1012012012      -9.621505279    
  0.1018018018      -9.599150312    
  0.1024024024      -9.571487508    
  0.1030030030      -9.537975972    
  0.1036036036      -9.498913672    
  0.1042042042      -9.456095207    
  0.1048048048      -9.411575348    
  0.1054054054      -9.366982102    
  0.1060060060      -9.322835327    
  0.1066066066      -9.280000146    
  0.1072072072      -9.240310857    
  0.1078078078      -9.204211993    
  0.1084084084      -9.171047087    
  0.1090090090      -9.138488386    
  0.1096096096      -9.106596596    
  0.1102102102      -9.075427867    
  0.1108108108      -9.044708497    
  0.1114114114      -9.012280742    
  0.1120120120      -8.976489140    
  0.1126126126      -8.936944116    
  0.1132132132      -8.894657789    
  0.1138138138      -8.850893413    
  0.1144144144      -8.806877402    
  0.1150150150      -8.763561844    
  0.1156156156      -8.721566685    
  0.1162162162      -8.681032077    
  0.1168168168      -8.641687815    
  0.1174174174      -8.603291239    
  0.1180180180      -8.565867571    
  0.1186186186      -8.529660125    
  0.1192192192      -8.494901876    
  0.1198198198      -8.461734566    
  0.1204204204      -8.430231242    
  0.1210210210      -8.400529296    
  0.1216216216      -8.372869403    
  0.1222222222      -8.347360160    
  0.1228228228      -8.323790258    
  0.1234234234      -8.301473473    
  0.1240240240      -8.279586016    
  0.1246246246      -8.257405912    
  0.1252252252      -8.234525933    
  0.1258258258      -8.210745162    
  0.1264264264      -8.185992974    
  0.1270270270      -8.160243785    
  0.1276276276      -8.133546903    
  0.1282282282      -8.106122173    
  0.1288288288      -8.078368337    
  0.1294294294      -8.050676217    
  0.1300300300      -8.023148984    
  0.1306306306      -7.995601506    
  0.1312312312      -7.967754107    
  0.1318318318      -7.939433634    
  0.1324324324      -7.910565415    
  0.1330330330      -7.881125814    
  0.1336336336      -7.851106901    
  0.1342342342      -7.820529494    
  0.1348348348      -7.789421625    
  0.1354354354      -7.757761175    
  0.1360360360      -7.725453035    
  0.1366366366      -7.692376131    
  0.1372372372      -7.658579924    
  0.1378378378      -7.624325419    
  0.1384384384      -7.590009598    
  0.1390390390      -7.555959440    
  0.1396396396      -7.522384681    
  0.1402402402      -7.489414529    
  0.1408408408      -7.457138934    
  0.1414414414      -7.425629416    
  0.1420420420      -7.394916999    
  0.1426426426      -7.364972649    
  0.1432432432      -7.335528911    
  0.1438438438      -7.306040692    
  0.1444444444      -7.275817514    
  0.1450450450      -7.244340674    
  0.1456456456      -7.211478912    
  0.1462462462      -7.177725460    
  0.1468468468      -7.144123834    
  0.1474474474      -7.111975675    
  0.1480480480      -7.081949975    
  0.1486486486      -7.053912199    
  0.1492492492      -7.026866116    
  0.1498498498      -6.999974483    
  0.1504504505      -6.973201897    
  0.1510510511      -6.947875801    
  0.1516516517      -6.926020020    
  0.1522522523      -6.909293276    
  0.1528528529      -6.898465380    
  0.1534534535      -6.893526473    
  0.1540540541      -6.894111887    
  0.1546546547      -6.899253204    
  0.1552552553      -6.907511660    
  0.1558558559      -6.916825492    
  0.1564564565      -6.925268624    
  0.1570570571      -6.931045744    
  0.1576576577      -6.933117471    
  0.1582582583      -6.930913536    
  0.1588588589      -6.924296702    
  0.1594594595      -6.913184873    
  0.1600600601      -6.897508485    
  0.1606606607      -6.877228947    
  0.1612612613      -6.852349923    
  0.1618618619      -6.822975550    
  0.1624624625      -6.789536130    
  0.1630630631      -6.752768550    
  0.1636636637      -6.713537458    
  0.1642642643      -6.672687451    
  0.1648648649      -6.631081149    
  0.1654654655      -6.589705068    
  0.1660660661      -6.549257132    
  0.1666666667      -6.510103742    
  0.1672672673      -6.472274749    
  0.1678678679      -6.435802896    
  0.1684684685      -6.400742198    
  0.1690690691      -6.367180918    
  0.1696696697      -6.335196078    
  0.1702702703      -6.304847665    
  0.1708708709      -6.275864980    
  0.1714714715      -6.247309942    
  0.1720720721      -6.217568348    
  0.1726726727      -6.185128457    
  0.1732732733      -6.149177572    
  0.1738738739      -6.109980309    
  0.1744744745      -6.068497455    
  0.1750750751      -6.026128228    
  0.1756756757      -5.983921856    
  0.1762762763      -5.942340890    
  0.1768768769      -5.901555103    
  0.1774774775      -5.861844928    
  0.1780780781      -5.823551188    
  0.1786786787      -5.786824453    
  0.1792792793      -5.751748680    
  0.1798798799      -5.718564430    
  0.1804804805      -5.687428832    
  0.1810810811      -5.658110091    
  0.1816816817      -5.629917723    
  0.1822822823      -5.601886863    
  0.1828828829      -5.573076779    
  0.1834834835      -5.542968506    
  0.1840840841      -5.511845846    
  0.1846846847      -5.480607716    
  0.1852852853      -5.449374858    
  0.1858858859      -5.417231276    
  0.1864864865      -5.383798986    
  0.1870870871      -5.351128796    
  0.1876876877      -5.323362568    
  0.1882882883      -5.303935070    
  0.1888888889      -5.294881933    
  0.1894894895      -5.297472842    
  0.1900900901      -5.316422933    
  0.1906906907      -5.360366365    
  0.1912912913      -5.438026920    
  0.1918918919      -5.548442772    
  0.1924924925      -5.678078209    
  0.1930930931      -5.805095959    
  0.1936936937      -5.910306008    
  0.1942942943      -5.980734861    
  0.1948948949      -6.010976986    
  0.1954954955      -5.998585491    
  0.1960960961      -5.942586583    
  0.1966966967      -5.841403447    
  0.1972972973      -5.696673911    
  0.1978978979      -5.519188509    
  0.1984984985      -5.328965904    
  0.1990990991      -5.149136538    
  0.1996996997      -4.994458188    
  0.2003003003      -4.870936802    
  0.2009009009      -4.777629378    
  0.2015015015      -4.711045850    
  0.2021021021      -4.664996346    
  0.2027027027      -4.631958163    
  0.2033033033      -4.605582745    
  0.2039039039      -4.581468848    
  0.2045045045      -4.557573865    
  0.2051051051      -4.533083197    
  0.2057057057      -4.508012911    
  0.2063063063      -4.482443131    
  0.2069069069      -4.456476395    
  0.2075075075      -4.430199550    
  0.2081081081      -4.403682430    
  0.2087087087      -4.376947867    
  0.2093093093      -4.349995860    
  0.2099099099      -4.322826409    
  0.2105105105      -4.295439515    
  0.2111111111      -4.267835177    
  0.2117117117      -4.240013396    
  0.2123123123      -4.211974171    
  0.2129129129      -4.183717502    
  0.2135135135      -4.155243390    
  0.2141141141      -4.126551835    
  0.2147147147      -4.097642835    
  0.2153153153      -4.068516392    
  0.2159159159      -4.039172506    
  0.2165165165      -4.009611176    
  0.2171171171      -3.979832402    
  0.2177177177      -3.949836185    
  0.2183183183      -3.919622524    
  0.2189189189      -3.889191420    
  0.2195195195      -3.858542872    
  0.2201201201      -3.827676880    
  0.2207207207      -3.796593445    
  0.2213213213      -3.765292566    
  0.2219219219      -3.733774244    
  0.2225225225      -3.702038478    
  0.2231231231      -3.670085268    
  0.2237237237      -3.637914615    
  0.2243243243      -3.605527739    
  0.2249249249      -3.572927779    
  0.2255255255      -3.540119459    
  0.2261261261      -3.507106639    
  0.2267267267      -3.473891794    
  0.2273273273      -3.440481851    
  0.2279279279      -3.406891783    
  0.2285285285      -3.373149708    
  0.2291291291      -3.339296817    
  0.2297297297      -3.305381139    
  0.2303303303      -3.271445813    
  0.2309309309      -3.237512996    
  0.2315315315      -3.203586604    
  0.2321321321      -3.169654376    
  0.2327327327      -3.135687167    
  0.2333333333      -3.101636243    
  0.2339339339      -3.067439837    
  0.2345345345      -3.033043711    
  0.2351351351      -2.998409149    
  0.2357357357      -2.963513670    
  0.2363363363      -2.928400557    
  0.2369369369      -2.893131934    
  0.2375375375      -2.858021226    
  0.2381381381      -2.823721990    
  0.2387387387      -2.791105120    
  0.2393393393      -2.760665320    
  0.2399399399      -2.732172352    
  0.2405405405      -2.705046929    
  0.2411411411      -2.678842202    
  0.2417417417      -2.653449561    
  0.2423423423      -2.628887616    
  0.2429429429      -2.605177210    
  0.2435435435      -2.582312519    
  0.2441441441      -2.560225503    
  0.2447447447      -2.538732559    
  0.2453453453      -2.517568697    
  0.2459459459      -2.496470992    
  0.2465465465      -2.475295413    
  0.2471471471      -2.454013839    
  0.2477477477      -2.432656724    
  0.2483483483      -2.411254046    
  0.2489489489      -2.389840620    
  0.2495495495      -2.368466294    
  0.2501501502      -2.347184778    
  0.2507507508      -2.326029228    
  0.2513513514      -2.305012047    
  0.2519519520      -2.284133334    
  0.2525525526      -2.263393090    
  0.2531531532      -2.242791314    
  0.2537537538      -2.222328007    
  0.2543543544      -2.202003168    
  0.2549549550      -2.181816797    
  0.2555555556      -2.161768895    
  0.2561561562      -2.141859462    
  0.2567567568      -2.122088497    
  0.2573573574      -2.102456000    
  0.2579579580      -2.082961972    
  0.2585585586      -2.063606412    
  0.2591591592      -2.044389321    
  0.2597597598      -2.025310698    
  0.2603603604      -2.006370579    
  0.2609609610      -1.987570384    
  0.2615615616      -1.968915084    
  0.2621621622      -1.950413640    
  0.2627627628      -1.932081299    
  0.2633633634      -1.913940142    
  0.2639639640      -1.896022661    
  0.2645645646      -1.878367980    
  0.2651651652      -1.861022999    
  0.2657657658      -1.844044556    
  0.2663663664      -1.827499993    
  0.2669669670      -1.811455166    
  0.2675675676      -1.795958818    
  0.2681681682      -1.781041837    
  0.2687687688      -1.766733448    
  0.2693693694      -1.753074933    
  0.2699699700      -1.740115928    
  0.2705705706      -1.727900080    
  0.2711711712      -1.716455520    
  0.2717717718      -1.705798350    
  0.2723723724      -1.695934680    
  0.2729729730      -1.686856687    
  0.2735735736      -1.678532038    
  0.2741741742      -1.670904903    
  0.2747747748      -1.663922891    
  0.2753753754      -1.657562854    
  0.2759759760      -1.651824273    
  0.2765765766      -1.646688576    
  0.2771771772      -1.642079506    
  0.2777777778      -1.637873125    
  0.2783783784      -1.633962031    
  0.2789789790      -1.630466990    
  0.2795795796      -1.627790643    
  0.2801801802      -1.626574844    
  0.2807807808      -1.627516421    
  0.2813813814      -1.632368244    
  0.2819819820      -1.645439783    
  0.2825825826      -1.673870613    
  0.2831831832      -1.725483314    
  0.2837837838      -1.805761168    
  0.2843843844      -1.918043421    
  0.2849849850      -2.065416827    
  0.2855855856      -2.251928589    
  0.2861861862      -2.477393784    
  0.2867867868      -2.732873302    
  0.2873873874      -3.001069333    
  0.2879879880      -3.262504289    
  0.2885885886      -3.494462512    
  0.2891891892      -3.670533978    
  0.2897897898      -3.761583656    
  0.2903903904      -3.749047427    
  0.2909909910      -3.627295543    
  0.2915915916      -3.413011749    
  0.2921921922      -3.143961257    
  0.2927927928      -2.880071060    
  0.2933933934      -2.675416898    
  0.2939939940      -2.554296960    
  0.2945945946      -2.502777366    
  0.2951951952      -2.489194540    
  0.2957957958      -2.489266165    
  0.2963963964      -2.492372836    
  0.2969969970      -2.497292239    
  0.2975975976      -2.503823816    
  0.2981981982      -2.511907317    
  0.2987987988      -2.521593371    
  0.2993993994      -2.532749085    
  0.3000000000      -2.544840319    
     
