 
Distance between is =    1 (Pb), ia =    1 and
 is =    1 (Pb), ia =    1 :    0.000000000    
 is =    2 (Ti), ia =    1 :    6.495190528    
 is =    3 (O), ia =    1 :    5.303300859    
 is =    3 (O), ia =    2 :    5.303300859    
 is =    3 (O), ia =    3 :    5.303300859    
 
Distance between is =    2 (Ti), ia =    1 and
 is =    1 (Pb), ia =    1 :    6.495190528    
 is =    2 (Ti), ia =    1 :    0.000000000    
 is =    3 (O), ia =    1 :    3.750000000    
 is =    3 (O), ia =    2 :    3.750000000    
 is =    3 (O), ia =    3 :    3.750000000    
 
Distance between is =    3 (O), ia =    1 and
 is =    1 (Pb), ia =    1 :    5.303300859    
 is =    2 (Ti), ia =    1 :    3.750000000    
 is =    3 (O), ia =    1 :    0.000000000    
 is =    3 (O), ia =    2 :    5.303300859    
 is =    3 (O), ia =    3 :    5.303300859    
 
Distance between is =    3 (O), ia =    2 and
 is =    1 (Pb), ia =    1 :    5.303300859    
 is =    2 (Ti), ia =    1 :    3.750000000    
 is =    3 (O), ia =    1 :    5.303300859    
 is =    3 (O), ia =    2 :    0.000000000    
 is =    3 (O), ia =    3 :    5.303300859    
 
Distance between is =    3 (O), ia =    3 and
 is =    1 (Pb), ia =    1 :    5.303300859    
 is =    2 (Ti), ia =    1 :    3.750000000    
 is =    3 (O), ia =    1 :    5.303300859    
 is =    3 (O), ia =    2 :    5.303300859    
 is =    3 (O), ia =    3 :    0.000000000    
