   0.000000000     -0.4513445246    
  0.2029825904E-01 -0.4511673270    
  0.4059651808E-01 -0.4506359533    
  0.6089477711E-01 -0.4497510651    
  0.8119303615E-01 -0.4485137788    
  0.1014912952     -0.4469256869    
  0.1217895542     -0.4449888884    
  0.1420878133     -0.4427060581    
  0.1623860723     -0.4400803910    
  0.1826843313     -0.4371158344    
  0.2029825904     -0.4338169185    
  0.2232808494     -0.4301895139    
  0.2435791085     -0.4262399677    
  0.2638773675     -0.4219759779    
  0.2841756265     -0.4174067458    
  0.3044738856     -0.4125427106    
  0.3247721446     -0.4073965373    
  0.3450704036     -0.4019831596    
  0.3653686627     -0.3963203120    
  0.3856669217     -0.3904287055    
  0.4059651808     -0.3843339044    
  0.4262634398     -0.3780660136    
  0.4465616988     -0.3716603003    
  0.4668599579     -0.3651593095    
  0.4871582169     -0.3586151706    
  0.5074564759     -0.3520874491    
  0.5277547350     -0.3456472628    
  0.5480529940     -0.3393723935    
  0.5683512531     -0.3333517104    
  0.5886495121     -0.3276776040    
  0.6089477711     -0.3224405348    
  0.6292460302     -0.3177202315    
  0.6495442892     -0.3135757827    
  0.6692274495     -0.3101356438    
  0.6889106098     -0.3072629136    
  0.7085937700     -0.3049294106    
  0.7282769303     -0.3030834761    
  0.7479600906     -0.3016618242    
  0.7676432509     -0.3005954883    
  0.7873264112     -0.2998200544    
  0.8070095714     -0.2992785957    
  0.8266927317     -0.2989241315    
  0.8463758920     -0.2987254618    
  0.8660590523     -0.2986615294    
  0.8864722599     -0.3080547079    
  0.9068854675     -0.3172225606    
  0.9272986751     -0.3261552963    
  0.9477118828     -0.3348375065    
  0.9681250904     -0.3432617857    
  0.9885382980     -0.3514179388    
   1.008951506     -0.3592970472    
   1.029364713     -0.3668908523    
   1.049777921     -0.3741917218    
   1.070191129     -0.3811926164    
   1.090604336     -0.3878871465    
   1.111017544     -0.3942691501    
   1.131430751     -0.4003330071    
   1.151843959     -0.4060742889    
   1.172257167     -0.4114881107    
   1.192670374     -0.4165703020    
   1.213083582     -0.4213170701    
   1.233496790     -0.4257250888    
   1.253909997     -0.4297910555    
   1.274323205     -0.4335122675    
   1.294736412     -0.4368860780    
   1.315149620     -0.4399105891    
   1.335562828     -0.4425838264    
   1.355976035     -0.4449038711    
   1.376389243     -0.4468693794    
   1.396802451     -0.4484791439    
   1.417215658     -0.4497321863    
   1.437628866     -0.4506277520    
   1.458042073     -0.4511653048    
   1.478455281     -0.4513445246    
   1.498853385     -0.4511655829    
   1.519251488     -0.4506290209    
   1.539649592     -0.4497356368    
   1.560047695     -0.4484867900    
   1.580445799     -0.4468844476    
   1.600843902     -0.4449312540    
   1.621242006     -0.4426306284    
   1.641640109     -0.4399869836    
   1.662038213     -0.4370055794    
   1.682436316     -0.4336931006    
   1.702834420     -0.4300582786    
   1.723232523     -0.4261115015    
   1.743630627     -0.4218659666    
   1.764028730     -0.4173388574    
   1.784426834     -0.4125518433    
   1.804824937     -0.4075333669    
   1.825223041     -0.4023211027    
   1.845621144     -0.3969655163    
   1.866019248     -0.3915353423    
   1.886417351     -0.3861251638    
   1.906815455     -0.3808665997    
   1.927213558     -0.3759400887    
   1.947611662     -0.3715872491    
   1.968009765     -0.3681103572    
   1.988407869     -0.3658387238    
   2.008805972     -0.3650453150    
     
   0.000000000     -0.1047286958E-01
  0.2029825904E-01 -0.1243600370E-01
  0.4059651808E-01 -0.1788978138E-01
  0.6089477711E-01 -0.2588349345E-01
  0.8119303615E-01 -0.3550199220E-01
  0.1014912952     -0.4608379799E-01
  0.1217895542     -0.5719870978E-01
  0.1420878133     -0.6857308851E-01
  0.1623860723     -0.8003046291E-01
  0.1826843313     -0.9145386101E-01
  0.2029825904     -0.1027594667    
  0.2232808494     -0.1138990853    
  0.2435791085     -0.1248272494    
  0.2638773675     -0.1355134413    
  0.2841756265     -0.1459421770    
  0.3044738856     -0.1560798820    
  0.3247721446     -0.1659190852    
  0.3450704036     -0.1754485729    
  0.3653686627     -0.1846586584    
  0.3856669217     -0.1935397642    
  0.4059651808     -0.2020882284    
  0.4262634398     -0.2102985126    
  0.4465616988     -0.2181613854    
  0.4668599579     -0.2256741028    
  0.4871582169     -0.2328335432    
  0.5074564759     -0.2396358349    
  0.5277547350     -0.2460780528    
  0.5480529940     -0.2521564907    
  0.5683512531     -0.2578701708    
  0.5886495121     -0.2632161604    
  0.6089477711     -0.2681924596    
  0.6292460302     -0.2727947816    
  0.6495442892     -0.2770266029    
  0.6692274495     -0.2807724991    
  0.6889106098     -0.2841642347    
  0.7085937700     -0.2872023972    
  0.7282769303     -0.2898852197    
  0.7479600906     -0.2922127168    
  0.7676432509     -0.2941825159    
  0.7873264112     -0.2957949238    
  0.8070095714     -0.2970494740    
  0.8266927317     -0.2979457921    
  0.8463758920     -0.2984821897    
  0.8660590523     -0.2986615293    
  0.8864722599     -0.2890556224    
  0.9068854675     -0.2792502702    
  0.9272986751     -0.2692606161    
  0.9477118828     -0.2590989345    
  0.9681250904     -0.2487817484    
  0.9885382980     -0.2383245677    
   1.008951506     -0.2277433950    
   1.029364713     -0.2170544432    
   1.049777921     -0.2062739887    
   1.070191129     -0.1954182272    
   1.090604336     -0.1845033570    
   1.111017544     -0.1735447380    
   1.131430751     -0.1625557619    
   1.151843959     -0.1515536582    
   1.172257167     -0.1405567453    
   1.192670374     -0.1295781695    
   1.213083582     -0.1186351934    
   1.233496790     -0.1077476002    
   1.253909997     -0.9693939059E-01
   1.274323205     -0.8624126870E-01
   1.294736412     -0.7569416846E-01
   1.315149620     -0.6535440565E-01
   1.335562828     -0.5530512684E-01
   1.355976035     -0.4565258146E-01
   1.376389243     -0.3656172260E-01
   1.396802451     -0.2826327440E-01
   1.417215658     -0.2107685809E-01
   1.437628866     -0.1541649830E-01
   1.458042073     -0.1174906511E-01
   1.478455281     -0.1047286958E-01
   1.498853385     -0.1269523914E-01
   1.519251488     -0.1886897224E-01
   1.539649592     -0.2793004823E-01
   1.560047695     -0.3887092299E-01
   1.580445799     -0.5097188711E-01
   1.600843902     -0.6376558525E-01
   1.621242006     -0.7695145577E-01
   1.641640109     -0.9033864367E-01
   1.662038213     -0.1037744899    
   1.682436316     -0.1171658361    
   1.702834420     -0.1304416606    
   1.723232523     -0.1435389315    
   1.743630627     -0.1564050050    
   1.764028730     -0.1689951168    
   1.784426834     -0.1812623575    
   1.804824937     -0.1931590392    
   1.825223041     -0.2046363293    
   1.845621144     -0.2156220667    
   1.866019248     -0.2260412032    
   1.886417351     -0.2357903467    
   1.906815455     -0.2447314657    
   1.927213558     -0.2526786903    
   1.947611662     -0.2593849136    
   1.968009765     -0.2645451001    
   1.988407869     -0.2678276213    
   2.008805972     -0.2689581435    
     
   0.000000000     -0.1047286956E-01
  0.2029825904E-01 -0.1127302151E-01
  0.4059651808E-01 -0.1361994344E-01
  0.6089477711E-01 -0.1736862241E-01
  0.8119303615E-01 -0.2231918660E-01
  0.1014912952     -0.2825472846E-01
  0.1217895542     -0.3496752591E-01
  0.1420878133     -0.4228158787E-01
  0.1623860723     -0.5001829345E-01
  0.1826843313     -0.5805220660E-01
  0.2029825904     -0.6626904011E-01
  0.2232808494     -0.7457645780E-01
  0.2435791085     -0.8289297447E-01
  0.2638773675     -0.9115030880E-01
  0.2841756265     -0.9929014121E-01
  0.3044738856     -0.1072631464    
  0.3247721446     -0.1150157380    
  0.3450704036     -0.1225089585    
  0.3653686627     -0.1297040699    
  0.3856669217     -0.1365578533    
  0.4059651808     -0.1430321821    
  0.4262634398     -0.1490855980    
  0.4465616988     -0.1546733191    
  0.4668599579     -0.1597461868    
  0.4871582169     -0.1642510030    
  0.5074564759     -0.1681263860    
  0.5277547350     -0.1713081723    
  0.5480529940     -0.1737134393    
  0.5683512531     -0.1752668629    
  0.5886495121     -0.1758881677    
  0.6089477711     -0.1755039703    
  0.6292460302     -0.1740577980    
  0.6495442892     -0.1715218332    
  0.6692274495     -0.1680330238    
  0.6889106098     -0.1635804757    
  0.7085937700     -0.1582727497    
  0.7282769303     -0.1522544536    
  0.7479600906     -0.1457271069    
  0.7676432509     -0.1389499738    
  0.7873264112     -0.1322630335    
  0.8070095714     -0.1261041742    
  0.8266927317     -0.1210178321    
  0.8463758920     -0.1176117444    
  0.8660590523     -0.1164066179    
  0.8864722599     -0.1162446365    
  0.9068854675     -0.1157587272    
  0.9272986751     -0.1149521622    
  0.9477118828     -0.1138194168    
  0.9681250904     -0.1123671849    
  0.9885382980     -0.1105958539    
   1.008951506     -0.1085076961    
   1.029364713     -0.1061055117    
   1.049777921     -0.1033926969    
   1.070191129     -0.1003733316    
   1.090604336     -0.9705487174E-01
   1.111017544     -0.9343840786E-01
   1.131430751     -0.8952884550E-01
   1.151843959     -0.8534308519E-01
   1.172257167     -0.8088693054E-01
   1.192670374     -0.7617263855E-01
   1.213083582     -0.7121525834E-01
   1.233496790     -0.6603546291E-01
   1.253909997     -0.6065306506E-01
   1.274323205     -0.5509987731E-01
   1.294736412     -0.4939984025E-01
   1.315149620     -0.4363473390E-01
   1.335562828     -0.3785950842E-01
   1.355976035     -0.3216703627E-01
   1.376389243     -0.2668726285E-01
   1.396802451     -0.2159699806E-01
   1.417215658     -0.1713176154E-01
   1.437628866     -0.1358529925E-01
   1.458042073     -0.1127733707E-01
   1.478455281     -0.1047286956E-01
   1.498853385     -0.1079286096E-01
   1.519251488     -0.1172850793E-01
   1.539649592     -0.1321294438E-01
   1.560047695     -0.1515185603E-01
   1.580445799     -0.1744056906E-01
   1.600843902     -0.1997749245E-01
   1.621242006     -0.2267196041E-01
   1.641640109     -0.2545539745E-01
   1.662038213     -0.2824911494E-01
   1.682436316     -0.3101083509E-01
   1.702834420     -0.3370135390E-01
   1.723232523     -0.3628972758E-01
   1.743630627     -0.3875065849E-01
   1.764028730     -0.4106899149E-01
   1.784426834     -0.4322897274E-01
   1.804824937     -0.4522006759E-01
   1.825223041     -0.4703839509E-01
   1.845621144     -0.4867019605E-01
   1.866019248     -0.5011557281E-01
   1.886417351     -0.5136564579E-01
   1.906815455     -0.5243063564E-01
   1.927213558     -0.5330767714E-01
   1.947611662     -0.5398691107E-01
   1.968009765     -0.5447228412E-01
   1.988407869     -0.5476357361E-01
   2.008805972     -0.5486067938E-01
     
   0.000000000     -0.1047286956E-01
  0.2029825904E-01 -0.1054908960E-01
  0.4059651808E-01 -0.1078016404E-01
  0.6089477711E-01 -0.1117322090E-01
  0.8119303615E-01 -0.1173975040E-01
  0.1014912952     -0.1249499999E-01
  0.1217895542     -0.1345709619E-01
  0.1420878133     -0.1464588201E-01
  0.1623860723     -0.1608148364E-01
  0.1826843313     -0.1778266049E-01
  0.2029825904     -0.1976503162E-01
  0.2232808494     -0.2203942483E-01
  0.2435791085     -0.2461024660E-01
  0.2638773675     -0.2747461576E-01
  0.2841756265     -0.3062906338E-01
  0.3044738856     -0.3404464621E-01
  0.3247721446     -0.3769576954E-01
  0.3450704036     -0.4155482550E-01
  0.3653686627     -0.4558660107E-01
  0.3856669217     -0.4975210696E-01
  0.4059651808     -0.5401486112E-01
  0.4262634398     -0.5834438031E-01
  0.4465616988     -0.6268378566E-01
  0.4668599579     -0.6700681758E-01
  0.4871582169     -0.7128015077E-01
  0.5074564759     -0.7547313443E-01
  0.5277547350     -0.7957155022E-01
  0.5480529940     -0.8352311546E-01
  0.5683512531     -0.8731881528E-01
  0.5886495121     -0.9093868182E-01
  0.6089477711     -0.9436505865E-01
  0.6292460302     -0.9758240685E-01
  0.6495442892     -0.1005771153    
  0.6692274495     -0.1032572214    
  0.6889106098     -0.1057074053    
  0.7085937700     -0.1079195264    
  0.7282769303     -0.1098865918    
  0.7479600906     -0.1116039316    
  0.7676432509     -0.1130639570    
  0.7873264112     -0.1142638912    
  0.8070095714     -0.1152004580    
  0.8266927317     -0.1158697293    
  0.8463758920     -0.1162720991    
  0.8660590523     -0.1164066179    
  0.8864722599     -0.1162446365    
  0.9068854675     -0.1157587272    
  0.9272986751     -0.1149521622    
  0.9477118828     -0.1138194168    
  0.9681250904     -0.1123671849    
  0.9885382980     -0.1105958539    
   1.008951506     -0.1085076961    
   1.029364713     -0.1061055117    
   1.049777921     -0.1033926969    
   1.070191129     -0.1003733316    
   1.090604336     -0.9705487173E-01
   1.111017544     -0.9343840785E-01
   1.131430751     -0.8952884549E-01
   1.151843959     -0.8534308518E-01
   1.172257167     -0.8088693053E-01
   1.192670374     -0.7617263854E-01
   1.213083582     -0.7121525834E-01
   1.233496790     -0.6603546290E-01
   1.253909997     -0.6065306504E-01
   1.274323205     -0.5509987730E-01
   1.294736412     -0.4939984022E-01
   1.315149620     -0.4363473387E-01
   1.335562828     -0.3785950840E-01
   1.355976035     -0.3216703624E-01
   1.376389243     -0.2668726283E-01
   1.396802451     -0.2159699805E-01
   1.417215658     -0.1713176152E-01
   1.437628866     -0.1358529924E-01
   1.458042073     -0.1127733705E-01
   1.478455281     -0.1047286956E-01
   1.498853385     -0.1079286094E-01
   1.519251488     -0.1172850791E-01
   1.539649592     -0.1321294436E-01
   1.560047695     -0.1515185600E-01
   1.580445799     -0.1744056903E-01
   1.600843902     -0.1997749242E-01
   1.621242006     -0.2267196038E-01
   1.641640109     -0.2545539743E-01
   1.662038213     -0.2824911491E-01
   1.682436316     -0.3101083506E-01
   1.702834420     -0.3370135387E-01
   1.723232523     -0.3628972754E-01
   1.743630627     -0.3875065844E-01
   1.764028730     -0.4106899144E-01
   1.784426834     -0.4322897268E-01
   1.804824937     -0.4522006753E-01
   1.825223041     -0.4703839505E-01
   1.845621144     -0.4867019602E-01
   1.866019248     -0.5011557277E-01
   1.886417351     -0.5136564573E-01
   1.906815455     -0.5243063558E-01
   1.927213558     -0.5330767708E-01
   1.947611662     -0.5398691101E-01
   1.968009765     -0.5447228406E-01
   1.988407869     -0.5476357354E-01
   2.008805972     -0.5486067931E-01
     
   0.000000000      0.8067307806E-01
  0.2029825904E-01  0.8085419638E-01
  0.4059651808E-01  0.8139751176E-01
  0.6089477711E-01  0.8230290619E-01
  0.8119303615E-01  0.8357018116E-01
  0.1014912952      0.8519905533E-01
  0.1217895542      0.8718916107E-01
  0.1420878133      0.8954003979E-01
  0.1623860723      0.9225113611E-01
  0.1826843313      0.9532179067E-01
  0.2029825904      0.9680023853E-01
  0.2232808494      0.9756374740E-01
  0.2435791085      0.9798293079E-01
  0.2638773675      0.9795103911E-01
  0.2841756265      0.9736781086E-01
  0.3044738856      0.9614226979E-01
  0.3247721446      0.9423916560E-01
  0.3450704036      0.9166223282E-01
  0.3653686627      0.8845511465E-01
  0.3856669217      0.8472637278E-01
  0.4059651808      0.8057020807E-01
  0.4262634398      0.7609689420E-01
  0.4465616988      0.7141681522E-01
  0.4668599579      0.6663164515E-01
  0.4871582169      0.6179793600E-01
  0.5074564759      0.5699402145E-01
  0.5277547350      0.5223159225E-01
  0.5480529940      0.4764084073E-01
  0.5683512531      0.4321767683E-01
  0.5886495121      0.3899278966E-01
  0.6089477711      0.3499145301E-01
  0.6292460302      0.3123777175E-01
  0.6495442892      0.2774238807E-01
  0.6692274495      0.2461656276E-01
  0.6889106098      0.2176311134E-01
  0.7085937700      0.1918755600E-01
  0.7282769303      0.1689941077E-01
  0.7479600906      0.1489001620E-01
  0.7676432509      0.1319406763E-01
  0.7873264112      0.1180117671E-01
  0.8070095714      0.1071463496E-01
  0.8266927317      0.9930858930E-02
  0.8463758920      0.9463328859E-02
  0.8660590523      0.9307372581E-02
  0.8864722599      0.7394369640E-02
  0.9068854675      0.5976509665E-02
  0.9272986751      0.5009038875E-02
  0.9477118828      0.4520242057E-02
  0.9681250904      0.4458976329E-02
  0.9885382980      0.4834780087E-02
   1.008951506      0.5636308860E-02
   1.029364713      0.6851685072E-02
   1.049777921      0.8468349252E-02
   1.070191129      0.1047286962E-01
   1.090604336      0.1283062223E-01
   1.111017544      0.1556528522E-01
   1.131430751      0.1863991215E-01
   1.151843959      0.2203366923E-01
   1.172257167      0.2572427552E-01
   1.192670374      0.2968548171E-01
   1.213083582      0.3388667985E-01
   1.233496790      0.3829045241E-01
   1.253909997      0.4285651471E-01
   1.274323205      0.4753270316E-01
   1.294736412      0.5226559054E-01
   1.315149620      0.5696664315E-01
   1.335562828      0.6155071835E-01
   1.355976035      0.6592749109E-01
   1.376389243      0.6997327063E-01
   1.396802451      0.7355729728E-01
   1.417215658      0.7654180822E-01
   1.437628866      0.7879293349E-01
   1.458042073      0.8019607913E-01
   1.478455281      0.8067307806E-01
   1.498853385      0.8113567842E-01
   1.519251488      0.8227338880E-01
   1.539649592      0.8262412616E-01
   1.560047695      0.8193906942E-01
   1.580445799      0.8040567876E-01
   1.600843902      0.7828795107E-01
   1.621242006      0.7579053966E-01
   1.641640109      0.7306031638E-01
   1.662038213      0.7020586265E-01
   1.682436316      0.6732599068E-01
   1.702834420      0.6444634832E-01
   1.723232523      0.6163338255E-01
   1.743630627      0.5892442087E-01
   1.764028730      0.5634846042E-01
   1.784426834      0.5392822348E-01
   1.804824937      0.5168135493E-01
   1.825223041      0.4961833730E-01
   1.845621144      0.4772530878E-01
   1.866019248      0.4606542716E-01
   1.886417351      0.4462059386E-01
   1.906815455      0.4338878757E-01
   1.927213558      0.4237312456E-01
   1.947611662      0.4158385292E-01
   1.968009765      0.4101893591E-01
   1.988407869      0.4067954442E-01
   2.008805972      0.4056634229E-01
     
   0.000000000      0.8067307806E-01
  0.2029825904E-01  0.8103529679E-01
  0.4059651808E-01  0.8209185983E-01
  0.6089477711E-01  0.8376495832E-01
  0.8119303615E-01  0.8595724143E-01
  0.1014912952      0.8857814959E-01
  0.1217895542      0.9155825531E-01
  0.1420878133      0.9328802662E-01
  0.1623860723      0.9459314519E-01
  0.1826843313      0.9577679820E-01
  0.2029825904      0.9875124055E-01
  0.2232808494      0.1025386022    
  0.2435791085      0.1066828414    
  0.2638773675      0.1111827739    
  0.2841756265      0.1160628688    
  0.3044738856      0.1212697791    
  0.3247721446      0.1268282454    
  0.3450704036      0.1327357184    
  0.3653686627      0.1389899161    
  0.3856669217      0.1455928376    
  0.4059651808      0.1525323482    
  0.4262634398      0.1598082804    
  0.4465616988      0.1674191660    
  0.4668599579      0.1753592603    
  0.4871582169      0.1836232702    
  0.5074564759      0.1922050029    
  0.5277547350      0.2010929335    
  0.5480529940      0.2102863802    
  0.5683512531      0.2047130731    
  0.5886495121      0.1891200846    
  0.6089477711      0.1717559080    
  0.6292460302      0.1540171460    
  0.6495442892      0.1365024961    
  0.6692274495      0.1198452758    
  0.6889106098      0.1036463213    
  0.7085937700      0.8799185914E-01
  0.7282769303      0.7301927871E-01
  0.7479600906      0.5886334115E-01
  0.7676432509      0.4576900990E-01
  0.7873264112      0.3400005495E-01
  0.8070095714      0.2394407000E-01
  0.8266927317      0.1610154536E-01
  0.8463758920      0.1105710083E-01
  0.8660590523      0.9307372703E-02
  0.8864722599      0.1170870875E-01
  0.9068854675      0.1460758648E-01
  0.9272986751      0.1801189205E-01
  0.9477118828      0.2193151793E-01
  0.9681250904      0.2637145161E-01
  0.9885382980      0.3133765023E-01
   1.008951506      0.3683355987E-01
   1.029364713      0.4286001451E-01
   1.049777921      0.4941435209E-01
   1.070191129      0.5648922949E-01
   1.090604336      0.6407093123E-01
   1.111017544      0.7213734304E-01
   1.131430751      0.8072077850E-01
   1.151843959      0.8965439451E-01
   1.172257167      0.9888996713E-01
   1.192670374      0.1083273446    
   1.213083582      0.1177801604    
   1.233496790      0.1269463430    
   1.253909997      0.1353252075    
   1.274323205      0.1421053387    
   1.294736412      0.1369888907    
   1.315149620      0.1276197370    
   1.335562828      0.1186244429    
   1.355976035      0.1101477080    
   1.376389243      0.1023018374    
   1.396802451      0.9526844260E-01
   1.417215658      0.8928723357E-01
   1.437628866      0.8465538071E-01
   1.458042073      0.8169514503E-01
   1.478455281      0.8067307806E-01
   1.498853385      0.8113567858E-01
   1.519251488      0.8249200927E-01
   1.539649592      0.8465347056E-01
   1.560047695      0.8748855766E-01
   1.580445799      0.9083869857E-01
   1.600843902      0.9453044870E-01
   1.621242006      0.9838283472E-01
   1.641640109      0.1022117895    
   1.662038213      0.1058358035    
   1.682436316      0.1090844996    
   1.702834420      0.1118127310    
   1.723232523      0.1139179041    
   1.743630627      0.1153689574    
   1.764028730      0.1161480732    
   1.784426834      0.1163414997    
   1.804824937      0.1160531231    
   1.825223041      0.1153927849    
   1.845621144      0.1145010078    
   1.866019248      0.1134780667    
   1.886417351      0.1124593533    
   1.906815455      0.1114448986    
   1.927213558      0.1105309020    
   1.947611662      0.1097773138    
   1.968009765      0.1092146526    
   1.988407869      0.1088675173    
   2.008805972      0.1087502372    
     
   0.000000000      0.8067307823E-01
  0.2029825904E-01  0.8163225411E-01
  0.4059651808E-01  0.8390792267E-01
  0.6089477711E-01  0.8640299237E-01
  0.8119303615E-01  0.8854703858E-01
  0.1014912952      0.9032721856E-01
  0.1217895542      0.9187663535E-01
  0.1420878133      0.9485205176E-01
  0.1623860723      0.9843419568E-01
  0.1826843313      0.1022938538    
  0.2029825904      0.1064523490    
  0.2232808494      0.1108668805    
  0.2435791085      0.1155670386    
  0.2638773675      0.1205596002    
  0.2841756265      0.1258527676    
  0.3044738856      0.1314413244    
  0.3247721446      0.1373441218    
  0.3450704036      0.1435580931    
  0.3653686627      0.1500770008    
  0.3856669217      0.1569536595    
  0.4059651808      0.1640914801    
  0.4262634398      0.1715097211    
  0.4465616988      0.1792114239    
  0.4668599579      0.1871881154    
  0.4871582169      0.1952547776    
  0.5074564759      0.2032155854    
  0.5277547350      0.2102037517    
  0.5480529940      0.2130179430    
  0.5683512531      0.2197710915    
  0.5886495121      0.2295343952    
  0.6089477711      0.2395606825    
  0.6292460302      0.2498218121    
  0.6495442892      0.2603094472    
  0.6692274495      0.2706575053    
  0.6889106098      0.2811415227    
  0.7085937700      0.2917082218    
  0.7282769303      0.3022829978    
  0.7479600906      0.3127297956    
  0.7676432509      0.3229405693    
  0.7873264112      0.3326406792    
  0.8070095714      0.3414408139    
  0.8266927317      0.3488131100    
  0.8463758920      0.3538251933    
  0.8660590523      0.3556023689    
  0.8864722599      0.3517810811    
  0.9068854675      0.3431220331    
  0.9272986751      0.3324822800    
  0.9477118828      0.3214494129    
  0.9681250904      0.3101121492    
  0.9885382980      0.2986982441    
   1.008951506      0.2872833247    
   1.029364713      0.2759058707    
   1.049777921      0.2645868707    
   1.070191129      0.2533386633    
   1.090604336      0.2421136262    
   1.111017544      0.2310266509    
   1.131430751      0.2200574340    
   1.151843959      0.2091598769    
   1.172257167      0.1983724471    
   1.192670374      0.1877079078    
   1.213083582      0.1771827047    
   1.233496790      0.1668130641    
   1.253909997      0.1566357245    
   1.274323205      0.1466796822    
   1.294736412      0.1369888908    
   1.315149620      0.1276197372    
   1.335562828      0.1186244430    
   1.355976035      0.1101477081    
   1.376389243      0.1023018376    
   1.396802451      0.9526844272E-01
   1.417215658      0.8928723369E-01
   1.437628866      0.8465538083E-01
   1.458042073      0.8169514515E-01
   1.478455281      0.8067307823E-01
   1.498853385      0.8124918197E-01
   1.519251488      0.8249200943E-01
   1.539649592      0.8465347073E-01
   1.560047695      0.8748855784E-01
   1.580445799      0.9083869876E-01
   1.600843902      0.9453044890E-01
   1.621242006      0.9838283493E-01
   1.641640109      0.1022117897    
   1.662038213      0.1058358037    
   1.682436316      0.1090844999    
   1.702834420      0.1118127313    
   1.723232523      0.1139179044    
   1.743630627      0.1153689576    
   1.764028730      0.1161480734    
   1.784426834      0.1163415000    
   1.804824937      0.1160531234    
   1.825223041      0.1153927852    
   1.845621144      0.1145010081    
   1.866019248      0.1134780670    
   1.886417351      0.1124593536    
   1.906815455      0.1114448989    
   1.927213558      0.1105309023    
   1.947611662      0.1097773141    
   1.968009765      0.1092146529    
   1.988407869      0.1088675176    
   2.008805972      0.1087502375    
     
   0.000000000      0.1065061583    
  0.2029825904E-01  0.1077768096    
  0.4059651808E-01  0.1117371042    
  0.6089477711E-01  0.1184766166    
  0.8119303615E-01  0.1275447713    
  0.1014912952      0.1381186870    
  0.1217895542      0.1493610683    
  0.1420878133      0.1604899101    
  0.1623860723      0.1707098174    
  0.1826843313      0.1792165562    
  0.2029825904      0.1854081454    
  0.2232808494      0.1891861686    
  0.2435791085      0.1910398998    
  0.2638773675      0.1917213491    
  0.2841756265      0.1919420007    
  0.3044738856      0.1922396327    
  0.3247721446      0.1929972125    
  0.3450704036      0.1944231104    
  0.3653686627      0.1966152949    
  0.3856669217      0.1995985752    
  0.4059651808      0.2033362439    
  0.4262634398      0.2077562071    
  0.4465616988      0.2128271768    
  0.4668599579      0.2184723679    
  0.4871582169      0.2246192027    
  0.5074564759      0.2312190291    
  0.5277547350      0.2382059687    
  0.5480529940      0.2437077643    
  0.5683512531      0.2427454483    
  0.5886495121      0.2496094480    
  0.6089477711      0.2588504668    
  0.6292460302      0.2690479762    
  0.6495442892      0.2798173394    
  0.6692274495      0.2906628944    
  0.6889106098      0.3018787112    
  0.7085937700      0.3111548818    
  0.7282769303      0.3192677028    
  0.7479600906      0.3270947532    
  0.7676432509      0.3344891591    
  0.7873264112      0.3412306461    
  0.8070095714      0.3470437302    
  0.8266927317      0.3516446090    
  0.8463758920      0.3545891320    
  0.8660590523      0.3556023691    
  0.8864722599      0.3517810812    
  0.9068854675      0.3431220331    
  0.9272986751      0.3324822803    
  0.9477118828      0.3214494132    
  0.9681250904      0.3101121496    
  0.9885382980      0.2986982444    
   1.008951506      0.2872833250    
   1.029364713      0.2759058710    
   1.049777921      0.2645868710    
   1.070191129      0.2533386636    
   1.090604336      0.2421136265    
   1.111017544      0.2310266512    
   1.131430751      0.2200574343    
   1.151843959      0.2091598772    
   1.172257167      0.1983724473    
   1.192670374      0.1877079081    
   1.213083582      0.1771827049    
   1.233496790      0.1668130643    
   1.253909997      0.1566357247    
   1.274323205      0.1466796823    
   1.294736412      0.1461634251    
   1.315149620      0.1465446848    
   1.335562828      0.1433188459    
   1.355976035      0.1375797515    
   1.376389243      0.1306004734    
   1.396802451      0.1233935880    
   1.417215658      0.1167431907    
   1.437628866      0.1113268293    
   1.458042073      0.1077572214    
   1.478455281      0.1065061583    
   1.498853385      0.1078001626    
   1.519251488      0.1119100957    
   1.539649592      0.1189422989    
   1.560047695      0.1283247188    
   1.580445799      0.1392386744    
   1.600843902      0.1510482158    
   1.621242006      0.1633438592    
   1.641640109      0.1758710467    
   1.662038213      0.1884656236    
   1.682436316      0.2010401777    
   1.702834420      0.2134450834    
   1.723232523      0.2255918404    
   1.743630627      0.2373110220    
   1.764028730      0.2482521616    
   1.784426834      0.2577922887    
   1.804824937      0.2649268446    
   1.825223041      0.2688462027    
   1.845621144      0.2699556996    
   1.866019248      0.2694309187    
   1.886417351      0.2681997811    
   1.906815455      0.2667493738    
   1.927213558      0.2653630398    
   1.947611662      0.2641877121    
   1.968009765      0.2633043365    
   1.988407869      0.2627587394    
   2.008805972      0.2625744516    
     
   0.000000000      0.2686932580    
  0.2029825904E-01  0.2695123961    
  0.4059651808E-01  0.2681949334    
  0.6089477711E-01  0.2634109746    
  0.8119303615E-01  0.2576102522    
  0.1014912952      0.2512915381    
  0.1217895542      0.2448430808    
  0.1420878133      0.2385521460    
  0.1623860723      0.2326286996    
  0.1826843313      0.2272266670    
  0.2029825904      0.2225402643    
  0.2232808494      0.2184811401    
  0.2435791085      0.2151977392    
  0.2638773675      0.2127272062    
  0.2841756265      0.2111760001    
  0.3044738856      0.2103503728    
  0.3247721446      0.2103735217    
  0.3450704036      0.2112109383    
  0.3653686627      0.2128383276    
  0.3856669217      0.2152361431    
  0.4059651808      0.2183508481    
  0.4262634398      0.2221572158    
  0.4465616988      0.2266215828    
  0.4668599579      0.2317074540    
  0.4871582169      0.2373803487    
  0.5074564759      0.2436068435    
  0.5277547350      0.2503032119    
  0.5480529940      0.2455812144    
  0.5683512531      0.2532555724    
  0.5886495121      0.2612021360    
  0.6089477711      0.2693785500    
  0.6292460302      0.2777413211    
  0.6495442892      0.2862384623    
  0.6692274495      0.2945547403    
  0.6889106098      0.3028862291    
  0.7085937700      0.3133106220    
  0.7282769303      0.3249509398    
  0.7479600906      0.3366965082    
  0.7676432509      0.3484899360    
  0.7873264112      0.3601123245    
  0.8070095714      0.3712133032    
  0.8266927317      0.3810600681    
  0.8463758920      0.3886837587    
  0.8660590523      0.3915222824    
  0.8864722599      0.3954114266    
  0.9068854675      0.4044056205    
  0.9272986751      0.4149670054    
  0.9477118828      0.4054060907    
  0.9681250904      0.3954406154    
  0.9885382980      0.3858558438    
   1.008951506      0.3766532529    
   1.029364713      0.3678341935    
   1.049777921      0.3578956864    
   1.070191129      0.3450024265    
   1.090604336      0.3319775561    
   1.111017544      0.3189437033    
   1.131430751      0.3059386845    
   1.151843959      0.2930406387    
   1.172257167      0.2803401311    
   1.192670374      0.2679804233    
   1.213083582      0.2561594138    
   1.233496790      0.2451590143    
   1.253909997      0.2355234608    
   1.274323205      0.2280294943    
   1.294736412      0.2237780062    
   1.315149620      0.2236896176    
   1.335562828      0.2275342793    
   1.355976035      0.2343604768    
   1.376389243      0.2427082654    
   1.396802451      0.2514480042    
   1.417215658      0.2596417214    
   1.437628866      0.2664164406    
   1.458042073      0.2695218088    
   1.478455281      0.2686932580    
   1.498853385      0.2695203967    
   1.519251488      0.2698378468    
   1.539649592      0.2668327932    
   1.560047695      0.2631803441    
   1.580445799      0.2592524420    
   1.600843902      0.2553897741    
   1.621242006      0.2518936709    
   1.641640109      0.2490218191    
   1.662038213      0.2470288813    
   1.682436316      0.2461644336    
   1.702834420      0.2464977623    
   1.723232523      0.2482036958    
   1.743630627      0.2515159735    
   1.764028730      0.2560794176    
   1.784426834      0.2620042066    
   1.804824937      0.2691885122    
   1.825223041      0.2775020735    
   1.845621144      0.2868387688    
   1.866019248      0.2970705990    
   1.886417351      0.3081131571    
   1.906815455      0.3198069784    
   1.927213558      0.3319387809    
   1.947611662      0.3446035504    
   1.968009765      0.3573916906    
   1.988407869      0.3693475031    
   2.008805972      0.3757974603    
     
   0.000000000      0.2725307946    
  0.2029825904E-01  0.2713971856    
  0.4059651808E-01  0.2715438218    
  0.6089477711E-01  0.2703925120    
  0.8119303615E-01  0.2689529256    
  0.1014912952      0.2674386691    
  0.1217895542      0.2661835527    
  0.1420878133      0.2656828753    
  0.1623860723      0.2666188078    
  0.1826843313      0.2697971200    
  0.2029825904      0.2760047728    
  0.2232808494      0.2852382077    
  0.2435791085      0.2972619667    
  0.2638773675      0.3114752399    
  0.2841756265      0.3272944543    
  0.3044738856      0.3442744094    
  0.3247721446      0.3621295795    
  0.3450704036      0.3745374585    
  0.3653686627      0.3728913758    
  0.3856669217      0.3670719380    
  0.4059651808      0.3569248969    
  0.4262634398      0.3432269910    
  0.4465616988      0.3271409967    
  0.4668599579      0.3096636451    
  0.4871582169      0.2915069658    
  0.5074564759      0.2733462196    
  0.5277547350      0.2562400788    
  0.5480529940      0.2575413485    
  0.5683512531      0.2652386999    
  0.5886495121      0.2733647847    
  0.6089477711      0.2818887249    
  0.6292460302      0.2908256616    
  0.6495442892      0.3000444188    
  0.6692274495      0.3092644449    
  0.6889106098      0.3187203580    
  0.7085937700      0.3283639456    
  0.7282769303      0.3381340526    
  0.7479600906      0.3477439992    
  0.7676432509      0.3574606910    
  0.7873264112      0.3669116973    
  0.8070095714      0.3757821513    
  0.8266927317      0.3837615756    
  0.8463758920      0.3894328500    
  0.8660590523      0.3915222824    
  0.8864722599      0.3954114266    
  0.9068854675      0.4044056205    
  0.9272986751      0.4149670055    
  0.9477118828      0.4191815990    
  0.9681250904      0.4075124918    
  0.9885382980      0.3954968525    
   1.008951506      0.3831898946    
   1.029364713      0.3706406211    
   1.049777921      0.3593999034    
   1.070191129      0.3513515173    
   1.090604336      0.3436900756    
   1.111017544      0.3364165332    
   1.131430751      0.3295380829    
   1.151843959      0.3230421357    
   1.172257167      0.3169365875    
   1.192670374      0.3112220999    
   1.213083582      0.3058992768    
   1.233496790      0.3009686677    
   1.253909997      0.2964307709    
   1.274323205      0.2922860362    
   1.294736412      0.2885348674    
   1.315149620      0.2851776240    
   1.335562828      0.2822146232    
   1.355976035      0.2796461415    
   1.376389243      0.2774724160    
   1.396802451      0.2756936454    
   1.417215658      0.2743099912    
   1.437628866      0.2719788937    
   1.458042073      0.2709358217    
   1.478455281      0.2725307946    
   1.498853385      0.2718307275    
   1.519251488      0.2698378468    
   1.539649592      0.2668327932    
   1.560047695      0.2631803441    
   1.580445799      0.2592524420    
   1.600843902      0.2553897741    
   1.621242006      0.2518936710    
   1.641640109      0.2490218192    
   1.662038213      0.2470288814    
   1.682436316      0.2461644337    
   1.702834420      0.2464977624    
   1.723232523      0.2482036959    
   1.743630627      0.2515159737    
   1.764028730      0.2560794178    
   1.784426834      0.2620042068    
   1.804824937      0.2691885124    
   1.825223041      0.2775020736    
   1.845621144      0.2868387690    
   1.866019248      0.2970705991    
   1.886417351      0.3081131572    
   1.906815455      0.3198069786    
   1.927213558      0.3319387810    
   1.947611662      0.3446035505    
   1.968009765      0.3573916907    
   1.988407869      0.3693475034    
   2.008805972      0.3757974608    
     
